app/dashboard/financials/regulatory/components/solvency-pulse.tsx(35,24): error TS2339: Property 'solvency_ratio' does not exist on type 'never'.
app/dashboard/financials/regulatory/components/solvency-pulse.tsx(36,25): error TS2339: Property 'status' does not exist on type 'never'.
app/dashboard/financials/regulatory/components/solvency-pulse.tsx(82,63): error TS2339: Property 'own_funds' does not exist on type 'never'.
app/dashboard/financials/regulatory/components/solvency-pulse.tsx(86,63): error TS2339: Property 'scr' does not exist on type 'never'.
app/dashboard/financials/regulatory/page.tsx(5,5): error TS2305: Module '"@/components/ui/card"' has no exported member 'Grid'.
app/dashboard/settings/company/page.tsx(516,107): error TS2554: Expected 1-2 arguments, but got 3.
app/dashboard/settings/company/page.tsx(637,123): error TS2554: Expected 1-2 arguments, but got 3.
app/dashboard/settings/page.tsx(817,17): error TS2322: Type '{ isOpen: boolean; onClose: () => void; }' is not assignable to type 'IntrinsicAttributes & UserPermissionsModalProps'.
  Property 'isOpen' does not exist on type 'IntrinsicAttributes & UserPermissionsModalProps'. Did you mean 'open'?
components/analytics/unified-filter.tsx(146,51): error TS2345: Argument of type '{ start_date: string; end_date: string; period_type: string; scope: "me" | "team" | "company" | "client"; company_id: string; employee_id?: string; client_id?: string; pos_location_id?: string; }' is not assignable to parameter of type 'SetStateAction<AnalyticsFilter>'.
  Type '{ start_date: string; end_date: string; period_type: string; scope: "me" | "team" | "company" | "client"; company_id: string; employee_id?: string; client_id?: string; pos_location_id?: string; }' is not assignable to type 'AnalyticsFilter'.
    Types of property 'period_type' are incompatible.
      Type 'string' is not assignable to type '"day" | "week" | "month" | "year" | "custom"'.
components/analytics/unified-filter.tsx(147,56): error TS2345: Argument of type '{ start_date: string; end_date: string; period_type: string; scope: "me" | "team" | "company" | "client"; company_id: string; employee_id?: string; client_id?: string; pos_location_id?: string; }' is not assignable to parameter of type 'AnalyticsFilter'.
  Types of property 'period_type' are incompatible.
    Type 'string' is not assignable to type '"day" | "week" | "month" | "year" | "custom"'.
components/claims/claim-form-dialog.tsx(200,67): error TS2769: No overload matches this call.
  Overload 1 of 4, '(names: readonly ("policy_id" | "incident_date" | "incident_description" | "incident_location" | "claim_amount" | "created_by")[], defaultValue?: { policy_id?: string | undefined; incident_date?: string | undefined; incident_description?: string | undefined; claim_amount?: number | undefined; incident_location?: string | undefined; created_by?: string | undefined; } | undefined): readonly (string | ... 1 more ... | undefined)[]', gave the following error.
    Argument of type 'string' is not assignable to parameter of type 'readonly ("policy_id" | "incident_date" | "incident_description" | "incident_location" | "claim_amount" | "created_by")[]'.
  Overload 2 of 4, '(name: "policy_id" | "incident_date" | "incident_description" | "incident_location" | "claim_amount" | "created_by", defaultValue?: string | number | undefined): string | number | undefined', gave the following error.
    Argument of type '"evidence_files"' is not assignable to parameter of type '"policy_id" | "incident_date" | "incident_description" | "incident_location" | "claim_amount" | "created_by"'.
  Overload 3 of 4, '(callback: WatchObserver<{ policy_id: string; incident_date: string; incident_description: string; claim_amount: number; incident_location?: string | undefined; created_by?: string | undefined; }>, defaultValues?: { ...; } | undefined): Subscription', gave the following error.
    Argument of type 'string' is not assignable to parameter of type 'WatchObserver<{ policy_id: string; incident_date: string; incident_description: string; claim_amount: number; incident_location?: string | undefined; created_by?: string | undefined; }>'.
components/claims/claim-form-dialog.tsx(201,54): error TS2345: Argument of type '"evidence_files"' is not assignable to parameter of type '"policy_id" | "incident_date" | "incident_description" | "incident_location" | "claim_amount" | "created_by"'.
components/claims/claim-form-dialog.tsx(210,37): error TS2769: No overload matches this call.
  Overload 1 of 4, '(names: readonly ("policy_id" | "incident_date" | "incident_description" | "incident_location" | "claim_amount" | "created_by")[], defaultValue?: { policy_id?: string | undefined; incident_date?: string | undefined; incident_description?: string | undefined; claim_amount?: number | undefined; incident_location?: string | undefined; created_by?: string | undefined; } | undefined): readonly (string | ... 1 more ... | undefined)[]', gave the following error.
    Argument of type 'string' is not assignable to parameter of type 'readonly ("policy_id" | "incident_date" | "incident_description" | "incident_location" | "claim_amount" | "created_by")[]'.
  Overload 2 of 4, '(name: "policy_id" | "incident_date" | "incident_description" | "incident_location" | "claim_amount" | "created_by", defaultValue?: string | number | undefined): string | number | undefined', gave the following error.
    Argument of type '"evidence_files"' is not assignable to parameter of type '"policy_id" | "incident_date" | "incident_description" | "incident_location" | "claim_amount" | "created_by"'.
  Overload 3 of 4, '(callback: WatchObserver<{ policy_id: string; incident_date: string; incident_description: string; claim_amount: number; incident_location?: string | undefined; created_by?: string | undefined; }>, defaultValues?: { ...; } | undefined): Subscription', gave the following error.
    Argument of type 'string' is not assignable to parameter of type 'WatchObserver<{ policy_id: string; incident_date: string; incident_description: string; claim_amount: number; incident_location?: string | undefined; created_by?: string | undefined; }>'.
components/claims/claim-form-dialog.tsx(210,66): error TS2345: Argument of type '(url: string, idx: number) => JSX.Element' is not assignable to parameter of type '(value: string | number | undefined, index: number, array: readonly (string | number | undefined)[]) => Element'.
  Types of parameters 'url' and 'value' are incompatible.
    Type 'string | number | undefined' is not assignable to type 'string'.
      Type 'undefined' is not assignable to type 'string'.
components/claims/claim-form-dialog.tsx(217,67): error TS2769: No overload matches this call.
  Overload 1 of 4, '(names: readonly ("policy_id" | "incident_date" | "incident_description" | "incident_location" | "claim_amount" | "created_by")[], defaultValue?: { policy_id?: string | undefined; incident_date?: string | undefined; incident_description?: string | undefined; claim_amount?: number | undefined; incident_location?: string | undefined; created_by?: string | undefined; } | undefined): readonly (string | ... 1 more ... | undefined)[]', gave the following error.
    Argument of type 'string' is not assignable to parameter of type 'readonly ("policy_id" | "incident_date" | "incident_description" | "incident_location" | "claim_amount" | "created_by")[]'.
  Overload 2 of 4, '(name: "policy_id" | "incident_date" | "incident_description" | "incident_location" | "claim_amount" | "created_by", defaultValue?: string | number | undefined): string | number | undefined', gave the following error.
    Argument of type '"evidence_files"' is not assignable to parameter of type '"policy_id" | "incident_date" | "incident_description" | "incident_location" | "claim_amount" | "created_by"'.
  Overload 3 of 4, '(callback: WatchObserver<{ policy_id: string; incident_date: string; incident_description: string; claim_amount: number; incident_location?: string | undefined; created_by?: string | undefined; }>, defaultValues?: { ...; } | undefined): Subscription', gave the following error.
    Argument of type 'string' is not assignable to parameter of type 'WatchObserver<{ policy_id: string; incident_date: string; incident_description: string; claim_amount: number; incident_location?: string | undefined; created_by?: string | undefined; }>'.
components/claims/claim-form-dialog.tsx(218,54): error TS2345: Argument of type '"evidence_files"' is not assignable to parameter of type '"policy_id" | "incident_date" | "incident_description" | "incident_location" | "claim_amount" | "created_by"'.
components/clients/client-form-dialog.tsx(104,9): error TS2322: Type 'Resolver<{ country: string; email: string; phone: string; client_type: "individual" | "corporate"; risk_profile: "low" | "medium" | "high"; address?: string | undefined; accident_count?: string | number | undefined; ... 15 more ...; driving_license_years?: string | ... 1 more ... | undefined; }, any, { ...; }>' is not assignable to type 'Resolver<{ country: string; email: string; phone: string; client_type: "individual" | "corporate"; risk_profile: "low" | "medium" | "high"; address?: string | undefined; accident_count?: number | undefined; ... 15 more ...; driving_license_years?: number | undefined; }, any, { ...; }>'.
  Types of parameters 'options' and 'options' are incompatible.
    Type 'ResolverOptions<{ country: string; email: string; phone: string; client_type: "individual" | "corporate"; risk_profile: "low" | "medium" | "high"; address?: string | undefined; accident_count?: number | undefined; ... 15 more ...; driving_license_years?: number | undefined; }>' is not assignable to type 'ResolverOptions<{ country: string; email: string; phone: string; client_type: "individual" | "corporate"; risk_profile: "low" | "medium" | "high"; address?: string | undefined; accident_count?: string | number | undefined; ... 15 more ...; driving_license_years?: string | ... 1 more ... | undefined; }>'.
      Type 'string | number | undefined' is not assignable to type 'number | undefined'.
        Type 'string' is not assignable to type 'number'.
components/clients/client-form-dialog.tsx(249,46): error TS2345: Argument of type '(data: ClientFormData) => Promise<void>' is not assignable to parameter of type 'SubmitHandler<TFieldValues>'.
  Types of parameters 'data' and 'data' are incompatible.
    Type 'TFieldValues' is not assignable to type '{ country: string; email: string; phone: string; client_type: "individual" | "corporate"; risk_profile: "low" | "medium" | "high"; address?: string | undefined; accident_count?: number | undefined; ... 15 more ...; driving_license_years?: number | undefined; }'.
      Type 'FieldValues' is missing the following properties from type '{ country: string; email: string; phone: string; client_type: "individual" | "corporate"; risk_profile: "low" | "medium" | "high"; address?: string | undefined; accident_count?: number | undefined; ... 15 more ...; driving_license_years?: number | undefined; }': country, email, phone, client_type, risk_profile
components/policies/policy-service-form-dialog.tsx(61,9): error TS2322: Type 'Resolver<{ name_en: string; default_price: number; description?: string | undefined; is_active?: boolean | undefined; name_fr?: string | undefined; }, any, { is_active: boolean; name_en: string; default_price: number; description?: string | undefined; name_fr?: string | undefined; }>' is not assignable to type 'Resolver<{ is_active: boolean; name_en: string; default_price: number; description?: string | undefined; name_fr?: string | undefined; }, any, { is_active: boolean; name_en: string; default_price: number; description?: string | undefined; name_fr?: string | undefined; }>'.
  Types of parameters 'options' and 'options' are incompatible.
    Type 'ResolverOptions<{ is_active: boolean; name_en: string; default_price: number; description?: string | undefined; name_fr?: string | undefined; }>' is not assignable to type 'ResolverOptions<{ name_en: string; default_price: number; description?: string | undefined; is_active?: boolean | undefined; name_fr?: string | undefined; }>'.
      Type 'boolean | undefined' is not assignable to type 'boolean'.
        Type 'undefined' is not assignable to type 'boolean'.
components/policies/policy-service-form-dialog.tsx(122,46): error TS2345: Argument of type '(data: ServiceFormData) => Promise<void>' is not assignable to parameter of type 'SubmitHandler<TFieldValues>'.
  Types of parameters 'data' and 'data' are incompatible.
    Type 'TFieldValues' is not assignable to type '{ is_active: boolean; name_en: string; default_price: number; description?: string | undefined; name_fr?: string | undefined; }'.
      Type 'FieldValues' is missing the following properties from type '{ is_active: boolean; name_en: string; default_price: number; description?: string | undefined; name_fr?: string | undefined; }': is_active, name_en, default_price
components/portal/portal-quote-wizard.tsx(275,88): error TS2339: Property 'code' does not exist on type 'PremiumPolicyType'.
components/quotes/quote-details.tsx(238,59): error TS2339: Property 'monthly_installment' does not exist on type 'Quote'.
components/quotes/quote-list.tsx(27,9): error TS2554: Expected 7 arguments, but got 6.
components/settings/ai-subscription-settings.tsx(288,59): error TS2345: Argument of type 'number | TooltipIndex' is not assignable to parameter of type 'SetStateAction<number | null>'.
  Type 'string' is not assignable to type 'SetStateAction<number | null>'.
components/ui/calendar.tsx(57,17): error TS2353: Object literal may only specify known properties, and 'IconLeft' does not exist in type 'Partial<CustomComponents>'.
context/chat-context.tsx(4,24): error TS2305: Module '"@/types/ai-agent"' has no exported member 'ChatMessage'.
