
> build
> npm run build --workspace=tinsur-ai-frontend


> tinsur-ai-frontend@0.1.0 build
> next build

Ôû▓ Next.js 16.1.4 (Turbopack)
- Environments: .env.local

  Creating an optimized production build ...
node.exe : 
Au caractère Ligne:1 : 1
+ & "C:\Program Files\nodejs/node.exe" 
"C:\Users\user\AppData\Roaming\n ...
+ ~~~~~~~~~~~~~~~~~~~~~~~~~~~~~~~~~~~~~~~~~
~~~~~~~~~~~~~~~~~~~~~~~~~~~~
    + CategoryInfo          : NotSpecified 
   : (:String) [], RemoteException
    + FullyQualifiedErrorId : NativeComman 
   dError
 
> Build error occurred
Error: Turbopack build failed with 162 
errors:
./frontend/app/globals.css
Error evaluating Node.js code
CssSyntaxError: C:\Users\user\Desktop\Tinsu
r.AI\frontend\app\globals.css:1:1: The 
`outline-ring/50` class does not exist. If 
`outline-ring/50` is a custom class, make 
sure it is defined within a `@layer` 
directive.
    at Input.error 
(node_modules/postcss/lib/input.js:135:16) 
[C:\Users\user\Desktop\Tinsur.AI\frontend\.
next\build\chunks\node_modules_fe693df6._.j
s:4651:22]
    at AtRule.error 
(node_modules/postcss/lib/node.js:146:32) [
C:\Users\user\Desktop\Tinsur.AI\frontend\.n
ext\build\chunks\node_modules_fe693df6._.js
:928:38]
    [at processApply (C:\Users\user\Desktop
\Tinsur.AI\node_modules\tailwindcss\lib\lib
\expandApplyAtRules.js:380:29)]
    [at C:\Users\user\Desktop\Tinsur.AI\nod
e_modules\tailwindcss\lib\lib\expandApplyAt
Rules.js:551:9]
    [at C:\Users\user\Desktop\Tinsur.AI\nod
e_modules\tailwindcss\lib\processTailwindFe
atures.js:55:50]
    [at async plugins (C:\Users\user\Deskto
p\Tinsur.AI\node_modules\tailwindcss\lib\pl
ugin.js:38:17)]
    at async LazyResult.runAsync (node_modu
les/postcss/lib/lazy-result.js:293:11) [C:\
Users\user\Desktop\Tinsur.AI\frontend\.next
\build\chunks\node_modules_fe693df6._.js:62
06:21]
    at async transform (turbopack:///[turbo
pack-node]/transforms/postcss.ts:70:34) [C:
\Users\user\Desktop\Tinsur.AI\frontend\.nex
t\build\chunks\[root-of-the-server]__188e9c
b8._.js:147:36]
    at async run (turbopack:///[turbopack-n
ode]/ipc/evaluate.ts:92:23) [C:\Users\user\
Desktop\Tinsur.AI\frontend\.next\build\chun
ks\[root-of-the-server]__3b54a99d._.js:443:
31]

Import trace:
  Client Component Browser:
    ./frontend/app/globals.css [Client 
Component Browser]
    ./frontend/app/layout.tsx [Server 
Component]


./frontend/app/(auth)/register/client/page.
tsx:10:1
Module not found: Can't resolve 
'lucide-react'
[0m [90m  8 |[39m [36mimport[39m { 
[33mInput[39m } [36mfrom[39m [32m"@/co
mponents/ui/input"[39m[33m;[39m
 [90m  9 |[39m [36mimport[39m { toast 
} [36mfrom[39m [32m"@/components/ui/use-
toast"[39m[33m;[39m
[31m[1m>[22m[39m[90m 10 |[39m 
[36mimport[39m { [33mUserPlus[39m } 
[36mfrom[39m 
[32m"lucide-react"[39m[33m;[39m
 [90m    |[39m [31m[1m^[22m[39m[31m
[1m^[22m[39m[31m[1m^[22m[39m[31m[1m
^[22m[39m[31m[1m^[22m[39m[31m[1m^[
22m[39m[31m[1m^[22m[39m[31m[1m^[22m
[39m[31m[1m^[22m[39m[31m[1m^[22m[3
9m[31m[1m^[22m[39m[31m[1m^[22m[39m
[31m[1m^[22m[39m[31m[1m^[22m[39m[31
m[1m^[22m[39m[31m[1m^[22m[39m[31m[
1m^[22m[39m[31m[1m^[22m[39m[31m[1m^
[22m[39m[31m[1m^[22m[39m[31m[1m^[2
2m[39m[31m[1m^[22m[39m[31m[1m^[22m
[39m[31m[1m^[22m[39m[31m[1m^[22m[39
m[31m[1m^[22m[39m[31m[1m^[22m[39m[
31m[1m^[22m[39m[31m[1m^[22m[39m[31m
[1m^[22m[39m[31m[1m^[22m[39m[31m[1
m^[22m[39m[31m[1m^[22m[39m[31m[1m^
[22m[39m[31m[1m^[22m[39m[31m[1m^[22
m[39m[31m[1m^[22m[39m[31m[1m^[22m[
39m[31m[1m^[22m[39m[31m[1m^[22m[39m
 [90m 11 |[39m [36mimport[39m { 
clientApi } [36mfrom[39m 
[32m'@/lib/client-api'[39m[33m;[39m
 [90m 12 |[39m [36mimport[39m { 
useAuth } [36mfrom[39m 
[32m'@/lib/auth'[39m[33m;[39m
 [90m 13 |[39m [36mimport[39m api 
[36mfrom[39m 
[32m'@/lib/api'[39m[33m;[39m[0m



Import traces:
  Client Component Browser:
    ./frontend/app/(auth)/register/client/p
age.tsx [Client Component Browser]
    ./frontend/app/(auth)/register/client/p
age.tsx [Server Component]

  Client Component SSR:
    ./frontend/app/(auth)/register/client/p
age.tsx [Client Component SSR]
    ./frontend/app/(auth)/register/client/p
age.tsx [Server Component]

https://nextjs.org/docs/messages/module-not
-found


./frontend/app/(auth)/register/page.tsx:5:1
Module not found: Can't resolve 
'lucide-react'
[0m [90m 3 |[39m [36mimport[39m 
[33mLink[39m [36mfrom[39m 
[32m'next/link'[39m[33m;[39m
 [90m 4 |[39m [36mimport[39m { 
[33mButton[39m } [36mfrom[39m [32m"@/c
omponents/ui/button"[39m[33m;[39m
[31m[1m>[22m[39m[90m 5 |[39m 
[36mimport[39m { 
[33mBuilding2[39m[33m,[39m 
[33mUserCircle2[39m } [36mfrom[39m 
[32m"lucide-react"[39m[33m;[39m
 [90m   |[39m [31m[1m^[22m[39m[31m[
1m^[22m[39m[31m[1m^[22m[39m[31m[1m^
[22m[39m[31m[1m^[22m[39m[31m[1m^[2
2m[39m[31m[1m^[22m[39m[31m[1m^[22m
[39m[31m[1m^[22m[39m[31m[1m^[22m[39
m[31m[1m^[22m[39m[31m[1m^[22m[39m[
31m[1m^[22m[39m[31m[1m^[22m[39m[31m
[1m^[22m[39m[31m[1m^[22m[39m[31m[1
m^[22m[39m[31m[1m^[22m[39m[31m[1m^
[22m[39m[31m[1m^[22m[39m[31m[1m^[22
m[39m[31m[1m^[22m[39m[31m[1m^[22m[
39m[31m[1m^[22m[39m[31m[1m^[22m[39m
[31m[1m^[22m[39m[31m[1m^[22m[39m[3
1m[1m^[22m[39m[31m[1m^[22m[39m[31m
[1m^[22m[39m[31m[1m^[22m[39m[31m[1m
^[22m[39m[31m[1m^[22m[39m[31m[1m^[
22m[39m[31m[1m^[22m[39m[31m[1m^[22m
[39m[31m[1m^[22m[39m[31m[1m^[22m[3
9m[31m[1m^[22m[39m[31m[1m^[22m[39m
[31m[1m^[22m[39m[31m[1m^[22m[39m[31
m[1m^[22m[39m[31m[1m^[22m[39m[31m[
1m^[22m[39m[31m[1m^[22m[39m[31m[1m^
[22m[39m[31m[1m^[22m[39m[31m[1m^[2
2m[39m[31m[1m^[22m[39m[31m[1m^[22m
[39m[31m[1m^[22m[39m[31m[1m^[22m[39
m[31m[1m^[22m[39m
 [90m 6 |[39m
 [90m 7 |[39m [36mexport[39m 
[36mdefault[39m [36mfunction[39m 
[33mRegisterPage[39m() {
 [90m 8 |[39m     [36mreturn[39m ([0m



Import traces:
  Client Component Browser:
    
./frontend/app/(auth)/register/page.tsx 
[Client Component Browser]
    
./frontend/app/(auth)/register/page.tsx 
[Server Component]

  Client Component SSR:
    
./frontend/app/(auth)/register/page.tsx 
[Client Component SSR]
    
./frontend/app/(auth)/register/page.tsx 
[Server Component]

https://nextjs.org/docs/messages/module-not
-found


./frontend/app/dashboard/admin/page.tsx:8:1
Module not found: Can't resolve 
'lucide-react'
[0m [90m  6 |[39m [36mimport[39m { 
[33mUserManagement[39m } [36mfrom[39m 
[32m'@/components/admin/user-management'[3
9m[33m;[39m
 [90m  7 |[39m [36mimport[39m { 
[33mSuperAdminAISettings[39m } 
[36mfrom[39m [32m'@/components/admin/sup
er-admin-ai-settings'[39m[33m;[39m
[31m[1m>[22m[39m[90m  8 |[39m 
[36mimport[39m { 
[33mUsers[39m[33m,[39m 
[33mShield[39m[33m,[39m 
[33mFileText[39m[33m,[39m 
[33mBot[39m[33m,[39m [33mCrown[39m } 
[36mfrom[39m 
[32m'lucide-react'[39m[33m;[39m
 [90m    |[39m [31m[1m^[22m[39m[31m
[1m^[22m[39m[31m[1m^[22m[39m[31m[1m
^[22m[39m[31m[1m^[22m[39m[31m[1m^[
22m[39m[31m[1m^[22m[39m[31m[1m^[22m
[39m[31m[1m^[22m[39m[31m[1m^[22m[3
9m[31m[1m^[22m[39m[31m[1m^[22m[39m
[31m[1m^[22m[39m[31m[1m^[22m[39m[31
m[1m^[22m[39m[31m[1m^[22m[39m[31m[
1m^[22m[39m[31m[1m^[22m[39m[31m[1m^
[22m[39m[31m[1m^[22m[39m[31m[1m^[2
2m[39m[31m[1m^[22m[39m[31m[1m^[22m
[39m[31m[1m^[22m[39m[31m[1m^[22m[39
m[31m[1m^[22m[39m[31m[1m^[22m[39m[
31m[1m^[22m[39m[31m[1m^[22m[39m[31m
[1m^[22m[39m[31m[1m^[22m[39m[31m[1
m^[22m[39m[31m[1m^[22m[39m[31m[1m^
[22m[39m[31m[1m^[22m[39m[31m[1m^[22
m[39m[31m[1m^[22m[39m[31m[1m^[22m[
39m[31m[1m^[22m[39m[31m[1m^[22m[39m
[31m[1m^[22m[39m[31m[1m^[22m[39m[3
1m[1m^[22m[39m[31m[1m^[22m[39m[31m
[1m^[22m[39m[31m[1m^[22m[39m[31m[1m
^[22m[39m[31m[1m^[22m[39m[31m[1m^[
22m[39m[31m[1m^[22m[39m[31m[1m^[22m
[39m[31m[1m^[22m[39m[31m[1m^[22m[3
9m[31m[1m^[22m[39m[31m[1m^[22m[39m
[31m[1m^[22m[39m[31m[1m^[22m[39m[31
m[1m^[22m[39m[31m[1m^[22m[39m[31m[
1m^[22m[39m[31m[1m^[22m[39m[31m[1m^
[22m[39m[31m[1m^[22m[39m[31m[1m^[2
2m[39m[31m[1m^[22m[39m[31m[1m^[22m
[39m[31m[1m^[22m[39m
 [90m  9 |[39m [36mimport[39m 
[33mPremiumPolicies[39m [36mfrom[39m [
32m'./premium-policies/page'[39m[33m;[39
m
 [90m 10 |[39m [36mimport[39m 
[33mPolicyServices[39m [36mfrom[39m 
[32m'./services/page'[39m[33m;[39m
 [90m 11 |[39m [36mimport[39m 
[33mTranslationsPage[39m [36mfrom[39m 
[32m'./translations/page'[39m[33m;[39m[
0m



Import traces:
  Client Component Browser:
    
./frontend/app/dashboard/admin/page.tsx 
[Client Component Browser]
    
./frontend/app/dashboard/admin/page.tsx 
[Server Component]

  Client Component SSR:
    
./frontend/app/dashboard/admin/page.tsx 
[Client Component SSR]
    
./frontend/app/dashboard/admin/page.tsx 
[Server Component]

https://nextjs.org/docs/messages/module-not
-found


./frontend/app/dashboard/admin/page.tsx:12:
1
Module not found: Can't resolve 
'lucide-react'
[0m [90m 10 |[39m [36mimport[39m 
[33mPolicyServices[39m [36mfrom[39m 
[32m'./services/page'[39m[33m;[39m
 [90m 11 |[39m [36mimport[39m 
[33mTranslationsPage[39m [36mfrom[39m 
[32m'./translations/page'[39m[33m;[39m
[31m[1m>[22m[39m[90m 12 |[39m 
[36mimport[39m { 
[33mShieldCheck[39m[33m,[39m 
[33mPercent[39m[33m,[39m 
[33mGlobe[39m } [36mfrom[39m 
[32m'lucide-react'[39m[33m;[39m
 [90m    |[39m [31m[1m^[22m[39m[31m
[1m^[22m[39m[31m[1m^[22m[39m[31m[1m
^[22m[39m[31m[1m^[22m[39m[31m[1m^[
22m[39m[31m[1m^[22m[39m[31m[1m^[22m
[39m[31m[1m^[22m[39m[31m[1m^[22m[3
9m[31m[1m^[22m[39m[31m[1m^[22m[39m
[31m[1m^[22m[39m[31m[1m^[22m[39m[31
m[1m^[22m[39m[31m[1m^[22m[39m[31m[
1m^[22m[39m[31m[1m^[22m[39m[31m[1m^
[22m[39m[31m[1m^[22m[39m[31m[1m^[2
2m[39m[31m[1m^[22m[39m[31m[1m^[22m
[39m[31m[1m^[22m[39m[31m[1m^[22m[39
m[31m[1m^[22m[39m[31m[1m^[22m[39m[
31m[1m^[22m[39m[31m[1m^[22m[39m[31m
[1m^[22m[39m[31m[1m^[22m[39m[31m[1
m^[22m[39m[31m[1m^[22m[39m[31m[1m^
[22m[39m[31m[1m^[22m[39m[31m[1m^[22
m[39m[31m[1m^[22m[39m[31m[1m^[22m[
39m[31m[1m^[22m[39m[31m[1m^[22m[39m
[31m[1m^[22m[39m[31m[1m^[22m[39m[3
1m[1m^[22m[39m[31m[1m^[22m[39m[31m
[1m^[22m[39m[31m[1m^[22m[39m[31m[1m
^[22m[39m[31m[1m^[22m[39m[31m[1m^[
22m[39m[31m[1m^[22m[39m[31m[1m^[22m
[39m[31m[1m^[22m[39m[31m[1m^[22m[3
9m[31m[1m^[22m[39m[31m[1m^[22m[39m
[31m[1m^[22m[39m[31m[1m^[22m[39m[31
m[1m^[22m[39m[31m[1m^[22m[39m
 [90m 13 |[39m [36mimport[39m { 
[33mFinancialSettings[39m } 
[36mfrom[39m [32m'@/components/admin/fin
ancial-settings'[39m[33m;[39m
 [90m 14 |[39m
 [90m 15 |[39m [36mimport[39m { 
useState[33m,[39m useEffect } 
[36mfrom[39m 
[32m'react'[39m[33m;[39m[0m



Import traces:
  Client Component Browser:
    
./frontend/app/dashboard/admin/page.tsx 
[Client Component Browser]
    
./frontend/app/dashboard/admin/page.tsx 
[Server Component]

  Client Component SSR:
    
./frontend/app/dashboard/admin/page.tsx 
[Client Component SSR]
    
./frontend/app/dashboard/admin/page.tsx 
[Server Component]

https://nextjs.org/docs/messages/module-not
-found


./frontend/app/dashboard/admin/premium-poli
cies/columns.tsx:8:1
Module not found: Can't resolve 
'lucide-react'
[0m [90m  6 |[39m [36mimport[39m { 
[33mBadge[39m } [36mfrom[39m 
[32m"@/components/ui/badge"[39m
 [90m  7 |[39m [36mimport[39m { 
[33mButton[39m } [36mfrom[39m 
[32m"@/components/ui/button"[39m
[31m[1m>[22m[39m[90m  8 |[39m 
[36mimport[39m { 
[33mPencil[39m[33m,[39m 
[33mTrash2[39m } [36mfrom[39m 
[32m"lucide-react"[39m
 [90m    |[39m [31m[1m^[22m[39m[31m
[1m^[22m[39m[31m[1m^[22m[39m[31m[1m
^[22m[39m[31m[1m^[22m[39m[31m[1m^[
22m[39m[31m[1m^[22m[39m[31m[1m^[22m
[39m[31m[1m^[22m[39m[31m[1m^[22m[3
9m[31m[1m^[22m[39m[31m[1m^[22m[39m
[31m[1m^[22m[39m[31m[1m^[22m[39m[31
m[1m^[22m[39m[31m[1m^[22m[39m[31m[
1m^[22m[39m[31m[1m^[22m[39m[31m[1m^
[22m[39m[31m[1m^[22m[39m[31m[1m^[2
2m[39m[31m[1m^[22m[39m[31m[1m^[22m
[39m[31m[1m^[22m[39m[31m[1m^[22m[39
m[31m[1m^[22m[39m[31m[1m^[22m[39m[
31m[1m^[22m[39m[31m[1m^[22m[39m[31m
[1m^[22m[39m[31m[1m^[22m[39m[31m[1
m^[22m[39m[31m[1m^[22m[39m[31m[1m^
[22m[39m[31m[1m^[22m[39m[31m[1m^[22
m[39m[31m[1m^[22m[39m[31m[1m^[22m[
39m[31m[1m^[22m[39m[31m[1m^[22m[39m
[31m[1m^[22m[39m[31m[1m^[22m[39m[3
1m[1m^[22m[39m[31m[1m^[22m[39m[31m
[1m^[22m[39m
 [90m  9 |[39m
 [90m 10 |[39m [36mexport[39m 
[36mconst[39m columns [33m=[39m (
 [90m 11 |[39m     onEdit[33m:[39m 
(policyType[33m:[39m 
[33mPremiumPolicyType[39m) [33m=>[39m 
[36mvoid[39m[33m,[39m[0m



Import traces:
  Client Component Browser:
    ./frontend/app/dashboard/admin/premium-
policies/columns.tsx [Client Component 
Browser]
    ./frontend/app/dashboard/admin/premium-
policies/page.tsx [Client Component 
Browser]
    ./frontend/app/dashboard/admin/premium-
policies/page.tsx [Server Component]

  Client Component SSR:
    ./frontend/app/dashboard/admin/premium-
policies/columns.tsx [Client Component SSR]
    ./frontend/app/dashboard/admin/premium-
policies/page.tsx [Client Component SSR]
    ./frontend/app/dashboard/admin/premium-
policies/page.tsx [Server Component]

https://nextjs.org/docs/messages/module-not
-found


./frontend/app/dashboard/admin/premium-poli
cies/components/criteria-form.tsx:25:1
Module not found: Can't resolve 
'lucide-react'
[0m [90m 23 |[39m } [36mfrom[39m 
[32m'@/components/ui/select'[39m
 [90m 24 |[39m [36mimport[39m { 
useToast } [36mfrom[39m 
[32m'@/components/ui/use-toast'[39m
[31m[1m>[22m[39m[90m 25 |[39m 
[36mimport[39m { [33mLoader2[39m } 
[36mfrom[39m [32m'lucide-react'[39m
 [90m    |[39m [31m[1m^[22m[39m[31m
[1m^[22m[39m[31m[1m^[22m[39m[31m[1m
^[22m[39m[31m[1m^[22m[39m[31m[1m^[
22m[39m[31m[1m^[22m[39m[31m[1m^[22m
[39m[31m[1m^[22m[39m[31m[1m^[22m[3
9m[31m[1m^[22m[39m[31m[1m^[22m[39m
[31m[1m^[22m[39m[31m[1m^[22m[39m[31
m[1m^[22m[39m[31m[1m^[22m[39m[31m[
1m^[22m[39m[31m[1m^[22m[39m[31m[1m^
[22m[39m[31m[1m^[22m[39m[31m[1m^[2
2m[39m[31m[1m^[22m[39m[31m[1m^[22m
[39m[31m[1m^[22m[39m[31m[1m^[22m[39
m[31m[1m^[22m[39m[31m[1m^[22m[39m[
31m[1m^[22m[39m[31m[1m^[22m[39m[31m
[1m^[22m[39m[31m[1m^[22m[39m[31m[1
m^[22m[39m[31m[1m^[22m[39m[31m[1m^
[22m[39m[31m[1m^[22m[39m[31m[1m^[22
m[39m[31m[1m^[22m[39m[31m[1m^[22m[
39m
 [90m 26 |[39m [36mimport[39m { 
premiumPolicyApi[33m,[39m 
[33mPremiumPolicyCriteria[39m } 
[36mfrom[39m 
[32m'@/lib/premium-policy-api'[39m
 [90m 27 |[39m
 [90m 28 |[39m [36mconst[39m 
criteriaSchema [33m=[39m 
z[33m.[39mobject({[0m



Import traces:
  Client Component Browser:
    ./frontend/app/dashboard/admin/premium-
policies/components/criteria-form.tsx 
[Client Component Browser]
    ./frontend/app/dashboard/admin/premium-
policies/components/premium-policy-form.tsx
 [Client Component Browser]
    ./frontend/app/dashboard/admin/premium-
policies/page.tsx [Client Component 
Browser]
    ./frontend/app/dashboard/admin/premium-
policies/page.tsx [Server Component]

  Client Component SSR:
    ./frontend/app/dashboard/admin/premium-
policies/components/criteria-form.tsx 
[Client Component SSR]
    ./frontend/app/dashboard/admin/premium-
policies/components/premium-policy-form.tsx
 [Client Component SSR]
    ./frontend/app/dashboard/admin/premium-
policies/page.tsx [Client Component SSR]
    ./frontend/app/dashboard/admin/premium-
policies/page.tsx [Server Component]

https://nextjs.org/docs/messages/module-not
-found


./frontend/app/dashboard/admin/premium-poli
cies/components/premium-policy-form.tsx:20:
1
Module not found: Can't resolve 
'lucide-react'
[0m [90m 18 |[39m [36mimport[39m { 
[33mScrollArea[39m } [36mfrom[39m 
[32m'@/components/ui/scroll-area'[39m
 [90m 19 |[39m [36mimport[39m { 
useToast } [36mfrom[39m 
[32m'@/components/ui/use-toast'[39m
[31m[1m>[22m[39m[90m 20 |[39m 
[36mimport[39m { 
[33mPlus[39m[33m,[39m 
[33mTrash2[39m[33m,[39m 
[33mLoader2[39m[33m,[39m 
[33mPencil[39m } [36mfrom[39m 
[32m'lucide-react'[39m
 [90m    |[39m [31m[1m^[22m[39m[31m
[1m^[22m[39m[31m[1m^[22m[39m[31m[1m
^[22m[39m[31m[1m^[22m[39m[31m[1m^[
22m[39m[31m[1m^[22m[39m[31m[1m^[22m
[39m[31m[1m^[22m[39m[31m[1m^[22m[3
9m[31m[1m^[22m[39m[31m[1m^[22m[39m
[31m[1m^[22m[39m[31m[1m^[22m[39m[31
m[1m^[22m[39m[31m[1m^[22m[39m[31m[
1m^[22m[39m[31m[1m^[22m[39m[31m[1m^
[22m[39m[31m[1m^[22m[39m[31m[1m^[2
2m[39m[31m[1m^[22m[39m[31m[1m^[22m
[39m[31m[1m^[22m[39m[31m[1m^[22m[39
m[31m[1m^[22m[39m[31m[1m^[22m[39m[
31m[1m^[22m[39m[31m[1m^[22m[39m[31m
[1m^[22m[39m[31m[1m^[22m[39m[31m[1
m^[22m[39m[31m[1m^[22m[39m[31m[1m^
[22m[39m[31m[1m^[22m[39m[31m[1m^[22
m[39m[31m[1m^[22m[39m[31m[1m^[22m[
39m[31m[1m^[22m[39m[31m[1m^[22m[39m
[31m[1m^[22m[39m[31m[1m^[22m[39m[3
1m[1m^[22m[39m[31m[1m^[22m[39m[31m
[1m^[22m[39m[31m[1m^[22m[39m[31m[1m
^[22m[39m[31m[1m^[22m[39m[31m[1m^[
22m[39m[31m[1m^[22m[39m[31m[1m^[22m
[39m[31m[1m^[22m[39m[31m[1m^[22m[3
9m[31m[1m^[22m[39m[31m[1m^[22m[39m
[31m[1m^[22m[39m[31m[1m^[22m[39m[31
m[1m^[22m[39m[31m[1m^[22m[39m[31m[
1m^[22m[39m
 [90m 21 |[39m [36mimport[39m { 
[33mTabs[39m[33m,[39m 
[33mTabsContent[39m[33m,[39m 
[33mTabsList[39m[33m,[39m 
[33mTabsTrigger[39m } [36mfrom[39m 
[32m'@/components/ui/tabs'[39m
 [90m 22 |[39m [36mimport[39m { 
premiumPolicyApi[33m,[39m 
[33mPremiumPolicyType[39m[33m,[39m 
[33mPremiumPolicyCriteria[39m } 
[36mfrom[39m 
[32m'@/lib/premium-policy-api'[39m
 [90m 23 |[39m [36mimport[39m { 
policyServiceApi[33m,[39m 
[33mPolicyService[39m } [36mfrom[39m 
[32m'@/lib/policy-service-api'[39m[0m



Import traces:
  Client Component Browser:
    ./frontend/app/dashboard/admin/premium-
policies/components/premium-policy-form.tsx
 [Client Component Browser]
    ./frontend/app/dashboard/admin/premium-
policies/page.tsx [Client Component 
Browser]
    ./frontend/app/dashboard/admin/premium-
policies/page.tsx [Server Component]

  Client Component SSR:
    ./frontend/app/dashboard/admin/premium-
policies/components/premium-policy-form.tsx
 [Client Component SSR]
    ./frontend/app/dashboard/admin/premium-
policies/page.tsx [Client Component SSR]
    ./frontend/app/dashboard/admin/premium-
policies/page.tsx [Server Component]

https://nextjs.org/docs/messages/module-not
-found


./frontend/app/dashboard/admin/premium-poli
cies/page.tsx:4:1
Module not found: Can't resolve 
'lucide-react'
[0m [90m 2 |[39m
 [90m 3 |[39m [36mimport[39m { 
useState[33m,[39m useEffect[33m,[39m 
useMemo[33m,[39m useCallback } 
[36mfrom[39m [32m'react'[39m
[31m[1m>[22m[39m[90m 4 |[39m 
[36mimport[39m { 
[33mPlus[39m[33m,[39m 
[33mPencil[39m[33m,[39m 
[33mTrash2[39m[33m,[39m 
[33mFilter[39m[33m,[39m 
[33mLayoutGrid[39m[33m,[39m 
[33mList[39m [36mas[39m 
[33mListIcon[39m[33m,[39m 
[33mLoader2[39m[33m,[39m 
[33mCheck[39m } [36mfrom[39m 
[32m'lucide-react'[39m
 [90m   |[39m [31m[1m^[22m[39m[31m[
1m^[22m[39m[31m[1m^[22m[39m[31m[1m^
[22m[39m[31m[1m^[22m[39m[31m[1m^[2
2m[39m[31m[1m^[22m[39m[31m[1m^[22m
[39m[31m[1m^[22m[39m[31m[1m^[22m[39
m[31m[1m^[22m[39m[31m[1m^[22m[39m[
31m[1m^[22m[39m[31m[1m^[22m[39m[31m
[1m^[22m[39m[31m[1m^[22m[39m[31m[1
m^[22m[39m[31m[1m^[22m[39m[31m[1m^
[22m[39m[31m[1m^[22m[39m[31m[1m^[22
m[39m[31m[1m^[22m[39m[31m[1m^[22m[
39m[31m[1m^[22m[39m[31m[1m^[22m[39m
[31m[1m^[22m[39m[31m[1m^[22m[39m[3
1m[1m^[22m[39m[31m[1m^[22m[39m[31m
[1m^[22m[39m[31m[1m^[22m[39m[31m[1m
^[22m[39m[31m[1m^[22m[39m[31m[1m^[
22m[39m[31m[1m^[22m[39m[31m[1m^[22m
[39m[31m[1m^[22m[39m[31m[1m^[22m[3
9m[31m[1m^[22m[39m[31m[1m^[22m[39m
[31m[1m^[22m[39m[31m[1m^[22m[39m[31
m[1m^[22m[39m[31m[1m^[22m[39m[31m[
1m^[22m[39m[31m[1m^[22m[39m[31m[1m^
[22m[39m[31m[1m^[22m[39m[31m[1m^[2
2m[39m[31m[1m^[22m[39m[31m[1m^[22m
[39m[31m[1m^[22m[39m[31m[1m^[22m[39
m[31m[1m^[22m[39m[31m[1m^[22m[39m[
31m[1m^[22m[39m[31m[1m^[22m[39m[31m
[1m^[22m[39m[31m[1m^[22m[39m[31m[1
m^[22m[39m[31m[1m^[22m[39m[31m[1m^
[22m[39m[31m[1m^[22m[39m[31m[1m^[22
m[39m[31m[1m^[22m[39m[31m[1m^[22m[
39m[31m[1m^[22m[39m[31m[1m^[22m[39m
[31m[1m^[22m[39m[31m[1m^[22m[39m[3
1m[1m^[22m[39m[31m[1m^[22m[39m[31m
[1m^[22m[39m[31m[1m^[22m[39m[31m[1m
^[22m[39m[31m[1m^[22m[39m[31m[1m^[
22m[39m[31m[1m^[22m[39m[31m[1m^[22m
[39m[31m[1m^[22m[39m[31m[1m^[22m[3
9m[31m[1m^[22m[39m[31m[1m^[22m[39m
[31m[1m^[22m[39m[31m[1m^[22m[39m[31
m[1m^[22m[39m[31m[1m^[22m[39m[31m[
1m^[22m[39m[31m[1m^[22m[39m[31m[1m^
[22m[39m[31m[1m^[22m[39m[31m[1m^[2
2m[39m[31m[1m^[22m[39m[31m[1m^[22m
[39m[31m[1m^[22m[39m[31m[1m^[22m[39
m[31m[1m^[22m[39m[31m[1m^[22m[39m[
31m[1m^[22m[39m[31m[1m^[22m[39m[31m
[1m^[22m[39m[31m[1m^[22m[39m[31m[1
m^[22m[39m[31m[1m^[22m[39m[31m[1m^
[22m[39m
 [90m 5 |[39m [36mimport[39m { 
[33mButton[39m } [36mfrom[39m 
[32m'@/components/ui/button'[39m
 [90m 6 |[39m [36mimport[39m { 
[33mCard[39m[33m,[39m 
[33mCardContent[39m[33m,[39m 
[33mCardHeader[39m[33m,[39m 
[33mCardTitle[39m[33m,[39m 
[33mCardDescription[39m } [36mfrom[39m 
[32m'@/components/ui/card'[39m
 [90m 7 |[39m [36mimport[39m { 
[33mDataView[39m } [36mfrom[39m 
[32m'@/components/ui/data-view'[39m[0m



Import traces:
  Client Component Browser:
    ./frontend/app/dashboard/admin/premium-
policies/page.tsx [Client Component 
Browser]
    ./frontend/app/dashboard/admin/premium-
policies/page.tsx [Server Component]

  Client Component SSR:
    ./frontend/app/dashboard/admin/premium-
policies/page.tsx [Client Component SSR]
    ./frontend/app/dashboard/admin/premium-
policies/page.tsx [Server Component]

https://nextjs.org/docs/messages/module-not
-found


./frontend/app/dashboard/admin/services/pag
e.tsx:4:1
Module not found: Can't resolve 
'lucide-react'
[0m [90m  2 |[39m
 [90m  3 |[39m [36mimport[39m { 
useState[33m,[39m useEffect[33m,[39m 
useCallback } [36mfrom[39m 
[32m'react'[39m[33m;[39m
[31m[1m>[22m[39m[90m  4 |[39m 
[36mimport[39m {
 [90m    |[39m [31m[1m^[22m[39m[31m
[1m^[22m[39m[31m[1m^[22m[39m[31m[1m
^[22m[39m[31m[1m^[22m[39m[31m[1m^[
22m[39m[31m[1m^[22m[39m[31m[1m^[22m
[39m
[31m[1m>[22m[39m[90m  5 |[39m     
[33mPlus[39m[33m,[39m
 [90m    |[39m [31m[1m^[22m[39m[31m
[1m^[22m[39m[31m[1m^[22m[39m[31m[1m
^[22m[39m[31m[1m^[22m[39m[31m[1m^[
22m[39m[31m[1m^[22m[39m[31m[1m^[22m
[39m[31m[1m^[22m[39m
[31m[1m>[22m[39m[90m  6 |[39m     
[33mSearch[39m[33m,[39m
 [90m    |[39m [31m[1m^[22m[39m[31m
[1m^[22m[39m[31m[1m^[22m[39m[31m[1m
^[22m[39m[31m[1m^[22m[39m[31m[1m^[
22m[39m[31m[1m^[22m[39m[31m[1m^[22m
[39m[31m[1m^[22m[39m
[31m[1m>[22m[39m[90m  7 |[39m     
[33mEdit[39m[33m,[39m
 [90m    |[39m [31m[1m^[22m[39m[31m
[1m^[22m[39m[31m[1m^[22m[39m[31m[1m
^[22m[39m[31m[1m^[22m[39m[31m[1m^[
22m[39m[31m[1m^[22m[39m[31m[1m^[22m
[39m[31m[1m^[22m[39m
[31m[1m>[22m[39m[90m  8 |[39m     
[33mTrash[39m[33m,[39m
 [90m    |[39m [31m[1m^[22m[39m[31m
[1m^[22m[39m[31m[1m^[22m[39m[31m[1m
^[22m[39m[31m[1m^[22m[39m[31m[1m^[
22m[39m[31m[1m^[22m[39m[31m[1m^[22m
[39m[31m[1m^[22m[39m
[31m[1m>[22m[39m[90m  9 |[39m     
[33mShieldCheck[39m
 [90m    |[39m [31m[1m^[22m[39m[31m
[1m^[22m[39m[31m[1m^[22m[39m[31m[1m
^[22m[39m[31m[1m^[22m[39m[31m[1m^[
22m[39m[31m[1m^[22m[39m[31m[1m^[22m
[39m[31m[1m^[22m[39m
[31m[1m>[22m[39m[90m 10 |[39m } 
[36mfrom[39m 
[32m'lucide-react'[39m[33m;[39m
 [90m    |[39m [31m[1m^[22m[39m[31m
[1m^[22m[39m[31m[1m^[22m[39m[31m[1m
^[22m[39m[31m[1m^[22m[39m[31m[1m^[
22m[39m[31m[1m^[22m[39m[31m[1m^[22m
[39m[31m[1m^[22m[39m[31m[1m^[22m[3
9m[31m[1m^[22m[39m[31m[1m^[22m[39m
[31m[1m^[22m[39m[31m[1m^[22m[39m[31
m[1m^[22m[39m[31m[1m^[22m[39m[31m[
1m^[22m[39m[31m[1m^[22m[39m[31m[1m^
[22m[39m[31m[1m^[22m[39m[31m[1m^[2
2m[39m[31m[1m^[22m[39m[31m[1m^[22m
[39m
 [90m 11 |[39m [36mimport[39m { 
useAuth } [36mfrom[39m 
[32m'@/lib/auth'[39m[33m;[39m
 [90m 12 |[39m [36mimport[39m { 
useLanguage } [36mfrom[39m [32m'@/contex
ts/language-context'[39m[33m;[39m
 [90m 13 |[39m[0m



Import traces:
  Client Component Browser:
    ./frontend/app/dashboard/admin/services
/page.tsx [Client Component Browser]
    ./frontend/app/dashboard/admin/services
/page.tsx [Server Component]

  Client Component SSR:
    ./frontend/app/dashboard/admin/services
/page.tsx [Client Component SSR]
    ./frontend/app/dashboard/admin/services
/page.tsx [Server Component]

https://nextjs.org/docs/messages/module-not
-found


./frontend/app/dashboard/admin/translations
/page.tsx:13:1
Module not found: Can't resolve 
'lucide-react'
[0m [90m 11 |[39m [36mimport[39m { 
[33mLabel[39m } [36mfrom[39m [32m"@/co
mponents/ui/label"[39m[33m;[39m
 [90m 12 |[39m [36mimport[39m { 
useToast } [36mfrom[39m [32m"@/component
s/ui/use-toast"[39m[33m;[39m
[31m[1m>[22m[39m[90m 13 |[39m 
[36mimport[39m { 
[33mLoader2[39m[33m,[39m 
[33mPlus[39m[33m,[39m 
[33mSearch[39m[33m,[39m [33mSave[39m 
} [36mfrom[39m 
[32m"lucide-react"[39m[33m;[39m
 [90m    |[39m [31m[1m^[22m[39m[31m
[1m^[22m[39m[31m[1m^[22m[39m[31m[1m
^[22m[39m[31m[1m^[22m[39m[31m[1m^[
22m[39m[31m[1m^[22m[39m[31m[1m^[22m
[39m[31m[1m^[22m[39m[31m[1m^[22m[3
9m[31m[1m^[22m[39m[31m[1m^[22m[39m
[31m[1m^[22m[39m[31m[1m^[22m[39m[31
m[1m^[22m[39m[31m[1m^[22m[39m[31m[
1m^[22m[39m[31m[1m^[22m[39m[31m[1m^
[22m[39m[31m[1m^[22m[39m[31m[1m^[2
2m[39m[31m[1m^[22m[39m[31m[1m^[22m
[39m[31m[1m^[22m[39m[31m[1m^[22m[39
m[31m[1m^[22m[39m[31m[1m^[22m[39m[
31m[1m^[22m[39m[31m[1m^[22m[39m[31m
[1m^[22m[39m[31m[1m^[22m[39m[31m[1
m^[22m[39m[31m[1m^[22m[39m[31m[1m^
[22m[39m[31m[1m^[22m[39m[31m[1m^[22
m[39m[31m[1m^[22m[39m[31m[1m^[22m[
39m[31m[1m^[22m[39m[31m[1m^[22m[39m
[31m[1m^[22m[39m[31m[1m^[22m[39m[3
1m[1m^[22m[39m[31m[1m^[22m[39m[31m
[1m^[22m[39m[31m[1m^[22m[39m[31m[1m
^[22m[39m[31m[1m^[22m[39m[31m[1m^[
22m[39m[31m[1m^[22m[39m[31m[1m^[22m
[39m[31m[1m^[22m[39m[31m[1m^[22m[3
9m[31m[1m^[22m[39m[31m[1m^[22m[39m
[31m[1m^[22m[39m[31m[1m^[22m[39m[31
m[1m^[22m[39m[31m[1m^[22m[39m
 [90m 14 |[39m
 [90m 15 |[39m [36mexport[39m 
[36mdefault[39m [36mfunction[39m 
[33mTranslationsPage[39m() {
 [90m 16 |[39m     [36mconst[39m { 
toast } [33m=[39m 
useToast()[33m;[39m[0m



Import traces:
  Client Component Browser:
    ./frontend/app/dashboard/admin/translat
ions/page.tsx [Client Component Browser]
    ./frontend/app/dashboard/admin/translat
ions/page.tsx [Server Component]

  Client Component SSR:
    ./frontend/app/dashboard/admin/translat
ions/page.tsx [Client Component SSR]
    ./frontend/app/dashboard/admin/translat
ions/page.tsx [Server Component]

https://nextjs.org/docs/messages/module-not
-found


./frontend/app/dashboard/analytics/page.tsx
:10:1
Module not found: Can't resolve 
'lucide-react'
[0m [90m  8 |[39m [36mimport[39m { 
[33mCard[39m[33m,[39m 
[33mCardContent[39m[33m,[39m 
[33mCardHeader[39m[33m,[39m 
[33mCardTitle[39m[33m,[39m 
[33mCardDescription[39m } [36mfrom[39m 
[32m"@/components/ui/card"[39m[33m;[39m
 [90m  9 |[39m [36mimport[39m { 
[33mTabs[39m[33m,[39m 
[33mTabsContent[39m[33m,[39m 
[33mTabsList[39m[33m,[39m 
[33mTabsTrigger[39m } [36mfrom[39m 
[32m"@/components/ui/tabs"[39m[33m;[39m
[31m[1m>[22m[39m[90m 10 |[39m 
[36mimport[39m { 
[33mLoader2[39m[33m,[39m 
[33mTrendingUp[39m[33m,[39m 
[33mTrendingDown[39m[33m,[39m 
[33mDollarSign[39m[33m,[39m 
[33mUsers[39m[33m,[39m 
[33mFileText[39m[33m,[39m 
[33mAlertCircle[39m } [36mfrom[39m 
[32m"lucide-react"[39m[33m;[39m
 [90m    |[39m [31m[1m^[22m[39m[31m
[1m^[22m[39m[31m[1m^[22m[39m[31m[1m
^[22m[39m[31m[1m^[22m[39m[31m[1m^[
22m[39m[31m[1m^[22m[39m[31m[1m^[22m
[39m[31m[1m^[22m[39m[31m[1m^[22m[3
9m[31m[1m^[22m[39m[31m[1m^[22m[39m
[31m[1m^[22m[39m[31m[1m^[22m[39m[31
m[1m^[22m[39m[31m[1m^[22m[39m[31m[
1m^[22m[39m[31m[1m^[22m[39m[31m[1m^
[22m[39m[31m[1m^[22m[39m[31m[1m^[2
2m[39m[31m[1m^[22m[39m[31m[1m^[22m
[39m[31m[1m^[22m[39m[31m[1m^[22m[39
m[31m[1m^[22m[39m[31m[1m^[22m[39m[
31m[1m^[22m[39m[31m[1m^[22m[39m[31m
[1m^[22m[39m[31m[1m^[22m[39m[31m[1
m^[22m[39m[31m[1m^[22m[39m[31m[1m^
[22m[39m[31m[1m^[22m[39m[31m[1m^[22
m[39m[31m[1m^[22m[39m[31m[1m^[22m[
39m[31m[1m^[22m[39m[31m[1m^[22m[39m
[31m[1m^[22m[39m[31m[1m^[22m[39m[3
1m[1m^[22m[39m[31m[1m^[22m[39m[31m
[1m^[22m[39m[31m[1m^[22m[39m[31m[1m
^[22m[39m[31m[1m^[22m[39m[31m[1m^[
22m[39m[31m[1m^[22m[39m[31m[1m^[22m
[39m[31m[1m^[22m[39m[31m[1m^[22m[3
9m[31m[1m^[22m[39m[31m[1m^[22m[39m
[31m[1m^[22m[39m[31m[1m^[22m[39m[31
m[1m^[22m[39m[31m[1m^[22m[39m[31m[
1m^[22m[39m[31m[1m^[22m[39m[31m[1m^
[22m[39m[31m[1m^[22m[39m[31m[1m^[2
2m[39m[31m[1m^[22m[39m[31m[1m^[22m
[39m[31m[1m^[22m[39m[31m[1m^[22m[39
m[31m[1m^[22m[39m[31m[1m^[22m[39m[
31m[1m^[22m[39m[31m[1m^[22m[39m[31m
[1m^[22m[39m[31m[1m^[22m[39m[31m[1
m^[22m[39m[31m[1m^[22m[39m[31m[1m^
[22m[39m[31m[1m^[22m[39m[31m[1m^[22
m[39m[31m[1m^[22m[39m[31m[1m^[22m[
39m[31m[1m^[22m[39m[31m[1m^[22m[39m
[31m[1m^[22m[39m[31m[1m^[22m[39m[3
1m[1m^[22m[39m[31m[1m^[22m[39m[31m
[1m^[22m[39m[31m[1m^[22m[39m[31m[1m
^[22m[39m[31m[1m^[22m[39m[31m[1m^[
22m[39m[31m[1m^[22m[39m[31m[1m^[22m
[39m[31m[1m^[22m[39m[31m[1m^[22m[3
9m[31m[1m^[22m[39m[31m[1m^[22m[39m
[31m[1m^[22m[39m[31m[1m^[22m[39m[31
m[1m^[22m[39m[31m[1m^[22m[39m[31m[
1m^[22m[39m[31m[1m^[22m[39m[31m[1m^
[22m[39m[31m[1m^[22m[39m[31m[1m^[2
2m[39m
 [90m 11 |[39m [36mimport[39m {
 [90m 12 |[39m     
[33mLineChart[39m[33m,[39m
 [90m 13 |[39m     
[33mLine[39m[33m,[39m[0m



Import traces:
  Client Component Browser:
    ./frontend/app/dashboard/analytics/page
.tsx [Client Component Browser]
    ./frontend/app/dashboard/analytics/page
.tsx [Server Component]

  Client Component SSR:
    ./frontend/app/dashboard/analytics/page
.tsx [Client Component SSR]
    ./frontend/app/dashboard/analytics/page
.tsx [Server Component]

https://nextjs.org/docs/messages/module-not
-found


./frontend/app/dashboard/claims/columns.tsx
:7:1
Module not found: Can't resolve 
'lucide-react'
[0m [90m  5 |[39m [36mimport[39m { 
[33mDataTableColumnHeader[39m } 
[36mfrom[39m [32m"@/components/ui/data-t
able-column-header"[39m
 [90m  6 |[39m [36mimport[39m { 
[33mButton[39m } [36mfrom[39m 
[32m"@/components/ui/button"[39m
[31m[1m>[22m[39m[90m  7 |[39m 
[36mimport[39m { 
[33mMoreHorizontal[39m[33m,[39m 
[33mEye[39m } [36mfrom[39m 
[32m"lucide-react"[39m
 [90m    |[39m [31m[1m^[22m[39m[31m
[1m^[22m[39m[31m[1m^[22m[39m[31m[1m
^[22m[39m[31m[1m^[22m[39m[31m[1m^[
22m[39m[31m[1m^[22m[39m[31m[1m^[22m
[39m[31m[1m^[22m[39m[31m[1m^[22m[3
9m[31m[1m^[22m[39m[31m[1m^[22m[39m
[31m[1m^[22m[39m[31m[1m^[22m[39m[31
m[1m^[22m[39m[31m[1m^[22m[39m[31m[
1m^[22m[39m[31m[1m^[22m[39m[31m[1m^
[22m[39m[31m[1m^[22m[39m[31m[1m^[2
2m[39m[31m[1m^[22m[39m[31m[1m^[22m
[39m[31m[1m^[22m[39m[31m[1m^[22m[39
m[31m[1m^[22m[39m[31m[1m^[22m[39m[
31m[1m^[22m[39m[31m[1m^[22m[39m[31m
[1m^[22m[39m[31m[1m^[22m[39m[31m[1
m^[22m[39m[31m[1m^[22m[39m[31m[1m^
[22m[39m[31m[1m^[22m[39m[31m[1m^[22
m[39m[31m[1m^[22m[39m[31m[1m^[22m[
39m[31m[1m^[22m[39m[31m[1m^[22m[39m
[31m[1m^[22m[39m[31m[1m^[22m[39m[3
1m[1m^[22m[39m[31m[1m^[22m[39m[31m
[1m^[22m[39m[31m[1m^[22m[39m[31m[1m
^[22m[39m[31m[1m^[22m[39m[31m[1m^[
22m[39m[31m[1m^[22m[39m
 [90m  8 |[39m [36mimport[39m { format 
} [36mfrom[39m [32m"date-fns"[39m
 [90m  9 |[39m [36mimport[39m { 
[33mClaimStatusBadge[39m } 
[36mfrom[39m [32m"@/components/claims/cl
aim-status-badge"[39m
 [90m 10 |[39m[0m



Import traces:
  Client Component Browser:
    ./frontend/app/dashboard/claims/columns
.tsx [Client Component Browser]
    
./frontend/app/dashboard/claims/page.tsx 
[Client Component Browser]
    
./frontend/app/dashboard/claims/page.tsx 
[Server Component]

  Client Component SSR:
    ./frontend/app/dashboard/claims/columns
.tsx [Client Component SSR]
    
./frontend/app/dashboard/claims/page.tsx 
[Client Component SSR]
    
./frontend/app/dashboard/claims/page.tsx 
[Server Component]

https://nextjs.org/docs/messages/module-not
-found


./frontend/app/dashboard/claims/page.tsx:10
:1
Module not found: Can't resolve 
'lucide-react'
[0m [90m  8 |[39m [36mimport[39m { 
columns } [36mfrom[39m 
[32m"./columns"[39m
 [90m  9 |[39m [36mimport[39m { 
[33mClaimDetailsDialog[39m } 
[36mfrom[39m [32m"@/components/claims/cl
aim-details-dialog"[39m
[31m[1m>[22m[39m[90m 10 |[39m 
[36mimport[39m { [33mClipboardList[39m 
} [36mfrom[39m [32m"lucide-react"[39m
 [90m    |[39m [31m[1m^[22m[39m[31m
[1m^[22m[39m[31m[1m^[22m[39m[31m[1m
^[22m[39m[31m[1m^[22m[39m[31m[1m^[
22m[39m[31m[1m^[22m[39m[31m[1m^[22m
[39m[31m[1m^[22m[39m[31m[1m^[22m[3
9m[31m[1m^[22m[39m[31m[1m^[22m[39m
[31m[1m^[22m[39m[31m[1m^[22m[39m[31
m[1m^[22m[39m[31m[1m^[22m[39m[31m[
1m^[22m[39m[31m[1m^[22m[39m[31m[1m^
[22m[39m[31m[1m^[22m[39m[31m[1m^[2
2m[39m[31m[1m^[22m[39m[31m[1m^[22m
[39m[31m[1m^[22m[39m[31m[1m^[22m[39
m[31m[1m^[22m[39m[31m[1m^[22m[39m[
31m[1m^[22m[39m[31m[1m^[22m[39m[31m
[1m^[22m[39m[31m[1m^[22m[39m[31m[1
m^[22m[39m[31m[1m^[22m[39m[31m[1m^
[22m[39m[31m[1m^[22m[39m[31m[1m^[22
m[39m[31m[1m^[22m[39m[31m[1m^[22m[
39m[31m[1m^[22m[39m[31m[1m^[22m[39m
[31m[1m^[22m[39m[31m[1m^[22m[39m[3
1m[1m^[22m[39m[31m[1m^[22m[39m
 [90m 11 |[39m [36mimport[39m { 
[33mEmptyState[39m } [36mfrom[39m 
[32m"@/components/ui/empty-state"[39m
 [90m 12 |[39m [36mimport[39m { 
[33mButton[39m } [36mfrom[39m 
[32m"@/components/ui/button"[39m
 [90m 13 |[39m [36mimport[39m { 
[33mPlus[39m } [36mfrom[39m 
[32m"lucide-react"[39m[0m



Import traces:
  Client Component Browser:
    
./frontend/app/dashboard/claims/page.tsx 
[Client Component Browser]
    
./frontend/app/dashboard/claims/page.tsx 
[Server Component]

  Client Component SSR:
    
./frontend/app/dashboard/claims/page.tsx 
[Client Component SSR]
    
./frontend/app/dashboard/claims/page.tsx 
[Server Component]

https://nextjs.org/docs/messages/module-not
-found


./frontend/app/dashboard/claims/page.tsx:13
:1
Module not found: Can't resolve 
'lucide-react'
[0m [90m 11 |[39m [36mimport[39m { 
[33mEmptyState[39m } [36mfrom[39m 
[32m"@/components/ui/empty-state"[39m
 [90m 12 |[39m [36mimport[39m { 
[33mButton[39m } [36mfrom[39m 
[32m"@/components/ui/button"[39m
[31m[1m>[22m[39m[90m 13 |[39m 
[36mimport[39m { [33mPlus[39m } 
[36mfrom[39m [32m"lucide-react"[39m
 [90m    |[39m [31m[1m^[22m[39m[31m
[1m^[22m[39m[31m[1m^[22m[39m[31m[1m
^[22m[39m[31m[1m^[22m[39m[31m[1m^[
22m[39m[31m[1m^[22m[39m[31m[1m^[22m
[39m[31m[1m^[22m[39m[31m[1m^[22m[3
9m[31m[1m^[22m[39m[31m[1m^[22m[39m
[31m[1m^[22m[39m[31m[1m^[22m[39m[31
m[1m^[22m[39m[31m[1m^[22m[39m[31m[
1m^[22m[39m[31m[1m^[22m[39m[31m[1m^
[22m[39m[31m[1m^[22m[39m[31m[1m^[2
2m[39m[31m[1m^[22m[39m[31m[1m^[22m
[39m[31m[1m^[22m[39m[31m[1m^[22m[39
m[31m[1m^[22m[39m[31m[1m^[22m[39m[
31m[1m^[22m[39m[31m[1m^[22m[39m[31m
[1m^[22m[39m[31m[1m^[22m[39m[31m[1
m^[22m[39m[31m[1m^[22m[39m[31m[1m^
[22m[39m[31m[1m^[22m[39m
 [90m 14 |[39m [36mimport[39m { 
[33mClaimFormDialog[39m } [36mfrom[39m 
[32m"@/components/claims/claim-form-dialog
"[39m
 [90m 15 |[39m
 [90m 16 |[39m [36mexport[39m 
[36mdefault[39m [36mfunction[39m 
[33mClaimsPage[39m() {[0m



Import traces:
  Client Component Browser:
    
./frontend/app/dashboard/claims/page.tsx 
[Client Component Browser]
    
./frontend/app/dashboard/claims/page.tsx 
[Server Component]

  Client Component SSR:
    
./frontend/app/dashboard/claims/page.tsx 
[Client Component SSR]
    
./frontend/app/dashboard/claims/page.tsx 
[Server Component]

https://nextjs.org/docs/messages/module-not
-found


./frontend/app/dashboard/clients/[id]/page.
tsx:8:1
Module not found: Can't resolve 
'lucide-react'
[0m [90m  6 |[39m [36mimport[39m { 
[33mClient[39m } [36mfrom[39m 
[32m'@/types/client'[39m[33m;[39m
 [90m  7 |[39m [36mimport[39m { 
[33mButton[39m } [36mfrom[39m [32m'@/c
omponents/ui/button'[39m[33m;[39m
[31m[1m>[22m[39m[90m  8 |[39m 
[36mimport[39m { 
[33mArrowLeft[39m[33m,[39m 
[33mEdit[39m[33m,[39m 
[33mSave[39m[33m,[39m 
[33mPlus[39m[33m,[39m 
[33mCamera[39m[33m,[39m 
[33mCar[39m[33m,[39m [33mUpload[39m 
} [36mfrom[39m 
[32m'lucide-react'[39m[33m;[39m
 [90m    |[39m [31m[1m^[22m[39m[31m
[1m^[22m[39m[31m[1m^[22m[39m[31m[1m
^[22m[39m[31m[1m^[22m[39m[31m[1m^[
22m[39m[31m[1m^[22m[39m[31m[1m^[22m
[39m[31m[1m^[22m[39m[31m[1m^[22m[3
9m[31m[1m^[22m[39m[31m[1m^[22m[39m
[31m[1m^[22m[39m[31m[1m^[22m[39m[31
m[1m^[22m[39m[31m[1m^[22m[39m[31m[
1m^[22m[39m[31m[1m^[22m[39m[31m[1m^
[22m[39m[31m[1m^[22m[39m[31m[1m^[2
2m[39m[31m[1m^[22m[39m[31m[1m^[22m
[39m[31m[1m^[22m[39m[31m[1m^[22m[39
m[31m[1m^[22m[39m[31m[1m^[22m[39m[
31m[1m^[22m[39m[31m[1m^[22m[39m[31m
[1m^[22m[39m[31m[1m^[22m[39m[31m[1
m^[22m[39m[31m[1m^[22m[39m[31m[1m^
[22m[39m[31m[1m^[22m[39m[31m[1m^[22
m[39m[31m[1m^[22m[39m[31m[1m^[22m[
39m[31m[1m^[22m[39m[31m[1m^[22m[39m
[31m[1m^[22m[39m[31m[1m^[22m[39m[3
1m[1m^[22m[39m[31m[1m^[22m[39m[31m
[1m^[22m[39m[31m[1m^[22m[39m[31m[1m
^[22m[39m[31m[1m^[22m[39m[31m[1m^[
22m[39m[31m[1m^[22m[39m[31m[1m^[22m
[39m[31m[1m^[22m[39m[31m[1m^[22m[3
9m[31m[1m^[22m[39m[31m[1m^[22m[39m
[31m[1m^[22m[39m[31m[1m^[22m[39m[31
m[1m^[22m[39m[31m[1m^[22m[39m[31m[
1m^[22m[39m[31m[1m^[22m[39m[31m[1m^
[22m[39m[31m[1m^[22m[39m[31m[1m^[2
2m[39m[31m[1m^[22m[39m[31m[1m^[22m
[39m[31m[1m^[22m[39m[31m[1m^[22m[39
m[31m[1m^[22m[39m[31m[1m^[22m[39m[
31m[1m^[22m[39m[31m[1m^[22m[39m[31m
[1m^[22m[39m[31m[1m^[22m[39m[31m[1
m^[22m[39m[31m[1m^[22m[39m[31m[1m^
[22m[39m[31m[1m^[22m[39m[31m[1m^[22
m[39m[31m[1m^[22m[39m
 [90m  9 |[39m [36mimport[39m { 
[33mCard[39m[33m,[39m 
[33mCardContent[39m[33m,[39m 
[33mCardDescription[39m[33m,[39m 
[33mCardHeader[39m[33m,[39m 
[33mCardTitle[39m } [36mfrom[39m 
[32m'@/components/ui/card'[39m[33m;[39m
 [90m 10 |[39m [36mimport[39m { 
[33mTabs[39m[33m,[39m 
[33mTabsContent[39m[33m,[39m 
[33mTabsList[39m[33m,[39m 
[33mTabsTrigger[39m } [36mfrom[39m 
[32m'@/components/ui/tabs'[39m[33m;[39m
 [90m 11 |[39m [36mimport[39m { 
[33mInput[39m } [36mfrom[39m [32m'@/co
mponents/ui/input'[39m[33m;[39m[0m



Import traces:
  Client Component Browser:
    ./frontend/app/dashboard/clients/[id]/p
age.tsx [Client Component Browser]
    ./frontend/app/dashboard/clients/[id]/p
age.tsx [Server Component]

  Client Component SSR:
    ./frontend/app/dashboard/clients/[id]/p
age.tsx [Client Component SSR]
    ./frontend/app/dashboard/clients/[id]/p
age.tsx [Server Component]

https://nextjs.org/docs/messages/module-not
-found


./frontend/app/dashboard/clients/components
/client-table-actions.tsx:3:1
Module not found: Can't resolve 
'lucide-react'
[0m [90m 1 |[39m [32m"use client"[39m
 [90m 2 |[39m
[31m[1m>[22m[39m[90m 3 |[39m 
[36mimport[39m { 
[33mMoreHorizontal[39m[33m,[39m 
[33mSquarePen[39m[33m,[39m 
[33mTrash2[39m } [36mfrom[39m 
[32m"lucide-react"[39m
 [90m   |[39m [31m[1m^[22m[39m[31m[
1m^[22m[39m[31m[1m^[22m[39m[31m[1m^
[22m[39m[31m[1m^[22m[39m[31m[1m^[2
2m[39m[31m[1m^[22m[39m[31m[1m^[22m
[39m[31m[1m^[22m[39m[31m[1m^[22m[39
m[31m[1m^[22m[39m[31m[1m^[22m[39m[
31m[1m^[22m[39m[31m[1m^[22m[39m[31m
[1m^[22m[39m[31m[1m^[22m[39m[31m[1
m^[22m[39m[31m[1m^[22m[39m[31m[1m^
[22m[39m[31m[1m^[22m[39m[31m[1m^[22
m[39m[31m[1m^[22m[39m[31m[1m^[22m[
39m[31m[1m^[22m[39m[31m[1m^[22m[39m
[31m[1m^[22m[39m[31m[1m^[22m[39m[3
1m[1m^[22m[39m[31m[1m^[22m[39m[31m
[1m^[22m[39m[31m[1m^[22m[39m[31m[1m
^[22m[39m[31m[1m^[22m[39m[31m[1m^[
22m[39m[31m[1m^[22m[39m[31m[1m^[22m
[39m[31m[1m^[22m[39m[31m[1m^[22m[3
9m[31m[1m^[22m[39m[31m[1m^[22m[39m
[31m[1m^[22m[39m[31m[1m^[22m[39m[31
m[1m^[22m[39m[31m[1m^[22m[39m[31m[
1m^[22m[39m[31m[1m^[22m[39m[31m[1m^
[22m[39m[31m[1m^[22m[39m[31m[1m^[2
2m[39m[31m[1m^[22m[39m[31m[1m^[22m
[39m[31m[1m^[22m[39m[31m[1m^[22m[39
m[31m[1m^[22m[39m[31m[1m^[22m[39m[
31m[1m^[22m[39m[31m[1m^[22m[39m[31m
[1m^[22m[39m[31m[1m^[22m[39m[31m[1
m^[22m[39m[31m[1m^[22m[39m[31m[1m^
[22m[39m[31m[1m^[22m[39m[31m[1m^[22
m[39m
 [90m 4 |[39m [36mimport[39m { 
[33mButton[39m } [36mfrom[39m 
[32m"@/components/ui/button"[39m
 [90m 5 |[39m [36mimport[39m {
 [90m 6 |[39m     
[33mDropdownMenu[39m[33m,[39m[0m



Import traces:
  Client Component Browser:
    ./frontend/app/dashboard/clients/compon
ents/client-table-actions.tsx [Client 
Component Browser]
    ./frontend/app/dashboard/clients/column
s.tsx [Client Component Browser]
    
./frontend/app/dashboard/clients/page.tsx 
[Client Component Browser]
    
./frontend/app/dashboard/clients/page.tsx 
[Server Component]

  Client Component SSR:
    ./frontend/app/dashboard/clients/compon
ents/client-table-actions.tsx [Client 
Component SSR]
    ./frontend/app/dashboard/clients/column
s.tsx [Client Component SSR]
    
./frontend/app/dashboard/clients/page.tsx 
[Client Component SSR]
    
./frontend/app/dashboard/clients/page.tsx 
[Server Component]

https://nextjs.org/docs/messages/module-not
-found


./frontend/app/dashboard/clients/page.tsx:1
6:1
Module not found: Can't resolve 
'lucide-react'
[0m [90m 14 |[39m [36mimport[39m { 
[33mClient[39m } [36mfrom[39m 
[32m'@/types/client'[39m[33m;[39m
 [90m 15 |[39m [36mimport[39m { 
[33mButton[39m } [36mfrom[39m [32m'@/c
omponents/ui/button'[39m[33m;[39m
[31m[1m>[22m[39m[90m 16 |[39m 
[36mimport[39m { 
[33mPlus[39m[33m,[39m 
[33mSearch[39m[33m,[39m 
[33mEye[39m[33m,[39m 
[33mFilter[39m[33m,[39m 
[33mLoader2[39m[33m,[39m 
[33mCamera[39m[33m,[39m 
[33mPencil[39m[33m,[39m 
[33mMapPin[39m } [36mfrom[39m 
[32m'lucide-react'[39m[33m;[39m
 [90m    |[39m [31m[1m^[22m[39m[31m
[1m^[22m[39m[31m[1m^[22m[39m[31m[1m
^[22m[39m[31m[1m^[22m[39m[31m[1m^[
22m[39m[31m[1m^[22m[39m[31m[1m^[22m
[39m[31m[1m^[22m[39m[31m[1m^[22m[3
9m[31m[1m^[22m[39m[31m[1m^[22m[39m
[31m[1m^[22m[39m[31m[1m^[22m[39m[31
m[1m^[22m[39m[31m[1m^[22m[39m[31m[
1m^[22m[39m[31m[1m^[22m[39m[31m[1m^
[22m[39m[31m[1m^[22m[39m[31m[1m^[2
2m[39m[31m[1m^[22m[39m[31m[1m^[22m
[39m[31m[1m^[22m[39m[31m[1m^[22m[39
m[31m[1m^[22m[39m[31m[1m^[22m[39m[
31m[1m^[22m[39m[31m[1m^[22m[39m[31m
[1m^[22m[39m[31m[1m^[22m[39m[31m[1
m^[22m[39m[31m[1m^[22m[39m[31m[1m^
[22m[39m[31m[1m^[22m[39m[31m[1m^[22
m[39m[31m[1m^[22m[39m[31m[1m^[22m[
39m[31m[1m^[22m[39m[31m[1m^[22m[39m
[31m[1m^[22m[39m[31m[1m^[22m[39m[3
1m[1m^[22m[39m[31m[1m^[22m[39m[31m
[1m^[22m[39m[31m[1m^[22m[39m[31m[1m
^[22m[39m[31m[1m^[22m[39m[31m[1m^[
22m[39m[31m[1m^[22m[39m[31m[1m^[22m
[39m[31m[1m^[22m[39m[31m[1m^[22m[3
9m[31m[1m^[22m[39m[31m[1m^[22m[39m
[31m[1m^[22m[39m[31m[1m^[22m[39m[31
m[1m^[22m[39m[31m[1m^[22m[39m[31m[
1m^[22m[39m[31m[1m^[22m[39m[31m[1m^
[22m[39m[31m[1m^[22m[39m[31m[1m^[2
2m[39m[31m[1m^[22m[39m[31m[1m^[22m
[39m[31m[1m^[22m[39m[31m[1m^[22m[39
m[31m[1m^[22m[39m[31m[1m^[22m[39m[
31m[1m^[22m[39m[31m[1m^[22m[39m[31m
[1m^[22m[39m[31m[1m^[22m[39m[31m[1
m^[22m[39m[31m[1m^[22m[39m[31m[1m^
[22m[39m[31m[1m^[22m[39m[31m[1m^[22
m[39m[31m[1m^[22m[39m[31m[1m^[22m[
39m[31m[1m^[22m[39m[31m[1m^[22m[39m
[31m[1m^[22m[39m[31m[1m^[22m[39m[3
1m[1m^[22m[39m[31m[1m^[22m[39m[31m
[1m^[22m[39m[31m[1m^[22m[39m[31m[1m
^[22m[39m
 [90m 17 |[39m [36mimport[39m { 
[33mUnifiedEntityForm[39m } 
[36mfrom[39m [32m'@/components/shared/un
ified-entity-form'[39m[33m;[39m
 [90m 18 |[39m [36mimport[39m { 
[33mDeleteClientDialog[39m } 
[36mfrom[39m [32m'@/components/clients/d
elete-client-dialog'[39m[33m;[39m
 [90m 19 |[39m [36mimport[39m { 
[33mInput[39m } [36mfrom[39m [32m'@/co
mponents/ui/input'[39m[33m;[39m[0m



Import traces:
  Client Component Browser:
    
./frontend/app/dashboard/clients/page.tsx 
[Client Component Browser]
    
./frontend/app/dashboard/clients/page.tsx 
[Server Component]

  Client Component SSR:
    
./frontend/app/dashboard/clients/page.tsx 
[Client Component SSR]
    
./frontend/app/dashboard/clients/page.tsx 
[Server Component]

https://nextjs.org/docs/messages/module-not
-found


./frontend/app/dashboard/collaboration/page
.tsx:12:1
Module not found: Can't resolve 
'lucide-react'
[0m [90m 10 |[39m [36mimport[39m { 
[33mCard[39m[33m,[39m 
[33mCardContent[39m[33m,[39m 
[33mCardDescription[39m[33m,[39m 
[33mCardHeader[39m[33m,[39m 
[33mCardTitle[39m } [36mfrom[39m 
[32m'@/components/ui/card'[39m[33m;[39m
 [90m 11 |[39m [36mimport[39m { 
[33mButton[39m } [36mfrom[39m [32m'@/c
omponents/ui/button'[39m[33m;[39m
[31m[1m>[22m[39m[90m 12 |[39m 
[36mimport[39m { 
[33mShare2[39m[33m,[39m 
[33mFileText[39m[33m,[39m 
[33mDownload[39m[33m,[39m 
[33mTrash2[39m[33m,[39m 
[33mEye[39m[33m,[39m 
[33mShield[39m[33m,[39m 
[33mUserPlus[39m[33m,[39m 
[33mUsers2[39m[33m,[39m 
[33mCoins[39m } [36mfrom[39m 
[32m'lucide-react'[39m[33m;[39m
 [90m    |[39m [31m[1m^[22m[39m[31m
[1m^[22m[39m[31m[1m^[22m[39m[31m[1m
^[22m[39m[31m[1m^[22m[39m[31m[1m^[
22m[39m[31m[1m^[22m[39m[31m[1m^[22m
[39m[31m[1m^[22m[39m[31m[1m^[22m[3
9m[31m[1m^[22m[39m[31m[1m^[22m[39m
[31m[1m^[22m[39m[31m[1m^[22m[39m[31
m[1m^[22m[39m[31m[1m^[22m[39m[31m[
1m^[22m[39m[31m[1m^[22m[39m[31m[1m^
[22m[39m[31m[1m^[22m[39m[31m[1m^[2
2m[39m[31m[1m^[22m[39m[31m[1m^[22m
[39m[31m[1m^[22m[39m[31m[1m^[22m[39
m[31m[1m^[22m[39m[31m[1m^[22m[39m[
31m[1m^[22m[39m[31m[1m^[22m[39m[31m
[1m^[22m[39m[31m[1m^[22m[39m[31m[1
m^[22m[39m[31m[1m^[22m[39m[31m[1m^
[22m[39m[31m[1m^[22m[39m[31m[1m^[22
m[39m[31m[1m^[22m[39m[31m[1m^[22m[
39m[31m[1m^[22m[39m[31m[1m^[22m[39m
[31m[1m^[22m[39m[31m[1m^[22m[39m[3
1m[1m^[22m[39m[31m[1m^[22m[39m[31m
[1m^[22m[39m[31m[1m^[22m[39m[31m[1m
^[22m[39m[31m[1m^[22m[39m[31m[1m^[
22m[39m[31m[1m^[22m[39m[31m[1m^[22m
[39m[31m[1m^[22m[39m[31m[1m^[22m[3
9m[31m[1m^[22m[39m[31m[1m^[22m[39m
[31m[1m^[22m[39m[31m[1m^[22m[39m[31
m[1m^[22m[39m[31m[1m^[22m[39m[31m[
1m^[22m[39m[31m[1m^[22m[39m[31m[1m^
[22m[39m[31m[1m^[22m[39m[31m[1m^[2
2m[39m[31m[1m^[22m[39m[31m[1m^[22m
[39m[31m[1m^[22m[39m[31m[1m^[22m[39
m[31m[1m^[22m[39m[31m[1m^[22m[39m[
31m[1m^[22m[39m[31m[1m^[22m[39m[31m
[1m^[22m[39m[31m[1m^[22m[39m[31m[1
m^[22m[39m[31m[1m^[22m[39m[31m[1m^
[22m[39m[31m[1m^[22m[39m[31m[1m^[22
m[39m[31m[1m^[22m[39m[31m[1m^[22m[
39m[31m[1m^[22m[39m[31m[1m^[22m[39m
[31m[1m^[22m[39m[31m[1m^[22m[39m[3
1m[1m^[22m[39m[31m[1m^[22m[39m[31m
[1m^[22m[39m[31m[1m^[22m[39m[31m[1m
^[22m[39m[31m[1m^[22m[39m[31m[1m^[
22m[39m[31m[1m^[22m[39m[31m[1m^[22m
[39m[31m[1m^[22m[39m[31m[1m^[22m[3
9m[31m[1m^[22m[39m[31m[1m^[22m[39m
[31m[1m^[22m[39m[31m[1m^[22m[39m[31
m[1m^[22m[39m[31m[1m^[22m[39m[31m[
1m^[22m[39m[31m[1m^[22m[39m
 [90m 13 |[39m [36mimport[39m { 
[33mDocumentUpload[39m } [36mfrom[39m 
[32m'@/components/collaboration/document-up
load'[39m[33m;[39m
 [90m 14 |[39m [36mimport[39m { 
[33mShareModal[39m } [36mfrom[39m [32m
'@/components/collaboration/share-modal'[3
9m[33m;[39m
 [90m 15 |[39m [36mimport[39m { 
[33mSharingSettings[39m[33m,[39m 
[33mSharingConfig[39m } [36mfrom[39m [
32m'@/components/collaboration/sharing-sett
ings'[39m[33m;[39m[0m



Import traces:
  Client Component Browser:
    ./frontend/app/dashboard/collaboration/
page.tsx [Client Component Browser]
    ./frontend/app/dashboard/collaboration/
page.tsx [Server Component]

  Client Component SSR:
    ./frontend/app/dashboard/collaboration/
page.tsx [Client Component SSR]
    ./frontend/app/dashboard/collaboration/
page.tsx [Server Component]

https://nextjs.org/docs/messages/module-not
-found


./frontend/app/dashboard/commissions/page.t
sx:4:1
Module not found: Can't resolve 
'lucide-react'
[0m [90m 2 |[39m
 [90m 3 |[39m [36mimport[39m { 
useState[33m,[39m useEffect } 
[36mfrom[39m [32m"react"[39m[33m;[39m
[31m[1m>[22m[39m[90m 4 |[39m 
[36mimport[39m { 
[33mCoins[39m[33m,[39m 
[33mFilter[39m[33m,[39m 
[33mCheckCircle2[39m[33m,[39m 
[33mClock[39m } [36mfrom[39m 
[32m"lucide-react"[39m[33m;[39m
 [90m   |[39m [31m[1m^[22m[39m[31m[
1m^[22m[39m[31m[1m^[22m[39m[31m[1m^
[22m[39m[31m[1m^[22m[39m[31m[1m^[2
2m[39m[31m[1m^[22m[39m[31m[1m^[22m
[39m[31m[1m^[22m[39m[31m[1m^[22m[39
m[31m[1m^[22m[39m[31m[1m^[22m[39m[
31m[1m^[22m[39m[31m[1m^[22m[39m[31m
[1m^[22m[39m[31m[1m^[22m[39m[31m[1
m^[22m[39m[31m[1m^[22m[39m[31m[1m^
[22m[39m[31m[1m^[22m[39m[31m[1m^[22
m[39m[31m[1m^[22m[39m[31m[1m^[22m[
39m[31m[1m^[22m[39m[31m[1m^[22m[39m
[31m[1m^[22m[39m[31m[1m^[22m[39m[3
1m[1m^[22m[39m[31m[1m^[22m[39m[31m
[1m^[22m[39m[31m[1m^[22m[39m[31m[1m
^[22m[39m[31m[1m^[22m[39m[31m[1m^[
22m[39m[31m[1m^[22m[39m[31m[1m^[22m
[39m[31m[1m^[22m[39m[31m[1m^[22m[3
9m[31m[1m^[22m[39m[31m[1m^[22m[39m
[31m[1m^[22m[39m[31m[1m^[22m[39m[31
m[1m^[22m[39m[31m[1m^[22m[39m[31m[
1m^[22m[39m[31m[1m^[22m[39m[31m[1m^
[22m[39m[31m[1m^[22m[39m[31m[1m^[2
2m[39m[31m[1m^[22m[39m[31m[1m^[22m
[39m[31m[1m^[22m[39m[31m[1m^[22m[39
m[31m[1m^[22m[39m[31m[1m^[22m[39m[
31m[1m^[22m[39m[31m[1m^[22m[39m[31m
[1m^[22m[39m[31m[1m^[22m[39m[31m[1
m^[22m[39m[31m[1m^[22m[39m[31m[1m^
[22m[39m[31m[1m^[22m[39m[31m[1m^[22
m[39m[31m[1m^[22m[39m[31m[1m^[22m[
39m
 [90m 5 |[39m [36mimport[39m { 
[33mButton[39m } [36mfrom[39m [32m"@/c
omponents/ui/button"[39m[33m;[39m
 [90m 6 |[39m [36mimport[39m { 
[33mCard[39m[33m,[39m 
[33mCardContent[39m[33m,[39m 
[33mCardHeader[39m[33m,[39m 
[33mCardTitle[39m[33m,[39m 
[33mCardDescription[39m } [36mfrom[39m 
[32m"@/components/ui/card"[39m[33m;[39m
 [90m 7 |[39m [36mimport[39m { 
[33mTable[39m[33m,[39m 
[33mTableBody[39m[33m,[39m 
[33mTableCell[39m[33m,[39m 
[33mTableHead[39m[33m,[39m 
[33mTableHeader[39m[33m,[39m 
[33mTableRow[39m } [36mfrom[39m [32m"@
/components/ui/table"[39m[33m;[39m[0m



Import traces:
  Client Component Browser:
    ./frontend/app/dashboard/commissions/pa
ge.tsx [Client Component Browser]
    ./frontend/app/dashboard/commissions/pa
ge.tsx [Server Component]

  Client Component SSR:
    ./frontend/app/dashboard/commissions/pa
ge.tsx [Client Component SSR]
    ./frontend/app/dashboard/commissions/pa
ge.tsx [Server Component]

https://nextjs.org/docs/messages/module-not
-found


./frontend/app/dashboard/communications/pag
e.tsx:5:1
Module not found: Can't resolve 
'lucide-react'
[0m [90m 3 |[39m [36mimport[39m { 
useState[33m,[39m useEffect } 
[36mfrom[39m [32m"react"[39m[33m;[39m
 [90m 4 |[39m [36mimport[39m { format 
} [36mfrom[39m 
[32m"date-fns"[39m[33m;[39m
[31m[1m>[22m[39m[90m 5 |[39m 
[36mimport[39m { 
[33mMail[39m[33m,[39m 
[33mMessageSquare[39m[33m,[39m 
[33mBell[39m[33m,[39m 
[33mFilter[39m[33m,[39m 
[33mRefreshCcw[39m } [36mfrom[39m 
[32m"lucide-react"[39m[33m;[39m
 [90m   |[39m [31m[1m^[22m[39m[31m[
1m^[22m[39m[31m[1m^[22m[39m[31m[1m^
[22m[39m[31m[1m^[22m[39m[31m[1m^[2
2m[39m[31m[1m^[22m[39m[31m[1m^[22m
[39m[31m[1m^[22m[39m[31m[1m^[22m[39
m[31m[1m^[22m[39m[31m[1m^[22m[39m[
31m[1m^[22m[39m[31m[1m^[22m[39m[31m
[1m^[22m[39m[31m[1m^[22m[39m[31m[1
m^[22m[39m[31m[1m^[22m[39m[31m[1m^
[22m[39m[31m[1m^[22m[39m[31m[1m^[22
m[39m[31m[1m^[22m[39m[31m[1m^[22m[
39m[31m[1m^[22m[39m[31m[1m^[22m[39m
[31m[1m^[22m[39m[31m[1m^[22m[39m[3
1m[1m^[22m[39m[31m[1m^[22m[39m[31m
[1m^[22m[39m[31m[1m^[22m[39m[31m[1m
^[22m[39m[31m[1m^[22m[39m[31m[1m^[
22m[39m[31m[1m^[22m[39m[31m[1m^[22m
[39m[31m[1m^[22m[39m[31m[1m^[22m[3
9m[31m[1m^[22m[39m[31m[1m^[22m[39m
[31m[1m^[22m[39m[31m[1m^[22m[39m[31
m[1m^[22m[39m[31m[1m^[22m[39m[31m[
1m^[22m[39m[31m[1m^[22m[39m[31m[1m^
[22m[39m[31m[1m^[22m[39m[31m[1m^[2
2m[39m[31m[1m^[22m[39m[31m[1m^[22m
[39m[31m[1m^[22m[39m[31m[1m^[22m[39
m[31m[1m^[22m[39m[31m[1m^[22m[39m[
31m[1m^[22m[39m[31m[1m^[22m[39m[31m
[1m^[22m[39m[31m[1m^[22m[39m[31m[1
m^[22m[39m[31m[1m^[22m[39m[31m[1m^
[22m[39m[31m[1m^[22m[39m[31m[1m^[22
m[39m[31m[1m^[22m[39m[31m[1m^[22m[
39m[31m[1m^[22m[39m[31m[1m^[22m[39m
[31m[1m^[22m[39m[31m[1m^[22m[39m[3
1m[1m^[22m[39m[31m[1m^[22m[39m[31m
[1m^[22m[39m[31m[1m^[22m[39m[31m[1m
^[22m[39m[31m[1m^[22m[39m[31m[1m^[
22m[39m
 [90m 6 |[39m
 [90m 7 |[39m [36mimport[39m { 
[33mButton[39m } [36mfrom[39m [32m"@/c
omponents/ui/button"[39m[33m;[39m
 [90m 8 |[39m [36mimport[39m { 
[33mCard[39m[33m,[39m 
[33mCardContent[39m[33m,[39m 
[33mCardHeader[39m[33m,[39m 
[33mCardTitle[39m[33m,[39m 
[33mCardDescription[39m } [36mfrom[39m 
[32m"@/components/ui/card"[39m[33m;[39m
[0m



Import traces:
  Client Component Browser:
    ./frontend/app/dashboard/communications
/page.tsx [Client Component Browser]
    ./frontend/app/dashboard/communications
/page.tsx [Server Component]

  Client Component SSR:
    ./frontend/app/dashboard/communications
/page.tsx [Client Component SSR]
    ./frontend/app/dashboard/communications
/page.tsx [Server Component]

https://nextjs.org/docs/messages/module-not
-found


./frontend/app/dashboard/decisions/componen
ts/recovery-pipeline.tsx:33:1
Module not found: Can't resolve 
'lucide-react'
[0m [90m 31 |[39m [36mimport[39m { 
toast } [36mfrom[39m [32m'@/components/u
i/use-toast'[39m[33m;[39m
 [90m 32 |[39m [36mimport[39m { 
formatCurrency } [36mfrom[39m 
[32m'@/lib/utils'[39m[33m;[39m
[31m[1m>[22m[39m[90m 33 |[39m 
[36mimport[39m { 
[33mRotateCcw[39m[33m,[39m 
[33mTrendingUp[39m[33m,[39m 
[33mDollarSign[39m } [36mfrom[39m 
[32m'lucide-react'[39m[33m;[39m
 [90m    |[39m [31m[1m^[22m[39m[31m
[1m^[22m[39m[31m[1m^[22m[39m[31m[1m
^[22m[39m[31m[1m^[22m[39m[31m[1m^[
22m[39m[31m[1m^[22m[39m[31m[1m^[22m
[39m[31m[1m^[22m[39m[31m[1m^[22m[3
9m[31m[1m^[22m[39m[31m[1m^[22m[39m
[31m[1m^[22m[39m[31m[1m^[22m[39m[31
m[1m^[22m[39m[31m[1m^[22m[39m[31m[
1m^[22m[39m[31m[1m^[22m[39m[31m[1m^
[22m[39m[31m[1m^[22m[39m[31m[1m^[2
2m[39m[31m[1m^[22m[39m[31m[1m^[22m
[39m[31m[1m^[22m[39m[31m[1m^[22m[39
m[31m[1m^[22m[39m[31m[1m^[22m[39m[
31m[1m^[22m[39m[31m[1m^[22m[39m[31m
[1m^[22m[39m[31m[1m^[22m[39m[31m[1
m^[22m[39m[31m[1m^[22m[39m[31m[1m^
[22m[39m[31m[1m^[22m[39m[31m[1m^[22
m[39m[31m[1m^[22m[39m[31m[1m^[22m[
39m[31m[1m^[22m[39m[31m[1m^[22m[39m
[31m[1m^[22m[39m[31m[1m^[22m[39m[3
1m[1m^[22m[39m[31m[1m^[22m[39m[31m
[1m^[22m[39m[31m[1m^[22m[39m[31m[1m
^[22m[39m[31m[1m^[22m[39m[31m[1m^[
22m[39m[31m[1m^[22m[39m[31m[1m^[22m
[39m[31m[1m^[22m[39m[31m[1m^[22m[3
9m[31m[1m^[22m[39m[31m[1m^[22m[39m
[31m[1m^[22m[39m[31m[1m^[22m[39m[31
m[1m^[22m[39m[31m[1m^[22m[39m[31m[
1m^[22m[39m[31m[1m^[22m[39m[31m[1m^
[22m[39m[31m[1m^[22m[39m[31m[1m^[2
2m[39m[31m[1m^[22m[39m
 [90m 34 |[39m
 [90m 35 |[39m [36minterface[39m 
[33mRecovery[39m {
 [90m 36 |[39m     id[33m:[39m 
string[33m;[39m[0m



Import traces:
  Client Component Browser:
    ./frontend/app/dashboard/decisions/comp
onents/recovery-pipeline.tsx [Client 
Component Browser]
    ./frontend/app/dashboard/decisions/page
.tsx [Client Component Browser]
    ./frontend/app/dashboard/decisions/page
.tsx [Server Component]

  Client Component SSR:
    ./frontend/app/dashboard/decisions/comp
onents/recovery-pipeline.tsx [Client 
Component SSR]
    ./frontend/app/dashboard/decisions/page
.tsx [Client Component SSR]
    ./frontend/app/dashboard/decisions/page
.tsx [Server Component]

https://nextjs.org/docs/messages/module-not
-found


./frontend/app/dashboard/decisions/componen
ts/underwriting-approvals.tsx:32:1
Module not found: Can't resolve 
'lucide-react'
[0m [90m 30 |[39m [36mimport[39m { 
toast } [36mfrom[39m [32m'@/components/u
i/use-toast'[39m[33m;[39m
 [90m 31 |[39m [36mimport[39m { 
formatCurrency } [36mfrom[39m 
[32m'@/lib/utils'[39m[33m;[39m
[31m[1m>[22m[39m[90m 32 |[39m 
[36mimport[39m { 
[33mShieldAlert[39m[33m,[39m 
[33mCheckCircle2[39m[33m,[39m 
[33mXCircle[39m } [36mfrom[39m 
[32m'lucide-react'[39m[33m;[39m
 [90m    |[39m [31m[1m^[22m[39m[31m
[1m^[22m[39m[31m[1m^[22m[39m[31m[1m
^[22m[39m[31m[1m^[22m[39m[31m[1m^[
22m[39m[31m[1m^[22m[39m[31m[1m^[22m
[39m[31m[1m^[22m[39m[31m[1m^[22m[3
9m[31m[1m^[22m[39m[31m[1m^[22m[39m
[31m[1m^[22m[39m[31m[1m^[22m[39m[31
m[1m^[22m[39m[31m[1m^[22m[39m[31m[
1m^[22m[39m[31m[1m^[22m[39m[31m[1m^
[22m[39m[31m[1m^[22m[39m[31m[1m^[2
2m[39m[31m[1m^[22m[39m[31m[1m^[22m
[39m[31m[1m^[22m[39m[31m[1m^[22m[39
m[31m[1m^[22m[39m[31m[1m^[22m[39m[
31m[1m^[22m[39m[31m[1m^[22m[39m[31m
[1m^[22m[39m[31m[1m^[22m[39m[31m[1
m^[22m[39m[31m[1m^[22m[39m[31m[1m^
[22m[39m[31m[1m^[22m[39m[31m[1m^[22
m[39m[31m[1m^[22m[39m[31m[1m^[22m[
39m[31m[1m^[22m[39m[31m[1m^[22m[39m
[31m[1m^[22m[39m[31m[1m^[22m[39m[3
1m[1m^[22m[39m[31m[1m^[22m[39m[31m
[1m^[22m[39m[31m[1m^[22m[39m[31m[1m
^[22m[39m[31m[1m^[22m[39m[31m[1m^[
22m[39m[31m[1m^[22m[39m[31m[1m^[22m
[39m[31m[1m^[22m[39m[31m[1m^[22m[3
9m[31m[1m^[22m[39m[31m[1m^[22m[39m
[31m[1m^[22m[39m[31m[1m^[22m[39m[31
m[1m^[22m[39m[31m[1m^[22m[39m[31m[
1m^[22m[39m[31m[1m^[22m[39m[31m[1m^
[22m[39m[31m[1m^[22m[39m[31m[1m^[2
2m[39m[31m[1m^[22m[39m[31m[1m^[22m
[39m
 [90m 33 |[39m
 [90m 34 |[39m [36minterface[39m 
[33mReferral[39m {
 [90m 35 |[39m     id[33m:[39m 
string[33m;[39m[0m



Import traces:
  Client Component Browser:
    ./frontend/app/dashboard/decisions/comp
onents/underwriting-approvals.tsx [Client 
Component Browser]
    ./frontend/app/dashboard/decisions/page
.tsx [Client Component Browser]
    ./frontend/app/dashboard/decisions/page
.tsx [Server Component]

  Client Component SSR:
    ./frontend/app/dashboard/decisions/comp
onents/underwriting-approvals.tsx [Client 
Component SSR]
    ./frontend/app/dashboard/decisions/page
.tsx [Client Component SSR]
    ./frontend/app/dashboard/decisions/page
.tsx [Server Component]

https://nextjs.org/docs/messages/module-not
-found


./frontend/app/dashboard/decisions/page.tsx
:10:1
Module not found: Can't resolve 
'lucide-react'
[0m [90m  8 |[39m     
[33mTabsTrigger[39m
 [90m  9 |[39m } [36mfrom[39m 
[32m'@/components/ui/tabs'[39m[33m;[39m
[31m[1m>[22m[39m[90m 10 |[39m 
[36mimport[39m {
 [90m    |[39m [31m[1m^[22m[39m[31m
[1m^[22m[39m[31m[1m^[22m[39m[31m[1m
^[22m[39m[31m[1m^[22m[39m[31m[1m^[
22m[39m[31m[1m^[22m[39m[31m[1m^[22m
[39m
[31m[1m>[22m[39m[90m 11 |[39m     
[33mGavel[39m[33m,[39m
 [90m    |[39m [31m[1m^[22m[39m[31m
[1m^[22m[39m[31m[1m^[22m[39m[31m[1m
^[22m[39m[31m[1m^[22m[39m[31m[1m^[
22m[39m[31m[1m^[22m[39m[31m[1m^[22m
[39m[31m[1m^[22m[39m[31m[1m^[22m[3
9m
[31m[1m>[22m[39m[90m 12 |[39m     
[33mShieldCheck[39m[33m,[39m
 [90m    |[39m [31m[1m^[22m[39m[31m
[1m^[22m[39m[31m[1m^[22m[39m[31m[1m
^[22m[39m[31m[1m^[22m[39m[31m[1m^[
22m[39m[31m[1m^[22m[39m[31m[1m^[22m
[39m[31m[1m^[22m[39m[31m[1m^[22m[3
9m
[31m[1m>[22m[39m[90m 13 |[39m     
[33mRotateCcw[39m
 [90m    |[39m [31m[1m^[22m[39m[31m
[1m^[22m[39m[31m[1m^[22m[39m[31m[1m
^[22m[39m[31m[1m^[22m[39m[31m[1m^[
22m[39m[31m[1m^[22m[39m[31m[1m^[22m
[39m[31m[1m^[22m[39m[31m[1m^[22m[3
9m
[31m[1m>[22m[39m[90m 14 |[39m } 
[36mfrom[39m 
[32m'lucide-react'[39m[33m;[39m
 [90m    |[39m [31m[1m^[22m[39m[31m
[1m^[22m[39m[31m[1m^[22m[39m[31m[1m
^[22m[39m[31m[1m^[22m[39m[31m[1m^[
22m[39m[31m[1m^[22m[39m[31m[1m^[22m
[39m[31m[1m^[22m[39m[31m[1m^[22m[3
9m[31m[1m^[22m[39m[31m[1m^[22m[39m
[31m[1m^[22m[39m[31m[1m^[22m[39m[31
m[1m^[22m[39m[31m[1m^[22m[39m[31m[
1m^[22m[39m[31m[1m^[22m[39m[31m[1m^
[22m[39m[31m[1m^[22m[39m[31m[1m^[2
2m[39m[31m[1m^[22m[39m[31m[1m^[22m
[39m
 [90m 15 |[39m [36mimport[39m 
[33mUnderwritingApprovals[39m 
[36mfrom[39m [32m'./components/underwrit
ing-approvals'[39m[33m;[39m
 [90m 16 |[39m [36mimport[39m 
[33mRecoveryPipeline[39m [36mfrom[39m 
[32m'./components/recovery-pipeline'[39m[
33m;[39m
 [90m 17 |[39m[0m



Import traces:
  Client Component Browser:
    ./frontend/app/dashboard/decisions/page
.tsx [Client Component Browser]
    ./frontend/app/dashboard/decisions/page
.tsx [Server Component]

  Client Component SSR:
    ./frontend/app/dashboard/decisions/page
.tsx [Client Component SSR]
    ./frontend/app/dashboard/decisions/page
.tsx [Server Component]

https://nextjs.org/docs/messages/module-not
-found


./frontend/app/dashboard/employees/[id]/pag
e.tsx:7:1
Module not found: Can't resolve 
'lucide-react'
[0m [90m  5 |[39m [36mimport[39m { 
api } [36mfrom[39m 
[32m'@/lib/api'[39m[33m;[39m
 [90m  6 |[39m [36mimport[39m { 
[33mButton[39m } [36mfrom[39m [32m'@/c
omponents/ui/button'[39m[33m;[39m
[31m[1m>[22m[39m[90m  7 |[39m 
[36mimport[39m { 
[33mArrowLeft[39m[33m,[39m 
[33mLoader2[39m } [36mfrom[39m 
[32m'lucide-react'[39m[33m;[39m
 [90m    |[39m [31m[1m^[22m[39m[31m
[1m^[22m[39m[31m[1m^[22m[39m[31m[1m
^[22m[39m[31m[1m^[22m[39m[31m[1m^[
22m[39m[31m[1m^[22m[39m[31m[1m^[22m
[39m[31m[1m^[22m[39m[31m[1m^[22m[3
9m[31m[1m^[22m[39m[31m[1m^[22m[39m
[31m[1m^[22m[39m[31m[1m^[22m[39m[31
m[1m^[22m[39m[31m[1m^[22m[39m[31m[
1m^[22m[39m[31m[1m^[22m[39m[31m[1m^
[22m[39m[31m[1m^[22m[39m[31m[1m^[2
2m[39m[31m[1m^[22m[39m[31m[1m^[22m
[39m[31m[1m^[22m[39m[31m[1m^[22m[39
m[31m[1m^[22m[39m[31m[1m^[22m[39m[
31m[1m^[22m[39m[31m[1m^[22m[39m[31m
[1m^[22m[39m[31m[1m^[22m[39m[31m[1
m^[22m[39m[31m[1m^[22m[39m[31m[1m^
[22m[39m[31m[1m^[22m[39m[31m[1m^[22
m[39m[31m[1m^[22m[39m[31m[1m^[22m[
39m[31m[1m^[22m[39m[31m[1m^[22m[39m
[31m[1m^[22m[39m[31m[1m^[22m[39m[3
1m[1m^[22m[39m[31m[1m^[22m[39m[31m
[1m^[22m[39m[31m[1m^[22m[39m[31m[1m
^[22m[39m[31m[1m^[22m[39m[31m[1m^[
22m[39m[31m[1m^[22m[39m
 [90m  8 |[39m [36mimport[39m { 
[33mEmployeeInfoCard[39m } 
[36mfrom[39m [32m'../components/profile/
employee-info-card'[39m[33m;[39m
 [90m  9 |[39m [36mimport[39m { 
[33mPerformanceStats[39m } 
[36mfrom[39m [32m'../components/profile/
performance-stats'[39m[33m;[39m
 [90m 10 |[39m [36mimport[39m { 
[33mAdvancedFilter[39m[33m,[39m 
[33mFilterPeriod[39m } [36mfrom[39m [3
2m'../components/profile/advanced-filter'[
39m[33m;[39m[0m



Import traces:
  Client Component Browser:
    ./frontend/app/dashboard/employees/[id]
/page.tsx [Client Component Browser]
    ./frontend/app/dashboard/employees/[id]
/page.tsx [Server Component]

  Client Component SSR:
    ./frontend/app/dashboard/employees/[id]
/page.tsx [Client Component SSR]
    ./frontend/app/dashboard/employees/[id]
/page.tsx [Server Component]

https://nextjs.org/docs/messages/module-not
-found


./frontend/app/dashboard/employees/componen
ts/employee-form.tsx:11:1
Module not found: Can't resolve 
'lucide-react'
[0m [90m  9 |[39m [36mimport[39m { 
[33mLabel[39m } [36mfrom[39m [32m'@/co
mponents/ui/label'[39m[33m;[39m
 [90m 10 |[39m [36mimport[39m { 
[33mSelect[39m[33m,[39m 
[33mSelectContent[39m[33m,[39m 
[33mSelectItem[39m[33m,[39m 
[33mSelectTrigger[39m[33m,[39m 
[33mSelectValue[39m } [36mfrom[39m [32
m'@/components/ui/select'[39m[33m;[39m
[31m[1m>[22m[39m[90m 11 |[39m 
[36mimport[39m { [33mLoader2[39m } 
[36mfrom[39m 
[32m'lucide-react'[39m[33m;[39m
 [90m    |[39m [31m[1m^[22m[39m[31m
[1m^[22m[39m[31m[1m^[22m[39m[31m[1m
^[22m[39m[31m[1m^[22m[39m[31m[1m^[
22m[39m[31m[1m^[22m[39m[31m[1m^[22m
[39m[31m[1m^[22m[39m[31m[1m^[22m[3
9m[31m[1m^[22m[39m[31m[1m^[22m[39m
[31m[1m^[22m[39m[31m[1m^[22m[39m[31
m[1m^[22m[39m[31m[1m^[22m[39m[31m[
1m^[22m[39m[31m[1m^[22m[39m[31m[1m^
[22m[39m[31m[1m^[22m[39m[31m[1m^[2
2m[39m[31m[1m^[22m[39m[31m[1m^[22m
[39m[31m[1m^[22m[39m[31m[1m^[22m[39
m[31m[1m^[22m[39m[31m[1m^[22m[39m[
31m[1m^[22m[39m[31m[1m^[22m[39m[31m
[1m^[22m[39m[31m[1m^[22m[39m[31m[1
m^[22m[39m[31m[1m^[22m[39m[31m[1m^
[22m[39m[31m[1m^[22m[39m[31m[1m^[22
m[39m[31m[1m^[22m[39m[31m[1m^[22m[
39m[31m[1m^[22m[39m
 [90m 12 |[39m [36mimport[39m { api } 
[36mfrom[39m 
[32m'@/lib/api'[39m[33m;[39m
 [90m 13 |[39m [36mimport[39m { 
useToast } [36mfrom[39m [32m'@/component
s/ui/use-toast'[39m[33m;[39m
 [90m 14 |[39m[0m



Import traces:
  Client Component Browser:
    ./frontend/app/dashboard/employees/comp
onents/employee-form.tsx [Client Component 
Browser]
    ./frontend/app/dashboard/employees/page
.tsx [Client Component Browser]
    ./frontend/app/dashboard/employees/page
.tsx [Server Component]

  Client Component SSR:
    ./frontend/app/dashboard/employees/comp
onents/employee-form.tsx [Client Component 
SSR]
    ./frontend/app/dashboard/employees/page
.tsx [Client Component SSR]
    ./frontend/app/dashboard/employees/page
.tsx [Server Component]

https://nextjs.org/docs/messages/module-not
-found


./frontend/app/dashboard/employees/componen
ts/employee-table-actions.tsx:3:1
Module not found: Can't resolve 
'lucide-react'
[0m [90m 1 |[39m [32m"use client"[39m
 [90m 2 |[39m
[31m[1m>[22m[39m[90m 3 |[39m 
[36mimport[39m { 
[33mMoreHorizontal[39m[33m,[39m 
[33mEye[39m[33m,[39m 
[33mSquarePen[39m[33m,[39m 
[33mTrash2[39m } [36mfrom[39m 
[32m"lucide-react"[39m
 [90m   |[39m [31m[1m^[22m[39m[31m[
1m^[22m[39m[31m[1m^[22m[39m[31m[1m^
[22m[39m[31m[1m^[22m[39m[31m[1m^[2
2m[39m[31m[1m^[22m[39m[31m[1m^[22m
[39m[31m[1m^[22m[39m[31m[1m^[22m[39
m[31m[1m^[22m[39m[31m[1m^[22m[39m[
31m[1m^[22m[39m[31m[1m^[22m[39m[31m
[1m^[22m[39m[31m[1m^[22m[39m[31m[1
m^[22m[39m[31m[1m^[22m[39m[31m[1m^
[22m[39m[31m[1m^[22m[39m[31m[1m^[22
m[39m[31m[1m^[22m[39m[31m[1m^[22m[
39m[31m[1m^[22m[39m[31m[1m^[22m[39m
[31m[1m^[22m[39m[31m[1m^[22m[39m[3
1m[1m^[22m[39m[31m[1m^[22m[39m[31m
[1m^[22m[39m[31m[1m^[22m[39m[31m[1m
^[22m[39m[31m[1m^[22m[39m[31m[1m^[
22m[39m[31m[1m^[22m[39m[31m[1m^[22m
[39m[31m[1m^[22m[39m[31m[1m^[22m[3
9m[31m[1m^[22m[39m[31m[1m^[22m[39m
[31m[1m^[22m[39m[31m[1m^[22m[39m[31
m[1m^[22m[39m[31m[1m^[22m[39m[31m[
1m^[22m[39m[31m[1m^[22m[39m[31m[1m^
[22m[39m[31m[1m^[22m[39m[31m[1m^[2
2m[39m[31m[1m^[22m[39m[31m[1m^[22m
[39m[31m[1m^[22m[39m[31m[1m^[22m[39
m[31m[1m^[22m[39m[31m[1m^[22m[39m[
31m[1m^[22m[39m[31m[1m^[22m[39m[31m
[1m^[22m[39m[31m[1m^[22m[39m[31m[1
m^[22m[39m[31m[1m^[22m[39m[31m[1m^
[22m[39m[31m[1m^[22m[39m[31m[1m^[22
m[39m[31m[1m^[22m[39m[31m[1m^[22m[
39m[31m[1m^[22m[39m[31m[1m^[22m[39m
[31m[1m^[22m[39m
 [90m 4 |[39m [36mimport[39m { 
[33mButton[39m } [36mfrom[39m 
[32m"@/components/ui/button"[39m
 [90m 5 |[39m [36mimport[39m {
 [90m 6 |[39m     
[33mDropdownMenu[39m[33m,[39m[0m



Import traces:
  Client Component Browser:
    ./frontend/app/dashboard/employees/comp
onents/employee-table-actions.tsx [Client 
Component Browser]
    ./frontend/app/dashboard/employees/colu
mns.tsx [Client Component Browser]
    ./frontend/app/dashboard/employees/page
.tsx [Client Component Browser]
    ./frontend/app/dashboard/employees/page
.tsx [Server Component]

  Client Component SSR:
    ./frontend/app/dashboard/employees/comp
onents/employee-table-actions.tsx [Client 
Component SSR]
    ./frontend/app/dashboard/employees/colu
mns.tsx [Client Component SSR]
    ./frontend/app/dashboard/employees/page
.tsx [Client Component SSR]
    ./frontend/app/dashboard/employees/page
.tsx [Server Component]

https://nextjs.org/docs/messages/module-not
-found


./frontend/app/dashboard/employees/componen
ts/profile/advanced-filter.tsx:6:1
Module not found: Can't resolve 
'lucide-react'
[0m [90m 4 |[39m [36mimport[39m { 
[33mCard[39m[33m,[39m 
[33mCardContent[39m } [36mfrom[39m 
[32m'@/components/ui/card'[39m[33m;[39m
 [90m 5 |[39m [36mimport[39m { 
[33mSelect[39m[33m,[39m 
[33mSelectContent[39m[33m,[39m 
[33mSelectItem[39m[33m,[39m 
[33mSelectTrigger[39m[33m,[39m 
[33mSelectValue[39m } [36mfrom[39m [32
m'@/components/ui/select'[39m[33m;[39m
[31m[1m>[22m[39m[90m 6 |[39m 
[36mimport[39m { [33mCalendar[39m 
[36mas[39m 
[33mCalendarIcon[39m[33m,[39m 
[33mFilter[39m [36mas[39m 
[33mFilterIcon[39m } [36mfrom[39m 
[32m'lucide-react'[39m[33m;[39m
 [90m   |[39m [31m[1m^[22m[39m[31m[
1m^[22m[39m[31m[1m^[22m[39m[31m[1m^
[22m[39m[31m[1m^[22m[39m[31m[1m^[2
2m[39m[31m[1m^[22m[39m[31m[1m^[22m
[39m[31m[1m^[22m[39m[31m[1m^[22m[39
m[31m[1m^[22m[39m[31m[1m^[22m[39m[
31m[1m^[22m[39m[31m[1m^[22m[39m[31m
[1m^[22m[39m[31m[1m^[22m[39m[31m[1
m^[22m[39m[31m[1m^[22m[39m[31m[1m^
[22m[39m[31m[1m^[22m[39m[31m[1m^[22
m[39m[31m[1m^[22m[39m[31m[1m^[22m[
39m[31m[1m^[22m[39m[31m[1m^[22m[39m
[31m[1m^[22m[39m[31m[1m^[22m[39m[3
1m[1m^[22m[39m[31m[1m^[22m[39m[31m
[1m^[22m[39m[31m[1m^[22m[39m[31m[1m
^[22m[39m[31m[1m^[22m[39m[31m[1m^[
22m[39m[31m[1m^[22m[39m[31m[1m^[22m
[39m[31m[1m^[22m[39m[31m[1m^[22m[3
9m[31m[1m^[22m[39m[31m[1m^[22m[39m
[31m[1m^[22m[39m[31m[1m^[22m[39m[31
m[1m^[22m[39m[31m[1m^[22m[39m[31m[
1m^[22m[39m[31m[1m^[22m[39m[31m[1m^
[22m[39m[31m[1m^[22m[39m[31m[1m^[2
2m[39m[31m[1m^[22m[39m[31m[1m^[22m
[39m[31m[1m^[22m[39m[31m[1m^[22m[39
m[31m[1m^[22m[39m[31m[1m^[22m[39m[
31m[1m^[22m[39m[31m[1m^[22m[39m[31m
[1m^[22m[39m[31m[1m^[22m[39m[31m[1
m^[22m[39m[31m[1m^[22m[39m[31m[1m^
[22m[39m[31m[1m^[22m[39m[31m[1m^[22
m[39m[31m[1m^[22m[39m[31m[1m^[22m[
39m[31m[1m^[22m[39m[31m[1m^[22m[39m
[31m[1m^[22m[39m[31m[1m^[22m[39m[3
1m[1m^[22m[39m[31m[1m^[22m[39m[31m
[1m^[22m[39m[31m[1m^[22m[39m[31m[1m
^[22m[39m[31m[1m^[22m[39m[31m[1m^[
22m[39m[31m[1m^[22m[39m
 [90m 7 |[39m [36mimport[39m { 
[33mPopover[39m[33m,[39m 
[33mPopoverContent[39m[33m,[39m 
[33mPopoverTrigger[39m } [36mfrom[39m 
[32m'@/components/ui/popover'[39m[33m;[3
9m
 [90m 8 |[39m [36mimport[39m { 
[33mButton[39m } [36mfrom[39m [32m'@/c
omponents/ui/button'[39m[33m;[39m
 [90m 9 |[39m [36mimport[39m { 
[33mCalendar[39m } [36mfrom[39m [32m'@
/components/ui/calendar'[39m[33m;[39m[0
m



Import traces:
  Client Component Browser:
    ./frontend/app/dashboard/employees/comp
onents/profile/advanced-filter.tsx [Client 
Component Browser]
    ./frontend/app/dashboard/employees/[id]
/page.tsx [Client Component Browser]
    ./frontend/app/dashboard/employees/[id]
/page.tsx [Server Component]

  Client Component SSR:
    ./frontend/app/dashboard/employees/comp
onents/profile/advanced-filter.tsx [Client 
Component SSR]
    ./frontend/app/dashboard/employees/[id]
/page.tsx [Client Component SSR]
    ./frontend/app/dashboard/employees/[id]
/page.tsx [Server Component]

https://nextjs.org/docs/messages/module-not
-found


./frontend/app/dashboard/employees/componen
ts/profile/communication-card.tsx:4:1
Module not found: Can't resolve 
'lucide-react'
[0m [90m 2 |[39m
 [90m 3 |[39m [36mimport[39m { 
[33mCard[39m[33m,[39m 
[33mCardContent[39m[33m,[39m 
[33mCardHeader[39m[33m,[39m 
[33mCardTitle[39m } [36mfrom[39m 
[32m'@/components/ui/card'[39m[33m;[39m
[31m[1m>[22m[39m[90m 4 |[39m 
[36mimport[39m { 
[33mMessageSquare[39m[33m,[39m 
[33mFileText[39m[33m,[39m 
[33mShare2[39m[33m,[39m [33mMail[39m 
} [36mfrom[39m 
[32m'lucide-react'[39m[33m;[39m
 [90m   |[39m [31m[1m^[22m[39m[31m[
1m^[22m[39m[31m[1m^[22m[39m[31m[1m^
[22m[39m[31m[1m^[22m[39m[31m[1m^[2
2m[39m[31m[1m^[22m[39m[31m[1m^[22m
[39m[31m[1m^[22m[39m[31m[1m^[22m[39
m[31m[1m^[22m[39m[31m[1m^[22m[39m[
31m[1m^[22m[39m[31m[1m^[22m[39m[31m
[1m^[22m[39m[31m[1m^[22m[39m[31m[1
m^[22m[39m[31m[1m^[22m[39m[31m[1m^
[22m[39m[31m[1m^[22m[39m[31m[1m^[22
m[39m[31m[1m^[22m[39m[31m[1m^[22m[
39m[31m[1m^[22m[39m[31m[1m^[22m[39m
[31m[1m^[22m[39m[31m[1m^[22m[39m[3
1m[1m^[22m[39m[31m[1m^[22m[39m[31m
[1m^[22m[39m[31m[1m^[22m[39m[31m[1m
^[22m[39m[31m[1m^[22m[39m[31m[1m^[
22m[39m[31m[1m^[22m[39m[31m[1m^[22m
[39m[31m[1m^[22m[39m[31m[1m^[22m[3
9m[31m[1m^[22m[39m[31m[1m^[22m[39m
[31m[1m^[22m[39m[31m[1m^[22m[39m[31
m[1m^[22m[39m[31m[1m^[22m[39m[31m[
1m^[22m[39m[31m[1m^[22m[39m[31m[1m^
[22m[39m[31m[1m^[22m[39m[31m[1m^[2
2m[39m[31m[1m^[22m[39m[31m[1m^[22m
[39m[31m[1m^[22m[39m[31m[1m^[22m[39
m[31m[1m^[22m[39m[31m[1m^[22m[39m[
31m[1m^[22m[39m[31m[1m^[22m[39m[31m
[1m^[22m[39m[31m[1m^[22m[39m[31m[1
m^[22m[39m[31m[1m^[22m[39m[31m[1m^
[22m[39m[31m[1m^[22m[39m[31m[1m^[22
m[39m[31m[1m^[22m[39m[31m[1m^[22m[
39m[31m[1m^[22m[39m[31m[1m^[22m[39m
[31m[1m^[22m[39m
 [90m 5 |[39m
 [90m 6 |[39m [36minterface[39m 
[33mCommunicationCardProps[39m {
 [90m 7 |[39m     employeeId[33m:[39m 
string[33m;[39m[0m



Import traces:
  Client Component Browser:
    ./frontend/app/dashboard/employees/comp
onents/profile/communication-card.tsx 
[Client Component Browser]
    ./frontend/app/dashboard/employees/[id]
/page.tsx [Client Component Browser]
    ./frontend/app/dashboard/employees/[id]
/page.tsx [Server Component]

  Client Component SSR:
    ./frontend/app/dashboard/employees/comp
onents/profile/communication-card.tsx 
[Client Component SSR]
    ./frontend/app/dashboard/employees/[id]
/page.tsx [Client Component SSR]
    ./frontend/app/dashboard/employees/[id]
/page.tsx [Server Component]

https://nextjs.org/docs/messages/module-not
-found


./frontend/app/dashboard/employees/componen
ts/profile/employee-info-card.tsx:4:1
Module not found: Can't resolve 
'lucide-react'
[0m [90m  2 |[39m
 [90m  3 |[39m [36mimport[39m { 
[33mCard[39m[33m,[39m 
[33mCardContent[39m[33m,[39m 
[33mCardHeader[39m[33m,[39m 
[33mCardTitle[39m } [36mfrom[39m 
[32m'@/components/ui/card'[39m[33m;[39m
[31m[1m>[22m[39m[90m  4 |[39m 
[36mimport[39m {
 [90m    |[39m [31m[1m^[22m[39m[31m
[1m^[22m[39m[31m[1m^[22m[39m[31m[1m
^[22m[39m[31m[1m^[22m[39m[31m[1m^[
22m[39m[31m[1m^[22m[39m[31m[1m^[22m
[39m
[31m[1m>[22m[39m[90m  5 |[39m     
[33mUser[39m[33m,[39m 
[33mPhone[39m[33m,[39m 
[33mMapPin[39m[33m,[39m 
[33mBriefcase[39m[33m,[39m 
[33mDollarSign[39m[33m,[39m 
[33mShieldCheck[39m[33m,[39m
 [90m    |[39m [31m[1m^[22m[39m[31m
[1m^[22m[39m[31m[1m^[22m[39m[31m[1m
^[22m[39m[31m[1m^[22m[39m[31m[1m^[
22m[39m[31m[1m^[22m[39m[31m[1m^[22m
[39m[31m[1m^[22m[39m[31m[1m^[22m[3
9m[31m[1m^[22m[39m[31m[1m^[22m[39m
[31m[1m^[22m[39m[31m[1m^[22m[39m[31
m[1m^[22m[39m[31m[1m^[22m[39m[31m[
1m^[22m[39m[31m[1m^[22m[39m[31m[1m^
[22m[39m[31m[1m^[22m[39m[31m[1m^[2
2m[39m[31m[1m^[22m[39m[31m[1m^[22m
[39m[31m[1m^[22m[39m[31m[1m^[22m[39
m[31m[1m^[22m[39m[31m[1m^[22m[39m[
31m[1m^[22m[39m[31m[1m^[22m[39m[31m
[1m^[22m[39m[31m[1m^[22m[39m[31m[1
m^[22m[39m[31m[1m^[22m[39m[31m[1m^
[22m[39m[31m[1m^[22m[39m[31m[1m^[22
m[39m[31m[1m^[22m[39m[31m[1m^[22m[
39m[31m[1m^[22m[39m[31m[1m^[22m[39m
[31m[1m^[22m[39m[31m[1m^[22m[39m[3
1m[1m^[22m[39m[31m[1m^[22m[39m[31m
[1m^[22m[39m[31m[1m^[22m[39m[31m[1m
^[22m[39m[31m[1m^[22m[39m[31m[1m^[
22m[39m[31m[1m^[22m[39m[31m[1m^[22m
[39m[31m[1m^[22m[39m[31m[1m^[22m[3
9m[31m[1m^[22m[39m[31m[1m^[22m[39m
[31m[1m^[22m[39m[31m[1m^[22m[39m[31
m[1m^[22m[39m[31m[1m^[22m[39m[31m[
1m^[22m[39m
[31m[1m>[22m[39m[90m  6 |[39m     
[33mGraduationCap[39m[33m,[39m 
[33mAward[39m[33m,[39m 
[33mScrollText[39m
 [90m    |[39m [31m[1m^[22m[39m[31m
[1m^[22m[39m[31m[1m^[22m[39m[31m[1m
^[22m[39m[31m[1m^[22m[39m[31m[1m^[
22m[39m[31m[1m^[22m[39m[31m[1m^[22m
[39m[31m[1m^[22m[39m[31m[1m^[22m[3
9m[31m[1m^[22m[39m[31m[1m^[22m[39m
[31m[1m^[22m[39m[31m[1m^[22m[39m[31
m[1m^[22m[39m[31m[1m^[22m[39m[31m[
1m^[22m[39m[31m[1m^[22m[39m[31m[1m^
[22m[39m[31m[1m^[22m[39m[31m[1m^[2
2m[39m[31m[1m^[22m[39m[31m[1m^[22m
[39m[31m[1m^[22m[39m[31m[1m^[22m[39
m[31m[1m^[22m[39m[31m[1m^[22m[39m[
31m[1m^[22m[39m[31m[1m^[22m[39m[31m
[1m^[22m[39m[31m[1m^[22m[39m[31m[1
m^[22m[39m[31m[1m^[22m[39m[31m[1m^
[22m[39m[31m[1m^[22m[39m[31m[1m^[22
m[39m[31m[1m^[22m[39m[31m[1m^[22m[
39m[31m[1m^[22m[39m[31m[1m^[22m[39m
[31m[1m^[22m[39m[31m[1m^[22m[39m[3
1m[1m^[22m[39m[31m[1m^[22m[39m[31m
[1m^[22m[39m[31m[1m^[22m[39m[31m[1m
^[22m[39m[31m[1m^[22m[39m[31m[1m^[
22m[39m[31m[1m^[22m[39m[31m[1m^[22m
[39m[31m[1m^[22m[39m[31m[1m^[22m[3
9m[31m[1m^[22m[39m[31m[1m^[22m[39m
[31m[1m^[22m[39m[31m[1m^[22m[39m[31
m[1m^[22m[39m[31m[1m^[22m[39m[31m[
1m^[22m[39m
[31m[1m>[22m[39m[90m  7 |[39m } 
[36mfrom[39m 
[32m'lucide-react'[39m[33m;[39m
 [90m    |[39m [31m[1m^[22m[39m[31m
[1m^[22m[39m[31m[1m^[22m[39m[31m[1m
^[22m[39m[31m[1m^[22m[39m[31m[1m^[
22m[39m[31m[1m^[22m[39m[31m[1m^[22m
[39m[31m[1m^[22m[39m[31m[1m^[22m[3
9m[31m[1m^[22m[39m[31m[1m^[22m[39m
[31m[1m^[22m[39m[31m[1m^[22m[39m[31
m[1m^[22m[39m[31m[1m^[22m[39m[31m[
1m^[22m[39m[31m[1m^[22m[39m[31m[1m^
[22m[39m[31m[1m^[22m[39m[31m[1m^[2
2m[39m[31m[1m^[22m[39m[31m[1m^[22m
[39m
 [90m  8 |[39m [36mimport[39m { 
[33mBadge[39m } [36mfrom[39m [32m'@/co
mponents/ui/badge'[39m[33m;[39m
 [90m  9 |[39m [36mimport[39m { 
[33mSeparator[39m } [36mfrom[39m [32m'
@/components/ui/separator'[39m[33m;[39m
 [90m 10 |[39m [36mimport[39m { 
[33mProfileUploader[39m } [36mfrom[39m 
[32m'@/components/shared/profile-uploader'
[39m[33m;[39m[0m



Import traces:
  Client Component Browser:
    ./frontend/app/dashboard/employees/comp
onents/profile/employee-info-card.tsx 
[Client Component Browser]
    ./frontend/app/dashboard/employees/[id]
/page.tsx [Client Component Browser]
    ./frontend/app/dashboard/employees/[id]
/page.tsx [Server Component]

  Client Component SSR:
    ./frontend/app/dashboard/employees/comp
onents/profile/employee-info-card.tsx 
[Client Component SSR]
    ./frontend/app/dashboard/employees/[id]
/page.tsx [Client Component SSR]
    ./frontend/app/dashboard/employees/[id]
/page.tsx [Server Component]

https://nextjs.org/docs/messages/module-not
-found


./frontend/app/dashboard/employees/componen
ts/profile/payroll-card.tsx:4:1
Module not found: Can't resolve 
'lucide-react'
[0m [90m 2 |[39m
 [90m 3 |[39m [36mimport[39m { 
[33mCard[39m[33m,[39m 
[33mCardContent[39m[33m,[39m 
[33mCardHeader[39m[33m,[39m 
[33mCardTitle[39m } [36mfrom[39m 
[32m'@/components/ui/card'[39m[33m;[39m
[31m[1m>[22m[39m[90m 4 |[39m 
[36mimport[39m { 
[33mLandmark[39m[33m,[39m 
[33mCreditCard[39m[33m,[39m 
[33mBanknote[39m[33m,[39m 
[33mAlertCircle[39m } [36mfrom[39m 
[32m'lucide-react'[39m[33m;[39m
 [90m   |[39m [31m[1m^[22m[39m[31m[
1m^[22m[39m[31m[1m^[22m[39m[31m[1m^
[22m[39m[31m[1m^[22m[39m[31m[1m^[2
2m[39m[31m[1m^[22m[39m[31m[1m^[22m
[39m[31m[1m^[22m[39m[31m[1m^[22m[39
m[31m[1m^[22m[39m[31m[1m^[22m[39m[
31m[1m^[22m[39m[31m[1m^[22m[39m[31m
[1m^[22m[39m[31m[1m^[22m[39m[31m[1
m^[22m[39m[31m[1m^[22m[39m[31m[1m^
[22m[39m[31m[1m^[22m[39m[31m[1m^[22
m[39m[31m[1m^[22m[39m[31m[1m^[22m[
39m[31m[1m^[22m[39m[31m[1m^[22m[39m
[31m[1m^[22m[39m[31m[1m^[22m[39m[3
1m[1m^[22m[39m[31m[1m^[22m[39m[31m
[1m^[22m[39m[31m[1m^[22m[39m[31m[1m
^[22m[39m[31m[1m^[22m[39m[31m[1m^[
22m[39m[31m[1m^[22m[39m[31m[1m^[22m
[39m[31m[1m^[22m[39m[31m[1m^[22m[3
9m[31m[1m^[22m[39m[31m[1m^[22m[39m
[31m[1m^[22m[39m[31m[1m^[22m[39m[31
m[1m^[22m[39m[31m[1m^[22m[39m[31m[
1m^[22m[39m[31m[1m^[22m[39m[31m[1m^
[22m[39m[31m[1m^[22m[39m[31m[1m^[2
2m[39m[31m[1m^[22m[39m[31m[1m^[22m
[39m[31m[1m^[22m[39m[31m[1m^[22m[39
m[31m[1m^[22m[39m[31m[1m^[22m[39m[
31m[1m^[22m[39m[31m[1m^[22m[39m[31m
[1m^[22m[39m[31m[1m^[22m[39m[31m[1
m^[22m[39m[31m[1m^[22m[39m[31m[1m^
[22m[39m[31m[1m^[22m[39m[31m[1m^[22
m[39m[31m[1m^[22m[39m[31m[1m^[22m[
39m[31m[1m^[22m[39m[31m[1m^[22m[39m
[31m[1m^[22m[39m[31m[1m^[22m[39m[3
1m[1m^[22m[39m[31m[1m^[22m[39m[31m
[1m^[22m[39m[31m[1m^[22m[39m[31m[1m
^[22m[39m
 [90m 5 |[39m
 [90m 6 |[39m [36minterface[39m 
[33mPayrollCardProps[39m {
 [90m 7 |[39m     employeeId[33m:[39m 
string[33m;[39m[0m



Import traces:
  Client Component Browser:
    ./frontend/app/dashboard/employees/comp
onents/profile/payroll-card.tsx [Client 
Component Browser]
    ./frontend/app/dashboard/employees/[id]
/page.tsx [Client Component Browser]
    ./frontend/app/dashboard/employees/[id]
/page.tsx [Server Component]

  Client Component SSR:
    ./frontend/app/dashboard/employees/comp
onents/profile/payroll-card.tsx [Client 
Component SSR]
    ./frontend/app/dashboard/employees/[id]
/page.tsx [Client Component SSR]
    ./frontend/app/dashboard/employees/[id]
/page.tsx [Server Component]

https://nextjs.org/docs/messages/module-not
-found


./frontend/app/dashboard/employees/componen
ts/profile/performance-stats.tsx:9:1
Module not found: Can't resolve 
'lucide-react'
[0m [90m  7 |[39m [36mimport[39m { 
[33mDataView[39m } [36mfrom[39m [32m'@
/components/ui/data-view'[39m[33m;[39m
 [90m  8 |[39m [36mimport[39m { 
[33mFilterPeriod[39m } [36mfrom[39m 
[32m'./advanced-filter'[39m[33m;[39m
[31m[1m>[22m[39m[90m  9 |[39m 
[36mimport[39m { 
[33mUsers[39m[33m,[39m 
[33mFileText[39m[33m,[39m 
[33mShield[39m[33m,[39m 
[33mAlertTriangle[39m[33m,[39m 
[33mTrendingUp[39m } [36mfrom[39m 
[32m'lucide-react'[39m[33m;[39m
 [90m    |[39m [31m[1m^[22m[39m[31m
[1m^[22m[39m[31m[1m^[22m[39m[31m[1m
^[22m[39m[31m[1m^[22m[39m[31m[1m^[
22m[39m[31m[1m^[22m[39m[31m[1m^[22m
[39m[31m[1m^[22m[39m[31m[1m^[22m[3
9m[31m[1m^[22m[39m[31m[1m^[22m[39m
[31m[1m^[22m[39m[31m[1m^[22m[39m[31
m[1m^[22m[39m[31m[1m^[22m[39m[31m[
1m^[22m[39m[31m[1m^[22m[39m[31m[1m^
[22m[39m[31m[1m^[22m[39m[31m[1m^[2
2m[39m[31m[1m^[22m[39m[31m[1m^[22m
[39m[31m[1m^[22m[39m[31m[1m^[22m[39
m[31m[1m^[22m[39m[31m[1m^[22m[39m[
31m[1m^[22m[39m[31m[1m^[22m[39m[31m
[1m^[22m[39m[31m[1m^[22m[39m[31m[1
m^[22m[39m[31m[1m^[22m[39m[31m[1m^
[22m[39m[31m[1m^[22m[39m[31m[1m^[22
m[39m[31m[1m^[22m[39m[31m[1m^[22m[
39m[31m[1m^[22m[39m[31m[1m^[22m[39m
[31m[1m^[22m[39m[31m[1m^[22m[39m[3
1m[1m^[22m[39m[31m[1m^[22m[39m[31m
[1m^[22m[39m[31m[1m^[22m[39m[31m[1m
^[22m[39m[31m[1m^[22m[39m[31m[1m^[
22m[39m[31m[1m^[22m[39m[31m[1m^[22m
[39m[31m[1m^[22m[39m[31m[1m^[22m[3
9m[31m[1m^[22m[39m[31m[1m^[22m[39m
[31m[1m^[22m[39m[31m[1m^[22m[39m[31
m[1m^[22m[39m[31m[1m^[22m[39m[31m[
1m^[22m[39m[31m[1m^[22m[39m[31m[1m^
[22m[39m[31m[1m^[22m[39m[31m[1m^[2
2m[39m[31m[1m^[22m[39m[31m[1m^[22m
[39m[31m[1m^[22m[39m[31m[1m^[22m[39
m[31m[1m^[22m[39m[31m[1m^[22m[39m[
31m[1m^[22m[39m[31m[1m^[22m[39m[31m
[1m^[22m[39m[31m[1m^[22m[39m[31m[1
m^[22m[39m[31m[1m^[22m[39m[31m[1m^
[22m[39m[31m[1m^[22m[39m[31m[1m^[22
m[39m[31m[1m^[22m[39m[31m[1m^[22m[
39m[31m[1m^[22m[39m
 [90m 10 |[39m
 [90m 11 |[39m [36minterface[39m 
[33mPerformanceStatsProps[39m {
 [90m 12 |[39m     employeeId[33m:[39m 
string[33m;[39m[0m



Import traces:
  Client Component Browser:
    ./frontend/app/dashboard/employees/comp
onents/profile/performance-stats.tsx 
[Client Component Browser]
    ./frontend/app/dashboard/employees/[id]
/page.tsx [Client Component Browser]
    ./frontend/app/dashboard/employees/[id]
/page.tsx [Server Component]

  Client Component SSR:
    ./frontend/app/dashboard/employees/comp
onents/profile/performance-stats.tsx 
[Client Component SSR]
    ./frontend/app/dashboard/employees/[id]
/page.tsx [Client Component SSR]
    ./frontend/app/dashboard/employees/[id]
/page.tsx [Server Component]

https://nextjs.org/docs/messages/module-not
-found


./frontend/app/dashboard/employees/page.tsx
:5:1
Module not found: Can't resolve 
'lucide-react'
[0m [90m 3 |[39m [36mimport[39m { 
useEffect[33m,[39m useState[33m,[39m 
useMemo } [36mfrom[39m 
[32m'react'[39m[33m;[39m
 [90m 4 |[39m [36mimport[39m { 
useRouter } [36mfrom[39m 
[32m'next/navigation'[39m[33m;[39m
[31m[1m>[22m[39m[90m 5 |[39m 
[36mimport[39m { 
[33mPlus[39m[33m,[39m 
[33mSearch[39m[33m,[39m 
[33mCamera[39m[33m,[39m 
[33mPencil[39m[33m,[39m 
[33mEye[39m[33m,[39m [33mLoader2[39m 
} [36mfrom[39m 
[32m'lucide-react'[39m[33m;[39m
 [90m   |[39m [31m[1m^[22m[39m[31m[
1m^[22m[39m[31m[1m^[22m[39m[31m[1m^
[22m[39m[31m[1m^[22m[39m[31m[1m^[2
2m[39m[31m[1m^[22m[39m[31m[1m^[22m
[39m[31m[1m^[22m[39m[31m[1m^[22m[39
m[31m[1m^[22m[39m[31m[1m^[22m[39m[
31m[1m^[22m[39m[31m[1m^[22m[39m[31m
[1m^[22m[39m[31m[1m^[22m[39m[31m[1
m^[22m[39m[31m[1m^[22m[39m[31m[1m^
[22m[39m[31m[1m^[22m[39m[31m[1m^[22
m[39m[31m[1m^[22m[39m[31m[1m^[22m[
39m[31m[1m^[22m[39m[31m[1m^[22m[39m
[31m[1m^[22m[39m[31m[1m^[22m[39m[3
1m[1m^[22m[39m[31m[1m^[22m[39m[31m
[1m^[22m[39m[31m[1m^[22m[39m[31m[1m
^[22m[39m[31m[1m^[22m[39m[31m[1m^[
22m[39m[31m[1m^[22m[39m[31m[1m^[22m
[39m[31m[1m^[22m[39m[31m[1m^[22m[3
9m[31m[1m^[22m[39m[31m[1m^[22m[39m
[31m[1m^[22m[39m[31m[1m^[22m[39m[31
m[1m^[22m[39m[31m[1m^[22m[39m[31m[
1m^[22m[39m[31m[1m^[22m[39m[31m[1m^
[22m[39m[31m[1m^[22m[39m[31m[1m^[2
2m[39m[31m[1m^[22m[39m[31m[1m^[22m
[39m[31m[1m^[22m[39m[31m[1m^[22m[39
m[31m[1m^[22m[39m[31m[1m^[22m[39m[
31m[1m^[22m[39m[31m[1m^[22m[39m[31m
[1m^[22m[39m[31m[1m^[22m[39m[31m[1
m^[22m[39m[31m[1m^[22m[39m[31m[1m^
[22m[39m[31m[1m^[22m[39m[31m[1m^[22
m[39m[31m[1m^[22m[39m[31m[1m^[22m[
39m[31m[1m^[22m[39m[31m[1m^[22m[39m
[31m[1m^[22m[39m[31m[1m^[22m[39m[3
1m[1m^[22m[39m[31m[1m^[22m[39m[31m
[1m^[22m[39m[31m[1m^[22m[39m
 [90m 6 |[39m [36mimport[39m { 
[33mButton[39m } [36mfrom[39m [32m'@/c
omponents/ui/button'[39m[33m;[39m
 [90m 7 |[39m [36mimport[39m { 
[33mInput[39m } [36mfrom[39m [32m'@/co
mponents/ui/input'[39m[33m;[39m
 [90m 8 |[39m [36mimport[39m { 
[33mCard[39m[33m,[39m 
[33mCardContent[39m[33m,[39m 
[33mCardHeader[39m[33m,[39m 
[33mCardTitle[39m } [36mfrom[39m [32m'
@/components/ui/card'[39m[33m;[39m[0m



Import traces:
  Client Component Browser:
    ./frontend/app/dashboard/employees/page
.tsx [Client Component Browser]
    ./frontend/app/dashboard/employees/page
.tsx [Server Component]

  Client Component SSR:
    ./frontend/app/dashboard/employees/page
.tsx [Client Component SSR]
    ./frontend/app/dashboard/employees/page
.tsx [Server Component]

https://nextjs.org/docs/messages/module-not
-found


./frontend/app/dashboard/financials/page.ts
x:9:1
Module not found: Can't resolve 
'lucide-react'
[0m [90m  7 |[39m [36mimport[39m { 
[33mBadge[39m } [36mfrom[39m [32m'@/co
mponents/ui/badge'[39m[33m;[39m
 [90m  8 |[39m [36mimport[39m { 
[33mTable[39m[33m,[39m 
[33mTableBody[39m[33m,[39m 
[33mTableCell[39m[33m,[39m 
[33mTableHead[39m[33m,[39m 
[33mTableHeader[39m[33m,[39m 
[33mTableRow[39m } [36mfrom[39m [32m'@
/components/ui/table'[39m[33m;[39m
[31m[1m>[22m[39m[90m  9 |[39m 
[36mimport[39m {
 [90m    |[39m [31m[1m^[22m[39m[31m
[1m^[22m[39m[31m[1m^[22m[39m[31m[1m
^[22m[39m[31m[1m^[22m[39m[31m[1m^[
22m[39m[31m[1m^[22m[39m[31m[1m^[22m
[39m
[31m[1m>[22m[39m[90m 10 |[39m     
[33mBookOpen[39m[33m,[39m
 [90m    |[39m [31m[1m^[22m[39m[31m
[1m^[22m[39m[31m[1m^[22m[39m[31m[1m
^[22m[39m[31m[1m^[22m[39m[31m[1m^[
22m[39m[31m[1m^[22m[39m[31m[1m^[22m
[39m[31m[1m^[22m[39m[31m[1m^[22m[3
9m[31m[1m^[22m[39m[31m[1m^[22m[39m
[31m[1m^[22m[39m
[31m[1m>[22m[39m[90m 11 |[39m     
[33mHistory[39m[33m,[39m
 [90m    |[39m [31m[1m^[22m[39m[31m
[1m^[22m[39m[31m[1m^[22m[39m[31m[1m
^[22m[39m[31m[1m^[22m[39m[31m[1m^[
22m[39m[31m[1m^[22m[39m[31m[1m^[22m
[39m[31m[1m^[22m[39m[31m[1m^[22m[3
9m[31m[1m^[22m[39m[31m[1m^[22m[39m
[31m[1m^[22m[39m
[31m[1m>[22m[39m[90m 12 |[39m     
[33mBarChart3[39m[33m,[39m
 [90m    |[39m [31m[1m^[22m[39m[31m
[1m^[22m[39m[31m[1m^[22m[39m[31m[1m
^[22m[39m[31m[1m^[22m[39m[31m[1m^[
22m[39m[31m[1m^[22m[39m[31m[1m^[22m
[39m[31m[1m^[22m[39m[31m[1m^[22m[3
9m[31m[1m^[22m[39m[31m[1m^[22m[39m
[31m[1m^[22m[39m
[31m[1m>[22m[39m[90m 13 |[39m     
[33mPlusCircle[39m[33m,[39m
 [90m    |[39m [31m[1m^[22m[39m[31m
[1m^[22m[39m[31m[1m^[22m[39m[31m[1m
^[22m[39m[31m[1m^[22m[39m[31m[1m^[
22m[39m[31m[1m^[22m[39m[31m[1m^[22m
[39m[31m[1m^[22m[39m[31m[1m^[22m[3
9m[31m[1m^[22m[39m[31m[1m^[22m[39m
[31m[1m^[22m[39m
[31m[1m>[22m[39m[90m 14 |[39m     
[33mArrowUpRight[39m[33m,[39m
 [90m    |[39m [31m[1m^[22m[39m[31m
[1m^[22m[39m[31m[1m^[22m[39m[31m[1m
^[22m[39m[31m[1m^[22m[39m[31m[1m^[
22m[39m[31m[1m^[22m[39m[31m[1m^[22m
[39m[31m[1m^[22m[39m[31m[1m^[22m[3
9m[31m[1m^[22m[39m[31m[1m^[22m[39m
[31m[1m^[22m[39m
[31m[1m>[22m[39m[90m 15 |[39m     
[33mArrowDownRight[39m[33m,[39m
 [90m    |[39m [31m[1m^[22m[39m[31m
[1m^[22m[39m[31m[1m^[22m[39m[31m[1m
^[22m[39m[31m[1m^[22m[39m[31m[1m^[
22m[39m[31m[1m^[22m[39m[31m[1m^[22m
[39m[31m[1m^[22m[39m[31m[1m^[22m[3
9m[31m[1m^[22m[39m[31m[1m^[22m[39m
[31m[1m^[22m[39m
[31m[1m>[22m[39m[90m 16 |[39m     
[33mScale[39m[33m,[39m
 [90m    |[39m [31m[1m^[22m[39m[31m
[1m^[22m[39m[31m[1m^[22m[39m[31m[1m
^[22m[39m[31m[1m^[22m[39m[31m[1m^[
22m[39m[31m[1m^[22m[39m[31m[1m^[22m
[39m[31m[1m^[22m[39m[31m[1m^[22m[3
9m[31m[1m^[22m[39m[31m[1m^[22m[39m
[31m[1m^[22m[39m
[31m[1m>[22m[39m[90m 17 |[39m     
[33mRefreshCw[39m[33m,[39m
 [90m    |[39m [31m[1m^[22m[39m[31m
[1m^[22m[39m[31m[1m^[22m[39m[31m[1m
^[22m[39m[31m[1m^[22m[39m[31m[1m^[
22m[39m[31m[1m^[22m[39m[31m[1m^[22m
[39m[31m[1m^[22m[39m[31m[1m^[22m[3
9m[31m[1m^[22m[39m[31m[1m^[22m[39m
[31m[1m^[22m[39m
[31m[1m>[22m[39m[90m 18 |[39m     
[33mAlertCircle[39m[33m,[39m
 [90m    |[39m [31m[1m^[22m[39m[31m
[1m^[22m[39m[31m[1m^[22m[39m[31m[1m
^[22m[39m[31m[1m^[22m[39m[31m[1m^[
22m[39m[31m[1m^[22m[39m[31m[1m^[22m
[39m[31m[1m^[22m[39m[31m[1m^[22m[3
9m[31m[1m^[22m[39m[31m[1m^[22m[39m
[31m[1m^[22m[39m
[31m[1m>[22m[39m[90m 19 |[39m     
[33mPieChart[39m[33m,[39m
 [90m    |[39m [31m[1m^[22m[39m[31m
[1m^[22m[39m[31m[1m^[22m[39m[31m[1m
^[22m[39m[31m[1m^[22m[39m[31m[1m^[
22m[39m[31m[1m^[22m[39m[31m[1m^[22m
[39m[31m[1m^[22m[39m[31m[1m^[22m[3
9m[31m[1m^[22m[39m[31m[1m^[22m[39m
[31m[1m^[22m[39m
[31m[1m>[22m[39m[90m 20 |[39m     
[33mCalendar[39m [36mas[39m 
[33mCalendarIcon[39m[33m,[39m
 [90m    |[39m [31m[1m^[22m[39m[31m
[1m^[22m[39m[31m[1m^[22m[39m[31m[1m
^[22m[39m[31m[1m^[22m[39m[31m[1m^[
22m[39m[31m[1m^[22m[39m[31m[1m^[22m
[39m[31m[1m^[22m[39m[31m[1m^[22m[3
9m[31m[1m^[22m[39m[31m[1m^[22m[39m
[31m[1m^[22m[39m
[31m[1m>[22m[39m[90m 21 |[39m     
[33mChevronDown[39m[33m,[39m
 [90m    |[39m [31m[1m^[22m[39m[31m
[1m^[22m[39m[31m[1m^[22m[39m[31m[1m
^[22m[39m[31m[1m^[22m[39m[31m[1m^[
22m[39m[31m[1m^[22m[39m[31m[1m^[22m
[39m[31m[1m^[22m[39m[31m[1m^[22m[3
9m[31m[1m^[22m[39m[31m[1m^[22m[39m
[31m[1m^[22m[39m
[31m[1m>[22m[39m[90m 22 |[39m     
[33mTrendingUp[39m
 [90m    |[39m [31m[1m^[22m[39m[31m
[1m^[22m[39m[31m[1m^[22m[39m[31m[1m
^[22m[39m[31m[1m^[22m[39m[31m[1m^[
22m[39m[31m[1m^[22m[39m[31m[1m^[22m
[39m[31m[1m^[22m[39m[31m[1m^[22m[3
9m[31m[1m^[22m[39m[31m[1m^[22m[39m
[31m[1m^[22m[39m
[31m[1m>[22m[39m[90m 23 |[39m } 
[36mfrom[39m 
[32m'lucide-react'[39m[33m;[39m
 [90m    |[39m [31m[1m^[22m[39m[31m
[1m^[22m[39m[31m[1m^[22m[39m[31m[1m
^[22m[39m[31m[1m^[22m[39m[31m[1m^[
22m[39m[31m[1m^[22m[39m[31m[1m^[22m
[39m[31m[1m^[22m[39m[31m[1m^[22m[3
9m[31m[1m^[22m[39m[31m[1m^[22m[39m
[31m[1m^[22m[39m[31m[1m^[22m[39m[31
m[1m^[22m[39m[31m[1m^[22m[39m[31m[
1m^[22m[39m[31m[1m^[22m[39m[31m[1m^
[22m[39m[31m[1m^[22m[39m[31m[1m^[2
2m[39m[31m[1m^[22m[39m[31m[1m^[22m
[39m
 [90m 24 |[39m [36mimport[39m {
 [90m 25 |[39m     
accountingApi[33m,[39m
 [90m 26 |[39m     
[33mAccount[39m[33m,[39m[0m



Import traces:
  Client Component Browser:
    ./frontend/app/dashboard/financials/pag
e.tsx [Client Component Browser]
    ./frontend/app/dashboard/financials/pag
e.tsx [Server Component]

  Client Component SSR:
    ./frontend/app/dashboard/financials/pag
e.tsx [Client Component SSR]
    ./frontend/app/dashboard/financials/pag
e.tsx [Server Component]

https://nextjs.org/docs/messages/module-not
-found


./frontend/app/dashboard/financials/regulat
ory/components/solvency-pulse.tsx:11:1
Module not found: Can't resolve 
'lucide-react'
[0m [90m  9 |[39m     [33mLabel[39m
 [90m 10 |[39m } [36mfrom[39m 
[32m'recharts'[39m[33m;[39m
[31m[1m>[22m[39m[90m 11 |[39m 
[36mimport[39m { 
[33mAlertCircle[39m[33m,[39m 
[33mCheckCircle2[39m } [36mfrom[39m 
[32m'lucide-react'[39m[33m;[39m
 [90m    |[39m [31m[1m^[22m[39m[31m
[1m^[22m[39m[31m[1m^[22m[39m[31m[1m
^[22m[39m[31m[1m^[22m[39m[31m[1m^[
22m[39m[31m[1m^[22m[39m[31m[1m^[22m
[39m[31m[1m^[22m[39m[31m[1m^[22m[3
9m[31m[1m^[22m[39m[31m[1m^[22m[39m
[31m[1m^[22m[39m[31m[1m^[22m[39m[31
m[1m^[22m[39m[31m[1m^[22m[39m[31m[
1m^[22m[39m[31m[1m^[22m[39m[31m[1m^
[22m[39m[31m[1m^[22m[39m[31m[1m^[2
2m[39m[31m[1m^[22m[39m[31m[1m^[22m
[39m[31m[1m^[22m[39m[31m[1m^[22m[39
m[31m[1m^[22m[39m[31m[1m^[22m[39m[
31m[1m^[22m[39m[31m[1m^[22m[39m[31m
[1m^[22m[39m[31m[1m^[22m[39m[31m[1
m^[22m[39m[31m[1m^[22m[39m[31m[1m^
[22m[39m[31m[1m^[22m[39m[31m[1m^[22
m[39m[31m[1m^[22m[39m[31m[1m^[22m[
39m[31m[1m^[22m[39m[31m[1m^[22m[39m
[31m[1m^[22m[39m[31m[1m^[22m[39m[3
1m[1m^[22m[39m[31m[1m^[22m[39m[31m
[1m^[22m[39m[31m[1m^[22m[39m[31m[1m
^[22m[39m[31m[1m^[22m[39m[31m[1m^[
22m[39m[31m[1m^[22m[39m[31m[1m^[22m
[39m[31m[1m^[22m[39m[31m[1m^[22m[3
9m[31m[1m^[22m[39m[31m[1m^[22m[39m
[31m[1m^[22m[39m[31m[1m^[22m[39m
 [90m 12 |[39m
 [90m 13 |[39m [36mexport[39m 
[36mdefault[39m [36mfunction[39m 
[33mSolvencyPulse[39m() {
 [90m 14 |[39m     [36minterface[39m 
[33mSolvencyData[39m {[0m



Import traces:
  Client Component Browser:
    ./frontend/app/dashboard/financials/reg
ulatory/components/solvency-pulse.tsx 
[Client Component Browser]
    ./frontend/app/dashboard/financials/reg
ulatory/page.tsx [Client Component Browser]
    ./frontend/app/dashboard/financials/reg
ulatory/page.tsx [Server Component]

  Client Component SSR:
    ./frontend/app/dashboard/financials/reg
ulatory/components/solvency-pulse.tsx 
[Client Component SSR]
    ./frontend/app/dashboard/financials/reg
ulatory/page.tsx [Client Component SSR]
    ./frontend/app/dashboard/financials/reg
ulatory/page.tsx [Server Component]

https://nextjs.org/docs/messages/module-not
-found


./frontend/app/dashboard/financials/regulat
ory/page.tsx:11:1
Module not found: Can't resolve 
'lucide-react'
[0m [90m  9 |[39m     
[33mCardDescription[39m
 [90m 10 |[39m } [36mfrom[39m 
[32m'@/components/ui/card'[39m[33m;[39m
[31m[1m>[22m[39m[90m 11 |[39m 
[36mimport[39m {
 [90m    |[39m [31m[1m^[22m[39m[31m
[1m^[22m[39m[31m[1m^[22m[39m[31m[1m
^[22m[39m[31m[1m^[22m[39m[31m[1m^[
22m[39m[31m[1m^[22m[39m[31m[1m^[22m
[39m
[31m[1m>[22m[39m[90m 12 |[39m     
[33mActivity[39m[33m,[39m
 [90m    |[39m [31m[1m^[22m[39m[31m
[1m^[22m[39m[31m[1m^[22m[39m[31m[1m
^[22m[39m[31m[1m^[22m[39m[31m[1m^[
22m[39m[31m[1m^[22m[39m[31m[1m^[22m
[39m[31m[1m^[22m[39m[31m[1m^[22m[3
9m[31m[1m^[22m[39m[31m[1m^[22m[39m
[31m[1m^[22m[39m
[31m[1m>[22m[39m[90m 13 |[39m     
[33mBarChart3[39m[33m,[39m
 [90m    |[39m [31m[1m^[22m[39m[31m
[1m^[22m[39m[31m[1m^[22m[39m[31m[1m
^[22m[39m[31m[1m^[22m[39m[31m[1m^[
22m[39m[31m[1m^[22m[39m[31m[1m^[22m
[39m[31m[1m^[22m[39m[31m[1m^[22m[3
9m[31m[1m^[22m[39m[31m[1m^[22m[39m
[31m[1m^[22m[39m
[31m[1m>[22m[39m[90m 14 |[39m     
[33mPieChart[39m[33m,[39m
 [90m    |[39m [31m[1m^[22m[39m[31m
[1m^[22m[39m[31m[1m^[22m[39m[31m[1m
^[22m[39m[31m[1m^[22m[39m[31m[1m^[
22m[39m[31m[1m^[22m[39m[31m[1m^[22m
[39m[31m[1m^[22m[39m[31m[1m^[22m[3
9m[31m[1m^[22m[39m[31m[1m^[22m[39m
[31m[1m^[22m[39m
[31m[1m>[22m[39m[90m 15 |[39m     
[33mTrendingUp[39m[33m,[39m
 [90m    |[39m [31m[1m^[22m[39m[31m
[1m^[22m[39m[31m[1m^[22m[39m[31m[1m
^[22m[39m[31m[1m^[22m[39m[31m[1m^[
22m[39m[31m[1m^[22m[39m[31m[1m^[22m
[39m[31m[1m^[22m[39m[31m[1m^[22m[3
9m[31m[1m^[22m[39m[31m[1m^[22m[39m
[31m[1m^[22m[39m
[31m[1m>[22m[39m[90m 16 |[39m     
[33mShieldCheck[39m
 [90m    |[39m [31m[1m^[22m[39m[31m
[1m^[22m[39m[31m[1m^[22m[39m[31m[1m
^[22m[39m[31m[1m^[22m[39m[31m[1m^[
22m[39m[31m[1m^[22m[39m[31m[1m^[22m
[39m[31m[1m^[22m[39m[31m[1m^[22m[3
9m[31m[1m^[22m[39m[31m[1m^[22m[39m
[31m[1m^[22m[39m
[31m[1m>[22m[39m[90m 17 |[39m } 
[36mfrom[39m 
[32m'lucide-react'[39m[33m;[39m
 [90m    |[39m [31m[1m^[22m[39m[31m
[1m^[22m[39m[31m[1m^[22m[39m[31m[1m
^[22m[39m[31m[1m^[22m[39m[31m[1m^[
22m[39m[31m[1m^[22m[39m[31m[1m^[22m
[39m[31m[1m^[22m[39m[31m[1m^[22m[3
9m[31m[1m^[22m[39m[31m[1m^[22m[39m
[31m[1m^[22m[39m[31m[1m^[22m[39m[31
m[1m^[22m[39m[31m[1m^[22m[39m[31m[
1m^[22m[39m[31m[1m^[22m[39m[31m[1m^
[22m[39m[31m[1m^[22m[39m[31m[1m^[2
2m[39m[31m[1m^[22m[39m[31m[1m^[22m
[39m
 [90m 18 |[39m [36mimport[39m 
[33mSolvencyPulse[39m [36mfrom[39m [32
m'./components/solvency-pulse'[39m[33m;[
39m
 [90m 19 |[39m [36mimport[39m 
[33mCSMPipeline[39m [36mfrom[39m [32m'
./components/csm-pipeline'[39m[33m;[39m
 [90m 20 |[39m [36mimport[39m { 
useLanguage } [36mfrom[39m [32m'@/contex
ts/language-context'[39m[33m;[39m[0m



Import traces:
  Client Component Browser:
    ./frontend/app/dashboard/financials/reg
ulatory/page.tsx [Client Component Browser]
    ./frontend/app/dashboard/financials/reg
ulatory/page.tsx [Server Component]

  Client Component SSR:
    ./frontend/app/dashboard/financials/reg
ulatory/page.tsx [Client Component SSR]
    ./frontend/app/dashboard/financials/reg
ulatory/page.tsx [Server Component]

https://nextjs.org/docs/messages/module-not
-found


./frontend/app/dashboard/import-export/page
.tsx:6:1
Module not found: Can't resolve 
'lucide-react'
[0m [90m 4 |[39m [36mimport[39m { 
[33mImportWizard[39m } [36mfrom[39m [3
2m'@/components/import-export/import-wizard
'[39m[33m;[39m
 [90m 5 |[39m [36mimport[39m { 
[33mExportWizard[39m [36mas[39m 
[33mExportWizardComp[39m } 
[36mfrom[39m [32m'@/components/import-ex
port/export-wizard'[39m[33m;[39m
[31m[1m>[22m[39m[90m 6 |[39m 
[36mimport[39m { 
[33mDatabase[39m[33m,[39m 
[33mUpload[39m[33m,[39m 
[33mDownload[39m } [36mfrom[39m 
[32m'lucide-react'[39m[33m;[39m
 [90m   |[39m [31m[1m^[22m[39m[31m[
1m^[22m[39m[31m[1m^[22m[39m[31m[1m^
[22m[39m[31m[1m^[22m[39m[31m[1m^[2
2m[39m[31m[1m^[22m[39m[31m[1m^[22m
[39m[31m[1m^[22m[39m[31m[1m^[22m[39
m[31m[1m^[22m[39m[31m[1m^[22m[39m[
31m[1m^[22m[39m[31m[1m^[22m[39m[31m
[1m^[22m[39m[31m[1m^[22m[39m[31m[1
m^[22m[39m[31m[1m^[22m[39m[31m[1m^
[22m[39m[31m[1m^[22m[39m[31m[1m^[22
m[39m[31m[1m^[22m[39m[31m[1m^[22m[
39m[31m[1m^[22m[39m[31m[1m^[22m[39m
[31m[1m^[22m[39m[31m[1m^[22m[39m[3
1m[1m^[22m[39m[31m[1m^[22m[39m[31m
[1m^[22m[39m[31m[1m^[22m[39m[31m[1m
^[22m[39m[31m[1m^[22m[39m[31m[1m^[
22m[39m[31m[1m^[22m[39m[31m[1m^[22m
[39m[31m[1m^[22m[39m[31m[1m^[22m[3
9m[31m[1m^[22m[39m[31m[1m^[22m[39m
[31m[1m^[22m[39m[31m[1m^[22m[39m[31
m[1m^[22m[39m[31m[1m^[22m[39m[31m[
1m^[22m[39m[31m[1m^[22m[39m[31m[1m^
[22m[39m[31m[1m^[22m[39m[31m[1m^[2
2m[39m[31m[1m^[22m[39m[31m[1m^[22m
[39m[31m[1m^[22m[39m[31m[1m^[22m[39
m[31m[1m^[22m[39m[31m[1m^[22m[39m[
31m[1m^[22m[39m[31m[1m^[22m[39m[31m
[1m^[22m[39m
 [90m 7 |[39m
 [90m 8 |[39m [36mimport[39m { 
useLanguage } [36mfrom[39m [32m'@/contex
ts/language-context'[39m[33m;[39m
 [90m 9 |[39m[0m



Import traces:
  Client Component Browser:
    ./frontend/app/dashboard/import-export/
page.tsx [Client Component Browser]
    ./frontend/app/dashboard/import-export/
page.tsx [Server Component]

  Client Component SSR:
    ./frontend/app/dashboard/import-export/
page.tsx [Client Component SSR]
    ./frontend/app/dashboard/import-export/
page.tsx [Server Component]

https://nextjs.org/docs/messages/module-not
-found


./frontend/app/dashboard/loyalty/page.tsx:7
:1
Module not found: Can't resolve 
'lucide-react'
[0m [90m  5 |[39m [36mimport[39m { 
[33mTable[39m[33m,[39m 
[33mTableBody[39m[33m,[39m 
[33mTableCell[39m[33m,[39m 
[33mTableHead[39m[33m,[39m 
[33mTableHeader[39m[33m,[39m 
[33mTableRow[39m } [36mfrom[39m [32m'@
/components/ui/table'[39m[33m;[39m
 [90m  6 |[39m [36mimport[39m { 
[33mBadge[39m } [36mfrom[39m [32m'@/co
mponents/ui/badge'[39m[33m;[39m
[31m[1m>[22m[39m[90m  7 |[39m 
[36mimport[39m { 
[33mHeart[39m[33m,[39m 
[33mUsers[39m[33m,[39m 
[33mAward[39m[33m,[39m 
[33mTrendingUp[39m } [36mfrom[39m 
[32m'lucide-react'[39m[33m;[39m
 [90m    |[39m [31m[1m^[22m[39m[31m
[1m^[22m[39m[31m[1m^[22m[39m[31m[1m
^[22m[39m[31m[1m^[22m[39m[31m[1m^[
22m[39m[31m[1m^[22m[39m[31m[1m^[22m
[39m[31m[1m^[22m[39m[31m[1m^[22m[3
9m[31m[1m^[22m[39m[31m[1m^[22m[39m
[31m[1m^[22m[39m[31m[1m^[22m[39m[31
m[1m^[22m[39m[31m[1m^[22m[39m[31m[
1m^[22m[39m[31m[1m^[22m[39m[31m[1m^
[22m[39m[31m[1m^[22m[39m[31m[1m^[2
2m[39m[31m[1m^[22m[39m[31m[1m^[22m
[39m[31m[1m^[22m[39m[31m[1m^[22m[39
m[31m[1m^[22m[39m[31m[1m^[22m[39m[
31m[1m^[22m[39m[31m[1m^[22m[39m[31m
[1m^[22m[39m[31m[1m^[22m[39m[31m[1
m^[22m[39m[31m[1m^[22m[39m[31m[1m^
[22m[39m[31m[1m^[22m[39m[31m[1m^[22
m[39m[31m[1m^[22m[39m[31m[1m^[22m[
39m[31m[1m^[22m[39m[31m[1m^[22m[39m
[31m[1m^[22m[39m[31m[1m^[22m[39m[3
1m[1m^[22m[39m[31m[1m^[22m[39m[31m
[1m^[22m[39m[31m[1m^[22m[39m[31m[1m
^[22m[39m[31m[1m^[22m[39m[31m[1m^[
22m[39m[31m[1m^[22m[39m[31m[1m^[22m
[39m[31m[1m^[22m[39m[31m[1m^[22m[3
9m[31m[1m^[22m[39m[31m[1m^[22m[39m
[31m[1m^[22m[39m[31m[1m^[22m[39m[31
m[1m^[22m[39m[31m[1m^[22m[39m[31m[
1m^[22m[39m[31m[1m^[22m[39m[31m[1m^
[22m[39m[31m[1m^[22m[39m
 [90m  8 |[39m [36mimport[39m api 
[36mfrom[39m 
[32m'@/lib/api'[39m[33m;[39m
 [90m  9 |[39m
 [90m 10 |[39m [36minterface[39m 
[33mLoyaltyStats[39m {[0m



Import traces:
  Client Component Browser:
    
./frontend/app/dashboard/loyalty/page.tsx 
[Client Component Browser]
    
./frontend/app/dashboard/loyalty/page.tsx 
[Server Component]

  Client Component SSR:
    
./frontend/app/dashboard/loyalty/page.tsx 
[Client Component SSR]
    
./frontend/app/dashboard/loyalty/page.tsx 
[Server Component]

https://nextjs.org/docs/messages/module-not
-found


./frontend/app/dashboard/page.tsx:9:1
Module not found: Can't resolve 
'lucide-react'
[0m [90m  7 |[39m [36mimport[39m { 
[33mButton[39m } [36mfrom[39m [32m'@/c
omponents/ui/button'[39m[33m;[39m
 [90m  8 |[39m [36mimport[39m { 
[33mCard[39m[33m,[39m 
[33mCardContent[39m[33m,[39m 
[33mCardDescription[39m[33m,[39m 
[33mCardHeader[39m[33m,[39m 
[33mCardTitle[39m } [36mfrom[39m 
[32m'@/components/ui/card'[39m[33m;[39m
[31m[1m>[22m[39m[90m  9 |[39m 
[36mimport[39m { 
[33mUsers[39m[33m,[39m 
[33mFileText[39m[33m,[39m 
[33mShield[39m[33m,[39m 
[33mTrendingUp[39m[33m,[39m 
[33mArrowRight[39m[33m,[39m 
[33mLoader2[39m } [36mfrom[39m 
[32m'lucide-react'[39m[33m;[39m
 [90m    |[39m [31m[1m^[22m[39m[31m
[1m^[22m[39m[31m[1m^[22m[39m[31m[1m
^[22m[39m[31m[1m^[22m[39m[31m[1m^[
22m[39m[31m[1m^[22m[39m[31m[1m^[22m
[39m[31m[1m^[22m[39m[31m[1m^[22m[3
9m[31m[1m^[22m[39m[31m[1m^[22m[39m
[31m[1m^[22m[39m[31m[1m^[22m[39m[31
m[1m^[22m[39m[31m[1m^[22m[39m[31m[
1m^[22m[39m[31m[1m^[22m[39m[31m[1m^
[22m[39m[31m[1m^[22m[39m[31m[1m^[2
2m[39m[31m[1m^[22m[39m[31m[1m^[22m
[39m[31m[1m^[22m[39m[31m[1m^[22m[39
m[31m[1m^[22m[39m[31m[1m^[22m[39m[
31m[1m^[22m[39m[31m[1m^[22m[39m[31m
[1m^[22m[39m[31m[1m^[22m[39m[31m[1
m^[22m[39m[31m[1m^[22m[39m[31m[1m^
[22m[39m[31m[1m^[22m[39m[31m[1m^[22
m[39m[31m[1m^[22m[39m[31m[1m^[22m[
39m[31m[1m^[22m[39m[31m[1m^[22m[39m
[31m[1m^[22m[39m[31m[1m^[22m[39m[3
1m[1m^[22m[39m[31m[1m^[22m[39m[31m
[1m^[22m[39m[31m[1m^[22m[39m[31m[1m
^[22m[39m[31m[1m^[22m[39m[31m[1m^[
22m[39m[31m[1m^[22m[39m[31m[1m^[22m
[39m[31m[1m^[22m[39m[31m[1m^[22m[3
9m[31m[1m^[22m[39m[31m[1m^[22m[39m
[31m[1m^[22m[39m[31m[1m^[22m[39m[31
m[1m^[22m[39m[31m[1m^[22m[39m[31m[
1m^[22m[39m[31m[1m^[22m[39m[31m[1m^
[22m[39m[31m[1m^[22m[39m[31m[1m^[2
2m[39m[31m[1m^[22m[39m[31m[1m^[22m
[39m[31m[1m^[22m[39m[31m[1m^[22m[39
m[31m[1m^[22m[39m[31m[1m^[22m[39m[
31m[1m^[22m[39m[31m[1m^[22m[39m[31m
[1m^[22m[39m[31m[1m^[22m[39m[31m[1
m^[22m[39m[31m[1m^[22m[39m[31m[1m^
[22m[39m[31m[1m^[22m[39m[31m[1m^[22
m[39m[31m[1m^[22m[39m[31m[1m^[22m[
39m[31m[1m^[22m[39m[31m[1m^[22m[39m
[31m[1m^[22m[39m[31m[1m^[22m[39m[3
1m[1m^[22m[39m[31m[1m^[22m[39m[31m
[1m^[22m[39m
 [90m 10 |[39m [36mimport[39m 
[33mLink[39m [36mfrom[39m 
[32m'next/link'[39m[33m;[39m
 [90m 11 |[39m [36mimport[39m { 
adminApi[33m,[39m 
[33mDashboardStats[39m } [36mfrom[39m 
[32m'@/lib/admin-api'[39m[33m;[39m
 [90m 12 |[39m [36mimport[39m { 
useState[33m,[39m useEffect } 
[36mfrom[39m 
[32m'react'[39m[33m;[39m[0m



Import traces:
  Client Component Browser:
    ./frontend/app/dashboard/page.tsx 
[Client Component Browser]
    ./frontend/app/dashboard/page.tsx 
[Server Component]

  Client Component SSR:
    ./frontend/app/dashboard/page.tsx 
[Client Component SSR]
    ./frontend/app/dashboard/page.tsx 
[Server Component]

https://nextjs.org/docs/messages/module-not
-found


./frontend/app/dashboard/payments/[id]/page
.tsx:11:1
Module not found: Can't resolve 
'lucide-react'
[0m [90m  9 |[39m [36mimport[39m { 
[33mBadge[39m } [36mfrom[39m [32m'@/co
mponents/ui/badge'[39m[33m;[39m
 [90m 10 |[39m [36mimport[39m { 
formatCurrency[33m,[39m formatDate } 
[36mfrom[39m 
[32m'@/lib/utils'[39m[33m;[39m
[31m[1m>[22m[39m[90m 11 |[39m 
[36mimport[39m { 
[33mArrowLeft[39m[33m,[39m 
[33mPrinter[39m } [36mfrom[39m 
[32m'lucide-react'[39m[33m;[39m
 [90m    |[39m [31m[1m^[22m[39m[31m
[1m^[22m[39m[31m[1m^[22m[39m[31m[1m
^[22m[39m[31m[1m^[22m[39m[31m[1m^[
22m[39m[31m[1m^[22m[39m[31m[1m^[22m
[39m[31m[1m^[22m[39m[31m[1m^[22m[3
9m[31m[1m^[22m[39m[31m[1m^[22m[39m
[31m[1m^[22m[39m[31m[1m^[22m[39m[31
m[1m^[22m[39m[31m[1m^[22m[39m[31m[
1m^[22m[39m[31m[1m^[22m[39m[31m[1m^
[22m[39m[31m[1m^[22m[39m[31m[1m^[2
2m[39m[31m[1m^[22m[39m[31m[1m^[22m
[39m[31m[1m^[22m[39m[31m[1m^[22m[39
m[31m[1m^[22m[39m[31m[1m^[22m[39m[
31m[1m^[22m[39m[31m[1m^[22m[39m[31m
[1m^[22m[39m[31m[1m^[22m[39m[31m[1
m^[22m[39m[31m[1m^[22m[39m[31m[1m^
[22m[39m[31m[1m^[22m[39m[31m[1m^[22
m[39m[31m[1m^[22m[39m[31m[1m^[22m[
39m[31m[1m^[22m[39m[31m[1m^[22m[39m
[31m[1m^[22m[39m[31m[1m^[22m[39m[3
1m[1m^[22m[39m[31m[1m^[22m[39m[31m
[1m^[22m[39m[31m[1m^[22m[39m[31m[1m
^[22m[39m[31m[1m^[22m[39m[31m[1m^[
22m[39m[31m[1m^[22m[39m
 [90m 12 |[39m [36mimport[39m { 
useLanguage } [36mfrom[39m [32m'@/contex
ts/language-context'[39m[33m;[39m
 [90m 13 |[39m
 [90m 14 |[39m [36mexport[39m 
[36mdefault[39m [36mfunction[39m 
[33mPaymentDetailsPage[39m({ params 
}[33m:[39m { params[33m:[39m 
[33mPromise[39m[33m<[39m{ 
id[33m:[39m string }[33m>[39m }) {[0m



Import traces:
  Client Component Browser:
    ./frontend/app/dashboard/payments/[id]/
page.tsx [Client Component Browser]
    ./frontend/app/dashboard/payments/[id]/
page.tsx [Server Component]

  Client Component SSR:
    ./frontend/app/dashboard/payments/[id]/
page.tsx [Client Component SSR]
    ./frontend/app/dashboard/payments/[id]/
page.tsx [Server Component]

https://nextjs.org/docs/messages/module-not
-found


./frontend/app/dashboard/payments/columns.t
sx:8:1
Module not found: Can't resolve 
'lucide-react'
[0m [90m  6 |[39m [36mimport[39m { 
[33mButton[39m } [36mfrom[39m 
[32m"@/components/ui/button"[39m
 [90m  7 |[39m [36mimport[39m { 
[33mBadge[39m } [36mfrom[39m 
[32m"@/components/ui/badge"[39m
[31m[1m>[22m[39m[90m  8 |[39m 
[36mimport[39m { 
[33mMoreHorizontal[39m[33m,[39m 
[33mEye[39m } [36mfrom[39m 
[32m"lucide-react"[39m
 [90m    |[39m [31m[1m^[22m[39m[31m
[1m^[22m[39m[31m[1m^[22m[39m[31m[1m
^[22m[39m[31m[1m^[22m[39m[31m[1m^[
22m[39m[31m[1m^[22m[39m[31m[1m^[22m
[39m[31m[1m^[22m[39m[31m[1m^[22m[3
9m[31m[1m^[22m[39m[31m[1m^[22m[39m
[31m[1m^[22m[39m[31m[1m^[22m[39m[31
m[1m^[22m[39m[31m[1m^[22m[39m[31m[
1m^[22m[39m[31m[1m^[22m[39m[31m[1m^
[22m[39m[31m[1m^[22m[39m[31m[1m^[2
2m[39m[31m[1m^[22m[39m[31m[1m^[22m
[39m[31m[1m^[22m[39m[31m[1m^[22m[39
m[31m[1m^[22m[39m[31m[1m^[22m[39m[
31m[1m^[22m[39m[31m[1m^[22m[39m[31m
[1m^[22m[39m[31m[1m^[22m[39m[31m[1
m^[22m[39m[31m[1m^[22m[39m[31m[1m^
[22m[39m[31m[1m^[22m[39m[31m[1m^[22
m[39m[31m[1m^[22m[39m[31m[1m^[22m[
39m[31m[1m^[22m[39m[31m[1m^[22m[39m
[31m[1m^[22m[39m[31m[1m^[22m[39m[3
1m[1m^[22m[39m[31m[1m^[22m[39m[31m
[1m^[22m[39m[31m[1m^[22m[39m[31m[1m
^[22m[39m[31m[1m^[22m[39m[31m[1m^[
22m[39m[31m[1m^[22m[39m
 [90m  9 |[39m [36mimport[39m { 
formatCurrency[33m,[39m formatDate } 
[36mfrom[39m [32m"@/lib/utils"[39m
 [90m 10 |[39m
 [90m 11 |[39m [36mimport[39m {[0m



Import traces:
  Client Component Browser:
    ./frontend/app/dashboard/payments/colum
ns.tsx [Client Component Browser]
    
./frontend/app/dashboard/payments/page.tsx 
[Client Component Browser]
    
./frontend/app/dashboard/payments/page.tsx 
[Server Component]

  Client Component SSR:
    ./frontend/app/dashboard/payments/colum
ns.tsx [Client Component SSR]
    
./frontend/app/dashboard/payments/page.tsx 
[Client Component SSR]
    
./frontend/app/dashboard/payments/page.tsx 
[Server Component]

https://nextjs.org/docs/messages/module-not
-found


./frontend/app/dashboard/payments/new/page.
tsx:5:1
Module not found: Can't resolve 
'lucide-react'
[0m [90m 3 |[39m [36mimport[39m { 
useEffect[33m,[39m useState[33m,[39m 
use } [36mfrom[39m 
[32m"react"[39m[33m;[39m
 [90m 4 |[39m [36mimport[39m { 
useRouter[33m,[39m useSearchParams } 
[36mfrom[39m 
[32m"next/navigation"[39m[33m;[39m
[31m[1m>[22m[39m[90m 5 |[39m 
[36mimport[39m { [33mArrowLeft[39m } 
[36mfrom[39m 
[32m"lucide-react"[39m[33m;[39m
 [90m   |[39m [31m[1m^[22m[39m[31m[
1m^[22m[39m[31m[1m^[22m[39m[31m[1m^
[22m[39m[31m[1m^[22m[39m[31m[1m^[2
2m[39m[31m[1m^[22m[39m[31m[1m^[22m
[39m[31m[1m^[22m[39m[31m[1m^[22m[39
m[31m[1m^[22m[39m[31m[1m^[22m[39m[
31m[1m^[22m[39m[31m[1m^[22m[39m[31m
[1m^[22m[39m[31m[1m^[22m[39m[31m[1
m^[22m[39m[31m[1m^[22m[39m[31m[1m^
[22m[39m[31m[1m^[22m[39m[31m[1m^[22
m[39m[31m[1m^[22m[39m[31m[1m^[22m[
39m[31m[1m^[22m[39m[31m[1m^[22m[39m
[31m[1m^[22m[39m[31m[1m^[22m[39m[3
1m[1m^[22m[39m[31m[1m^[22m[39m[31m
[1m^[22m[39m[31m[1m^[22m[39m[31m[1m
^[22m[39m[31m[1m^[22m[39m[31m[1m^[
22m[39m[31m[1m^[22m[39m[31m[1m^[22m
[39m[31m[1m^[22m[39m[31m[1m^[22m[3
9m[31m[1m^[22m[39m[31m[1m^[22m[39m
[31m[1m^[22m[39m
 [90m 6 |[39m
 [90m 7 |[39m [36mimport[39m { 
[33mButton[39m } [36mfrom[39m [32m"@/c
omponents/ui/button"[39m[33m;[39m
 [90m 8 |[39m [36mimport[39m { 
[33mCard[39m[33m,[39m 
[33mCardContent[39m[33m,[39m 
[33mCardDescription[39m[33m,[39m 
[33mCardHeader[39m[33m,[39m 
[33mCardTitle[39m } [36mfrom[39m [32m"
@/components/ui/card"[39m[33m;[39m[0m



Import traces:
  Client Component Browser:
    ./frontend/app/dashboard/payments/new/p
age.tsx [Client Component Browser]
    ./frontend/app/dashboard/payments/new/p
age.tsx [Server Component]

  Client Component SSR:
    ./frontend/app/dashboard/payments/new/p
age.tsx [Client Component SSR]
    ./frontend/app/dashboard/payments/new/p
age.tsx [Server Component]

https://nextjs.org/docs/messages/module-not
-found


./frontend/app/dashboard/payments/page.tsx:
6:1
Module not found: Can't resolve 
'lucide-react'
[0m [90m 4 |[39m [36mimport[39m { 
useRouter } [36mfrom[39m 
[32m"next/navigation"[39m
 [90m 5 |[39m [36mimport[39m { 
[33mButton[39m } [36mfrom[39m 
[32m"@/components/ui/button"[39m
[31m[1m>[22m[39m[90m 6 |[39m 
[36mimport[39m { 
[33mRefreshCw[39m[33m,[39m 
[33mActivity[39m[33m,[39m 
[33mPlus[39m } [36mfrom[39m 
[32m"lucide-react"[39m
 [90m   |[39m [31m[1m^[22m[39m[31m[
1m^[22m[39m[31m[1m^[22m[39m[31m[1m^
[22m[39m[31m[1m^[22m[39m[31m[1m^[2
2m[39m[31m[1m^[22m[39m[31m[1m^[22m
[39m[31m[1m^[22m[39m[31m[1m^[22m[39
m[31m[1m^[22m[39m[31m[1m^[22m[39m[
31m[1m^[22m[39m[31m[1m^[22m[39m[31m
[1m^[22m[39m[31m[1m^[22m[39m[31m[1
m^[22m[39m[31m[1m^[22m[39m[31m[1m^
[22m[39m[31m[1m^[22m[39m[31m[1m^[22
m[39m[31m[1m^[22m[39m[31m[1m^[22m[
39m[31m[1m^[22m[39m[31m[1m^[22m[39m
[31m[1m^[22m[39m[31m[1m^[22m[39m[3
1m[1m^[22m[39m[31m[1m^[22m[39m[31m
[1m^[22m[39m[31m[1m^[22m[39m[31m[1m
^[22m[39m[31m[1m^[22m[39m[31m[1m^[
22m[39m[31m[1m^[22m[39m[31m[1m^[22m
[39m[31m[1m^[22m[39m[31m[1m^[22m[3
9m[31m[1m^[22m[39m[31m[1m^[22m[39m
[31m[1m^[22m[39m[31m[1m^[22m[39m[31
m[1m^[22m[39m[31m[1m^[22m[39m[31m[
1m^[22m[39m[31m[1m^[22m[39m[31m[1m^
[22m[39m[31m[1m^[22m[39m[31m[1m^[2
2m[39m[31m[1m^[22m[39m[31m[1m^[22m
[39m[31m[1m^[22m[39m[31m[1m^[22m[39
m[31m[1m^[22m[39m[31m[1m^[22m[39m[
31m[1m^[22m[39m
 [90m 7 |[39m [36mimport[39m { 
paymentApi } [36mfrom[39m 
[32m"@/lib/payment-api"[39m
 [90m 8 |[39m [36mimport[39m { 
[33mPayment[39m } [36mfrom[39m 
[32m"@/types/payment"[39m
 [90m 9 |[39m [36mimport[39m { 
[33mDataTable[39m } [36mfrom[39m 
[32m"@/components/ui/data-table"[39m[0m



Import traces:
  Client Component Browser:
    
./frontend/app/dashboard/payments/page.tsx 
[Client Component Browser]
    
./frontend/app/dashboard/payments/page.tsx 
[Server Component]

  Client Component SSR:
    
./frontend/app/dashboard/payments/page.tsx 
[Client Component SSR]
    
./frontend/app/dashboard/payments/page.tsx 
[Server Component]

https://nextjs.org/docs/messages/module-not
-found


./frontend/app/dashboard/payroll/columns.ts
x:6:1
Module not found: Can't resolve 
'lucide-react'
[0m [90m 4 |[39m [36mimport[39m { 
[33mBadge[39m } [36mfrom[39m 
[32m"@/components/ui/badge"[39m
 [90m 5 |[39m [36mimport[39m { 
[33mButton[39m } [36mfrom[39m 
[32m"@/components/ui/button"[39m
[31m[1m>[22m[39m[90m 6 |[39m 
[36mimport[39m { 
[33mCircleDollarSign[39m } 
[36mfrom[39m [32m"lucide-react"[39m
 [90m   |[39m [31m[1m^[22m[39m[31m[
1m^[22m[39m[31m[1m^[22m[39m[31m[1m^
[22m[39m[31m[1m^[22m[39m[31m[1m^[2
2m[39m[31m[1m^[22m[39m[31m[1m^[22m
[39m[31m[1m^[22m[39m[31m[1m^[22m[39
m[31m[1m^[22m[39m[31m[1m^[22m[39m[
31m[1m^[22m[39m[31m[1m^[22m[39m[31m
[1m^[22m[39m[31m[1m^[22m[39m[31m[1
m^[22m[39m[31m[1m^[22m[39m[31m[1m^
[22m[39m[31m[1m^[22m[39m[31m[1m^[22
m[39m[31m[1m^[22m[39m[31m[1m^[22m[
39m[31m[1m^[22m[39m[31m[1m^[22m[39m
[31m[1m^[22m[39m[31m[1m^[22m[39m[3
1m[1m^[22m[39m[31m[1m^[22m[39m[31m
[1m^[22m[39m[31m[1m^[22m[39m[31m[1m
^[22m[39m[31m[1m^[22m[39m[31m[1m^[
22m[39m[31m[1m^[22m[39m[31m[1m^[22m
[39m[31m[1m^[22m[39m[31m[1m^[22m[3
9m[31m[1m^[22m[39m[31m[1m^[22m[39m
[31m[1m^[22m[39m[31m[1m^[22m[39m[31
m[1m^[22m[39m[31m[1m^[22m[39m[31m[
1m^[22m[39m[31m[1m^[22m[39m[31m[1m^
[22m[39m
 [90m 7 |[39m [36mimport[39m { 
[33mDataTableColumnHeader[39m } 
[36mfrom[39m [32m"@/components/ui/data-t
able-column-header"[39m
 [90m 8 |[39m [36mimport[39m { 
[33mAvatar[39m[33m,[39m 
[33mAvatarFallback[39m[33m,[39m 
[33mAvatarImage[39m } [36mfrom[39m 
[32m"@/components/ui/avatar"[39m
 [90m 9 |[39m [36mimport[39m { 
getProfileImageUrl } [36mfrom[39m 
[32m"@/lib/api"[39m[0m



Import traces:
  Client Component Browser:
    ./frontend/app/dashboard/payroll/column
s.tsx [Client Component Browser]
    
./frontend/app/dashboard/payroll/page.tsx 
[Client Component Browser]
    
./frontend/app/dashboard/payroll/page.tsx 
[Server Component]

  Client Component SSR:
    ./frontend/app/dashboard/payroll/column
s.tsx [Client Component SSR]
    
./frontend/app/dashboard/payroll/page.tsx 
[Client Component SSR]
    
./frontend/app/dashboard/payroll/page.tsx 
[Server Component]

https://nextjs.org/docs/messages/module-not
-found


./frontend/app/dashboard/payroll/components
/payroll-form.tsx:9:1
Module not found: Can't resolve 
'lucide-react'
[0m [90m  7 |[39m [36mimport[39m { 
[33mLabel[39m } [36mfrom[39m [32m'@/co
mponents/ui/label'[39m[33m;[39m
 [90m  8 |[39m [36mimport[39m { 
[33mSelect[39m[33m,[39m 
[33mSelectContent[39m[33m,[39m 
[33mSelectItem[39m[33m,[39m 
[33mSelectTrigger[39m[33m,[39m 
[33mSelectValue[39m } [36mfrom[39m [32
m'@/components/ui/select'[39m[33m;[39m
[31m[1m>[22m[39m[90m  9 |[39m 
[36mimport[39m { [33mLoader2[39m } 
[36mfrom[39m 
[32m'lucide-react'[39m[33m;[39m
 [90m    |[39m [31m[1m^[22m[39m[31m
[1m^[22m[39m[31m[1m^[22m[39m[31m[1m
^[22m[39m[31m[1m^[22m[39m[31m[1m^[
22m[39m[31m[1m^[22m[39m[31m[1m^[22m
[39m[31m[1m^[22m[39m[31m[1m^[22m[3
9m[31m[1m^[22m[39m[31m[1m^[22m[39m
[31m[1m^[22m[39m[31m[1m^[22m[39m[31
m[1m^[22m[39m[31m[1m^[22m[39m[31m[
1m^[22m[39m[31m[1m^[22m[39m[31m[1m^
[22m[39m[31m[1m^[22m[39m[31m[1m^[2
2m[39m[31m[1m^[22m[39m[31m[1m^[22m
[39m[31m[1m^[22m[39m[31m[1m^[22m[39
m[31m[1m^[22m[39m[31m[1m^[22m[39m[
31m[1m^[22m[39m[31m[1m^[22m[39m[31m
[1m^[22m[39m[31m[1m^[22m[39m[31m[1
m^[22m[39m[31m[1m^[22m[39m[31m[1m^
[22m[39m[31m[1m^[22m[39m[31m[1m^[22
m[39m[31m[1m^[22m[39m[31m[1m^[22m[
39m[31m[1m^[22m[39m
 [90m 10 |[39m [36mimport[39m { api } 
[36mfrom[39m 
[32m'@/lib/api'[39m[33m;[39m
 [90m 11 |[39m [36mimport[39m { 
useToast } [36mfrom[39m [32m'@/component
s/ui/use-toast'[39m[33m;[39m
 [90m 12 |[39m[0m



Import traces:
  Client Component Browser:
    ./frontend/app/dashboard/payroll/compon
ents/payroll-form.tsx [Client Component 
Browser]
    
./frontend/app/dashboard/payroll/page.tsx 
[Client Component Browser]
    
./frontend/app/dashboard/payroll/page.tsx 
[Server Component]

  Client Component SSR:
    ./frontend/app/dashboard/payroll/compon
ents/payroll-form.tsx [Client Component 
SSR]
    
./frontend/app/dashboard/payroll/page.tsx 
[Client Component SSR]
    
./frontend/app/dashboard/payroll/page.tsx 
[Server Component]

https://nextjs.org/docs/messages/module-not
-found


./frontend/app/dashboard/payroll/components
/payslip-dialog.tsx:11:1
Module not found: Can't resolve 
'lucide-react'
[0m [90m  9 |[39m [36mimport[39m { 
[33mBadge[39m } [36mfrom[39m [32m"@/co
mponents/ui/badge"[39m[33m;[39m
 [90m 10 |[39m [36mimport[39m { 
[33mSeparator[39m } [36mfrom[39m [32m"
@/components/ui/separator"[39m[33m;[39m
[31m[1m>[22m[39m[90m 11 |[39m 
[36mimport[39m { [33mPrinter[39m } 
[36mfrom[39m 
[32m"lucide-react"[39m[33m;[39m
 [90m    |[39m [31m[1m^[22m[39m[31m
[1m^[22m[39m[31m[1m^[22m[39m[31m[1m
^[22m[39m[31m[1m^[22m[39m[31m[1m^[
22m[39m[31m[1m^[22m[39m[31m[1m^[22m
[39m[31m[1m^[22m[39m[31m[1m^[22m[3
9m[31m[1m^[22m[39m[31m[1m^[22m[39m
[31m[1m^[22m[39m[31m[1m^[22m[39m[31
m[1m^[22m[39m[31m[1m^[22m[39m[31m[
1m^[22m[39m[31m[1m^[22m[39m[31m[1m^
[22m[39m[31m[1m^[22m[39m[31m[1m^[2
2m[39m[31m[1m^[22m[39m[31m[1m^[22m
[39m[31m[1m^[22m[39m[31m[1m^[22m[39
m[31m[1m^[22m[39m[31m[1m^[22m[39m[
31m[1m^[22m[39m[31m[1m^[22m[39m[31m
[1m^[22m[39m[31m[1m^[22m[39m[31m[1
m^[22m[39m[31m[1m^[22m[39m[31m[1m^
[22m[39m[31m[1m^[22m[39m[31m[1m^[22
m[39m[31m[1m^[22m[39m[31m[1m^[22m[
39m[31m[1m^[22m[39m
 [90m 12 |[39m [36mimport[39m { 
[33mButton[39m } [36mfrom[39m [32m"@/c
omponents/ui/button"[39m[33m;[39m
 [90m 13 |[39m
 [90m 14 |[39m [36minterface[39m 
[33mPayslipDialogProps[39m {[0m



Import traces:
  Client Component Browser:
    ./frontend/app/dashboard/payroll/compon
ents/payslip-dialog.tsx [Client Component 
Browser]
    
./frontend/app/dashboard/payroll/page.tsx 
[Client Component Browser]
    
./frontend/app/dashboard/payroll/page.tsx 
[Server Component]

  Client Component SSR:
    ./frontend/app/dashboard/payroll/compon
ents/payslip-dialog.tsx [Client Component 
SSR]
    
./frontend/app/dashboard/payroll/page.tsx 
[Client Component SSR]
    
./frontend/app/dashboard/payroll/page.tsx 
[Server Component]

https://nextjs.org/docs/messages/module-not
-found


./frontend/app/dashboard/payroll/components
/process-payroll-dialog.tsx:16:1
Module not found: Can't resolve 
'lucide-react'
[0m [90m 14 |[39m [36mimport[39m { 
[33mSelect[39m[33m,[39m 
[33mSelectContent[39m[33m,[39m 
[33mSelectItem[39m[33m,[39m 
[33mSelectTrigger[39m[33m,[39m 
[33mSelectValue[39m } [36mfrom[39m [32
m"@/components/ui/select"[39m[33m;[39m
 [90m 15 |[39m [36mimport[39m { toast 
} [36mfrom[39m [32m"@/components/ui/use-
toast"[39m[33m;[39m
[31m[1m>[22m[39m[90m 16 |[39m 
[36mimport[39m { [33mLoader2[39m } 
[36mfrom[39m 
[32m"lucide-react"[39m[33m;[39m
 [90m    |[39m [31m[1m^[22m[39m[31m
[1m^[22m[39m[31m[1m^[22m[39m[31m[1m
^[22m[39m[31m[1m^[22m[39m[31m[1m^[
22m[39m[31m[1m^[22m[39m[31m[1m^[22m
[39m[31m[1m^[22m[39m[31m[1m^[22m[3
9m[31m[1m^[22m[39m[31m[1m^[22m[39m
[31m[1m^[22m[39m[31m[1m^[22m[39m[31
m[1m^[22m[39m[31m[1m^[22m[39m[31m[
1m^[22m[39m[31m[1m^[22m[39m[31m[1m^
[22m[39m[31m[1m^[22m[39m[31m[1m^[2
2m[39m[31m[1m^[22m[39m[31m[1m^[22m
[39m[31m[1m^[22m[39m[31m[1m^[22m[39
m[31m[1m^[22m[39m[31m[1m^[22m[39m[
31m[1m^[22m[39m[31m[1m^[22m[39m[31m
[1m^[22m[39m[31m[1m^[22m[39m[31m[1
m^[22m[39m[31m[1m^[22m[39m[31m[1m^
[22m[39m[31m[1m^[22m[39m[31m[1m^[22
m[39m[31m[1m^[22m[39m[31m[1m^[22m[
39m[31m[1m^[22m[39m
 [90m 17 |[39m [36mimport[39m { api } 
[36mfrom[39m 
[32m"@/lib/api"[39m[33m;[39m
 [90m 18 |[39m
 [90m 19 |[39m [36minterface[39m 
[33mProcessPayrollDialogProps[39m {[0m



Import traces:
  Client Component Browser:
    ./frontend/app/dashboard/payroll/compon
ents/process-payroll-dialog.tsx [Client 
Component Browser]
    
./frontend/app/dashboard/payroll/page.tsx 
[Client Component Browser]
    
./frontend/app/dashboard/payroll/page.tsx 
[Server Component]

  Client Component SSR:
    ./frontend/app/dashboard/payroll/compon
ents/process-payroll-dialog.tsx [Client 
Component SSR]
    
./frontend/app/dashboard/payroll/page.tsx 
[Client Component SSR]
    
./frontend/app/dashboard/payroll/page.tsx 
[Server Component]

https://nextjs.org/docs/messages/module-not
-found


./frontend/app/dashboard/payroll/page.tsx:1
8:1
Module not found: Can't resolve 
'lucide-react'
[0m [90m 16 |[39m [36mimport[39m { 
[33mProcessPayrollDialog[39m } 
[36mfrom[39m [32m'./components/process-p
ayroll-dialog'[39m[33m;[39m
 [90m 17 |[39m [36mimport[39m { 
[33mPayslipDialog[39m } [36mfrom[39m [
32m'./components/payslip-dialog'[39m[33m;
[39m
[31m[1m>[22m[39m[90m 18 |[39m 
[36mimport[39m { 
[33mEye[39m[33m,[39m 
[33mCircleDollarSign[39m[33m,[39m 
[33mHistory[39m[33m,[39m 
[33mUsers[39m } [36mfrom[39m 
[32m'lucide-react'[39m[33m;[39m
 [90m    |[39m [31m[1m^[22m[39m[31m
[1m^[22m[39m[31m[1m^[22m[39m[31m[1m
^[22m[39m[31m[1m^[22m[39m[31m[1m^[
22m[39m[31m[1m^[22m[39m[31m[1m^[22m
[39m[31m[1m^[22m[39m[31m[1m^[22m[3
9m[31m[1m^[22m[39m[31m[1m^[22m[39m
[31m[1m^[22m[39m[31m[1m^[22m[39m[31
m[1m^[22m[39m[31m[1m^[22m[39m[31m[
1m^[22m[39m[31m[1m^[22m[39m[31m[1m^
[22m[39m[31m[1m^[22m[39m[31m[1m^[2
2m[39m[31m[1m^[22m[39m[31m[1m^[22m
[39m[31m[1m^[22m[39m[31m[1m^[22m[39
m[31m[1m^[22m[39m[31m[1m^[22m[39m[
31m[1m^[22m[39m[31m[1m^[22m[39m[31m
[1m^[22m[39m[31m[1m^[22m[39m[31m[1
m^[22m[39m[31m[1m^[22m[39m[31m[1m^
[22m[39m[31m[1m^[22m[39m[31m[1m^[22
m[39m[31m[1m^[22m[39m[31m[1m^[22m[
39m[31m[1m^[22m[39m[31m[1m^[22m[39m
[31m[1m^[22m[39m[31m[1m^[22m[39m[3
1m[1m^[22m[39m[31m[1m^[22m[39m[31m
[1m^[22m[39m[31m[1m^[22m[39m[31m[1m
^[22m[39m[31m[1m^[22m[39m[31m[1m^[
22m[39m[31m[1m^[22m[39m[31m[1m^[22m
[39m[31m[1m^[22m[39m[31m[1m^[22m[3
9m[31m[1m^[22m[39m[31m[1m^[22m[39m
[31m[1m^[22m[39m[31m[1m^[22m[39m[31
m[1m^[22m[39m[31m[1m^[22m[39m[31m[
1m^[22m[39m[31m[1m^[22m[39m[31m[1m^
[22m[39m[31m[1m^[22m[39m[31m[1m^[2
2m[39m[31m[1m^[22m[39m[31m[1m^[22m
[39m[31m[1m^[22m[39m[31m[1m^[22m[39
m[31m[1m^[22m[39m
 [90m 19 |[39m [36mimport[39m { 
useLanguage } [36mfrom[39m [32m'@/contex
ts/language-context'[39m[33m;[39m
 [90m 20 |[39m
 [90m 21 |[39m [36mexport[39m 
[36mdefault[39m [36mfunction[39m 
[33mPayrollPage[39m() {[0m



Import traces:
  Client Component Browser:
    
./frontend/app/dashboard/payroll/page.tsx 
[Client Component Browser]
    
./frontend/app/dashboard/payroll/page.tsx 
[Server Component]

  Client Component SSR:
    
./frontend/app/dashboard/payroll/page.tsx 
[Client Component SSR]
    
./frontend/app/dashboard/payroll/page.tsx 
[Server Component]

https://nextjs.org/docs/messages/module-not
-found


./frontend/app/dashboard/policies/[id]/page
.tsx:6:1
Module not found: Can't resolve 
'lucide-react'
[0m [90m  4 |[39m [36mimport[39m { 
useRouter } [36mfrom[39m 
[32m'next/navigation'[39m[33m;[39m
 [90m  5 |[39m [36mimport[39m { format 
} [36mfrom[39m 
[32m'date-fns'[39m[33m;[39m
[31m[1m>[22m[39m[90m  6 |[39m 
[36mimport[39m {
 [90m    |[39m [31m[1m^[22m[39m[31m
[1m^[22m[39m[31m[1m^[22m[39m[31m[1m
^[22m[39m[31m[1m^[22m[39m[31m[1m^[
22m[39m[31m[1m^[22m[39m[31m[1m^[22m
[39m
[31m[1m>[22m[39m[90m  7 |[39m     
[33mArrowLeft[39m[33m,[39m
 [90m    |[39m [31m[1m^[22m[39m[31m
[1m^[22m[39m[31m[1m^[22m[39m[31m[1m
^[22m[39m[31m[1m^[22m[39m[31m[1m^[
22m[39m[31m[1m^[22m[39m[31m[1m^[22m
[39m[31m[1m^[22m[39m[31m[1m^[22m[3
9m[31m[1m^[22m[39m[31m[1m^[22m[39m
[31m[1m^[22m[39m[31m[1m^[22m[39m
[31m[1m>[22m[39m[90m  8 |[39m     
[33mPrinter[39m[33m,[39m
 [90m    |[39m [31m[1m^[22m[39m[31m
[1m^[22m[39m[31m[1m^[22m[39m[31m[1m
^[22m[39m[31m[1m^[22m[39m[31m[1m^[
22m[39m[31m[1m^[22m[39m[31m[1m^[22m
[39m[31m[1m^[22m[39m[31m[1m^[22m[3
9m[31m[1m^[22m[39m[31m[1m^[22m[39m
[31m[1m^[22m[39m[31m[1m^[22m[39m
[31m[1m>[22m[39m[90m  9 |[39m     
[33mEdit[39m[33m,[39m
 [90m    |[39m [31m[1m^[22m[39m[31m
[1m^[22m[39m[31m[1m^[22m[39m[31m[1m
^[22m[39m[31m[1m^[22m[39m[31m[1m^[
22m[39m[31m[1m^[22m[39m[31m[1m^[22m
[39m[31m[1m^[22m[39m[31m[1m^[22m[3
9m[31m[1m^[22m[39m[31m[1m^[22m[39m
[31m[1m^[22m[39m[31m[1m^[22m[39m
[31m[1m>[22m[39m[90m 10 |[39m     
[33mCreditCard[39m[33m,[39m
 [90m    |[39m [31m[1m^[22m[39m[31m
[1m^[22m[39m[31m[1m^[22m[39m[31m[1m
^[22m[39m[31m[1m^[22m[39m[31m[1m^[
22m[39m[31m[1m^[22m[39m[31m[1m^[22m
[39m[31m[1m^[22m[39m[31m[1m^[22m[3
9m[31m[1m^[22m[39m[31m[1m^[22m[39m
[31m[1m^[22m[39m[31m[1m^[22m[39m
[31m[1m>[22m[39m[90m 11 |[39m     
[33mDownload[39m[33m,[39m
 [90m    |[39m [31m[1m^[22m[39m[31m
[1m^[22m[39m[31m[1m^[22m[39m[31m[1m
^[22m[39m[31m[1m^[22m[39m[31m[1m^[
22m[39m[31m[1m^[22m[39m[31m[1m^[22m
[39m[31m[1m^[22m[39m[31m[1m^[22m[3
9m[31m[1m^[22m[39m[31m[1m^[22m[39m
[31m[1m^[22m[39m[31m[1m^[22m[39m
[31m[1m>[22m[39m[90m 12 |[39m     
[33mFileText[39m[33m,[39m
 [90m    |[39m [31m[1m^[22m[39m[31m
[1m^[22m[39m[31m[1m^[22m[39m[31m[1m
^[22m[39m[31m[1m^[22m[39m[31m[1m^[
22m[39m[31m[1m^[22m[39m[31m[1m^[22m
[39m[31m[1m^[22m[39m[31m[1m^[22m[3
9m[31m[1m^[22m[39m[31m[1m^[22m[39m
[31m[1m^[22m[39m[31m[1m^[22m[39m
[31m[1m>[22m[39m[90m 13 |[39m     
[33mCheckCircle2[39m[33m,[39m
 [90m    |[39m [31m[1m^[22m[39m[31m
[1m^[22m[39m[31m[1m^[22m[39m[31m[1m
^[22m[39m[31m[1m^[22m[39m[31m[1m^[
22m[39m[31m[1m^[22m[39m[31m[1m^[22m
[39m[31m[1m^[22m[39m[31m[1m^[22m[3
9m[31m[1m^[22m[39m[31m[1m^[22m[39m
[31m[1m^[22m[39m[31m[1m^[22m[39m
[31m[1m>[22m[39m[90m 14 |[39m     
[33mXCircle[39m[33m,[39m
 [90m    |[39m [31m[1m^[22m[39m[31m
[1m^[22m[39m[31m[1m^[22m[39m[31m[1m
^[22m[39m[31m[1m^[22m[39m[31m[1m^[
22m[39m[31m[1m^[22m[39m[31m[1m^[22m
[39m[31m[1m^[22m[39m[31m[1m^[22m[3
9m[31m[1m^[22m[39m[31m[1m^[22m[39m
[31m[1m^[22m[39m[31m[1m^[22m[39m
[31m[1m>[22m[39m[90m 15 |[39m     
[33mAlertCircle[39m[33m,[39m
 [90m    |[39m [31m[1m^[22m[39m[31m
[1m^[22m[39m[31m[1m^[22m[39m[31m[1m
^[22m[39m[31m[1m^[22m[39m[31m[1m^[
22m[39m[31m[1m^[22m[39m[31m[1m^[22m
[39m[31m[1m^[22m[39m[31m[1m^[22m[3
9m[31m[1m^[22m[39m[31m[1m^[22m[39m
[31m[1m^[22m[39m[31m[1m^[22m[39m
[31m[1m>[22m[39m[90m 16 |[39m     
[33mClock[39m[33m,[39m
 [90m    |[39m [31m[1m^[22m[39m[31m
[1m^[22m[39m[31m[1m^[22m[39m[31m[1m
^[22m[39m[31m[1m^[22m[39m[31m[1m^[
22m[39m[31m[1m^[22m[39m[31m[1m^[22m
[39m[31m[1m^[22m[39m[31m[1m^[22m[3
9m[31m[1m^[22m[39m[31m[1m^[22m[39m
[31m[1m^[22m[39m[31m[1m^[22m[39m
[31m[1m>[22m[39m[90m 17 |[39m     
[33mBot[39m[33m,[39m
 [90m    |[39m [31m[1m^[22m[39m[31m
[1m^[22m[39m[31m[1m^[22m[39m[31m[1m
^[22m[39m[31m[1m^[22m[39m[31m[1m^[
22m[39m[31m[1m^[22m[39m[31m[1m^[22m
[39m[31m[1m^[22m[39m[31m[1m^[22m[3
9m[31m[1m^[22m[39m[31m[1m^[22m[39m
[31m[1m^[22m[39m[31m[1m^[22m[39m
[31m[1m>[22m[39m[90m 18 |[39m     
[33mQrCode[39m[33m,[39m
 [90m    |[39m [31m[1m^[22m[39m[31m
[1m^[22m[39m[31m[1m^[22m[39m[31m[1m
^[22m[39m[31m[1m^[22m[39m[31m[1m^[
22m[39m[31m[1m^[22m[39m[31m[1m^[22m
[39m[31m[1m^[22m[39m[31m[1m^[22m[3
9m[31m[1m^[22m[39m[31m[1m^[22m[39m
[31m[1m^[22m[39m[31m[1m^[22m[39m
[31m[1m>[22m[39m[90m 19 |[39m     
[33mUsers[39m[33m,[39m
 [90m    |[39m [31m[1m^[22m[39m[31m
[1m^[22m[39m[31m[1m^[22m[39m[31m[1m
^[22m[39m[31m[1m^[22m[39m[31m[1m^[
22m[39m[31m[1m^[22m[39m[31m[1m^[22m
[39m[31m[1m^[22m[39m[31m[1m^[22m[3
9m[31m[1m^[22m[39m[31m[1m^[22m[39m
[31m[1m^[22m[39m[31m[1m^[22m[39m
[31m[1m>[22m[39m[90m 20 |[39m     
[33mLoader2[39m
 [90m    |[39m [31m[1m^[22m[39m[31m
[1m^[22m[39m[31m[1m^[22m[39m[31m[1m
^[22m[39m[31m[1m^[22m[39m[31m[1m^[
22m[39m[31m[1m^[22m[39m[31m[1m^[22m
[39m[31m[1m^[22m[39m[31m[1m^[22m[3
9m[31m[1m^[22m[39m[31m[1m^[22m[39m
[31m[1m^[22m[39m[31m[1m^[22m[39m
[31m[1m>[22m[39m[90m 21 |[39m } 
[36mfrom[39m 
[32m'lucide-react'[39m[33m;[39m
 [90m    |[39m [31m[1m^[22m[39m[31m
[1m^[22m[39m[31m[1m^[22m[39m[31m[1m
^[22m[39m[31m[1m^[22m[39m[31m[1m^[
22m[39m[31m[1m^[22m[39m[31m[1m^[22m
[39m[31m[1m^[22m[39m[31m[1m^[22m[3
9m[31m[1m^[22m[39m[31m[1m^[22m[39m
[31m[1m^[22m[39m[31m[1m^[22m[39m[31
m[1m^[22m[39m[31m[1m^[22m[39m[31m[
1m^[22m[39m[31m[1m^[22m[39m[31m[1m^
[22m[39m[31m[1m^[22m[39m[31m[1m^[2
2m[39m[31m[1m^[22m[39m[31m[1m^[22m
[39m
 [90m 22 |[39m [36mimport[39m { 
useLanguage } [36mfrom[39m [32m'@/contex
ts/language-context'[39m[33m;[39m
 [90m 23 |[39m
 [90m 24 |[39m [36mimport[39m { 
policyApi } [36mfrom[39m 
[32m'@/lib/policy-api'[39m[33m;[39m[0m



Import traces:
  Client Component Browser:
    ./frontend/app/dashboard/policies/[id]/
page.tsx [Client Component Browser]
    ./frontend/app/dashboard/policies/[id]/
page.tsx [Server Component]

  Client Component SSR:
    ./frontend/app/dashboard/policies/[id]/
page.tsx [Client Component SSR]
    ./frontend/app/dashboard/policies/[id]/
page.tsx [Server Component]

https://nextjs.org/docs/messages/module-not
-found


./frontend/app/dashboard/policies/columns.t
sx:8:1
Module not found: Can't resolve 
'lucide-react'
[0m [90m  6 |[39m [36mimport[39m { 
[33mBadge[39m } [36mfrom[39m 
[32m"@/components/ui/badge"[39m
 [90m  7 |[39m [36mimport[39m { 
[33mButton[39m } [36mfrom[39m 
[32m"@/components/ui/button"[39m
[31m[1m>[22m[39m[90m  8 |[39m 
[36mimport[39m { 
[33mCheckCircle2[39m[33m,[39m 
[33mClock[39m[33m,[39m 
[33mXCircle[39m[33m,[39m 
[33mAlertCircle[39m[33m,[39m 
[33mMoreHorizontal[39m[33m,[39m 
[33mFileText[39m } [36mfrom[39m 
[32m"lucide-react"[39m
 [90m    |[39m [31m[1m^[22m[39m[31m
[1m^[22m[39m[31m[1m^[22m[39m[31m[1m
^[22m[39m[31m[1m^[22m[39m[31m[1m^[
22m[39m[31m[1m^[22m[39m[31m[1m^[22m
[39m[31m[1m^[22m[39m[31m[1m^[22m[3
9m[31m[1m^[22m[39m[31m[1m^[22m[39m
[31m[1m^[22m[39m[31m[1m^[22m[39m[31
m[1m^[22m[39m[31m[1m^[22m[39m[31m[
1m^[22m[39m[31m[1m^[22m[39m[31m[1m^
[22m[39m[31m[1m^[22m[39m[31m[1m^[2
2m[39m[31m[1m^[22m[39m[31m[1m^[22m
[39m[31m[1m^[22m[39m[31m[1m^[22m[39
m[31m[1m^[22m[39m[31m[1m^[22m[39m[
31m[1m^[22m[39m[31m[1m^[22m[39m[31m
[1m^[22m[39m[31m[1m^[22m[39m[31m[1
m^[22m[39m[31m[1m^[22m[39m[31m[1m^
[22m[39m[31m[1m^[22m[39m[31m[1m^[22
m[39m[31m[1m^[22m[39m[31m[1m^[22m[
39m[31m[1m^[22m[39m[31m[1m^[22m[39m
[31m[1m^[22m[39m[31m[1m^[22m[39m[3
1m[1m^[22m[39m[31m[1m^[22m[39m[31m
[1m^[22m[39m[31m[1m^[22m[39m[31m[1m
^[22m[39m[31m[1m^[22m[39m[31m[1m^[
22m[39m[31m[1m^[22m[39m[31m[1m^[22m
[39m[31m[1m^[22m[39m[31m[1m^[22m[3
9m[31m[1m^[22m[39m[31m[1m^[22m[39m
[31m[1m^[22m[39m[31m[1m^[22m[39m[31
m[1m^[22m[39m[31m[1m^[22m[39m[31m[
1m^[22m[39m[31m[1m^[22m[39m[31m[1m^
[22m[39m[31m[1m^[22m[39m[31m[1m^[2
2m[39m[31m[1m^[22m[39m[31m[1m^[22m
[39m[31m[1m^[22m[39m[31m[1m^[22m[39
m[31m[1m^[22m[39m[31m[1m^[22m[39m[
31m[1m^[22m[39m[31m[1m^[22m[39m[31m
[1m^[22m[39m[31m[1m^[22m[39m[31m[1
m^[22m[39m[31m[1m^[22m[39m[31m[1m^
[22m[39m[31m[1m^[22m[39m[31m[1m^[22
m[39m[31m[1m^[22m[39m[31m[1m^[22m[
39m[31m[1m^[22m[39m[31m[1m^[22m[39m
[31m[1m^[22m[39m[31m[1m^[22m[39m[3
1m[1m^[22m[39m[31m[1m^[22m[39m[31m
[1m^[22m[39m[31m[1m^[22m[39m[31m[1m
^[22m[39m[31m[1m^[22m[39m[31m[1m^[
22m[39m[31m[1m^[22m[39m[31m[1m^[22m
[39m[31m[1m^[22m[39m[31m[1m^[22m[3
9m[31m[1m^[22m[39m[31m[1m^[22m[39m
 [90m  9 |[39m [36mimport[39m { format 
} [36mfrom[39m [32m"date-fns"[39m
 [90m 10 |[39m [36mimport[39m { 
useRouter } [36mfrom[39m 
[32m'next/navigation'[39m
 [90m 11 |[39m[0m



Import traces:
  Client Component Browser:
    ./frontend/app/dashboard/policies/colum
ns.tsx [Client Component Browser]
    
./frontend/app/dashboard/policies/page.tsx 
[Client Component Browser]
    
./frontend/app/dashboard/policies/page.tsx 
[Server Component]

  Client Component SSR:
    ./frontend/app/dashboard/policies/colum
ns.tsx [Client Component SSR]
    
./frontend/app/dashboard/policies/page.tsx 
[Client Component SSR]
    
./frontend/app/dashboard/policies/page.tsx 
[Server Component]

https://nextjs.org/docs/messages/module-not
-found


./frontend/app/dashboard/policies/page.tsx:
8:1
Module not found: Can't resolve 
'lucide-react'
[0m [90m  6 |[39m [36mimport[39m { 
useState[33m,[39m useEffect[33m,[39m 
useCallback[33m,[39m useMemo } 
[36mfrom[39m [32m'react'[39m[33m;[39m
 [90m  7 |[39m [36mimport[39m { 
useRouter } [36mfrom[39m 
[32m'next/navigation'[39m[33m;[39m
[31m[1m>[22m[39m[90m  8 |[39m 
[36mimport[39m {
 [90m    |[39m [31m[1m^[22m[39m[31m
[1m^[22m[39m[31m[1m^[22m[39m[31m[1m
^[22m[39m[31m[1m^[22m[39m[31m[1m^[
22m[39m[31m[1m^[22m[39m[31m[1m^[22m
[39m
[31m[1m>[22m[39m[90m  9 |[39m     
[33mPlus[39m[33m,[39m
 [90m    |[39m [31m[1m^[22m[39m[31m
[1m^[22m[39m[31m[1m^[22m[39m[31m[1m
^[22m[39m[31m[1m^[22m[39m[31m[1m^[
22m[39m[31m[1m^[22m[39m[31m[1m^[22m
[39m[31m[1m^[22m[39m
[31m[1m>[22m[39m[90m 10 |[39m     
[33mShield[39m[33m,[39m
 [90m    |[39m [31m[1m^[22m[39m[31m
[1m^[22m[39m[31m[1m^[22m[39m[31m[1m
^[22m[39m[31m[1m^[22m[39m[31m[1m^[
22m[39m[31m[1m^[22m[39m[31m[1m^[22m
[39m[31m[1m^[22m[39m
[31m[1m>[22m[39m[90m 11 |[39m     
[33mLoader2[39m
 [90m    |[39m [31m[1m^[22m[39m[31m
[1m^[22m[39m[31m[1m^[22m[39m[31m[1m
^[22m[39m[31m[1m^[22m[39m[31m[1m^[
22m[39m[31m[1m^[22m[39m[31m[1m^[22m
[39m[31m[1m^[22m[39m
[31m[1m>[22m[39m[90m 12 |[39m } 
[36mfrom[39m 
[32m'lucide-react'[39m[33m;[39m
 [90m    |[39m [31m[1m^[22m[39m[31m
[1m^[22m[39m[31m[1m^[22m[39m[31m[1m
^[22m[39m[31m[1m^[22m[39m[31m[1m^[
22m[39m[31m[1m^[22m[39m[31m[1m^[22m
[39m[31m[1m^[22m[39m[31m[1m^[22m[3
9m[31m[1m^[22m[39m[31m[1m^[22m[39m
[31m[1m^[22m[39m[31m[1m^[22m[39m[31
m[1m^[22m[39m[31m[1m^[22m[39m[31m[
1m^[22m[39m[31m[1m^[22m[39m[31m[1m^
[22m[39m[31m[1m^[22m[39m[31m[1m^[2
2m[39m[31m[1m^[22m[39m[31m[1m^[22m
[39m
 [90m 13 |[39m [36mimport[39m { 
useLanguage } [36mfrom[39m [32m'@/contex
ts/language-context'[39m[33m;[39m
 [90m 14 |[39m
 [90m 15 |[39m [36mimport[39m { 
policyApi } [36mfrom[39m 
[32m'@/lib/policy-api'[39m[33m;[39m[0m



Import traces:
  Client Component Browser:
    
./frontend/app/dashboard/policies/page.tsx 
[Client Component Browser]
    
./frontend/app/dashboard/policies/page.tsx 
[Server Component]

  Client Component SSR:
    
./frontend/app/dashboard/policies/page.tsx 
[Client Component SSR]
    
./frontend/app/dashboard/policies/page.tsx 
[Server Component]

https://nextjs.org/docs/messages/module-not
-found


./frontend/app/dashboard/policy-templates/c
olumns.tsx:6:1
Module not found: Can't resolve 
'lucide-react'
[0m [90m 4 |[39m [36mimport[39m { 
[33mBadge[39m } [36mfrom[39m 
[32m"@/components/ui/badge"[39m
 [90m 5 |[39m [36mimport[39m { 
[33mButton[39m } [36mfrom[39m 
[32m"@/components/ui/button"[39m
[31m[1m>[22m[39m[90m 6 |[39m 
[36mimport[39m { 
[33mMoreHorizontal[39m[33m,[39m 
[33mEye[39m[33m,[39m 
[33mEdit[39m[33m,[39m 
[33mTrash[39m[33m,[39m [33mCopy[39m 
} [36mfrom[39m [32m"lucide-react"[39m
 [90m   |[39m [31m[1m^[22m[39m[31m[
1m^[22m[39m[31m[1m^[22m[39m[31m[1m^
[22m[39m[31m[1m^[22m[39m[31m[1m^[2
2m[39m[31m[1m^[22m[39m[31m[1m^[22m
[39m[31m[1m^[22m[39m[31m[1m^[22m[39
m[31m[1m^[22m[39m[31m[1m^[22m[39m[
31m[1m^[22m[39m[31m[1m^[22m[39m[31m
[1m^[22m[39m[31m[1m^[22m[39m[31m[1
m^[22m[39m[31m[1m^[22m[39m[31m[1m^
[22m[39m[31m[1m^[22m[39m[31m[1m^[22
m[39m[31m[1m^[22m[39m[31m[1m^[22m[
39m[31m[1m^[22m[39m[31m[1m^[22m[39m
[31m[1m^[22m[39m[31m[1m^[22m[39m[3
1m[1m^[22m[39m[31m[1m^[22m[39m[31m
[1m^[22m[39m[31m[1m^[22m[39m[31m[1m
^[22m[39m[31m[1m^[22m[39m[31m[1m^[
22m[39m[31m[1m^[22m[39m[31m[1m^[22m
[39m[31m[1m^[22m[39m[31m[1m^[22m[3
9m[31m[1m^[22m[39m[31m[1m^[22m[39m
[31m[1m^[22m[39m[31m[1m^[22m[39m[31
m[1m^[22m[39m[31m[1m^[22m[39m[31m[
1m^[22m[39m[31m[1m^[22m[39m[31m[1m^
[22m[39m[31m[1m^[22m[39m[31m[1m^[2
2m[39m[31m[1m^[22m[39m[31m[1m^[22m
[39m[31m[1m^[22m[39m[31m[1m^[22m[39
m[31m[1m^[22m[39m[31m[1m^[22m[39m[
31m[1m^[22m[39m[31m[1m^[22m[39m[31m
[1m^[22m[39m[31m[1m^[22m[39m[31m[1
m^[22m[39m[31m[1m^[22m[39m[31m[1m^
[22m[39m[31m[1m^[22m[39m[31m[1m^[22
m[39m[31m[1m^[22m[39m[31m[1m^[22m[
39m[31m[1m^[22m[39m[31m[1m^[22m[39m
[31m[1m^[22m[39m
 [90m 7 |[39m [36mimport[39m {
 [90m 8 |[39m     
[33mDropdownMenu[39m[33m,[39m
 [90m 9 |[39m     [33mDropdownMenuConten
t[39m[33m,[39m[0m



Import traces:
  Client Component Browser:
    ./frontend/app/dashboard/policy-templat
es/columns.tsx [Client Component Browser]
    ./frontend/app/dashboard/policy-templat
es/page.tsx [Client Component Browser]
    ./frontend/app/dashboard/policy-templat
es/page.tsx [Server Component]

  Client Component SSR:
    ./frontend/app/dashboard/policy-templat
es/columns.tsx [Client Component SSR]
    ./frontend/app/dashboard/policy-templat
es/page.tsx [Client Component SSR]
    ./frontend/app/dashboard/policy-templat
es/page.tsx [Server Component]

https://nextjs.org/docs/messages/module-not
-found


./frontend/app/dashboard/policy-templates/p
age.tsx:5:1
Module not found: Can't resolve 
'lucide-react'
[0m [90m 3 |[39m [36mimport[39m { 
useState[33m,[39m useEffect[33m,[39m 
useCallback[33m,[39m useMemo } 
[36mfrom[39m [32m"react"[39m
 [90m 4 |[39m [36mimport[39m { 
useRouter } [36mfrom[39m 
[32m"next/navigation"[39m
[31m[1m>[22m[39m[90m 5 |[39m 
[36mimport[39m { 
[33mPlus[39m[33m,[39m 
[33mFileText[39m[33m,[39m 
[33mLoader2[39m } [36mfrom[39m 
[32m"lucide-react"[39m
 [90m   |[39m [31m[1m^[22m[39m[31m[
1m^[22m[39m[31m[1m^[22m[39m[31m[1m^
[22m[39m[31m[1m^[22m[39m[31m[1m^[2
2m[39m[31m[1m^[22m[39m[31m[1m^[22m
[39m[31m[1m^[22m[39m[31m[1m^[22m[39
m[31m[1m^[22m[39m[31m[1m^[22m[39m[
31m[1m^[22m[39m[31m[1m^[22m[39m[31m
[1m^[22m[39m[31m[1m^[22m[39m[31m[1
m^[22m[39m[31m[1m^[22m[39m[31m[1m^
[22m[39m[31m[1m^[22m[39m[31m[1m^[22
m[39m[31m[1m^[22m[39m[31m[1m^[22m[
39m[31m[1m^[22m[39m[31m[1m^[22m[39m
[31m[1m^[22m[39m[31m[1m^[22m[39m[3
1m[1m^[22m[39m[31m[1m^[22m[39m[31m
[1m^[22m[39m[31m[1m^[22m[39m[31m[1m
^[22m[39m[31m[1m^[22m[39m[31m[1m^[
22m[39m[31m[1m^[22m[39m[31m[1m^[22m
[39m[31m[1m^[22m[39m[31m[1m^[22m[3
9m[31m[1m^[22m[39m[31m[1m^[22m[39m
[31m[1m^[22m[39m[31m[1m^[22m[39m[31
m[1m^[22m[39m[31m[1m^[22m[39m[31m[
1m^[22m[39m[31m[1m^[22m[39m[31m[1m^
[22m[39m[31m[1m^[22m[39m[31m[1m^[2
2m[39m[31m[1m^[22m[39m[31m[1m^[22m
[39m[31m[1m^[22m[39m[31m[1m^[22m[39
m[31m[1m^[22m[39m
 [90m 6 |[39m
 [90m 7 |[39m [36mimport[39m { 
policyTemplateApi } [36mfrom[39m 
[32m"@/lib/policy-template-api"[39m
 [90m 8 |[39m [36mimport[39m { 
[33mPolicyTemplate[39m } [36mfrom[39m 
[32m"@/types/policy-template"[39m[0m



Import traces:
  Client Component Browser:
    ./frontend/app/dashboard/policy-templat
es/page.tsx [Client Component Browser]
    ./frontend/app/dashboard/policy-templat
es/page.tsx [Server Component]

  Client Component SSR:
    ./frontend/app/dashboard/policy-templat
es/page.tsx [Client Component SSR]
    ./frontend/app/dashboard/policy-templat
es/page.tsx [Server Component]

https://nextjs.org/docs/messages/module-not
-found


./frontend/app/dashboard/policy-types/page.
tsx:4:1
Module not found: Can't resolve 
'lucide-react'
[0m [90m 2 |[39m
 [90m 3 |[39m [36mimport[39m { 
useState[33m,[39m useEffect } 
[36mfrom[39m [32m"react"[39m[33m;[39m
[31m[1m>[22m[39m[90m 4 |[39m 
[36mimport[39m { 
[33mPlus[39m[33m,[39m 
[33mSearch[39m[33m,[39m 
[33mShield[39m } [36mfrom[39m 
[32m"lucide-react"[39m[33m;[39m
 [90m   |[39m [31m[1m^[22m[39m[31m[
1m^[22m[39m[31m[1m^[22m[39m[31m[1m^
[22m[39m[31m[1m^[22m[39m[31m[1m^[2
2m[39m[31m[1m^[22m[39m[31m[1m^[22m
[39m[31m[1m^[22m[39m[31m[1m^[22m[39
m[31m[1m^[22m[39m[31m[1m^[22m[39m[
31m[1m^[22m[39m[31m[1m^[22m[39m[31m
[1m^[22m[39m[31m[1m^[22m[39m[31m[1
m^[22m[39m[31m[1m^[22m[39m[31m[1m^
[22m[39m[31m[1m^[22m[39m[31m[1m^[22
m[39m[31m[1m^[22m[39m[31m[1m^[22m[
39m[31m[1m^[22m[39m[31m[1m^[22m[39m
[31m[1m^[22m[39m[31m[1m^[22m[39m[3
1m[1m^[22m[39m[31m[1m^[22m[39m[31m
[1m^[22m[39m[31m[1m^[22m[39m[31m[1m
^[22m[39m[31m[1m^[22m[39m[31m[1m^[
22m[39m[31m[1m^[22m[39m[31m[1m^[22m
[39m[31m[1m^[22m[39m[31m[1m^[22m[3
9m[31m[1m^[22m[39m[31m[1m^[22m[39m
[31m[1m^[22m[39m[31m[1m^[22m[39m[31
m[1m^[22m[39m[31m[1m^[22m[39m[31m[
1m^[22m[39m[31m[1m^[22m[39m[31m[1m^
[22m[39m[31m[1m^[22m[39m[31m[1m^[2
2m[39m[31m[1m^[22m[39m[31m[1m^[22m
[39m[31m[1m^[22m[39m
 [90m 5 |[39m [36mimport[39m { 
[33mQuoteAPI[39m } [36mfrom[39m 
[32m"@/lib/api/quotes"[39m[33m;[39m
 [90m 6 |[39m [36mimport[39m { 
[33mPolicyType[39m } [36mfrom[39m 
[32m"@/types/quote"[39m[33m;[39m
 [90m 7 |[39m [36mimport[39m { 
[33mButton[39m } [36mfrom[39m [32m"@/c
omponents/ui/button"[39m[33m;[39m[0m



Import traces:
  Client Component Browser:
    ./frontend/app/dashboard/policy-types/p
age.tsx [Client Component Browser]
    ./frontend/app/dashboard/policy-types/p
age.tsx [Server Component]

  Client Component SSR:
    ./frontend/app/dashboard/policy-types/p
age.tsx [Client Component SSR]
    ./frontend/app/dashboard/policy-types/p
age.tsx [Server Component]

https://nextjs.org/docs/messages/module-not
-found


./frontend/app/dashboard/pos/page.tsx:4:1
Module not found: Can't resolve 
'lucide-react'
[0m [90m 2 |[39m
 [90m 3 |[39m [36mimport[39m { 
useState[33m,[39m useEffect } 
[36mfrom[39m [32m"react"[39m[33m;[39m
[31m[1m>[22m[39m[90m 4 |[39m 
[36mimport[39m { 
[33mPlus[39m[33m,[39m 
[33mPackage[39m[33m,[39m 
[33mEdit[39m[33m,[39m 
[33mTrash2[39m[33m,[39m 
[33mUsers[39m[33m,[39m 
[33mBarChart3[39m } [36mfrom[39m 
[32m"lucide-react"[39m[33m;[39m
 [90m   |[39m [31m[1m^[22m[39m[31m[
1m^[22m[39m[31m[1m^[22m[39m[31m[1m^
[22m[39m[31m[1m^[22m[39m[31m[1m^[2
2m[39m[31m[1m^[22m[39m[31m[1m^[22m
[39m[31m[1m^[22m[39m[31m[1m^[22m[39
m[31m[1m^[22m[39m[31m[1m^[22m[39m[
31m[1m^[22m[39m[31m[1m^[22m[39m[31m
[1m^[22m[39m[31m[1m^[22m[39m[31m[1
m^[22m[39m[31m[1m^[22m[39m[31m[1m^
[22m[39m[31m[1m^[22m[39m[31m[1m^[22
m[39m[31m[1m^[22m[39m[31m[1m^[22m[
39m[31m[1m^[22m[39m[31m[1m^[22m[39m
[31m[1m^[22m[39m[31m[1m^[22m[39m[3
1m[1m^[22m[39m[31m[1m^[22m[39m[31m
[1m^[22m[39m[31m[1m^[22m[39m[31m[1m
^[22m[39m[31m[1m^[22m[39m[31m[1m^[
22m[39m[31m[1m^[22m[39m[31m[1m^[22m
[39m[31m[1m^[22m[39m[31m[1m^[22m[3
9m[31m[1m^[22m[39m[31m[1m^[22m[39m
[31m[1m^[22m[39m[31m[1m^[22m[39m[31
m[1m^[22m[39m[31m[1m^[22m[39m[31m[
1m^[22m[39m[31m[1m^[22m[39m[31m[1m^
[22m[39m[31m[1m^[22m[39m[31m[1m^[2
2m[39m[31m[1m^[22m[39m[31m[1m^[22m
[39m[31m[1m^[22m[39m[31m[1m^[22m[39
m[31m[1m^[22m[39m[31m[1m^[22m[39m[
31m[1m^[22m[39m[31m[1m^[22m[39m[31m
[1m^[22m[39m[31m[1m^[22m[39m[31m[1
m^[22m[39m[31m[1m^[22m[39m[31m[1m^
[22m[39m[31m[1m^[22m[39m[31m[1m^[22
m[39m[31m[1m^[22m[39m[31m[1m^[22m[
39m[31m[1m^[22m[39m[31m[1m^[22m[39m
[31m[1m^[22m[39m[31m[1m^[22m[39m[3
1m[1m^[22m[39m[31m[1m^[22m[39m[31m
[1m^[22m[39m[31m[1m^[22m[39m[31m[1m
^[22m[39m[31m[1m^[22m[39m[31m[1m^[
22m[39m
 [90m 5 |[39m [36mimport[39m { 
[33mButton[39m } [36mfrom[39m [32m"@/c
omponents/ui/button"[39m[33m;[39m
 [90m 6 |[39m [36mimport[39m { 
[33mCard[39m[33m,[39m 
[33mCardContent[39m[33m,[39m 
[33mCardHeader[39m[33m,[39m 
[33mCardTitle[39m[33m,[39m 
[33mCardDescription[39m } [36mfrom[39m 
[32m"@/components/ui/card"[39m[33m;[39m
 [90m 7 |[39m [36mimport[39m { 
[33mDialog[39m[33m,[39m 
[33mDialogContent[39m[33m,[39m 
[33mDialogHeader[39m[33m,[39m 
[33mDialogTitle[39m[33m,[39m 
[33mDialogTrigger[39m[33m,[39m 
[33mDialogFooter[39m } [36mfrom[39m [3
2m"@/components/ui/dialog"[39m[33m;[39m
[0m



Import traces:
  Client Component Browser:
    ./frontend/app/dashboard/pos/page.tsx 
[Client Component Browser]
    ./frontend/app/dashboard/pos/page.tsx 
[Server Component]

  Client Component SSR:
    ./frontend/app/dashboard/pos/page.tsx 
[Client Component SSR]
    ./frontend/app/dashboard/pos/page.tsx 
[Server Component]

https://nextjs.org/docs/messages/module-not
-found


./frontend/app/dashboard/quotes/columns.tsx
:6:1
Module not found: Can't resolve 
'lucide-react'
[0m [90m 4 |[39m [36mimport[39m { 
[33mQuote[39m } [36mfrom[39m 
[32m"@/types/quote"[39m
 [90m 5 |[39m [36mimport[39m { 
[33mButton[39m } [36mfrom[39m 
[32m"@/components/ui/button"[39m
[31m[1m>[22m[39m[90m 6 |[39m 
[36mimport[39m { 
[33mMoreHorizontal[39m[33m,[39m 
[33mFileText[39m[33m,[39m 
[33mTrash[39m[33m,[39m 
[33mSend[39m[33m,[39m 
[33mCheckCircle[39m[33m,[39m 
[33mXCircle[39m[33m,[39m 
[33mArchive[39m } [36mfrom[39m 
[32m"lucide-react"[39m
 [90m   |[39m [31m[1m^[22m[39m[31m[
1m^[22m[39m[31m[1m^[22m[39m[31m[1m^
[22m[39m[31m[1m^[22m[39m[31m[1m^[2
2m[39m[31m[1m^[22m[39m[31m[1m^[22m
[39m[31m[1m^[22m[39m[31m[1m^[22m[39
m[31m[1m^[22m[39m[31m[1m^[22m[39m[
31m[1m^[22m[39m[31m[1m^[22m[39m[31m
[1m^[22m[39m[31m[1m^[22m[39m[31m[1
m^[22m[39m[31m[1m^[22m[39m[31m[1m^
[22m[39m[31m[1m^[22m[39m[31m[1m^[22
m[39m[31m[1m^[22m[39m[31m[1m^[22m[
39m[31m[1m^[22m[39m[31m[1m^[22m[39m
[31m[1m^[22m[39m[31m[1m^[22m[39m[3
1m[1m^[22m[39m[31m[1m^[22m[39m[31m
[1m^[22m[39m[31m[1m^[22m[39m[31m[1m
^[22m[39m[31m[1m^[22m[39m[31m[1m^[
22m[39m[31m[1m^[22m[39m[31m[1m^[22m
[39m[31m[1m^[22m[39m[31m[1m^[22m[3
9m[31m[1m^[22m[39m[31m[1m^[22m[39m
[31m[1m^[22m[39m[31m[1m^[22m[39m[31
m[1m^[22m[39m[31m[1m^[22m[39m[31m[
1m^[22m[39m[31m[1m^[22m[39m[31m[1m^
[22m[39m[31m[1m^[22m[39m[31m[1m^[2
2m[39m[31m[1m^[22m[39m[31m[1m^[22m
[39m[31m[1m^[22m[39m[31m[1m^[22m[39
m[31m[1m^[22m[39m[31m[1m^[22m[39m[
31m[1m^[22m[39m[31m[1m^[22m[39m[31m
[1m^[22m[39m[31m[1m^[22m[39m[31m[1
m^[22m[39m[31m[1m^[22m[39m[31m[1m^
[22m[39m[31m[1m^[22m[39m[31m[1m^[22
m[39m[31m[1m^[22m[39m[31m[1m^[22m[
39m[31m[1m^[22m[39m[31m[1m^[22m[39m
[31m[1m^[22m[39m[31m[1m^[22m[39m[3
1m[1m^[22m[39m[31m[1m^[22m[39m[31m
[1m^[22m[39m[31m[1m^[22m[39m[31m[1m
^[22m[39m[31m[1m^[22m[39m[31m[1m^[
22m[39m[31m[1m^[22m[39m[31m[1m^[22m
[39m[31m[1m^[22m[39m[31m[1m^[22m[3
9m[31m[1m^[22m[39m[31m[1m^[22m[39m
[31m[1m^[22m[39m[31m[1m^[22m[39m[31
m[1m^[22m[39m[31m[1m^[22m[39m[31m[
1m^[22m[39m[31m[1m^[22m[39m[31m[1m^
[22m[39m[31m[1m^[22m[39m[31m[1m^[2
2m[39m[31m[1m^[22m[39m[31m[1m^[22m
[39m[31m[1m^[22m[39m[31m[1m^[22m[39
m[31m[1m^[22m[39m[31m[1m^[22m[39m[
31m[1m^[22m[39m
 [90m 7 |[39m [36mimport[39m {
 [90m 8 |[39m     
[33mDropdownMenu[39m[33m,[39m
 [90m 9 |[39m     [33mDropdownMenuConten
t[39m[33m,[39m[0m



Import traces:
  Client Component Browser:
    ./frontend/app/dashboard/quotes/columns
.tsx [Client Component Browser]
    
./frontend/app/dashboard/quotes/page.tsx 
[Client Component Browser]
    
./frontend/app/dashboard/quotes/page.tsx 
[Server Component]

  Client Component SSR:
    ./frontend/app/dashboard/quotes/columns
.tsx [Client Component SSR]
    
./frontend/app/dashboard/quotes/page.tsx 
[Client Component SSR]
    
./frontend/app/dashboard/quotes/page.tsx 
[Server Component]

https://nextjs.org/docs/messages/module-not
-found


./frontend/app/dashboard/quotes/new/page.ts
x:8:1
Module not found: Can't resolve 
'lucide-react'
[0m [90m  6 |[39m [36mimport[39m { 
[33mCard[39m[33m,[39m 
[33mCardHeader[39m[33m,[39m 
[33mCardTitle[39m[33m,[39m 
[33mCardDescription[39m[33m,[39m 
[33mCardContent[39m } [36mfrom[39m 
[32m"@/components/ui/card"[39m[33m;[39m
 [90m  7 |[39m [36mimport[39m { 
[33mButton[39m } [36mfrom[39m [32m"@/c
omponents/ui/button"[39m[33m;[39m
[31m[1m>[22m[39m[90m  8 |[39m 
[36mimport[39m { 
[33mBot[39m[33m,[39m 
[33mFileText[39m[33m,[39m 
[33mSparkles[39m[33m,[39m 
[33mArrowLeft[39m } [36mfrom[39m 
[32m"lucide-react"[39m[33m;[39m
 [90m    |[39m [31m[1m^[22m[39m[31m
[1m^[22m[39m[31m[1m^[22m[39m[31m[1m
^[22m[39m[31m[1m^[22m[39m[31m[1m^[
22m[39m[31m[1m^[22m[39m[31m[1m^[22m
[39m[31m[1m^[22m[39m[31m[1m^[22m[3
9m[31m[1m^[22m[39m[31m[1m^[22m[39m
[31m[1m^[22m[39m[31m[1m^[22m[39m[31
m[1m^[22m[39m[31m[1m^[22m[39m[31m[
1m^[22m[39m[31m[1m^[22m[39m[31m[1m^
[22m[39m[31m[1m^[22m[39m[31m[1m^[2
2m[39m[31m[1m^[22m[39m[31m[1m^[22m
[39m[31m[1m^[22m[39m[31m[1m^[22m[39
m[31m[1m^[22m[39m[31m[1m^[22m[39m[
31m[1m^[22m[39m[31m[1m^[22m[39m[31m
[1m^[22m[39m[31m[1m^[22m[39m[31m[1
m^[22m[39m[31m[1m^[22m[39m[31m[1m^
[22m[39m[31m[1m^[22m[39m[31m[1m^[22
m[39m[31m[1m^[22m[39m[31m[1m^[22m[
39m[31m[1m^[22m[39m[31m[1m^[22m[39m
[31m[1m^[22m[39m[31m[1m^[22m[39m[3
1m[1m^[22m[39m[31m[1m^[22m[39m[31m
[1m^[22m[39m[31m[1m^[22m[39m[31m[1m
^[22m[39m[31m[1m^[22m[39m[31m[1m^[
22m[39m[31m[1m^[22m[39m[31m[1m^[22m
[39m[31m[1m^[22m[39m[31m[1m^[22m[3
9m[31m[1m^[22m[39m[31m[1m^[22m[39m
[31m[1m^[22m[39m[31m[1m^[22m[39m[31
m[1m^[22m[39m[31m[1m^[22m[39m[31m[
1m^[22m[39m[31m[1m^[22m[39m[31m[1m^
[22m[39m[31m[1m^[22m[39m[31m[1m^[2
2m[39m[31m[1m^[22m[39m[31m[1m^[22m
[39m
 [90m  9 |[39m
 [90m 10 |[39m [36mexport[39m 
[36mdefault[39m [36mfunction[39m 
[33mNewQuotePage[39m() {
 [90m 11 |[39m     [36mconst[39m 
[mode[33m,[39m setMode] [33m=[39m 
useState[33m<[39m[32m'select'[39m 
[33m|[39m [32m'chat'[39m [33m|[39m [
32m'manual'[39m[33m>[39m([32m'select'[
39m)[33m;[39m[0m



Import traces:
  Client Component Browser:
    ./frontend/app/dashboard/quotes/new/pag
e.tsx [Client Component Browser]
    ./frontend/app/dashboard/quotes/new/pag
e.tsx [Server Component]

  Client Component SSR:
    ./frontend/app/dashboard/quotes/new/pag
e.tsx [Client Component SSR]
    ./frontend/app/dashboard/quotes/new/pag
e.tsx [Server Component]

https://nextjs.org/docs/messages/module-not
-found


./frontend/app/dashboard/quotes/page.tsx:6:
1
Module not found: Can't resolve 
'lucide-react'
[0m [90m 4 |[39m [36mimport[39m { 
useRouter } [36mfrom[39m 
[32m"next/navigation"[39m
 [90m 5 |[39m [36mimport[39m { 
[33mButton[39m } [36mfrom[39m 
[32m"@/components/ui/button"[39m
[31m[1m>[22m[39m[90m 6 |[39m 
[36mimport[39m { 
[33mPlus[39m[33m,[39m 
[33mLoader2[39m[33m,[39m 
[33mFileText[39m } [36mfrom[39m 
[32m"lucide-react"[39m
 [90m   |[39m [31m[1m^[22m[39m[31m[
1m^[22m[39m[31m[1m^[22m[39m[31m[1m^
[22m[39m[31m[1m^[22m[39m[31m[1m^[2
2m[39m[31m[1m^[22m[39m[31m[1m^[22m
[39m[31m[1m^[22m[39m[31m[1m^[22m[39
m[31m[1m^[22m[39m[31m[1m^[22m[39m[
31m[1m^[22m[39m[31m[1m^[22m[39m[31m
[1m^[22m[39m[31m[1m^[22m[39m[31m[1
m^[22m[39m[31m[1m^[22m[39m[31m[1m^
[22m[39m[31m[1m^[22m[39m[31m[1m^[22
m[39m[31m[1m^[22m[39m[31m[1m^[22m[
39m[31m[1m^[22m[39m[31m[1m^[22m[39m
[31m[1m^[22m[39m[31m[1m^[22m[39m[3
1m[1m^[22m[39m[31m[1m^[22m[39m[31m
[1m^[22m[39m[31m[1m^[22m[39m[31m[1m
^[22m[39m[31m[1m^[22m[39m[31m[1m^[
22m[39m[31m[1m^[22m[39m[31m[1m^[22m
[39m[31m[1m^[22m[39m[31m[1m^[22m[3
9m[31m[1m^[22m[39m[31m[1m^[22m[39m
[31m[1m^[22m[39m[31m[1m^[22m[39m[31
m[1m^[22m[39m[31m[1m^[22m[39m[31m[
1m^[22m[39m[31m[1m^[22m[39m[31m[1m^
[22m[39m[31m[1m^[22m[39m[31m[1m^[2
2m[39m[31m[1m^[22m[39m[31m[1m^[22m
[39m[31m[1m^[22m[39m[31m[1m^[22m[39
m[31m[1m^[22m[39m
 [90m 7 |[39m [36mimport[39m { 
[33mEmptyState[39m } [36mfrom[39m 
[32m"@/components/ui/empty-state"[39m
 [90m 8 |[39m [36mimport[39m { 
[33mQuoteAPI[39m } [36mfrom[39m 
[32m"@/lib/api/quotes"[39m
 [90m 9 |[39m [36mimport[39m { 
[33mQuote[39m } [36mfrom[39m 
[32m"@/types/quote"[39m[0m



Import traces:
  Client Component Browser:
    
./frontend/app/dashboard/quotes/page.tsx 
[Client Component Browser]
    
./frontend/app/dashboard/quotes/page.tsx 
[Server Component]

  Client Component SSR:
    
./frontend/app/dashboard/quotes/page.tsx 
[Client Component SSR]
    
./frontend/app/dashboard/quotes/page.tsx 
[Server Component]

https://nextjs.org/docs/messages/module-not
-found


./frontend/app/dashboard/settings/company/p
age.tsx:5:1
Module not found: Can't resolve 
'lucide-react'
[0m [90m 3 |[39m [36mimport[39m { 
useState[33m,[39m useEffect } 
[36mfrom[39m [32m"react"[39m
 [90m 4 |[39m [36mimport[39m { 
useRouter } [36mfrom[39m 
[32m"next/navigation"[39m
[31m[1m>[22m[39m[90m 5 |[39m 
[36mimport[39m { 
[33mArrowLeft[39m[33m,[39m 
[33mPlus[39m[33m,[39m 
[33mTrash2[39m[33m,[39m 
[33mUpload[39m[33m,[39m 
[33mBuilding2[39m } [36mfrom[39m 
[32m"lucide-react"[39m
 [90m   |[39m [31m[1m^[22m[39m[31m[
1m^[22m[39m[31m[1m^[22m[39m[31m[1m^
[22m[39m[31m[1m^[22m[39m[31m[1m^[2
2m[39m[31m[1m^[22m[39m[31m[1m^[22m
[39m[31m[1m^[22m[39m[31m[1m^[22m[39
m[31m[1m^[22m[39m[31m[1m^[22m[39m[
31m[1m^[22m[39m[31m[1m^[22m[39m[31m
[1m^[22m[39m[31m[1m^[22m[39m[31m[1
m^[22m[39m[31m[1m^[22m[39m[31m[1m^
[22m[39m[31m[1m^[22m[39m[31m[1m^[22
m[39m[31m[1m^[22m[39m[31m[1m^[22m[
39m[31m[1m^[22m[39m[31m[1m^[22m[39m
[31m[1m^[22m[39m[31m[1m^[22m[39m[3
1m[1m^[22m[39m[31m[1m^[22m[39m[31m
[1m^[22m[39m[31m[1m^[22m[39m[31m[1m
^[22m[39m[31m[1m^[22m[39m[31m[1m^[
22m[39m[31m[1m^[22m[39m[31m[1m^[22m
[39m[31m[1m^[22m[39m[31m[1m^[22m[3
9m[31m[1m^[22m[39m[31m[1m^[22m[39m
[31m[1m^[22m[39m[31m[1m^[22m[39m[31
m[1m^[22m[39m[31m[1m^[22m[39m[31m[
1m^[22m[39m[31m[1m^[22m[39m[31m[1m^
[22m[39m[31m[1m^[22m[39m[31m[1m^[2
2m[39m[31m[1m^[22m[39m[31m[1m^[22m
[39m[31m[1m^[22m[39m[31m[1m^[22m[39
m[31m[1m^[22m[39m[31m[1m^[22m[39m[
31m[1m^[22m[39m[31m[1m^[22m[39m[31m
[1m^[22m[39m[31m[1m^[22m[39m[31m[1
m^[22m[39m[31m[1m^[22m[39m[31m[1m^
[22m[39m[31m[1m^[22m[39m[31m[1m^[22
m[39m[31m[1m^[22m[39m[31m[1m^[22m[
39m[31m[1m^[22m[39m[31m[1m^[22m[39m
[31m[1m^[22m[39m[31m[1m^[22m[39m[3
1m[1m^[22m[39m[31m[1m^[22m[39m[31m
[1m^[22m[39m
 [90m 6 |[39m [36mimport[39m 
[33mLink[39m [36mfrom[39m 
[32m"next/link"[39m
 [90m 7 |[39m [36mimport[39m 
[33mImage[39m [36mfrom[39m 
[32m"next/image"[39m
 [90m 8 |[39m[0m



Import traces:
  Client Component Browser:
    ./frontend/app/dashboard/settings/compa
ny/page.tsx [Client Component Browser]
    ./frontend/app/dashboard/settings/compa
ny/page.tsx [Server Component]

  Client Component SSR:
    ./frontend/app/dashboard/settings/compa
ny/page.tsx [Client Component SSR]
    ./frontend/app/dashboard/settings/compa
ny/page.tsx [Server Component]

https://nextjs.org/docs/messages/module-not
-found


./frontend/app/dashboard/settings/keys/page
.tsx:4:1
Module not found: Can't resolve 
'lucide-react'
[0m [90m 2 |[39m
 [90m 3 |[39m [36mimport[39m { 
useState[33m,[39m useEffect } 
[36mfrom[39m [32m"react"[39m
[31m[1m>[22m[39m[90m 4 |[39m 
[36mimport[39m { 
[33mPlus[39m[33m,[39m 
[33mTrash2[39m[33m,[39m 
[33mKey[39m[33m,[39m 
[33mCopy[39m[33m,[39m [33mCheck[39m 
} [36mfrom[39m [32m"lucide-react"[39m
 [90m   |[39m [31m[1m^[22m[39m[31m[
1m^[22m[39m[31m[1m^[22m[39m[31m[1m^
[22m[39m[31m[1m^[22m[39m[31m[1m^[2
2m[39m[31m[1m^[22m[39m[31m[1m^[22m
[39m[31m[1m^[22m[39m[31m[1m^[22m[39
m[31m[1m^[22m[39m[31m[1m^[22m[39m[
31m[1m^[22m[39m[31m[1m^[22m[39m[31m
[1m^[22m[39m[31m[1m^[22m[39m[31m[1
m^[22m[39m[31m[1m^[22m[39m[31m[1m^
[22m[39m[31m[1m^[22m[39m[31m[1m^[22
m[39m[31m[1m^[22m[39m[31m[1m^[22m[
39m[31m[1m^[22m[39m[31m[1m^[22m[39m
[31m[1m^[22m[39m[31m[1m^[22m[39m[3
1m[1m^[22m[39m[31m[1m^[22m[39m[31m
[1m^[22m[39m[31m[1m^[22m[39m[31m[1m
^[22m[39m[31m[1m^[22m[39m[31m[1m^[
22m[39m[31m[1m^[22m[39m[31m[1m^[22m
[39m[31m[1m^[22m[39m[31m[1m^[22m[3
9m[31m[1m^[22m[39m[31m[1m^[22m[39m
[31m[1m^[22m[39m[31m[1m^[22m[39m[31
m[1m^[22m[39m[31m[1m^[22m[39m[31m[
1m^[22m[39m[31m[1m^[22m[39m[31m[1m^
[22m[39m[31m[1m^[22m[39m[31m[1m^[2
2m[39m[31m[1m^[22m[39m[31m[1m^[22m
[39m[31m[1m^[22m[39m[31m[1m^[22m[39
m[31m[1m^[22m[39m[31m[1m^[22m[39m[
31m[1m^[22m[39m[31m[1m^[22m[39m[31m
[1m^[22m[39m[31m[1m^[22m[39m[31m[1
m^[22m[39m[31m[1m^[22m[39m
 [90m 5 |[39m [36mimport[39m { useForm 
} [36mfrom[39m 
[32m"react-hook-form"[39m
 [90m 6 |[39m [36mimport[39m { 
zodResolver } [36mfrom[39m 
[32m"@hookform/resolvers/zod"[39m
 [90m 7 |[39m [36mimport[39m 
[33m*[39m [36mas[39m z [36mfrom[39m 
[32m"zod"[39m[0m



Import traces:
  Client Component Browser:
    ./frontend/app/dashboard/settings/keys/
page.tsx [Client Component Browser]
    ./frontend/app/dashboard/settings/keys/
page.tsx [Server Component]

  Client Component SSR:
    ./frontend/app/dashboard/settings/keys/
page.tsx [Client Component SSR]
    ./frontend/app/dashboard/settings/keys/
page.tsx [Server Component]

https://nextjs.org/docs/messages/module-not
-found


./frontend/app/dashboard/settings/language-
theme/page.tsx:5:1
Module not found: Can't resolve 
'lucide-react'
[0m [90m 3 |[39m [36mimport[39m { 
useState[33m,[39m useEffect } 
[36mfrom[39m [32m"react"[39m
 [90m 4 |[39m [36mimport[39m { 
useRouter } [36mfrom[39m 
[32m"next/navigation"[39m
[31m[1m>[22m[39m[90m 5 |[39m 
[36mimport[39m { 
[33mArrowLeft[39m[33m,[39m 
[33mMoon[39m[33m,[39m 
[33mSun[39m[33m,[39m [33mCheck[39m } 
[36mfrom[39m [32m"lucide-react"[39m
 [90m   |[39m [31m[1m^[22m[39m[31m[
1m^[22m[39m[31m[1m^[22m[39m[31m[1m^
[22m[39m[31m[1m^[22m[39m[31m[1m^[2
2m[39m[31m[1m^[22m[39m[31m[1m^[22m
[39m[31m[1m^[22m[39m[31m[1m^[22m[39
m[31m[1m^[22m[39m[31m[1m^[22m[39m[
31m[1m^[22m[39m[31m[1m^[22m[39m[31m
[1m^[22m[39m[31m[1m^[22m[39m[31m[1
m^[22m[39m[31m[1m^[22m[39m[31m[1m^
[22m[39m[31m[1m^[22m[39m[31m[1m^[22
m[39m[31m[1m^[22m[39m[31m[1m^[22m[
39m[31m[1m^[22m[39m[31m[1m^[22m[39m
[31m[1m^[22m[39m[31m[1m^[22m[39m[3
1m[1m^[22m[39m[31m[1m^[22m[39m[31m
[1m^[22m[39m[31m[1m^[22m[39m[31m[1m
^[22m[39m[31m[1m^[22m[39m[31m[1m^[
22m[39m[31m[1m^[22m[39m[31m[1m^[22m
[39m[31m[1m^[22m[39m[31m[1m^[22m[3
9m[31m[1m^[22m[39m[31m[1m^[22m[39m
[31m[1m^[22m[39m[31m[1m^[22m[39m[31
m[1m^[22m[39m[31m[1m^[22m[39m[31m[
1m^[22m[39m[31m[1m^[22m[39m[31m[1m^
[22m[39m[31m[1m^[22m[39m[31m[1m^[2
2m[39m[31m[1m^[22m[39m[31m[1m^[22m
[39m[31m[1m^[22m[39m[31m[1m^[22m[39
m[31m[1m^[22m[39m[31m[1m^[22m[39m[
31m[1m^[22m[39m[31m[1m^[22m[39m[31m
[1m^[22m[39m
 [90m 6 |[39m [36mimport[39m 
[33mLink[39m [36mfrom[39m 
[32m"next/link"[39m
 [90m 7 |[39m
 [90m 8 |[39m [36mimport[39m { 
[33mButton[39m } [36mfrom[39m 
[32m"@/components/ui/button"[39m[0m



Import traces:
  Client Component Browser:
    ./frontend/app/dashboard/settings/langu
age-theme/page.tsx [Client Component 
Browser]
    ./frontend/app/dashboard/settings/langu
age-theme/page.tsx [Server Component]

  Client Component SSR:
    ./frontend/app/dashboard/settings/langu
age-theme/page.tsx [Client Component SSR]
    ./frontend/app/dashboard/settings/langu
age-theme/page.tsx [Server Component]

https://nextjs.org/docs/messages/module-not
-found


./frontend/app/dashboard/settings/page.tsx:
4:1
Module not found: Can't resolve 
'lucide-react'
[0m [90m 2 |[39m
 [90m 3 |[39m [36mimport[39m { 
useState[33m,[39m useEffect } 
[36mfrom[39m [32m"react"[39m
[31m[1m>[22m[39m[90m 4 |[39m 
[36mimport[39m { 
[33mMoon[39m[33m,[39m 
[33mSun[39m[33m,[39m 
[33mCheck[39m[33m,[39m 
[33mPlus[39m[33m,[39m 
[33mTrash2[39m[33m,[39m 
[33mUpload[39m[33m,[39m 
[33mBuilding2[39m[33m,[39m 
[33mSave[39m[33m,[39m 
[33mUserCog[39m } [36mfrom[39m 
[32m"lucide-react"[39m
 [90m   |[39m [31m[1m^[22m[39m[31m[
1m^[22m[39m[31m[1m^[22m[39m[31m[1m^
[22m[39m[31m[1m^[22m[39m[31m[1m^[2
2m[39m[31m[1m^[22m[39m[31m[1m^[22m
[39m[31m[1m^[22m[39m[31m[1m^[22m[39
m[31m[1m^[22m[39m[31m[1m^[22m[39m[
31m[1m^[22m[39m[31m[1m^[22m[39m[31m
[1m^[22m[39m[31m[1m^[22m[39m[31m[1
m^[22m[39m[31m[1m^[22m[39m[31m[1m^
[22m[39m[31m[1m^[22m[39m[31m[1m^[22
m[39m[31m[1m^[22m[39m[31m[1m^[22m[
39m[31m[1m^[22m[39m[31m[1m^[22m[39m
[31m[1m^[22m[39m[31m[1m^[22m[39m[3
1m[1m^[22m[39m[31m[1m^[22m[39m[31m
[1m^[22m[39m[31m[1m^[22m[39m[31m[1m
^[22m[39m[31m[1m^[22m[39m[31m[1m^[
22m[39m[31m[1m^[22m[39m[31m[1m^[22m
[39m[31m[1m^[22m[39m[31m[1m^[22m[3
9m[31m[1m^[22m[39m[31m[1m^[22m[39m
[31m[1m^[22m[39m[31m[1m^[22m[39m[31
m[1m^[22m[39m[31m[1m^[22m[39m[31m[
1m^[22m[39m[31m[1m^[22m[39m[31m[1m^
[22m[39m[31m[1m^[22m[39m[31m[1m^[2
2m[39m[31m[1m^[22m[39m[31m[1m^[22m
[39m[31m[1m^[22m[39m[31m[1m^[22m[39
m[31m[1m^[22m[39m[31m[1m^[22m[39m[
31m[1m^[22m[39m[31m[1m^[22m[39m[31m
[1m^[22m[39m[31m[1m^[22m[39m[31m[1
m^[22m[39m[31m[1m^[22m[39m[31m[1m^
[22m[39m[31m[1m^[22m[39m[31m[1m^[22
m[39m[31m[1m^[22m[39m[31m[1m^[22m[
39m[31m[1m^[22m[39m[31m[1m^[22m[39m
[31m[1m^[22m[39m[31m[1m^[22m[39m[3
1m[1m^[22m[39m[31m[1m^[22m[39m[31m
[1m^[22m[39m[31m[1m^[22m[39m[31m[1m
^[22m[39m[31m[1m^[22m[39m[31m[1m^[
22m[39m[31m[1m^[22m[39m[31m[1m^[22m
[39m[31m[1m^[22m[39m[31m[1m^[22m[3
9m[31m[1m^[22m[39m[31m[1m^[22m[39m
[31m[1m^[22m[39m[31m[1m^[22m[39m[31
m[1m^[22m[39m[31m[1m^[22m[39m[31m[
1m^[22m[39m[31m[1m^[22m[39m[31m[1m^
[22m[39m[31m[1m^[22m[39m[31m[1m^[2
2m[39m[31m[1m^[22m[39m[31m[1m^[22m
[39m[31m[1m^[22m[39m
 [90m 5 |[39m
 [90m 6 |[39m [36mimport[39m { 
[33mButton[39m } [36mfrom[39m 
[32m"@/components/ui/button"[39m
 [90m 7 |[39m [36mimport[39m {[0m



Import traces:
  Client Component Browser:
    
./frontend/app/dashboard/settings/page.tsx 
[Client Component Browser]
    
./frontend/app/dashboard/settings/page.tsx 
[Server Component]

  Client Component SSR:
    
./frontend/app/dashboard/settings/page.tsx 
[Client Component SSR]
    
./frontend/app/dashboard/settings/page.tsx 
[Server Component]

https://nextjs.org/docs/messages/module-not
-found


./frontend/app/dashboard/settings/permissio
ns/page.tsx:6:1
Module not found: Can't resolve 
'lucide-react'
[0m [90m 4 |[39m [36mimport[39m { 
useEffect[33m,[39m useState } 
[36mfrom[39m [32m"react"[39m
 [90m 5 |[39m [36mimport[39m { 
useRouter } [36mfrom[39m 
[32m"next/navigation"[39m
[31m[1m>[22m[39m[90m 6 |[39m 
[36mimport[39m { 
[33mArrowLeft[39m[33m,[39m 
[33mCheck[39m[33m,[39m 
[33mShield[39m[33m,[39m 
[33mLoader2[39m } [36mfrom[39m 
[32m"lucide-react"[39m
 [90m   |[39m [31m[1m^[22m[39m[31m[
1m^[22m[39m[31m[1m^[22m[39m[31m[1m^
[22m[39m[31m[1m^[22m[39m[31m[1m^[2
2m[39m[31m[1m^[22m[39m[31m[1m^[22m
[39m[31m[1m^[22m[39m[31m[1m^[22m[39
m[31m[1m^[22m[39m[31m[1m^[22m[39m[
31m[1m^[22m[39m[31m[1m^[22m[39m[31m
[1m^[22m[39m[31m[1m^[22m[39m[31m[1
m^[22m[39m[31m[1m^[22m[39m[31m[1m^
[22m[39m[31m[1m^[22m[39m[31m[1m^[22
m[39m[31m[1m^[22m[39m[31m[1m^[22m[
39m[31m[1m^[22m[39m[31m[1m^[22m[39m
[31m[1m^[22m[39m[31m[1m^[22m[39m[3
1m[1m^[22m[39m[31m[1m^[22m[39m[31m
[1m^[22m[39m[31m[1m^[22m[39m[31m[1m
^[22m[39m[31m[1m^[22m[39m[31m[1m^[
22m[39m[31m[1m^[22m[39m[31m[1m^[22m
[39m[31m[1m^[22m[39m[31m[1m^[22m[3
9m[31m[1m^[22m[39m[31m[1m^[22m[39m
[31m[1m^[22m[39m[31m[1m^[22m[39m[31
m[1m^[22m[39m[31m[1m^[22m[39m[31m[
1m^[22m[39m[31m[1m^[22m[39m[31m[1m^
[22m[39m[31m[1m^[22m[39m[31m[1m^[2
2m[39m[31m[1m^[22m[39m[31m[1m^[22m
[39m[31m[1m^[22m[39m[31m[1m^[22m[39
m[31m[1m^[22m[39m[31m[1m^[22m[39m[
31m[1m^[22m[39m[31m[1m^[22m[39m[31m
[1m^[22m[39m[31m[1m^[22m[39m[31m[1
m^[22m[39m[31m[1m^[22m[39m[31m[1m^
[22m[39m[31m[1m^[22m[39m[31m[1m^[22
m[39m
 [90m 7 |[39m
 [90m 8 |[39m [36mimport[39m { 
[33mButton[39m } [36mfrom[39m 
[32m"@/components/ui/button"[39m
 [90m 9 |[39m [36mimport[39m {[0m



Import traces:
  Client Component Browser:
    ./frontend/app/dashboard/settings/permi
ssions/page.tsx [Client Component Browser]
    ./frontend/app/dashboard/settings/permi
ssions/page.tsx [Server Component]

  Client Component SSR:
    ./frontend/app/dashboard/settings/permi
ssions/page.tsx [Client Component SSR]
    ./frontend/app/dashboard/settings/permi
ssions/page.tsx [Server Component]

https://nextjs.org/docs/messages/module-not
-found


./frontend/app/dashboard/settings/regional/
page.tsx:5:1
Module not found: Can't resolve 
'lucide-react'
[0m [90m 3 |[39m [36mimport[39m { 
useState[33m,[39m useEffect } 
[36mfrom[39m [32m"react"[39m
 [90m 4 |[39m [36mimport[39m { 
useRouter } [36mfrom[39m 
[32m"next/navigation"[39m
[31m[1m>[22m[39m[90m 5 |[39m 
[36mimport[39m { [33mArrowLeft[39m } 
[36mfrom[39m [32m"lucide-react"[39m
 [90m   |[39m [31m[1m^[22m[39m[31m[
1m^[22m[39m[31m[1m^[22m[39m[31m[1m^
[22m[39m[31m[1m^[22m[39m[31m[1m^[2
2m[39m[31m[1m^[22m[39m[31m[1m^[22m
[39m[31m[1m^[22m[39m[31m[1m^[22m[39
m[31m[1m^[22m[39m[31m[1m^[22m[39m[
31m[1m^[22m[39m[31m[1m^[22m[39m[31m
[1m^[22m[39m[31m[1m^[22m[39m[31m[1
m^[22m[39m[31m[1m^[22m[39m[31m[1m^
[22m[39m[31m[1m^[22m[39m[31m[1m^[22
m[39m[31m[1m^[22m[39m[31m[1m^[22m[
39m[31m[1m^[22m[39m[31m[1m^[22m[39m
[31m[1m^[22m[39m[31m[1m^[22m[39m[3
1m[1m^[22m[39m[31m[1m^[22m[39m[31m
[1m^[22m[39m[31m[1m^[22m[39m[31m[1m
^[22m[39m[31m[1m^[22m[39m[31m[1m^[
22m[39m[31m[1m^[22m[39m[31m[1m^[22m
[39m[31m[1m^[22m[39m[31m[1m^[22m[3
9m[31m[1m^[22m[39m[31m[1m^[22m[39m
 [90m 6 |[39m [36mimport[39m 
[33mLink[39m [36mfrom[39m 
[32m"next/link"[39m
 [90m 7 |[39m
 [90m 8 |[39m [36mimport[39m { 
[33mButton[39m } [36mfrom[39m 
[32m"@/components/ui/button"[39m[0m



Import traces:
  Client Component Browser:
    ./frontend/app/dashboard/settings/regio
nal/page.tsx [Client Component Browser]
    ./frontend/app/dashboard/settings/regio
nal/page.tsx [Server Component]

  Client Component SSR:
    ./frontend/app/dashboard/settings/regio
nal/page.tsx [Client Component SSR]
    ./frontend/app/dashboard/settings/regio
nal/page.tsx [Server Component]

https://nextjs.org/docs/messages/module-not
-found


./frontend/app/dashboard/settings/share-cod
e/page.tsx:5:1
Module not found: Can't resolve 
'lucide-react'
[0m [90m 3 |[39m [36mimport[39m 
[33mReact[39m[33m,[39m { 
useState[33m,[39m useEffect } 
[36mfrom[39m [32m'react'[39m[33m;[39m
 [90m 4 |[39m [36mimport[39m { 
[33mButton[39m } [36mfrom[39m [32m"@/c
omponents/ui/button"[39m[33m;[39m
[31m[1m>[22m[39m[90m 5 |[39m 
[36mimport[39m { [33mPlus[39m } 
[36mfrom[39m 
[32m"lucide-react"[39m[33m;[39m
 [90m   |[39m [31m[1m^[22m[39m[31m[
1m^[22m[39m[31m[1m^[22m[39m[31m[1m^
[22m[39m[31m[1m^[22m[39m[31m[1m^[2
2m[39m[31m[1m^[22m[39m[31m[1m^[22m
[39m[31m[1m^[22m[39m[31m[1m^[22m[39
m[31m[1m^[22m[39m[31m[1m^[22m[39m[
31m[1m^[22m[39m[31m[1m^[22m[39m[31m
[1m^[22m[39m[31m[1m^[22m[39m[31m[1
m^[22m[39m[31m[1m^[22m[39m[31m[1m^
[22m[39m[31m[1m^[22m[39m[31m[1m^[22
m[39m[31m[1m^[22m[39m[31m[1m^[22m[
39m[31m[1m^[22m[39m[31m[1m^[22m[39m
[31m[1m^[22m[39m[31m[1m^[22m[39m[3
1m[1m^[22m[39m[31m[1m^[22m[39m[31m
[1m^[22m[39m[31m[1m^[22m[39m[31m[1m
^[22m[39m[31m[1m^[22m[39m[31m[1m^[
22m[39m[31m[1m^[22m[39m[31m[1m^[22m
[39m
 [90m 6 |[39m [36mimport[39m { 
[33mCreateShareCodeModal[39m } 
[36mfrom[39m [32m"@/components/sharecode
/CreateShareCodeModal"[39m[33m;[39m
 [90m 7 |[39m [36mimport[39m { 
[33mShareCodeList[39m } [36mfrom[39m [
32m"@/components/sharecode/ShareCodeList"[
39m[33m;[39m
 [90m 8 |[39m [36mimport[39m { 
[33mDisplayShareCode[39m } 
[36mfrom[39m [32m"@/components/sharecode
/DisplayShareCode"[39m[33m;[39m[0m



Import traces:
  Client Component Browser:
    ./frontend/app/dashboard/settings/share
-code/page.tsx [Client Component Browser]
    ./frontend/app/dashboard/settings/share
-code/page.tsx [Server Component]

  Client Component SSR:
    ./frontend/app/dashboard/settings/share
-code/page.tsx [Client Component SSR]
    ./frontend/app/dashboard/settings/share
-code/page.tsx [Server Component]

https://nextjs.org/docs/messages/module-not
-found


./frontend/app/dashboard/support/cancellati
on-guide/page.tsx:5:1
Module not found: Can't resolve 
'lucide-react'
[0m [90m 3 |[39m [36mimport[39m { 
[33mCancellationGuide[39m } 
[36mfrom[39m [32m'@/components/support/c
ancellation-guide'[39m[33m;[39m
 [90m 4 |[39m [36mimport[39m { 
[33mButton[39m } [36mfrom[39m [32m'@/c
omponents/ui/button'[39m[33m;[39m
[31m[1m>[22m[39m[90m 5 |[39m 
[36mimport[39m { 
[33mChevronLeft[39m[33m,[39m 
[33mPrinter[39m } [36mfrom[39m 
[32m'lucide-react'[39m[33m;[39m
 [90m   |[39m [31m[1m^[22m[39m[31m[
1m^[22m[39m[31m[1m^[22m[39m[31m[1m^
[22m[39m[31m[1m^[22m[39m[31m[1m^[2
2m[39m[31m[1m^[22m[39m[31m[1m^[22m
[39m[31m[1m^[22m[39m[31m[1m^[22m[39
m[31m[1m^[22m[39m[31m[1m^[22m[39m[
31m[1m^[22m[39m[31m[1m^[22m[39m[31m
[1m^[22m[39m[31m[1m^[22m[39m[31m[1
m^[22m[39m[31m[1m^[22m[39m[31m[1m^
[22m[39m[31m[1m^[22m[39m[31m[1m^[22
m[39m[31m[1m^[22m[39m[31m[1m^[22m[
39m[31m[1m^[22m[39m[31m[1m^[22m[39m
[31m[1m^[22m[39m[31m[1m^[22m[39m[3
1m[1m^[22m[39m[31m[1m^[22m[39m[31m
[1m^[22m[39m[31m[1m^[22m[39m[31m[1m
^[22m[39m[31m[1m^[22m[39m[31m[1m^[
22m[39m[31m[1m^[22m[39m[31m[1m^[22m
[39m[31m[1m^[22m[39m[31m[1m^[22m[3
9m[31m[1m^[22m[39m[31m[1m^[22m[39m
[31m[1m^[22m[39m[31m[1m^[22m[39m[31
m[1m^[22m[39m[31m[1m^[22m[39m[31m[
1m^[22m[39m[31m[1m^[22m[39m[31m[1m^
[22m[39m[31m[1m^[22m[39m[31m[1m^[2
2m[39m[31m[1m^[22m[39m[31m[1m^[22m
[39m[31m[1m^[22m[39m
 [90m 6 |[39m [36mimport[39m { 
useRouter } [36mfrom[39m 
[32m'next/navigation'[39m[33m;[39m
 [90m 7 |[39m
 [90m 8 |[39m [36mexport[39m 
[36mdefault[39m [36mfunction[39m 
[33mAdminCancellationGuidePage[39m() 
{[0m



Import traces:
  Client Component Browser:
    ./frontend/app/dashboard/support/cancel
lation-guide/page.tsx [Client Component 
Browser]
    ./frontend/app/dashboard/support/cancel
lation-guide/page.tsx [Server Component]

  Client Component SSR:
    ./frontend/app/dashboard/support/cancel
lation-guide/page.tsx [Client Component 
SSR]
    ./frontend/app/dashboard/support/cancel
lation-guide/page.tsx [Server Component]

https://nextjs.org/docs/messages/module-not
-found


./frontend/app/dashboard/telematics/page.ts
x:5:1
Module not found: Can't resolve 
'lucide-react'
[0m [90m  3 |[39m [36mimport[39m { 
useState[33m,[39m useEffect[33m,[39m 
useCallback } [36mfrom[39m 
[32m'react'[39m[33m;[39m
 [90m  4 |[39m [36mimport[39m { 
useRouter } [36mfrom[39m 
[32m'next/navigation'[39m[33m;[39m
[31m[1m>[22m[39m[90m  5 |[39m 
[36mimport[39m {
 [90m    |[39m [31m[1m^[22m[39m[31m
[1m^[22m[39m[31m[1m^[22m[39m[31m[1m
^[22m[39m[31m[1m^[22m[39m[31m[1m^[
22m[39m[31m[1m^[22m[39m[31m[1m^[22m
[39m
[31m[1m>[22m[39m[90m  6 |[39m     
[33mActivity[39m[33m,[39m
 [90m    |[39m [31m[1m^[22m[39m[31m
[1m^[22m[39m[31m[1m^[22m[39m[31m[1m
^[22m[39m[31m[1m^[22m[39m[31m[1m^[
22m[39m[31m[1m^[22m[39m[31m[1m^[22m
[39m[31m[1m^[22m[39m[31m[1m^[22m[3
9m[31m[1m^[22m[39m[31m[1m^[22m[39m
[31m[1m^[22m[39m
[31m[1m>[22m[39m[90m  7 |[39m     
[33mAlertTriangle[39m[33m,[39m
 [90m    |[39m [31m[1m^[22m[39m[31m
[1m^[22m[39m[31m[1m^[22m[39m[31m[1m
^[22m[39m[31m[1m^[22m[39m[31m[1m^[
22m[39m[31m[1m^[22m[39m[31m[1m^[22m
[39m[31m[1m^[22m[39m[31m[1m^[22m[3
9m[31m[1m^[22m[39m[31m[1m^[22m[39m
[31m[1m^[22m[39m
[31m[1m>[22m[39m[90m  8 |[39m     
[33mCar[39m[33m,[39m
 [90m    |[39m [31m[1m^[22m[39m[31m
[1m^[22m[39m[31m[1m^[22m[39m[31m[1m
^[22m[39m[31m[1m^[22m[39m[31m[1m^[
22m[39m[31m[1m^[22m[39m[31m[1m^[22m
[39m[31m[1m^[22m[39m[31m[1m^[22m[3
9m[31m[1m^[22m[39m[31m[1m^[22m[39m
[31m[1m^[22m[39m
[31m[1m>[22m[39m[90m  9 |[39m     
[33mRefreshCw[39m[33m,[39m
 [90m    |[39m [31m[1m^[22m[39m[31m
[1m^[22m[39m[31m[1m^[22m[39m[31m[1m
^[22m[39m[31m[1m^[22m[39m[31m[1m^[
22m[39m[31m[1m^[22m[39m[31m[1m^[22m
[39m[31m[1m^[22m[39m[31m[1m^[22m[3
9m[31m[1m^[22m[39m[31m[1m^[22m[39m
[31m[1m^[22m[39m
[31m[1m>[22m[39m[90m 10 |[39m     
[33mShield[39m[33m,[39m
 [90m    |[39m [31m[1m^[22m[39m[31m
[1m^[22m[39m[31m[1m^[22m[39m[31m[1m
^[22m[39m[31m[1m^[22m[39m[31m[1m^[
22m[39m[31m[1m^[22m[39m[31m[1m^[22m
[39m[31m[1m^[22m[39m[31m[1m^[22m[3
9m[31m[1m^[22m[39m[31m[1m^[22m[39m
[31m[1m^[22m[39m
[31m[1m>[22m[39m[90m 11 |[39m     
[33mTrendingUp[39m[33m,[39m
 [90m    |[39m [31m[1m^[22m[39m[31m
[1m^[22m[39m[31m[1m^[22m[39m[31m[1m
^[22m[39m[31m[1m^[22m[39m[31m[1m^[
22m[39m[31m[1m^[22m[39m[31m[1m^[22m
[39m[31m[1m^[22m[39m[31m[1m^[22m[3
9m[31m[1m^[22m[39m[31m[1m^[22m[39m
[31m[1m^[22m[39m
[31m[1m>[22m[39m[90m 12 |[39m } 
[36mfrom[39m 
[32m'lucide-react'[39m[33m;[39m
 [90m    |[39m [31m[1m^[22m[39m[31m
[1m^[22m[39m[31m[1m^[22m[39m[31m[1m
^[22m[39m[31m[1m^[22m[39m[31m[1m^[
22m[39m[31m[1m^[22m[39m[31m[1m^[22m
[39m[31m[1m^[22m[39m[31m[1m^[22m[3
9m[31m[1m^[22m[39m[31m[1m^[22m[39m
[31m[1m^[22m[39m[31m[1m^[22m[39m[31
m[1m^[22m[39m[31m[1m^[22m[39m[31m[
1m^[22m[39m[31m[1m^[22m[39m[31m[1m^
[22m[39m[31m[1m^[22m[39m[31m[1m^[2
2m[39m[31m[1m^[22m[39m[31m[1m^[22m
[39m
 [90m 13 |[39m [36mimport[39m { toast 
} [36mfrom[39m 
[32m'sonner'[39m[33m;[39m
 [90m 14 |[39m
 [90m 15 |[39m [36mimport[39m { 
policyApi } [36mfrom[39m 
[32m'@/lib/policy-api'[39m[33m;[39m[0m



Import traces:
  Client Component Browser:
    ./frontend/app/dashboard/telematics/pag
e.tsx [Client Component Browser]
    ./frontend/app/dashboard/telematics/pag
e.tsx [Server Component]

  Client Component SSR:
    ./frontend/app/dashboard/telematics/pag
e.tsx [Client Component SSR]
    ./frontend/app/dashboard/telematics/pag
e.tsx [Server Component]

https://nextjs.org/docs/messages/module-not
-found


./frontend/app/dashboard/translations/page.
tsx:26:1
Module not found: Can't resolve 
'lucide-react'
[0m [90m 24 |[39m } [36mfrom[39m [32m
"@/components/ui/dialog"[39m[33m;[39m
 [90m 25 |[39m [36mimport[39m { 
[33mLabel[39m } [36mfrom[39m [32m"@/co
mponents/ui/label"[39m[33m;[39m
[31m[1m>[22m[39m[90m 26 |[39m 
[36mimport[39m { 
[33mPlus[39m[33m,[39m 
[33mSearch[39m[33m,[39m 
[33mLoader2[39m } [36mfrom[39m 
[32m"lucide-react"[39m[33m;[39m
 [90m    |[39m [31m[1m^[22m[39m[31m
[1m^[22m[39m[31m[1m^[22m[39m[31m[1m
^[22m[39m[31m[1m^[22m[39m[31m[1m^[
22m[39m[31m[1m^[22m[39m[31m[1m^[22m
[39m[31m[1m^[22m[39m[31m[1m^[22m[3
9m[31m[1m^[22m[39m[31m[1m^[22m[39m
[31m[1m^[22m[39m[31m[1m^[22m[39m[31
m[1m^[22m[39m[31m[1m^[22m[39m[31m[
1m^[22m[39m[31m[1m^[22m[39m[31m[1m^
[22m[39m[31m[1m^[22m[39m[31m[1m^[2
2m[39m[31m[1m^[22m[39m[31m[1m^[22m
[39m[31m[1m^[22m[39m[31m[1m^[22m[39
m[31m[1m^[22m[39m[31m[1m^[22m[39m[
31m[1m^[22m[39m[31m[1m^[22m[39m[31m
[1m^[22m[39m[31m[1m^[22m[39m[31m[1
m^[22m[39m[31m[1m^[22m[39m[31m[1m^
[22m[39m[31m[1m^[22m[39m[31m[1m^[22
m[39m[31m[1m^[22m[39m[31m[1m^[22m[
39m[31m[1m^[22m[39m[31m[1m^[22m[39m
[31m[1m^[22m[39m[31m[1m^[22m[39m[3
1m[1m^[22m[39m[31m[1m^[22m[39m[31m
[1m^[22m[39m[31m[1m^[22m[39m[31m[1m
^[22m[39m[31m[1m^[22m[39m[31m[1m^[
22m[39m[31m[1m^[22m[39m[31m[1m^[22m
[39m[31m[1m^[22m[39m[31m[1m^[22m[3
9m
 [90m 27 |[39m [36mimport[39m { 
useToast } [36mfrom[39m [32m"@/component
s/ui/use-toast"[39m[33m;[39m
 [90m 28 |[39m
 [90m 29 |[39m [36mexport[39m 
[36mdefault[39m [36mfunction[39m 
[33mTranslationsPage[39m() {[0m



Import traces:
  Client Component Browser:
    ./frontend/app/dashboard/translations/p
age.tsx [Client Component Browser]
    ./frontend/app/dashboard/translations/p
age.tsx [Server Component]

  Client Component SSR:
    ./frontend/app/dashboard/translations/p
age.tsx [Client Component SSR]
    ./frontend/app/dashboard/translations/p
age.tsx [Server Component]

https://nextjs.org/docs/messages/module-not
-found


./frontend/app/portal/claims/page.tsx:4:1
Module not found: Can't resolve 
'lucide-react'
[0m [90m 2 |[39m
 [90m 3 |[39m [36mimport[39m 
[33mReact[39m[33m,[39m { 
useState[33m,[39m useEffect } 
[36mfrom[39m [32m'react'[39m[33m;[39m
[31m[1m>[22m[39m[90m 4 |[39m 
[36mimport[39m { 
[33mChevronRight[39m[33m,[39m 
[33mArrowLeft[39m[33m,[39m 
[33mLoader2[39m } [36mfrom[39m 
[32m'lucide-react'[39m[33m;[39m
 [90m   |[39m [31m[1m^[22m[39m[31m[
1m^[22m[39m[31m[1m^[22m[39m[31m[1m^
[22m[39m[31m[1m^[22m[39m[31m[1m^[2
2m[39m[31m[1m^[22m[39m[31m[1m^[22m
[39m[31m[1m^[22m[39m[31m[1m^[22m[39
m[31m[1m^[22m[39m[31m[1m^[22m[39m[
31m[1m^[22m[39m[31m[1m^[22m[39m[31m
[1m^[22m[39m[31m[1m^[22m[39m[31m[1
m^[22m[39m[31m[1m^[22m[39m[31m[1m^
[22m[39m[31m[1m^[22m[39m[31m[1m^[22
m[39m[31m[1m^[22m[39m[31m[1m^[22m[
39m[31m[1m^[22m[39m[31m[1m^[22m[39m
[31m[1m^[22m[39m[31m[1m^[22m[39m[3
1m[1m^[22m[39m[31m[1m^[22m[39m[31m
[1m^[22m[39m[31m[1m^[22m[39m[31m[1m
^[22m[39m[31m[1m^[22m[39m[31m[1m^[
22m[39m[31m[1m^[22m[39m[31m[1m^[22m
[39m[31m[1m^[22m[39m[31m[1m^[22m[3
9m[31m[1m^[22m[39m[31m[1m^[22m[39m
[31m[1m^[22m[39m[31m[1m^[22m[39m[31
m[1m^[22m[39m[31m[1m^[22m[39m[31m[
1m^[22m[39m[31m[1m^[22m[39m[31m[1m^
[22m[39m[31m[1m^[22m[39m[31m[1m^[2
2m[39m[31m[1m^[22m[39m[31m[1m^[22m
[39m[31m[1m^[22m[39m[31m[1m^[22m[39
m[31m[1m^[22m[39m[31m[1m^[22m[39m[
31m[1m^[22m[39m[31m[1m^[22m[39m[31m
[1m^[22m[39m[31m[1m^[22m[39m[31m[1
m^[22m[39m[31m[1m^[22m[39m[31m[1m^
[22m[39m[31m[1m^[22m[39m[31m[1m^[22
m[39m
 [90m 5 |[39m [36mimport[39m { 
[33mButton[39m } [36mfrom[39m [32m'@/c
omponents/ui/button'[39m[33m;[39m
 [90m 6 |[39m [36mimport[39m { 
[33mPortalClaimDialog[39m } 
[36mfrom[39m [32m'@/components/portal/po
rtal-claim-dialog'[39m[33m;[39m
 [90m 7 |[39m [36mimport[39m { 
portalApi[33m,[39m 
[33mDashboardStats[39m } [36mfrom[39m 
[32m'@/lib/portal-api'[39m[33m;[39m[0m



Import traces:
  Client Component Browser:
    ./frontend/app/portal/claims/page.tsx 
[Client Component Browser]
    ./frontend/app/portal/claims/page.tsx 
[Server Component]

  Client Component SSR:
    ./frontend/app/portal/claims/page.tsx 
[Client Component SSR]
    ./frontend/app/portal/claims/page.tsx 
[Server Component]

https://nextjs.org/docs/messages/module-not
-found


./frontend/app/portal/layout.tsx:10:1
Module not found: Can't resolve 
'lucide-react'
[0m [90m  8 |[39m [36mimport[39m { 
clientNavItems } [36mfrom[39m 
[32m'@/lib/navigation'[39m[33m;[39m
 [90m  9 |[39m [36mimport[39m { cn } 
[36mfrom[39m 
[32m'@/lib/utils'[39m[33m;[39m
[31m[1m>[22m[39m[90m 10 |[39m 
[36mimport[39m { 
[33mLogOut[39m[33m,[39m [33mUser[39m 
[36mas[39m [33mUserIcon[39m[33m,[39m 
[33mMenu[39m[33m,[39m 
[33mX[39m[33m,[39m 
[33mCircleUser[39m } [36mfrom[39m 
[32m'lucide-react'[39m[33m;[39m
 [90m    |[39m [31m[1m^[22m[39m[31m
[1m^[22m[39m[31m[1m^[22m[39m[31m[1m
^[22m[39m[31m[1m^[22m[39m[31m[1m^[
22m[39m[31m[1m^[22m[39m[31m[1m^[22m
[39m[31m[1m^[22m[39m[31m[1m^[22m[3
9m[31m[1m^[22m[39m[31m[1m^[22m[39m
[31m[1m^[22m[39m[31m[1m^[22m[39m[31
m[1m^[22m[39m[31m[1m^[22m[39m[31m[
1m^[22m[39m[31m[1m^[22m[39m[31m[1m^
[22m[39m[31m[1m^[22m[39m[31m[1m^[2
2m[39m[31m[1m^[22m[39m[31m[1m^[22m
[39m[31m[1m^[22m[39m[31m[1m^[22m[39
m[31m[1m^[22m[39m[31m[1m^[22m[39m[
31m[1m^[22m[39m[31m[1m^[22m[39m[31m
[1m^[22m[39m[31m[1m^[22m[39m[31m[1
m^[22m[39m[31m[1m^[22m[39m[31m[1m^
[22m[39m[31m[1m^[22m[39m[31m[1m^[22
m[39m[31m[1m^[22m[39m[31m[1m^[22m[
39m[31m[1m^[22m[39m[31m[1m^[22m[39m
[31m[1m^[22m[39m[31m[1m^[22m[39m[3
1m[1m^[22m[39m[31m[1m^[22m[39m[31m
[1m^[22m[39m[31m[1m^[22m[39m[31m[1m
^[22m[39m[31m[1m^[22m[39m[31m[1m^[
22m[39m[31m[1m^[22m[39m[31m[1m^[22m
[39m[31m[1m^[22m[39m[31m[1m^[22m[3
9m[31m[1m^[22m[39m[31m[1m^[22m[39m
[31m[1m^[22m[39m[31m[1m^[22m[39m[31
m[1m^[22m[39m[31m[1m^[22m[39m[31m[
1m^[22m[39m[31m[1m^[22m[39m[31m[1m^
[22m[39m[31m[1m^[22m[39m[31m[1m^[2
2m[39m[31m[1m^[22m[39m[31m[1m^[22m
[39m[31m[1m^[22m[39m[31m[1m^[22m[39
m[31m[1m^[22m[39m[31m[1m^[22m[39m[
31m[1m^[22m[39m[31m[1m^[22m[39m[31m
[1m^[22m[39m[31m[1m^[22m[39m[31m[1
m^[22m[39m[31m[1m^[22m[39m[31m[1m^
[22m[39m
 [90m 11 |[39m [36mimport[39m { 
useBranding } [36mfrom[39m [32m'@/compon
ents/branding-provider'[39m[33m;[39m
 [90m 12 |[39m [36mimport[39m { 
[33mLanguageSwitcher[39m } 
[36mfrom[39m [32m'@/components/language-
switcher'[39m[33m;[39m
 [90m 13 |[39m [90m// import { 
ModeToggle } from 
'@/components/mode-toggle';[39m[0m



Import traces:
  Client Component Browser:
    ./frontend/app/portal/layout.tsx 
[Client Component Browser]
    ./frontend/app/portal/layout.tsx 
[Server Component]

  Client Component SSR:
    ./frontend/app/portal/layout.tsx 
[Client Component SSR]
    ./frontend/app/portal/layout.tsx 
[Server Component]

https://nextjs.org/docs/messages/module-not
-found


./frontend/app/portal/page.tsx:8:1
Module not found: Can't resolve 
'lucide-react'
[0m [90m  6 |[39m [36mimport[39m { 
useLanguage } [36mfrom[39m [32m'@/contex
ts/language-context'[39m[33m;[39m
 [90m  7 |[39m [36mimport[39m { 
[33mCard[39m[33m,[39m 
[33mCardContent[39m[33m,[39m 
[33mCardDescription[39m[33m,[39m 
[33mCardHeader[39m[33m,[39m 
[33mCardTitle[39m } [36mfrom[39m 
[32m'@/components/ui/card'[39m[33m;[39m
[31m[1m>[22m[39m[90m  8 |[39m 
[36mimport[39m {
 [90m    |[39m [31m[1m^[22m[39m[31m
[1m^[22m[39m[31m[1m^[22m[39m[31m[1m
^[22m[39m[31m[1m^[22m[39m[31m[1m^[
22m[39m[31m[1m^[22m[39m[31m[1m^[22m
[39m
[31m[1m>[22m[39m[90m  9 |[39m     
[33mDownload[39m[33m,[39m 
[33mShare2[39m[33m,[39m 
[33mPlayCircle[39m[33m,[39m 
[33mArrowRightCircle[39m[33m,[39m 
[33mFileText[39m[33m,[39m 
[33mEye[39m[33m,[39m 
[33mUserPlus[39m[33m,[39m
 [90m    |[39m [31m[1m^[22m[39m[31m
[1m^[22m[39m[31m[1m^[22m[39m[31m[1m
^[22m[39m[31m[1m^[22m[39m[31m[1m^[
22m[39m[31m[1m^[22m[39m[31m[1m^[22m
[39m[31m[1m^[22m[39m[31m[1m^[22m[3
9m[31m[1m^[22m[39m[31m[1m^[22m[39m
[31m[1m^[22m[39m[31m[1m^[22m[39m[31
m[1m^[22m[39m[31m[1m^[22m[39m[31m[
1m^[22m[39m[31m[1m^[22m[39m[31m[1m^
[22m[39m[31m[1m^[22m[39m[31m[1m^[2
2m[39m[31m[1m^[22m[39m[31m[1m^[22m
[39m[31m[1m^[22m[39m[31m[1m^[22m[39
m[31m[1m^[22m[39m[31m[1m^[22m[39m[
31m[1m^[22m[39m[31m[1m^[22m[39m[31m
[1m^[22m[39m[31m[1m^[22m[39m[31m[1
m^[22m[39m[31m[1m^[22m[39m[31m[1m^
[22m[39m[31m[1m^[22m[39m[31m[1m^[22
m[39m[31m[1m^[22m[39m[31m[1m^[22m[
39m[31m[1m^[22m[39m[31m[1m^[22m[39m
[31m[1m^[22m[39m[31m[1m^[22m[39m[3
1m[1m^[22m[39m[31m[1m^[22m[39m[31m
[1m^[22m[39m[31m[1m^[22m[39m[31m[1m
^[22m[39m[31m[1m^[22m[39m[31m[1m^[
22m[39m[31m[1m^[22m[39m[31m[1m^[22m
[39m[31m[1m^[22m[39m[31m[1m^[22m[3
9m[31m[1m^[22m[39m[31m[1m^[22m[39m
[31m[1m^[22m[39m[31m[1m^[22m[39m[31
m[1m^[22m[39m[31m[1m^[22m[39m[31m[
1m^[22m[39m[31m[1m^[22m[39m[31m[1m^
[22m[39m[31m[1m^[22m[39m[31m[1m^[2
2m[39m[31m[1m^[22m[39m[31m[1m^[22m
[39m[31m[1m^[22m[39m[31m[1m^[22m[39
m[31m[1m^[22m[39m[31m[1m^[22m[39m[
31m[1m^[22m[39m[31m[1m^[22m[39m[31m
[1m^[22m[39m[31m[1m^[22m[39m[31m[1
m^[22m[39m[31m[1m^[22m[39m
[31m[1m>[22m[39m[90m 10 |[39m     
[33mCoins[39m[33m,[39m 
[33mTrash2[39m[33m,[39m 
[33mLock[39m[33m,[39m 
[33mUsers[39m[33m,[39m 
[33mSearch[39m[33m,[39m 
[33mUpload[39m[33m,[39m 
[33mListTodo[39m[33m,[39m
 [90m    |[39m [31m[1m^[22m[39m[31m
[1m^[22m[39m[31m[1m^[22m[39m[31m[1m
^[22m[39m[31m[1m^[22m[39m[31m[1m^[
22m[39m[31m[1m^[22m[39m[31m[1m^[22m
[39m[31m[1m^[22m[39m[31m[1m^[22m[3
9m[31m[1m^[22m[39m[31m[1m^[22m[39m
[31m[1m^[22m[39m[31m[1m^[22m[39m[31
m[1m^[22m[39m[31m[1m^[22m[39m[31m[
1m^[22m[39m[31m[1m^[22m[39m[31m[1m^
[22m[39m[31m[1m^[22m[39m[31m[1m^[2
2m[39m[31m[1m^[22m[39m[31m[1m^[22m
[39m[31m[1m^[22m[39m[31m[1m^[22m[39
m[31m[1m^[22m[39m[31m[1m^[22m[39m[
31m[1m^[22m[39m[31m[1m^[22m[39m[31m
[1m^[22m[39m[31m[1m^[22m[39m[31m[1
m^[22m[39m[31m[1m^[22m[39m[31m[1m^
[22m[39m[31m[1m^[22m[39m[31m[1m^[22
m[39m[31m[1m^[22m[39m[31m[1m^[22m[
39m[31m[1m^[22m[39m[31m[1m^[22m[39m
[31m[1m^[22m[39m[31m[1m^[22m[39m[3
1m[1m^[22m[39m[31m[1m^[22m[39m[31m
[1m^[22m[39m[31m[1m^[22m[39m[31m[1m
^[22m[39m[31m[1m^[22m[39m[31m[1m^[
22m[39m[31m[1m^[22m[39m[31m[1m^[22m
[39m[31m[1m^[22m[39m[31m[1m^[22m[3
9m[31m[1m^[22m[39m[31m[1m^[22m[39m
[31m[1m^[22m[39m[31m[1m^[22m[39m[31
m[1m^[22m[39m[31m[1m^[22m[39m[31m[
1m^[22m[39m[31m[1m^[22m[39m[31m[1m^
[22m[39m[31m[1m^[22m[39m[31m[1m^[2
2m[39m[31m[1m^[22m[39m[31m[1m^[22m
[39m[31m[1m^[22m[39m[31m[1m^[22m[39
m[31m[1m^[22m[39m[31m[1m^[22m[39m[
31m[1m^[22m[39m[31m[1m^[22m[39m[31m
[1m^[22m[39m[31m[1m^[22m[39m[31m[1
m^[22m[39m[31m[1m^[22m[39m
[31m[1m>[22m[39m[90m 11 |[39m     
[33mCircleChevronRight[39m[33m,[39m 
[33mCircleChevronDown[39m[33m,[39m 
[33mShield[39m[33m,[39m 
[33mAlertCircle[39m[33m,[39m
 [90m    |[39m [31m[1m^[22m[39m[31m
[1m^[22m[39m[31m[1m^[22m[39m[31m[1m
^[22m[39m[31m[1m^[22m[39m[31m[1m^[
22m[39m[31m[1m^[22m[39m[31m[1m^[22m
[39m[31m[1m^[22m[39m[31m[1m^[22m[3
9m[31m[1m^[22m[39m[31m[1m^[22m[39m
[31m[1m^[22m[39m[31m[1m^[22m[39m[31
m[1m^[22m[39m[31m[1m^[22m[39m[31m[
1m^[22m[39m[31m[1m^[22m[39m[31m[1m^
[22m[39m[31m[1m^[22m[39m[31m[1m^[2
2m[39m[31m[1m^[22m[39m[31m[1m^[22m
[39m[31m[1m^[22m[39m[31m[1m^[22m[39
m[31m[1m^[22m[39m[31m[1m^[22m[39m[
31m[1m^[22m[39m[31m[1m^[22m[39m[31m
[1m^[22m[39m[31m[1m^[22m[39m[31m[1
m^[22m[39m[31m[1m^[22m[39m[31m[1m^
[22m[39m[31m[1m^[22m[39m[31m[1m^[22
m[39m[31m[1m^[22m[39m[31m[1m^[22m[
39m[31m[1m^[22m[39m[31m[1m^[22m[39m
[31m[1m^[22m[39m[31m[1m^[22m[39m[3
1m[1m^[22m[39m[31m[1m^[22m[39m[31m
[1m^[22m[39m[31m[1m^[22m[39m[31m[1m
^[22m[39m[31m[1m^[22m[39m[31m[1m^[
22m[39m[31m[1m^[22m[39m[31m[1m^[22m
[39m[31m[1m^[22m[39m[31m[1m^[22m[3
9m[31m[1m^[22m[39m[31m[1m^[22m[39m
[31m[1m^[22m[39m[31m[1m^[22m[39m[31
m[1m^[22m[39m[31m[1m^[22m[39m[31m[
1m^[22m[39m[31m[1m^[22m[39m[31m[1m^
[22m[39m[31m[1m^[22m[39m[31m[1m^[2
2m[39m[31m[1m^[22m[39m[31m[1m^[22m
[39m[31m[1m^[22m[39m[31m[1m^[22m[39
m[31m[1m^[22m[39m[31m[1m^[22m[39m[
31m[1m^[22m[39m[31m[1m^[22m[39m[31m
[1m^[22m[39m[31m[1m^[22m[39m[31m[1
m^[22m[39m[31m[1m^[22m[39m
[31m[1m>[22m[39m[90m 12 |[39m     
[33mCreditCard[39m[33m,[39m 
[33mClock[39m[33m,[39m 
[33mLoader2[39m[33m,[39m 
[33mPlusCircle[39m[33m,[39m 
[33mCheckCircle[39m[33m,[39m 
[33mHeart[39m[33m,[39m 
[33mCarFront[39m[33m,[39m 
[33mSettings[39m
 [90m    |[39m [31m[1m^[22m[39m[31m
[1m^[22m[39m[31m[1m^[22m[39m[31m[1m
^[22m[39m[31m[1m^[22m[39m[31m[1m^[
22m[39m[31m[1m^[22m[39m[31m[1m^[22m
[39m[31m[1m^[22m[39m[31m[1m^[22m[3
9m[31m[1m^[22m[39m[31m[1m^[22m[39m
[31m[1m^[22m[39m[31m[1m^[22m[39m[31
m[1m^[22m[39m[31m[1m^[22m[39m[31m[
1m^[22m[39m[31m[1m^[22m[39m[31m[1m^
[22m[39m[31m[1m^[22m[39m[31m[1m^[2
2m[39m[31m[1m^[22m[39m[31m[1m^[22m
[39m[31m[1m^[22m[39m[31m[1m^[22m[39
m[31m[1m^[22m[39m[31m[1m^[22m[39m[
31m[1m^[22m[39m[31m[1m^[22m[39m[31m
[1m^[22m[39m[31m[1m^[22m[39m[31m[1
m^[22m[39m[31m[1m^[22m[39m[31m[1m^
[22m[39m[31m[1m^[22m[39m[31m[1m^[22
m[39m[31m[1m^[22m[39m[31m[1m^[22m[
39m[31m[1m^[22m[39m[31m[1m^[22m[39m
[31m[1m^[22m[39m[31m[1m^[22m[39m[3
1m[1m^[22m[39m[31m[1m^[22m[39m[31m
[1m^[22m[39m[31m[1m^[22m[39m[31m[1m
^[22m[39m[31m[1m^[22m[39m[31m[1m^[
22m[39m[31m[1m^[22m[39m[31m[1m^[22m
[39m[31m[1m^[22m[39m[31m[1m^[22m[3
9m[31m[1m^[22m[39m[31m[1m^[22m[39m
[31m[1m^[22m[39m[31m[1m^[22m[39m[31
m[1m^[22m[39m[31m[1m^[22m[39m[31m[
1m^[22m[39m[31m[1m^[22m[39m[31m[1m^
[22m[39m[31m[1m^[22m[39m[31m[1m^[2
2m[39m[31m[1m^[22m[39m[31m[1m^[22m
[39m[31m[1m^[22m[39m[31m[1m^[22m[39
m[31m[1m^[22m[39m[31m[1m^[22m[39m[
31m[1m^[22m[39m[31m[1m^[22m[39m[31m
[1m^[22m[39m[31m[1m^[22m[39m[31m[1
m^[22m[39m[31m[1m^[22m[39m
[31m[1m>[22m[39m[90m 13 |[39m } 
[36mfrom[39m 
[32m'lucide-react'[39m[33m;[39m
 [90m    |[39m [31m[1m^[22m[39m[31m
[1m^[22m[39m[31m[1m^[22m[39m[31m[1m
^[22m[39m[31m[1m^[22m[39m[31m[1m^[
22m[39m[31m[1m^[22m[39m[31m[1m^[22m
[39m[31m[1m^[22m[39m[31m[1m^[22m[3
9m[31m[1m^[22m[39m[31m[1m^[22m[39m
[31m[1m^[22m[39m[31m[1m^[22m[39m[31
m[1m^[22m[39m[31m[1m^[22m[39m[31m[
1m^[22m[39m[31m[1m^[22m[39m[31m[1m^
[22m[39m[31m[1m^[22m[39m[31m[1m^[2
2m[39m[31m[1m^[22m[39m[31m[1m^[22m
[39m
 [90m 14 |[39m [36mimport[39m { 
portalApi[33m,[39m 
[33mDashboardStats[39m } [36mfrom[39m 
[32m'@/lib/portal-api'[39m[33m;[39m
 [90m 15 |[39m [36mimport[39m { 
policyApi } [36mfrom[39m 
[32m'@/lib/policy-api'[39m[33m;[39m
 [90m 16 |[39m [36mimport[39m { 
formatCurrency } [36mfrom[39m 
[32m'@/lib/utils'[39m[33m;[39m[0m



Import traces:
  Client Component Browser:
    ./frontend/app/portal/page.tsx [Client 
Component Browser]
    ./frontend/app/portal/page.tsx [Server 
Component]

  Client Component SSR:
    ./frontend/app/portal/page.tsx [Client 
Component SSR]
    ./frontend/app/portal/page.tsx [Server 
Component]

https://nextjs.org/docs/messages/module-not
-found


./frontend/app/portal/page.tsx:26:1
Module not found: Can't resolve 
'lucide-react'
[0m [90m 24 |[39m [36mimport[39m { 
[33mButton[39m } [36mfrom[39m [32m'@/c
omponents/ui/button'[39m[33m;[39m
 [90m 25 |[39m [36mimport[39m { 
useSearchParams } [36mfrom[39m 
[32m'next/navigation'[39m[33m;[39m
[31m[1m>[22m[39m[90m 26 |[39m 
[36mimport[39m { 
[33mChevronLeft[39m[33m,[39m 
[33mChevronRight[39m [36mas[39m 
[33mChevronRightIcon[39m } 
[36mfrom[39m 
[32m'lucide-react'[39m[33m;[39m
 [90m    |[39m [31m[1m^[22m[39m[31m
[1m^[22m[39m[31m[1m^[22m[39m[31m[1m
^[22m[39m[31m[1m^[22m[39m[31m[1m^[
22m[39m[31m[1m^[22m[39m[31m[1m^[22m
[39m[31m[1m^[22m[39m[31m[1m^[22m[3
9m[31m[1m^[22m[39m[31m[1m^[22m[39m
[31m[1m^[22m[39m[31m[1m^[22m[39m[31
m[1m^[22m[39m[31m[1m^[22m[39m[31m[
1m^[22m[39m[31m[1m^[22m[39m[31m[1m^
[22m[39m[31m[1m^[22m[39m[31m[1m^[2
2m[39m[31m[1m^[22m[39m[31m[1m^[22m
[39m[31m[1m^[22m[39m[31m[1m^[22m[39
m[31m[1m^[22m[39m[31m[1m^[22m[39m[
31m[1m^[22m[39m[31m[1m^[22m[39m[31m
[1m^[22m[39m[31m[1m^[22m[39m[31m[1
m^[22m[39m[31m[1m^[22m[39m[31m[1m^
[22m[39m[31m[1m^[22m[39m[31m[1m^[22
m[39m[31m[1m^[22m[39m[31m[1m^[22m[
39m[31m[1m^[22m[39m[31m[1m^[22m[39m
[31m[1m^[22m[39m[31m[1m^[22m[39m[3
1m[1m^[22m[39m[31m[1m^[22m[39m[31m
[1m^[22m[39m[31m[1m^[22m[39m[31m[1m
^[22m[39m[31m[1m^[22m[39m[31m[1m^[
22m[39m[31m[1m^[22m[39m[31m[1m^[22m
[39m[31m[1m^[22m[39m[31m[1m^[22m[3
9m[31m[1m^[22m[39m[31m[1m^[22m[39m
[31m[1m^[22m[39m[31m[1m^[22m[39m[31
m[1m^[22m[39m[31m[1m^[22m[39m[31m[
1m^[22m[39m[31m[1m^[22m[39m[31m[1m^
[22m[39m[31m[1m^[22m[39m[31m[1m^[2
2m[39m[31m[1m^[22m[39m[31m[1m^[22m
[39m[31m[1m^[22m[39m[31m[1m^[22m[39
m[31m[1m^[22m[39m[31m[1m^[22m[39m[
31m[1m^[22m[39m[31m[1m^[22m[39m[31m
[1m^[22m[39m[31m[1m^[22m[39m[31m[1
m^[22m[39m[31m[1m^[22m[39m[31m[1m^
[22m[39m
 [90m 27 |[39m
 [90m 28 |[39m
 [90m 29 |[39m [36mexport[39m 
[36mdefault[39m [36mfunction[39m 
[33mClientPortalPage[39m() {[0m



Import traces:
  Client Component Browser:
    ./frontend/app/portal/page.tsx [Client 
Component Browser]
    ./frontend/app/portal/page.tsx [Server 
Component]

  Client Component SSR:
    ./frontend/app/portal/page.tsx [Client 
Component SSR]
    ./frontend/app/portal/page.tsx [Server 
Component]

https://nextjs.org/docs/messages/module-not
-found


./frontend/app/portal/quotes/create/page.ts
x:8:1
Module not found: Can't resolve 
'lucide-react'
[0m [90m  6 |[39m [36mimport[39m { 
[33mCard[39m[33m,[39m 
[33mCardHeader[39m[33m,[39m 
[33mCardTitle[39m[33m,[39m 
[33mCardDescription[39m[33m,[39m 
[33mCardContent[39m } [36mfrom[39m 
[32m"@/components/ui/card"[39m[33m;[39m
 [90m  7 |[39m [36mimport[39m { 
[33mButton[39m } [36mfrom[39m [32m"@/c
omponents/ui/button"[39m[33m;[39m
[31m[1m>[22m[39m[90m  8 |[39m 
[36mimport[39m { 
[33mFileText[39m[33m,[39m 
[33mSparkles[39m[33m,[39m 
[33mArrowLeft[39m } [36mfrom[39m 
[32m"lucide-react"[39m[33m;[39m
 [90m    |[39m [31m[1m^[22m[39m[31m
[1m^[22m[39m[31m[1m^[22m[39m[31m[1m
^[22m[39m[31m[1m^[22m[39m[31m[1m^[
22m[39m[31m[1m^[22m[39m[31m[1m^[22m
[39m[31m[1m^[22m[39m[31m[1m^[22m[3
9m[31m[1m^[22m[39m[31m[1m^[22m[39m
[31m[1m^[22m[39m[31m[1m^[22m[39m[31
m[1m^[22m[39m[31m[1m^[22m[39m[31m[
1m^[22m[39m[31m[1m^[22m[39m[31m[1m^
[22m[39m[31m[1m^[22m[39m[31m[1m^[2
2m[39m[31m[1m^[22m[39m[31m[1m^[22m
[39m[31m[1m^[22m[39m[31m[1m^[22m[39
m[31m[1m^[22m[39m[31m[1m^[22m[39m[
31m[1m^[22m[39m[31m[1m^[22m[39m[31m
[1m^[22m[39m[31m[1m^[22m[39m[31m[1
m^[22m[39m[31m[1m^[22m[39m[31m[1m^
[22m[39m[31m[1m^[22m[39m[31m[1m^[22
m[39m[31m[1m^[22m[39m[31m[1m^[22m[
39m[31m[1m^[22m[39m[31m[1m^[22m[39m
[31m[1m^[22m[39m[31m[1m^[22m[39m[3
1m[1m^[22m[39m[31m[1m^[22m[39m[31m
[1m^[22m[39m[31m[1m^[22m[39m[31m[1m
^[22m[39m[31m[1m^[22m[39m[31m[1m^[
22m[39m[31m[1m^[22m[39m[31m[1m^[22m
[39m[31m[1m^[22m[39m[31m[1m^[22m[3
9m[31m[1m^[22m[39m[31m[1m^[22m[39m
[31m[1m^[22m[39m[31m[1m^[22m[39m[31
m[1m^[22m[39m[31m[1m^[22m[39m[31m[
1m^[22m[39m[31m[1m^[22m[39m
 [90m  9 |[39m [36mimport[39m { 
useRouter } [36mfrom[39m 
[32m"next/navigation"[39m[33m;[39m
 [90m 10 |[39m
 [90m 11 |[39m [36mexport[39m 
[36mdefault[39m [36mfunction[39m 
[33mPortalCreateQuotePage[39m() {[0m



Import traces:
  Client Component Browser:
    ./frontend/app/portal/quotes/create/pag
e.tsx [Client Component Browser]
    ./frontend/app/portal/quotes/create/pag
e.tsx [Server Component]

  Client Component SSR:
    ./frontend/app/portal/quotes/create/pag
e.tsx [Client Component SSR]
    ./frontend/app/portal/quotes/create/pag
e.tsx [Server Component]

https://nextjs.org/docs/messages/module-not
-found


./frontend/app/portal/referrals/page.tsx:10
:1
Module not found: Can't resolve 
'lucide-react'
[0m [90m  8 |[39m [36mimport[39m { 
useToast } [36mfrom[39m [32m'@/component
s/ui/use-toast'[39m[33m;[39m
 [90m  9 |[39m [36mimport[39m { 
[33mCard[39m[33m,[39m 
[33mCardHeader[39m[33m,[39m 
[33mCardTitle[39m[33m,[39m 
[33mCardContent[39m } [36mfrom[39m 
[32m'@/components/ui/card'[39m[33m;[39m
[31m[1m>[22m[39m[90m 10 |[39m 
[36mimport[39m { [33mUsers2[39m } 
[36mfrom[39m 
[32m'lucide-react'[39m[33m;[39m
 [90m    |[39m [31m[1m^[22m[39m[31m
[1m^[22m[39m[31m[1m^[22m[39m[31m[1m
^[22m[39m[31m[1m^[22m[39m[31m[1m^[
22m[39m[31m[1m^[22m[39m[31m[1m^[22m
[39m[31m[1m^[22m[39m[31m[1m^[22m[3
9m[31m[1m^[22m[39m[31m[1m^[22m[39m
[31m[1m^[22m[39m[31m[1m^[22m[39m[31
m[1m^[22m[39m[31m[1m^[22m[39m[31m[
1m^[22m[39m[31m[1m^[22m[39m[31m[1m^
[22m[39m[31m[1m^[22m[39m[31m[1m^[2
2m[39m[31m[1m^[22m[39m[31m[1m^[22m
[39m[31m[1m^[22m[39m[31m[1m^[22m[39
m[31m[1m^[22m[39m[31m[1m^[22m[39m[
31m[1m^[22m[39m[31m[1m^[22m[39m[31m
[1m^[22m[39m[31m[1m^[22m[39m[31m[1
m^[22m[39m[31m[1m^[22m[39m[31m[1m^
[22m[39m[31m[1m^[22m[39m[31m[1m^[22
m[39m[31m[1m^[22m[39m[31m[1m^[22m[
39m
 [90m 11 |[39m
 [90m 12 |[39m [36mexport[39m 
[36mdefault[39m [36mfunction[39m 
[33mReferralPage[39m() {
 [90m 13 |[39m     [36mconst[39m { t } 
[33m=[39m useLanguage()[33m;[39m[0m



Import traces:
  Client Component Browser:
    
./frontend/app/portal/referrals/page.tsx 
[Client Component Browser]
    
./frontend/app/portal/referrals/page.tsx 
[Server Component]

  Client Component SSR:
    
./frontend/app/portal/referrals/page.tsx 
[Client Component SSR]
    
./frontend/app/portal/referrals/page.tsx 
[Server Component]

https://nextjs.org/docs/messages/module-not
-found


./frontend/app/portal/register/page.tsx:13:
1
Module not found: Can't resolve 
'lucide-react'
[0m [90m 11 |[39m [36mimport[39m { 
[33mLabel[39m } [36mfrom[39m [32m'@/co
mponents/ui/label'[39m[33m;[39m
 [90m 12 |[39m [36mimport[39m { 
[33mCard[39m[33m,[39m 
[33mCardContent[39m[33m,[39m 
[33mCardDescription[39m[33m,[39m 
[33mCardHeader[39m[33m,[39m 
[33mCardTitle[39m[33m,[39m 
[33mCardFooter[39m } [36mfrom[39m 
[32m'@/components/ui/card'[39m[33m;[39m
[31m[1m>[22m[39m[90m 13 |[39m 
[36mimport[39m { 
[33mShieldCheck[39m[33m,[39m 
[33mScan[39m[33m,[39m 
[33mUser[39m[33m,[39m 
[33mLock[39m[33m,[39m 
[33mMail[39m[33m,[39m 
[33mPhone[39m[33m,[39m 
[33mCheckCircle2[39m[33m,[39m 
[33mLoader2[39m[33m,[39m 
[33mArrowRight[39m[33m,[39m 
[33mArrowLeft[39m } [36mfrom[39m 
[32m'lucide-react'[39m[33m;[39m
 [90m    |[39m [31m[1m^[22m[39m[31m
[1m^[22m[39m[31m[1m^[22m[39m[31m[1m
^[22m[39m[31m[1m^[22m[39m[31m[1m^[
22m[39m[31m[1m^[22m[39m[31m[1m^[22m
[39m[31m[1m^[22m[39m[31m[1m^[22m[3
9m[31m[1m^[22m[39m[31m[1m^[22m[39m
[31m[1m^[22m[39m[31m[1m^[22m[39m[31
m[1m^[22m[39m[31m[1m^[22m[39m[31m[
1m^[22m[39m[31m[1m^[22m[39m[31m[1m^
[22m[39m[31m[1m^[22m[39m[31m[1m^[2
2m[39m[31m[1m^[22m[39m[31m[1m^[22m
[39m[31m[1m^[22m[39m[31m[1m^[22m[39
m[31m[1m^[22m[39m[31m[1m^[22m[39m[
31m[1m^[22m[39m[31m[1m^[22m[39m[31m
[1m^[22m[39m[31m[1m^[22m[39m[31m[1
m^[22m[39m[31m[1m^[22m[39m[31m[1m^
[22m[39m[31m[1m^[22m[39m[31m[1m^[22
m[39m[31m[1m^[22m[39m[31m[1m^[22m[
39m[31m[1m^[22m[39m[31m[1m^[22m[39m
[31m[1m^[22m[39m[31m[1m^[22m[39m[3
1m[1m^[22m[39m[31m[1m^[22m[39m[31m
[1m^[22m[39m[31m[1m^[22m[39m[31m[1m
^[22m[39m[31m[1m^[22m[39m[31m[1m^[
22m[39m[31m[1m^[22m[39m[31m[1m^[22m
[39m[31m[1m^[22m[39m[31m[1m^[22m[3
9m[31m[1m^[22m[39m[31m[1m^[22m[39m
[31m[1m^[22m[39m[31m[1m^[22m[39m[31
m[1m^[22m[39m[31m[1m^[22m[39m[31m[
1m^[22m[39m[31m[1m^[22m[39m[31m[1m^
[22m[39m[31m[1m^[22m[39m[31m[1m^[2
2m[39m[31m[1m^[22m[39m[31m[1m^[22m
[39m[31m[1m^[22m[39m[31m[1m^[22m[39
m[31m[1m^[22m[39m[31m[1m^[22m[39m[
31m[1m^[22m[39m[31m[1m^[22m[39m[31m
[1m^[22m[39m[31m[1m^[22m[39m[31m[1
m^[22m[39m[31m[1m^[22m[39m[31m[1m^
[22m[39m[31m[1m^[22m[39m[31m[1m^[22
m[39m[31m[1m^[22m[39m[31m[1m^[22m[
39m[31m[1m^[22m[39m[31m[1m^[22m[39m
[31m[1m^[22m[39m[31m[1m^[22m[39m[3
1m[1m^[22m[39m[31m[1m^[22m[39m[31m
[1m^[22m[39m[31m[1m^[22m[39m[31m[1m
^[22m[39m[31m[1m^[22m[39m[31m[1m^[
22m[39m[31m[1m^[22m[39m[31m[1m^[22m
[39m[31m[1m^[22m[39m[31m[1m^[22m[3
9m[31m[1m^[22m[39m[31m[1m^[22m[39m
[31m[1m^[22m[39m[31m[1m^[22m[39m[31
m[1m^[22m[39m[31m[1m^[22m[39m[31m[
1m^[22m[39m[31m[1m^[22m[39m[31m[1m^
[22m[39m[31m[1m^[22m[39m[31m[1m^[2
2m[39m[31m[1m^[22m[39m[31m[1m^[22m
[39m[31m[1m^[22m[39m[31m[1m^[22m[39
m[31m[1m^[22m[39m[31m[1m^[22m[39m[
31m[1m^[22m[39m[31m[1m^[22m[39m[31m
[1m^[22m[39m[31m[1m^[22m[39m[31m[1
m^[22m[39m[31m[1m^[22m[39m[31m[1m^
[22m[39m
 [90m 14 |[39m [36mimport[39m { 
portalApi } [36mfrom[39m 
[32m'@/lib/portal-api'[39m[33m;[39m
 [90m 15 |[39m [36mimport[39m { 
clientApi } [36mfrom[39m 
[32m'@/lib/client-api'[39m[33m;[39m
 [90m 16 |[39m [36mimport[39m { 
useToast } [36mfrom[39m [32m'@/component
s/ui/use-toast'[39m[33m;[39m[0m



Import traces:
  Client Component Browser:
    
./frontend/app/portal/register/page.tsx 
[Client Component Browser]
    
./frontend/app/portal/register/page.tsx 
[Server Component]

  Client Component SSR:
    
./frontend/app/portal/register/page.tsx 
[Client Component SSR]
    
./frontend/app/portal/register/page.tsx 
[Server Component]

https://nextjs.org/docs/messages/module-not
-found


./frontend/app/portal/support/cancellation-
guide/page.tsx:5:1
Module not found: Can't resolve 
'lucide-react'
[0m [90m 3 |[39m [36mimport[39m { 
[33mCancellationGuide[39m } 
[36mfrom[39m [32m'@/components/support/c
ancellation-guide'[39m[33m;[39m
 [90m 4 |[39m [36mimport[39m { 
[33mButton[39m } [36mfrom[39m [32m'@/c
omponents/ui/button'[39m[33m;[39m
[31m[1m>[22m[39m[90m 5 |[39m 
[36mimport[39m { 
[33mChevronLeft[39m[33m,[39m 
[33mPrinter[39m } [36mfrom[39m 
[32m'lucide-react'[39m[33m;[39m
 [90m   |[39m [31m[1m^[22m[39m[31m[
1m^[22m[39m[31m[1m^[22m[39m[31m[1m^
[22m[39m[31m[1m^[22m[39m[31m[1m^[2
2m[39m[31m[1m^[22m[39m[31m[1m^[22m
[39m[31m[1m^[22m[39m[31m[1m^[22m[39
m[31m[1m^[22m[39m[31m[1m^[22m[39m[
31m[1m^[22m[39m[31m[1m^[22m[39m[31m
[1m^[22m[39m[31m[1m^[22m[39m[31m[1
m^[22m[39m[31m[1m^[22m[39m[31m[1m^
[22m[39m[31m[1m^[22m[39m[31m[1m^[22
m[39m[31m[1m^[22m[39m[31m[1m^[22m[
39m[31m[1m^[22m[39m[31m[1m^[22m[39m
[31m[1m^[22m[39m[31m[1m^[22m[39m[3
1m[1m^[22m[39m[31m[1m^[22m[39m[31m
[1m^[22m[39m[31m[1m^[22m[39m[31m[1m
^[22m[39m[31m[1m^[22m[39m[31m[1m^[
22m[39m[31m[1m^[22m[39m[31m[1m^[22m
[39m[31m[1m^[22m[39m[31m[1m^[22m[3
9m[31m[1m^[22m[39m[31m[1m^[22m[39m
[31m[1m^[22m[39m[31m[1m^[22m[39m[31
m[1m^[22m[39m[31m[1m^[22m[39m[31m[
1m^[22m[39m[31m[1m^[22m[39m[31m[1m^
[22m[39m[31m[1m^[22m[39m[31m[1m^[2
2m[39m[31m[1m^[22m[39m[31m[1m^[22m
[39m[31m[1m^[22m[39m
 [90m 6 |[39m [36mimport[39m { 
useRouter } [36mfrom[39m 
[32m'next/navigation'[39m[33m;[39m
 [90m 7 |[39m
 [90m 8 |[39m [36mexport[39m 
[36mdefault[39m [36mfunction[39m 
[33mCancellationGuidePage[39m() {[0m



Import traces:
  Client Component Browser:
    ./frontend/app/portal/support/cancellat
ion-guide/page.tsx [Client Component 
Browser]
    ./frontend/app/portal/support/cancellat
ion-guide/page.tsx [Server Component]

  Client Component SSR:
    ./frontend/app/portal/support/cancellat
ion-guide/page.tsx [Client Component SSR]
    ./frontend/app/portal/support/cancellat
ion-guide/page.tsx [Server Component]

https://nextjs.org/docs/messages/module-not
-found


./frontend/app/portal/support/page.tsx:7:1
Module not found: Can't resolve 
'lucide-react'
[0m [90m  5 |[39m [36mimport[39m { 
[33mCard[39m[33m,[39m 
[33mCardContent[39m[33m,[39m 
[33mCardHeader[39m[33m,[39m 
[33mCardTitle[39m[33m,[39m 
[33mCardDescription[39m } [36mfrom[39m 
[32m'@/components/ui/card'[39m[33m;[39m
 [90m  6 |[39m [36mimport[39m { 
[33mButton[39m } [36mfrom[39m [32m'@/c
omponents/ui/button'[39m[33m;[39m
[31m[1m>[22m[39m[90m  7 |[39m 
[36mimport[39m { 
[33mPlus[39m[33m,[39m 
[33mMessageSquare[39m[33m,[39m 
[33mLoader2[39m[33m,[39m 
[33mSparkles[39m } [36mfrom[39m 
[32m'lucide-react'[39m[33m;[39m
 [90m    |[39m [31m[1m^[22m[39m[31m
[1m^[22m[39m[31m[1m^[22m[39m[31m[1m
^[22m[39m[31m[1m^[22m[39m[31m[1m^[
22m[39m[31m[1m^[22m[39m[31m[1m^[22m
[39m[31m[1m^[22m[39m[31m[1m^[22m[3
9m[31m[1m^[22m[39m[31m[1m^[22m[39m
[31m[1m^[22m[39m[31m[1m^[22m[39m[31
m[1m^[22m[39m[31m[1m^[22m[39m[31m[
1m^[22m[39m[31m[1m^[22m[39m[31m[1m^
[22m[39m[31m[1m^[22m[39m[31m[1m^[2
2m[39m[31m[1m^[22m[39m[31m[1m^[22m
[39m[31m[1m^[22m[39m[31m[1m^[22m[39
m[31m[1m^[22m[39m[31m[1m^[22m[39m[
31m[1m^[22m[39m[31m[1m^[22m[39m[31m
[1m^[22m[39m[31m[1m^[22m[39m[31m[1
m^[22m[39m[31m[1m^[22m[39m[31m[1m^
[22m[39m[31m[1m^[22m[39m[31m[1m^[22
m[39m[31m[1m^[22m[39m[31m[1m^[22m[
39m[31m[1m^[22m[39m[31m[1m^[22m[39m
[31m[1m^[22m[39m[31m[1m^[22m[39m[3
1m[1m^[22m[39m[31m[1m^[22m[39m[31m
[1m^[22m[39m[31m[1m^[22m[39m[31m[1m
^[22m[39m[31m[1m^[22m[39m[31m[1m^[
22m[39m[31m[1m^[22m[39m[31m[1m^[22m
[39m[31m[1m^[22m[39m[31m[1m^[22m[3
9m[31m[1m^[22m[39m[31m[1m^[22m[39m
[31m[1m^[22m[39m[31m[1m^[22m[39m[31
m[1m^[22m[39m[31m[1m^[22m[39m[31m[
1m^[22m[39m[31m[1m^[22m[39m[31m[1m^
[22m[39m[31m[1m^[22m[39m[31m[1m^[2
2m[39m[31m[1m^[22m[39m[31m[1m^[22m
[39m[31m[1m^[22m[39m[31m[1m^[22m[39
m[31m[1m^[22m[39m[31m[1m^[22m[39m
 [90m  8 |[39m [36mimport[39m { 
[33mInput[39m } [36mfrom[39m [32m'@/co
mponents/ui/input'[39m[33m;[39m
 [90m  9 |[39m [36mimport[39m { 
[33mBadge[39m } [36mfrom[39m [32m'@/co
mponents/ui/badge'[39m[33m;[39m
 [90m 10 |[39m [36mimport[39m { 
[33mTable[39m[33m,[39m 
[33mTableBody[39m[33m,[39m 
[33mTableCell[39m[33m,[39m 
[33mTableHead[39m[33m,[39m 
[33mTableHeader[39m[33m,[39m 
[33mTableRow[39m } [36mfrom[39m [32m"@
/components/ui/table"[39m[33m;[39m[0m



Import traces:
  Client Component Browser:
    ./frontend/app/portal/support/page.tsx 
[Client Component Browser]
    ./frontend/app/portal/support/page.tsx 
[Server Component]

  Client Component SSR:
    ./frontend/app/portal/support/page.tsx 
[Client Component SSR]
    ./frontend/app/portal/support/page.tsx 
[Server Component]

https://nextjs.org/docs/messages/module-not
-found


./frontend/app/verify/[token]/page.tsx:9:1
Module not found: Can't resolve 
'lucide-react'
[0m [90m  7 |[39m [36mimport[39m { 
[33mBadge[39m } [36mfrom[39m [32m"@/co
mponents/ui/badge"[39m[33m;[39m
 [90m  8 |[39m [36mimport[39m { 
[33mSkeleton[39m } [36mfrom[39m [32m"@
/components/ui/skeleton"[39m[33m;[39m
[31m[1m>[22m[39m[90m  9 |[39m 
[36mimport[39m { 
[33mCheckCircle2[39m[33m,[39m 
[33mXCircle[39m[33m,[39m 
[33mShieldCheck[39m[33m,[39m 
[33mCalendar[39m[33m,[39m 
[33mBuilding2[39m[33m,[39m 
[33mUserCircle[39m } [36mfrom[39m 
[32m"lucide-react"[39m[33m;[39m
 [90m    |[39m [31m[1m^[22m[39m[31m
[1m^[22m[39m[31m[1m^[22m[39m[31m[1m
^[22m[39m[31m[1m^[22m[39m[31m[1m^[
22m[39m[31m[1m^[22m[39m[31m[1m^[22m
[39m[31m[1m^[22m[39m[31m[1m^[22m[3
9m[31m[1m^[22m[39m[31m[1m^[22m[39m
[31m[1m^[22m[39m[31m[1m^[22m[39m[31
m[1m^[22m[39m[31m[1m^[22m[39m[31m[
1m^[22m[39m[31m[1m^[22m[39m[31m[1m^
[22m[39m[31m[1m^[22m[39m[31m[1m^[2
2m[39m[31m[1m^[22m[39m[31m[1m^[22m
[39m[31m[1m^[22m[39m[31m[1m^[22m[39
m[31m[1m^[22m[39m[31m[1m^[22m[39m[
31m[1m^[22m[39m[31m[1m^[22m[39m[31m
[1m^[22m[39m[31m[1m^[22m[39m[31m[1
m^[22m[39m[31m[1m^[22m[39m[31m[1m^
[22m[39m[31m[1m^[22m[39m[31m[1m^[22
m[39m[31m[1m^[22m[39m[31m[1m^[22m[
39m[31m[1m^[22m[39m[31m[1m^[22m[39m
[31m[1m^[22m[39m[31m[1m^[22m[39m[3
1m[1m^[22m[39m[31m[1m^[22m[39m[31m
[1m^[22m[39m[31m[1m^[22m[39m[31m[1m
^[22m[39m[31m[1m^[22m[39m[31m[1m^[
22m[39m[31m[1m^[22m[39m[31m[1m^[22m
[39m[31m[1m^[22m[39m[31m[1m^[22m[3
9m[31m[1m^[22m[39m[31m[1m^[22m[39m
[31m[1m^[22m[39m[31m[1m^[22m[39m[31
m[1m^[22m[39m[31m[1m^[22m[39m[31m[
1m^[22m[39m[31m[1m^[22m[39m[31m[1m^
[22m[39m[31m[1m^[22m[39m[31m[1m^[2
2m[39m[31m[1m^[22m[39m[31m[1m^[22m
[39m[31m[1m^[22m[39m[31m[1m^[22m[39
m[31m[1m^[22m[39m[31m[1m^[22m[39m[
31m[1m^[22m[39m[31m[1m^[22m[39m[31m
[1m^[22m[39m[31m[1m^[22m[39m[31m[1
m^[22m[39m[31m[1m^[22m[39m[31m[1m^
[22m[39m[31m[1m^[22m[39m[31m[1m^[22
m[39m[31m[1m^[22m[39m[31m[1m^[22m[
39m[31m[1m^[22m[39m[31m[1m^[22m[39m
[31m[1m^[22m[39m[31m[1m^[22m[39m[3
1m[1m^[22m[39m[31m[1m^[22m[39m[31m
[1m^[22m[39m[31m[1m^[22m[39m[31m[1m
^[22m[39m[31m[1m^[22m[39m[31m[1m^[
22m[39m[31m[1m^[22m[39m[31m[1m^[22m
[39m[31m[1m^[22m[39m[31m[1m^[22m[3
9m[31m[1m^[22m[39m[31m[1m^[22m[39m
[31m[1m^[22m[39m
 [90m 10 |[39m
 [90m 11 |[39m [36minterface[39m 
[33mVerificationData[39m {
 [90m 12 |[39m     status[33m:[39m 
string[33m;[39m[0m



Import traces:
  Client Component Browser:
    ./frontend/app/verify/[token]/page.tsx 
[Client Component Browser]
    ./frontend/app/verify/[token]/page.tsx 
[Server Component]

  Client Component SSR:
    ./frontend/app/verify/[token]/page.tsx 
[Client Component SSR]
    ./frontend/app/verify/[token]/page.tsx 
[Server Component]

https://nextjs.org/docs/messages/module-not
-found


./frontend/components/admin/permission-matr
ix.tsx:15:1
Module not found: Can't resolve 
'lucide-react'
[0m [90m 13 |[39m [36mimport[39m { 
[33mButton[39m } [36mfrom[39m [32m'@/c
omponents/ui/button'[39m[33m;[39m
 [90m 14 |[39m [36mimport[39m { 
[33mBadge[39m } [36mfrom[39m [32m'@/co
mponents/ui/badge'[39m[33m;[39m
[31m[1m>[22m[39m[90m 15 |[39m 
[36mimport[39m { 
[33mLoader2[39m[33m,[39m 
[33mSave[39m } [36mfrom[39m 
[32m'lucide-react'[39m[33m;[39m
 [90m    |[39m [31m[1m^[22m[39m[31m
[1m^[22m[39m[31m[1m^[22m[39m[31m[1m
^[22m[39m[31m[1m^[22m[39m[31m[1m^[
22m[39m[31m[1m^[22m[39m[31m[1m^[22m
[39m[31m[1m^[22m[39m[31m[1m^[22m[3
9m[31m[1m^[22m[39m[31m[1m^[22m[39m
[31m[1m^[22m[39m[31m[1m^[22m[39m[31
m[1m^[22m[39m[31m[1m^[22m[39m[31m[
1m^[22m[39m[31m[1m^[22m[39m[31m[1m^
[22m[39m[31m[1m^[22m[39m[31m[1m^[2
2m[39m[31m[1m^[22m[39m[31m[1m^[22m
[39m[31m[1m^[22m[39m[31m[1m^[22m[39
m[31m[1m^[22m[39m[31m[1m^[22m[39m[
31m[1m^[22m[39m[31m[1m^[22m[39m[31m
[1m^[22m[39m[31m[1m^[22m[39m[31m[1
m^[22m[39m[31m[1m^[22m[39m[31m[1m^
[22m[39m[31m[1m^[22m[39m[31m[1m^[22
m[39m[31m[1m^[22m[39m[31m[1m^[22m[
39m[31m[1m^[22m[39m[31m[1m^[22m[39m
[31m[1m^[22m[39m[31m[1m^[22m[39m[3
1m[1m^[22m[39m[31m[1m^[22m[39m[31m
[1m^[22m[39m
 [90m 16 |[39m [36mimport[39m { 
permissionApi } [36mfrom[39m 
[32m'@/lib/permission-api'[39m[33m;[39m
 [90m 17 |[39m [36mimport[39m { 
[33mPermission[39m[33m,[39m 
[33mRole[39m } [36mfrom[39m 
[32m'@/types/permission'[39m[33m;[39m
 [90m 18 |[39m [36mimport[39m { 
useToast } [36mfrom[39m [32m"@/component
s/ui/use-toast"[39m[33m;[39m[0m



Import traces:
  Client Component Browser:
    ./frontend/components/admin/permission-
matrix.tsx [Client Component Browser]
    
./frontend/app/dashboard/admin/page.tsx 
[Client Component Browser]
    
./frontend/app/dashboard/admin/page.tsx 
[Server Component]

  Client Component SSR:
    ./frontend/components/admin/permission-
matrix.tsx [Client Component SSR]
    
./frontend/app/dashboard/admin/page.tsx 
[Client Component SSR]
    
./frontend/app/dashboard/admin/page.tsx 
[Server Component]

https://nextjs.org/docs/messages/module-not
-found


./frontend/components/admin/quote-element-m
anager.tsx:4:1
Module not found: Can't resolve 
'lucide-react'
[0m [90m 2 |[39m
 [90m 3 |[39m [36mimport[39m { 
useState[33m,[39m useEffect } 
[36mfrom[39m [32m"react"[39m[33m;[39m
[31m[1m>[22m[39m[90m 4 |[39m 
[36mimport[39m { 
[33mPlus[39m[33m,[39m 
[33mTrash2[39m[33m,[39m 
[33mEdit2[39m[33m,[39m 
[33mSave[39m[33m,[39m [33mX[39m } 
[36mfrom[39m 
[32m"lucide-react"[39m[33m;[39m
 [90m   |[39m [31m[1m^[22m[39m[31m[
1m^[22m[39m[31m[1m^[22m[39m[31m[1m^
[22m[39m[31m[1m^[22m[39m[31m[1m^[2
2m[39m[31m[1m^[22m[39m[31m[1m^[22m
[39m[31m[1m^[22m[39m[31m[1m^[22m[39
m[31m[1m^[22m[39m[31m[1m^[22m[39m[
31m[1m^[22m[39m[31m[1m^[22m[39m[31m
[1m^[22m[39m[31m[1m^[22m[39m[31m[1
m^[22m[39m[31m[1m^[22m[39m[31m[1m^
[22m[39m[31m[1m^[22m[39m[31m[1m^[22
m[39m[31m[1m^[22m[39m[31m[1m^[22m[
39m[31m[1m^[22m[39m[31m[1m^[22m[39m
[31m[1m^[22m[39m[31m[1m^[22m[39m[3
1m[1m^[22m[39m[31m[1m^[22m[39m[31m
[1m^[22m[39m[31m[1m^[22m[39m[31m[1m
^[22m[39m[31m[1m^[22m[39m[31m[1m^[
22m[39m[31m[1m^[22m[39m[31m[1m^[22m
[39m[31m[1m^[22m[39m[31m[1m^[22m[3
9m[31m[1m^[22m[39m[31m[1m^[22m[39m
[31m[1m^[22m[39m[31m[1m^[22m[39m[31
m[1m^[22m[39m[31m[1m^[22m[39m[31m[
1m^[22m[39m[31m[1m^[22m[39m[31m[1m^
[22m[39m[31m[1m^[22m[39m[31m[1m^[2
2m[39m[31m[1m^[22m[39m[31m[1m^[22m
[39m[31m[1m^[22m[39m[31m[1m^[22m[39
m[31m[1m^[22m[39m[31m[1m^[22m[39m[
31m[1m^[22m[39m[31m[1m^[22m[39m[31m
[1m^[22m[39m[31m[1m^[22m[39m[31m[1
m^[22m[39m
 [90m 5 |[39m [36mimport[39m { 
[33mQuoteElement[39m[33m,[39m 
[33mQuoteElementCategory[39m } 
[36mfrom[39m [32m"@/types/quote-element"
[39m[33m;[39m
 [90m 6 |[39m [36mimport[39m { 
quoteElementApi } [36mfrom[39m [32m"@/li
b/quote-element-api"[39m[33m;[39m
 [90m 7 |[39m [36mimport[39m { 
[33mButton[39m } [36mfrom[39m [32m"@/c
omponents/ui/button"[39m[33m;[39m[0m



Import traces:
  Client Component Browser:
    ./frontend/components/admin/quote-eleme
nt-manager.tsx [Client Component Browser]
    ./frontend/components/admin/financial-s
ettings.tsx [Client Component Browser]
    
./frontend/app/dashboard/admin/page.tsx 
[Client Component Browser]
    
./frontend/app/dashboard/admin/page.tsx 
[Server Component]

  Client Component SSR:
    ./frontend/components/admin/quote-eleme
nt-manager.tsx [Client Component SSR]
    ./frontend/components/admin/financial-s
ettings.tsx [Client Component SSR]
    
./frontend/app/dashboard/admin/page.tsx 
[Client Component SSR]
    
./frontend/app/dashboard/admin/page.tsx 
[Server Component]

https://nextjs.org/docs/messages/module-not
-found


./frontend/components/admin/super-admin-ai-
settings.tsx:2:1
Module not found: Can't resolve 
'lucide-react'
[0m [90m 1 |[39m [36mimport[39m { 
useState[33m,[39m useEffect } 
[36mfrom[39m [32m"react"[39m
[31m[1m>[22m[39m[90m 2 |[39m 
[36mimport[39m { 
[33mShield[39m[33m,[39m 
[33mSave[39m[33m,[39m 
[33mBot[39m[33m,[39m 
[33mSparkles[39m[33m,[39m 
[33mActivity[39m[33m,[39m 
[33mLoader2[39m[33m,[39m 
[33mInfo[39m } [36mfrom[39m 
[32m"lucide-react"[39m
 [90m   |[39m [31m[1m^[22m[39m[31m[
1m^[22m[39m[31m[1m^[22m[39m[31m[1m^
[22m[39m[31m[1m^[22m[39m[31m[1m^[2
2m[39m[31m[1m^[22m[39m[31m[1m^[22m
[39m[31m[1m^[22m[39m[31m[1m^[22m[39
m[31m[1m^[22m[39m[31m[1m^[22m[39m[
31m[1m^[22m[39m[31m[1m^[22m[39m[31m
[1m^[22m[39m[31m[1m^[22m[39m[31m[1
m^[22m[39m[31m[1m^[22m[39m[31m[1m^
[22m[39m[31m[1m^[22m[39m[31m[1m^[22
m[39m[31m[1m^[22m[39m[31m[1m^[22m[
39m[31m[1m^[22m[39m[31m[1m^[22m[39m
[31m[1m^[22m[39m[31m[1m^[22m[39m[3
1m[1m^[22m[39m[31m[1m^[22m[39m[31m
[1m^[22m[39m[31m[1m^[22m[39m[31m[1m
^[22m[39m[31m[1m^[22m[39m[31m[1m^[
22m[39m[31m[1m^[22m[39m[31m[1m^[22m
[39m[31m[1m^[22m[39m[31m[1m^[22m[3
9m[31m[1m^[22m[39m[31m[1m^[22m[39m
[31m[1m^[22m[39m[31m[1m^[22m[39m[31
m[1m^[22m[39m[31m[1m^[22m[39m[31m[
1m^[22m[39m[31m[1m^[22m[39m[31m[1m^
[22m[39m[31m[1m^[22m[39m[31m[1m^[2
2m[39m[31m[1m^[22m[39m[31m[1m^[22m
[39m[31m[1m^[22m[39m[31m[1m^[22m[39
m[31m[1m^[22m[39m[31m[1m^[22m[39m[
31m[1m^[22m[39m[31m[1m^[22m[39m[31m
[1m^[22m[39m[31m[1m^[22m[39m[31m[1
m^[22m[39m[31m[1m^[22m[39m[31m[1m^
[22m[39m[31m[1m^[22m[39m[31m[1m^[22
m[39m[31m[1m^[22m[39m[31m[1m^[22m[
39m[31m[1m^[22m[39m[31m[1m^[22m[39m
[31m[1m^[22m[39m[31m[1m^[22m[39m[3
1m[1m^[22m[39m[31m[1m^[22m[39m[31m
[1m^[22m[39m[31m[1m^[22m[39m[31m[1m
^[22m[39m[31m[1m^[22m[39m[31m[1m^[
22m[39m[31m[1m^[22m[39m[31m[1m^[22m
[39m[31m[1m^[22m[39m[31m[1m^[22m[3
9m[31m[1m^[22m[39m[31m[1m^[22m[39m
 [90m 3 |[39m
 [90m 4 |[39m [36mimport[39m { 
[33mButton[39m } [36mfrom[39m 
[32m"@/components/ui/button"[39m
 [90m 5 |[39m [36mimport[39m {[0m



Import traces:
  Client Component Browser:
    ./frontend/components/admin/super-admin
-ai-settings.tsx [Client Component Browser]
    
./frontend/app/dashboard/admin/page.tsx 
[Client Component Browser]
    
./frontend/app/dashboard/admin/page.tsx 
[Server Component]

  Client Component SSR:
    ./frontend/components/admin/super-admin
-ai-settings.tsx [Client Component SSR]
    
./frontend/app/dashboard/admin/page.tsx 
[Client Component SSR]
    
./frontend/app/dashboard/admin/page.tsx 
[Server Component]

https://nextjs.org/docs/messages/module-not
-found


./frontend/components/admin/user-dialog.tsx
:34:1
Module not found: Can't resolve 
'lucide-react'
[0m [90m 32 |[39m } [36mfrom[39m [32m
'@/components/ui/select'[39m[33m;[39m
 [90m 33 |[39m [36mimport[39m { 
[33mUser[39m[33m,[39m 
[33mUserCreate[39m[33m,[39m 
[33mUserUpdate[39m } [36mfrom[39m 
[32m'@/types/user'[39m[33m;[39m
[31m[1m>[22m[39m[90m 34 |[39m 
[36mimport[39m { [33mLoader2[39m } 
[36mfrom[39m 
[32m'lucide-react'[39m[33m;[39m
 [90m    |[39m [31m[1m^[22m[39m[31m
[1m^[22m[39m[31m[1m^[22m[39m[31m[1m
^[22m[39m[31m[1m^[22m[39m[31m[1m^[
22m[39m[31m[1m^[22m[39m[31m[1m^[22m
[39m[31m[1m^[22m[39m[31m[1m^[22m[3
9m[31m[1m^[22m[39m[31m[1m^[22m[39m
[31m[1m^[22m[39m[31m[1m^[22m[39m[31
m[1m^[22m[39m[31m[1m^[22m[39m[31m[
1m^[22m[39m[31m[1m^[22m[39m[31m[1m^
[22m[39m[31m[1m^[22m[39m[31m[1m^[2
2m[39m[31m[1m^[22m[39m[31m[1m^[22m
[39m[31m[1m^[22m[39m[31m[1m^[22m[39
m[31m[1m^[22m[39m[31m[1m^[22m[39m[
31m[1m^[22m[39m[31m[1m^[22m[39m[31m
[1m^[22m[39m[31m[1m^[22m[39m[31m[1
m^[22m[39m[31m[1m^[22m[39m[31m[1m^
[22m[39m[31m[1m^[22m[39m[31m[1m^[22
m[39m[31m[1m^[22m[39m[31m[1m^[22m[
39m[31m[1m^[22m[39m
 [90m 35 |[39m
 [90m 36 |[39m [36mconst[39m 
userSchema [33m=[39m z[33m.[39mobject({
 [90m 37 |[39m     email[33m:[39m z[33
m.[39mstring()[33m.[39memail()[33m,[39
m[0m



Import traces:
  Client Component Browser:
    ./frontend/components/admin/user-dialog
.tsx [Client Component Browser]
    ./frontend/components/admin/user-manage
ment.tsx [Client Component Browser]
    
./frontend/app/dashboard/admin/page.tsx 
[Client Component Browser]
    
./frontend/app/dashboard/admin/page.tsx 
[Server Component]

  Client Component SSR:
    ./frontend/components/admin/user-dialog
.tsx [Client Component SSR]
    ./frontend/components/admin/user-manage
ment.tsx [Client Component SSR]
    
./frontend/app/dashboard/admin/page.tsx 
[Client Component SSR]
    
./frontend/app/dashboard/admin/page.tsx 
[Server Component]

https://nextjs.org/docs/messages/module-not
-found


./frontend/components/admin/user-management
.tsx:28:1
Module not found: Can't resolve 
'lucide-react'
[0m [90m 26 |[39m [36mimport[39m { 
[33mUserDialog[39m } [36mfrom[39m 
[32m'./user-dialog'[39m[33m;[39m
 [90m 27 |[39m [36mimport[39m { 
useLanguage } [36mfrom[39m [32m'@/contex
ts/language-context'[39m[33m;[39m
[31m[1m>[22m[39m[90m 28 |[39m 
[36mimport[39m { 
[33mLoader2[39m[33m,[39m 
[33mPlus[39m[33m,[39m 
[33mMoreHorizontal[39m[33m,[39m 
[33mSearch[39m[33m,[39m 
[33mTrash2[39m[33m,[39m [33mEdit[39m 
} [36mfrom[39m 
[32m'lucide-react'[39m[33m;[39m
 [90m    |[39m [31m[1m^[22m[39m[31m
[1m^[22m[39m[31m[1m^[22m[39m[31m[1m
^[22m[39m[31m[1m^[22m[39m[31m[1m^[
22m[39m[31m[1m^[22m[39m[31m[1m^[22m
[39m[31m[1m^[22m[39m[31m[1m^[22m[3
9m[31m[1m^[22m[39m[31m[1m^[22m[39m
[31m[1m^[22m[39m[31m[1m^[22m[39m[31
m[1m^[22m[39m[31m[1m^[22m[39m[31m[
1m^[22m[39m[31m[1m^[22m[39m[31m[1m^
[22m[39m[31m[1m^[22m[39m[31m[1m^[2
2m[39m[31m[1m^[22m[39m[31m[1m^[22m
[39m[31m[1m^[22m[39m[31m[1m^[22m[39
m[31m[1m^[22m[39m[31m[1m^[22m[39m[
31m[1m^[22m[39m[31m[1m^[22m[39m[31m
[1m^[22m[39m[31m[1m^[22m[39m[31m[1
m^[22m[39m[31m[1m^[22m[39m[31m[1m^
[22m[39m[31m[1m^[22m[39m[31m[1m^[22
m[39m[31m[1m^[22m[39m[31m[1m^[22m[
39m[31m[1m^[22m[39m[31m[1m^[22m[39m
[31m[1m^[22m[39m[31m[1m^[22m[39m[3
1m[1m^[22m[39m[31m[1m^[22m[39m[31m
[1m^[22m[39m[31m[1m^[22m[39m[31m[1m
^[22m[39m[31m[1m^[22m[39m[31m[1m^[
22m[39m[31m[1m^[22m[39m[31m[1m^[22m
[39m[31m[1m^[22m[39m[31m[1m^[22m[3
9m[31m[1m^[22m[39m[31m[1m^[22m[39m
[31m[1m^[22m[39m[31m[1m^[22m[39m[31
m[1m^[22m[39m[31m[1m^[22m[39m[31m[
1m^[22m[39m[31m[1m^[22m[39m[31m[1m^
[22m[39m[31m[1m^[22m[39m[31m[1m^[2
2m[39m[31m[1m^[22m[39m[31m[1m^[22m
[39m[31m[1m^[22m[39m[31m[1m^[22m[39
m[31m[1m^[22m[39m[31m[1m^[22m[39m[
31m[1m^[22m[39m[31m[1m^[22m[39m[31m
[1m^[22m[39m[31m[1m^[22m[39m[31m[1
m^[22m[39m[31m[1m^[22m[39m[31m[1m^
[22m[39m[31m[1m^[22m[39m[31m[1m^[22
m[39m[31m[1m^[22m[39m[31m[1m^[22m[
39m[31m[1m^[22m[39m[31m[1m^[22m[39m
 [90m 29 |[39m
 [90m 30 |[39m [36mexport[39m 
[36mfunction[39m 
[33mUserManagement[39m() {
 [90m 31 |[39m     [36mconst[39m { t } 
[33m=[39m useLanguage()[33m;[39m[0m



Import traces:
  Client Component Browser:
    ./frontend/components/admin/user-manage
ment.tsx [Client Component Browser]
    
./frontend/app/dashboard/admin/page.tsx 
[Client Component Browser]
    
./frontend/app/dashboard/admin/page.tsx 
[Server Component]

  Client Component SSR:
    ./frontend/components/admin/user-manage
ment.tsx [Client Component SSR]
    
./frontend/app/dashboard/admin/page.tsx 
[Client Component SSR]
    
./frontend/app/dashboard/admin/page.tsx 
[Server Component]

https://nextjs.org/docs/messages/module-not
-found


./frontend/components/ai-agent/credit-limit
-modal.tsx:12:1
Module not found: Can't resolve 
'lucide-react'
[0m [90m 10 |[39m } [36mfrom[39m 
[32m"@/components/ui/dialog"[39m
 [90m 11 |[39m [36mimport[39m { 
[33mButton[39m } [36mfrom[39m 
[32m"@/components/ui/button"[39m
[31m[1m>[22m[39m[90m 12 |[39m 
[36mimport[39m { 
[33mCreditCard[39m[33m,[39m 
[33mZap[39m[33m,[39m 
[33mShieldCheck[39m } [36mfrom[39m 
[32m"lucide-react"[39m
 [90m    |[39m [31m[1m^[22m[39m[31m
[1m^[22m[39m[31m[1m^[22m[39m[31m[1m
^[22m[39m[31m[1m^[22m[39m[31m[1m^[
22m[39m[31m[1m^[22m[39m[31m[1m^[22m
[39m[31m[1m^[22m[39m[31m[1m^[22m[3
9m[31m[1m^[22m[39m[31m[1m^[22m[39m
[31m[1m^[22m[39m[31m[1m^[22m[39m[31
m[1m^[22m[39m[31m[1m^[22m[39m[31m[
1m^[22m[39m[31m[1m^[22m[39m[31m[1m^
[22m[39m[31m[1m^[22m[39m[31m[1m^[2
2m[39m[31m[1m^[22m[39m[31m[1m^[22m
[39m[31m[1m^[22m[39m[31m[1m^[22m[39
m[31m[1m^[22m[39m[31m[1m^[22m[39m[
31m[1m^[22m[39m[31m[1m^[22m[39m[31m
[1m^[22m[39m[31m[1m^[22m[39m[31m[1
m^[22m[39m[31m[1m^[22m[39m[31m[1m^
[22m[39m[31m[1m^[22m[39m[31m[1m^[22
m[39m[31m[1m^[22m[39m[31m[1m^[22m[
39m[31m[1m^[22m[39m[31m[1m^[22m[39m
[31m[1m^[22m[39m[31m[1m^[22m[39m[3
1m[1m^[22m[39m[31m[1m^[22m[39m[31m
[1m^[22m[39m[31m[1m^[22m[39m[31m[1m
^[22m[39m[31m[1m^[22m[39m[31m[1m^[
22m[39m[31m[1m^[22m[39m[31m[1m^[22m
[39m[31m[1m^[22m[39m[31m[1m^[22m[3
9m[31m[1m^[22m[39m[31m[1m^[22m[39m
[31m[1m^[22m[39m[31m[1m^[22m[39m[31
m[1m^[22m[39m[31m[1m^[22m[39m
 [90m 13 |[39m
 [90m 14 |[39m [36minterface[39m 
[33mCreditLimitModalProps[39m {
 [90m 15 |[39m     isOpen[33m:[39m 
boolean[0m



Import traces:
  Client Component Browser:
    ./frontend/components/ai-agent/credit-l
imit-modal.tsx [Client Component Browser]
    ./frontend/components/ai-agent/left-pan
el.tsx [Client Component Browser]
    ./frontend/components/ai-agent/agent-wo
rkspace.tsx [Client Component Browser]
    ./frontend/components/layout/dashboard-
shell.tsx [Client Component Browser]
    ./frontend/app/dashboard/layout.tsx 
[Client Component Browser]
    ./frontend/app/dashboard/layout.tsx 
[Server Component]

  Client Component SSR:
    ./frontend/components/ai-agent/credit-l
imit-modal.tsx [Client Component SSR]
    ./frontend/components/ai-agent/left-pan
el.tsx [Client Component SSR]
    ./frontend/components/ai-agent/agent-wo
rkspace.tsx [Client Component SSR]
    ./frontend/components/layout/dashboard-
shell.tsx [Client Component SSR]
    ./frontend/app/dashboard/layout.tsx 
[Client Component SSR]
    ./frontend/app/dashboard/layout.tsx 
[Server Component]

https://nextjs.org/docs/messages/module-not
-found


./frontend/components/ai-agent/left-panel.t
sx:8:1
Module not found: Can't resolve 
'lucide-react'
[0m [90m  6 |[39m [36mimport[39m { 
[33mScrollArea[39m } [36mfrom[39m [32m
'@/components/ui/scroll-area'[39m[33m;[3
9m
 [90m  7 |[39m [36mimport[39m { 
[33mCard[39m } [36mfrom[39m 
[32m'@/components/ui/card'[39m[33m;[39m
[31m[1m>[22m[39m[90m  8 |[39m 
[36mimport[39m {
 [90m    |[39m [31m[1m^[22m[39m[31m
[1m^[22m[39m[31m[1m^[22m[39m[31m[1m
^[22m[39m[31m[1m^[22m[39m[31m[1m^[
22m[39m[31m[1m^[22m[39m[31m[1m^[22m
[39m
[31m[1m>[22m[39m[90m  9 |[39m     
[33mBot[39m[33m,[39m
 [90m    |[39m [31m[1m^[22m[39m[31m
[1m^[22m[39m[31m[1m^[22m[39m[31m[1m
^[22m[39m[31m[1m^[22m[39m[31m[1m^[
22m[39m[31m[1m^[22m[39m[31m[1m^[22m
[39m
[31m[1m>[22m[39m[90m 10 |[39m     
[33mSend[39m[33m,[39m
 [90m    |[39m [31m[1m^[22m[39m[31m
[1m^[22m[39m[31m[1m^[22m[39m[31m[1m
^[22m[39m[31m[1m^[22m[39m[31m[1m^[
22m[39m[31m[1m^[22m[39m[31m[1m^[22m
[39m
[31m[1m>[22m[39m[90m 11 |[39m     
[33mFileText[39m[33m,[39m
 [90m    |[39m [31m[1m^[22m[39m[31m
[1m^[22m[39m[31m[1m^[22m[39m[31m[1m
^[22m[39m[31m[1m^[22m[39m[31m[1m^[
22m[39m[31m[1m^[22m[39m[31m[1m^[22m
[39m
[31m[1m>[22m[39m[90m 12 |[39m     
[33mPlus[39m[33m,[39m
 [90m    |[39m [31m[1m^[22m[39m[31m
[1m^[22m[39m[31m[1m^[22m[39m[31m[1m
^[22m[39m[31m[1m^[22m[39m[31m[1m^[
22m[39m[31m[1m^[22m[39m[31m[1m^[22m
[39m
[31m[1m>[22m[39m[90m 13 |[39m     
[33mImage[39m [36mas[39m 
[33mImageIcon[39m[33m,[39m
 [90m    |[39m [31m[1m^[22m[39m[31m
[1m^[22m[39m[31m[1m^[22m[39m[31m[1m
^[22m[39m[31m[1m^[22m[39m[31m[1m^[
22m[39m[31m[1m^[22m[39m[31m[1m^[22m
[39m
[31m[1m>[22m[39m[90m 14 |[39m     
[33mLightbulb[39m[33m,[39m
 [90m    |[39m [31m[1m^[22m[39m[31m
[1m^[22m[39m[31m[1m^[22m[39m[31m[1m
^[22m[39m[31m[1m^[22m[39m[31m[1m^[
22m[39m[31m[1m^[22m[39m[31m[1m^[22m
[39m
[31m[1m>[22m[39m[90m 15 |[39m     
[33mSearch[39m[33m,[39m
 [90m    |[39m [31m[1m^[22m[39m[31m
[1m^[22m[39m[31m[1m^[22m[39m[31m[1m
^[22m[39m[31m[1m^[22m[39m[31m[1m^[
22m[39m[31m[1m^[22m[39m[31m[1m^[22m
[39m
[31m[1m>[22m[39m[90m 16 |[39m     
[33mShoppingBag[39m[33m,[39m
 [90m    |[39m [31m[1m^[22m[39m[31m
[1m^[22m[39m[31m[1m^[22m[39m[31m[1m
^[22m[39m[31m[1m^[22m[39m[31m[1m^[
22m[39m[31m[1m^[22m[39m[31m[1m^[22m
[39m
[31m[1m>[22m[39m[90m 17 |[39m     
[33mMoreHorizontal[39m[33m,[39m
 [90m    |[39m [31m[1m^[22m[39m[31m
[1m^[22m[39m[31m[1m^[22m[39m[31m[1m
^[22m[39m[31m[1m^[22m[39m[31m[1m^[
22m[39m[31m[1m^[22m[39m[31m[1m^[22m
[39m
[31m[1m>[22m[39m[90m 18 |[39m     
[33mPaperclip[39m[33m,[39m
 [90m    |[39m [31m[1m^[22m[39m[31m
[1m^[22m[39m[31m[1m^[22m[39m[31m[1m
^[22m[39m[31m[1m^[22m[39m[31m[1m^[
22m[39m[31m[1m^[22m[39m[31m[1m^[22m
[39m
[31m[1m>[22m[39m[90m 19 |[39m     
[33mBookOpen[39m[33m,[39m
 [90m    |[39m [31m[1m^[22m[39m[31m
[1m^[22m[39m[31m[1m^[22m[39m[31m[1m
^[22m[39m[31m[1m^[22m[39m[31m[1m^[
22m[39m[31m[1m^[22m[39m[31m[1m^[22m
[39m
[31m[1m>[22m[39m[90m 20 |[39m     
[33mGlobe[39m[33m,[39m
 [90m    |[39m [31m[1m^[22m[39m[31m
[1m^[22m[39m[31m[1m^[22m[39m[31m[1m
^[22m[39m[31m[1m^[22m[39m[31m[1m^[
22m[39m[31m[1m^[22m[39m[31m[1m^[22m
[39m
[31m[1m>[22m[39m[90m 21 |[39m     
[33mPenTool[39m[33m,[39m
 [90m    |[39m [31m[1m^[22m[39m[31m
[1m^[22m[39m[31m[1m^[22m[39m[31m[1m
^[22m[39m[31m[1m^[22m[39m[31m[1m^[
22m[39m[31m[1m^[22m[39m[31m[1m^[22m
[39m
[31m[1m>[22m[39m[90m 22 |[39m     
[33mMic[39m[33m,[39m
 [90m    |[39m [31m[1m^[22m[39m[31m
[1m^[22m[39m[31m[1m^[22m[39m[31m[1m
^[22m[39m[31m[1m^[22m[39m[31m[1m^[
22m[39m[31m[1m^[22m[39m[31m[1m^[22m
[39m
[31m[1m>[22m[39m[90m 23 |[39m     
[33mHeadphones[39m[33m,[39m
 [90m    |[39m [31m[1m^[22m[39m[31m
[1m^[22m[39m[31m[1m^[22m[39m[31m[1m
^[22m[39m[31m[1m^[22m[39m[31m[1m^[
22m[39m[31m[1m^[22m[39m[31m[1m^[22m
[39m
[31m[1m>[22m[39m[90m 24 |[39m     
[33mX[39m[33m,[39m
 [90m    |[39m [31m[1m^[22m[39m[31m
[1m^[22m[39m[31m[1m^[22m[39m[31m[1m
^[22m[39m[31m[1m^[22m[39m[31m[1m^[
22m[39m[31m[1m^[22m[39m[31m[1m^[22m
[39m
[31m[1m>[22m[39m[90m 25 |[39m     
[33mUser[39m[33m,[39m
 [90m    |[39m [31m[1m^[22m[39m[31m
[1m^[22m[39m[31m[1m^[22m[39m[31m[1m
^[22m[39m[31m[1m^[22m[39m[31m[1m^[
22m[39m[31m[1m^[22m[39m[31m[1m^[22m
[39m
[31m[1m>[22m[39m[90m 26 |[39m     
[33mPlay[39m
 [90m    |[39m [31m[1m^[22m[39m[31m
[1m^[22m[39m[31m[1m^[22m[39m[31m[1m
^[22m[39m[31m[1m^[22m[39m[31m[1m^[
22m[39m[31m[1m^[22m[39m[31m[1m^[22m
[39m
[31m[1m>[22m[39m[90m 27 |[39m } 
[36mfrom[39m 
[32m'lucide-react'[39m[33m;[39m
 [90m    |[39m [31m[1m^[22m[39m[31m
[1m^[22m[39m[31m[1m^[22m[39m[31m[1m
^[22m[39m[31m[1m^[22m[39m[31m[1m^[
22m[39m[31m[1m^[22m[39m[31m[1m^[22m
[39m[31m[1m^[22m[39m[31m[1m^[22m[3
9m[31m[1m^[22m[39m[31m[1m^[22m[39m
[31m[1m^[22m[39m[31m[1m^[22m[39m[31
m[1m^[22m[39m[31m[1m^[22m[39m[31m[
1m^[22m[39m[31m[1m^[22m[39m[31m[1m^
[22m[39m[31m[1m^[22m[39m[31m[1m^[2
2m[39m[31m[1m^[22m[39m[31m[1m^[22m
[39m
 [90m 28 |[39m [36mimport[39m {
 [90m 29 |[39m     
[33mDropdownMenu[39m[33m,[39m
 [90m 30 |[39m     [33mDropdownMenuConte
nt[39m[33m,[39m[0m



Import traces:
  Client Component Browser:
    ./frontend/components/ai-agent/left-pan
el.tsx [Client Component Browser]
    ./frontend/components/ai-agent/agent-wo
rkspace.tsx [Client Component Browser]
    ./frontend/components/layout/dashboard-
shell.tsx [Client Component Browser]
    ./frontend/app/dashboard/layout.tsx 
[Client Component Browser]
    ./frontend/app/dashboard/layout.tsx 
[Server Component]

  Client Component SSR:
    ./frontend/components/ai-agent/left-pan
el.tsx [Client Component SSR]
    ./frontend/components/ai-agent/agent-wo
rkspace.tsx [Client Component SSR]
    ./frontend/components/layout/dashboard-
shell.tsx [Client Component SSR]
    ./frontend/app/dashboard/layout.tsx 
[Client Component SSR]
    ./frontend/app/dashboard/layout.tsx 
[Server Component]

https://nextjs.org/docs/messages/module-not
-found


./frontend/components/ai-agent/left-panel.t
sx:46:1
Module not found: Can't resolve 
'lucide-react'
[0m [90m 44 |[39m [36mimport[39m { 
subscriptionApi[33m,[39m 
[33mSubscriptionStatus[39m } 
[36mfrom[39m [32m'@/lib/subscription-api
'[39m[33m;[39m
 [90m 45 |[39m [36mimport[39m { 
[33mBadge[39m } [36mfrom[39m [32m'@/co
mponents/ui/badge'[39m[33m;[39m
[31m[1m>[22m[39m[90m 46 |[39m 
[36mimport[39m { [33mCoins[39m } 
[36mfrom[39m 
[32m'lucide-react'[39m[33m;[39m
 [90m    |[39m [31m[1m^[22m[39m[31m
[1m^[22m[39m[31m[1m^[22m[39m[31m[1m
^[22m[39m[31m[1m^[22m[39m[31m[1m^[
22m[39m[31m[1m^[22m[39m[31m[1m^[22m
[39m[31m[1m^[22m[39m[31m[1m^[22m[3
9m[31m[1m^[22m[39m[31m[1m^[22m[39m
[31m[1m^[22m[39m[31m[1m^[22m[39m[31
m[1m^[22m[39m[31m[1m^[22m[39m[31m[
1m^[22m[39m[31m[1m^[22m[39m[31m[1m^
[22m[39m[31m[1m^[22m[39m[31m[1m^[2
2m[39m[31m[1m^[22m[39m[31m[1m^[22m
[39m[31m[1m^[22m[39m[31m[1m^[22m[39
m[31m[1m^[22m[39m[31m[1m^[22m[39m[
31m[1m^[22m[39m[31m[1m^[22m[39m[31m
[1m^[22m[39m[31m[1m^[22m[39m[31m[1
m^[22m[39m[31m[1m^[22m[39m[31m[1m^
[22m[39m[31m[1m^[22m[39m[31m[1m^[22
m[39m[31m[1m^[22m[39m
 [90m 47 |[39m [36mimport[39m { 
useLanguage } [36mfrom[39m [32m'@/contex
ts/language-context'[39m[33m;[39m
 [90m 48 |[39m
 [90m 49 |[39m [36minterface[39m 
[33mLeftPanelProps[39m {[0m



Import traces:
  Client Component Browser:
    ./frontend/components/ai-agent/left-pan
el.tsx [Client Component Browser]
    ./frontend/components/ai-agent/agent-wo
rkspace.tsx [Client Component Browser]
    ./frontend/components/layout/dashboard-
shell.tsx [Client Component Browser]
    ./frontend/app/dashboard/layout.tsx 
[Client Component Browser]
    ./frontend/app/dashboard/layout.tsx 
[Server Component]

  Client Component SSR:
    ./frontend/components/ai-agent/left-pan
el.tsx [Client Component SSR]
    ./frontend/components/ai-agent/agent-wo
rkspace.tsx [Client Component SSR]
    ./frontend/components/layout/dashboard-
shell.tsx [Client Component SSR]
    ./frontend/app/dashboard/layout.tsx 
[Client Component SSR]
    ./frontend/app/dashboard/layout.tsx 
[Server Component]

https://nextjs.org/docs/messages/module-not
-found


./frontend/components/ai-agent/previews/cla
im-preview.tsx:4:1
Module not found: Can't resolve 
'lucide-react'
[0m [90m 2 |[39m [36mimport[39m { 
[33mBadge[39m } [36mfrom[39m [32m"@/co
mponents/ui/badge"[39m[33m;[39m
 [90m 3 |[39m [36mimport[39m { 
[33mClaimData[39m } [36mfrom[39m 
[32m"@/types/ai-agent"[39m[33m;[39m
[31m[1m>[22m[39m[90m 4 |[39m 
[36mimport[39m { 
[33mAlertCircle[39m[33m,[39m 
[33mCheck[39m[33m,[39m [33mEdit2[39m 
} [36mfrom[39m 
[32m"lucide-react"[39m[33m;[39m
 [90m   |[39m [31m[1m^[22m[39m[31m[
1m^[22m[39m[31m[1m^[22m[39m[31m[1m^
[22m[39m[31m[1m^[22m[39m[31m[1m^[2
2m[39m[31m[1m^[22m[39m[31m[1m^[22m
[39m[31m[1m^[22m[39m[31m[1m^[22m[39
m[31m[1m^[22m[39m[31m[1m^[22m[39m[
31m[1m^[22m[39m[31m[1m^[22m[39m[31m
[1m^[22m[39m[31m[1m^[22m[39m[31m[1
m^[22m[39m[31m[1m^[22m[39m[31m[1m^
[22m[39m[31m[1m^[22m[39m[31m[1m^[22
m[39m[31m[1m^[22m[39m[31m[1m^[22m[
39m[31m[1m^[22m[39m[31m[1m^[22m[39m
[31m[1m^[22m[39m[31m[1m^[22m[39m[3
1m[1m^[22m[39m[31m[1m^[22m[39m[31m
[1m^[22m[39m[31m[1m^[22m[39m[31m[1m
^[22m[39m[31m[1m^[22m[39m[31m[1m^[
22m[39m[31m[1m^[22m[39m[31m[1m^[22m
[39m[31m[1m^[22m[39m[31m[1m^[22m[3
9m[31m[1m^[22m[39m[31m[1m^[22m[39m
[31m[1m^[22m[39m[31m[1m^[22m[39m[31
m[1m^[22m[39m[31m[1m^[22m[39m[31m[
1m^[22m[39m[31m[1m^[22m[39m[31m[1m^
[22m[39m[31m[1m^[22m[39m[31m[1m^[2
2m[39m[31m[1m^[22m[39m[31m[1m^[22m
[39m[31m[1m^[22m[39m[31m[1m^[22m[39
m[31m[1m^[22m[39m[31m[1m^[22m[39m[
31m[1m^[22m[39m[31m[1m^[22m[39m
 [90m 5 |[39m [36mimport[39m { 
[33mButton[39m } [36mfrom[39m [32m"@/c
omponents/ui/button"[39m[33m;[39m
 [90m 6 |[39m
 [90m 7 |[39m [36mexport[39m 
[36mfunction[39m 
[33mClaimPreview[39m({ data[33m,[39m 
onAction }[33m:[39m { data[33m:[39m 
[33mClaimData[39m[33m,[39m 
onAction[33m?[39m[33m:[39m 
(action[33m:[39m string[33m,[39m 
data[33m:[39m any) [33m=>[39m 
[36mvoid[39m }) {[0m



Import traces:
  Client Component Browser:
    ./frontend/components/ai-agent/previews
/claim-preview.tsx [Client Component 
Browser]
    ./frontend/components/ai-agent/right-pa
nel.tsx [Client Component Browser]
    ./frontend/components/ai-agent/agent-wo
rkspace.tsx [Client Component Browser]
    ./frontend/components/layout/dashboard-
shell.tsx [Client Component Browser]
    ./frontend/app/dashboard/layout.tsx 
[Client Component Browser]
    ./frontend/app/dashboard/layout.tsx 
[Server Component]

  Client Component SSR:
    ./frontend/components/ai-agent/previews
/claim-preview.tsx [Client Component SSR]
    ./frontend/components/ai-agent/right-pa
nel.tsx [Client Component SSR]
    ./frontend/components/ai-agent/agent-wo
rkspace.tsx [Client Component SSR]
    ./frontend/components/layout/dashboard-
shell.tsx [Client Component SSR]
    ./frontend/app/dashboard/layout.tsx 
[Client Component SSR]
    ./frontend/app/dashboard/layout.tsx 
[Server Component]

https://nextjs.org/docs/messages/module-not
-found


./frontend/components/ai-agent/previews/pol
icy-preview.tsx:4:1
Module not found: Can't resolve 
'lucide-react'
[0m [90m 2 |[39m [36mimport[39m { 
[33mBadge[39m } [36mfrom[39m [32m"@/co
mponents/ui/badge"[39m[33m;[39m
 [90m 3 |[39m [36mimport[39m { 
[33mPolicyData[39m } [36mfrom[39m 
[32m"@/types/ai-agent"[39m[33m;[39m
[31m[1m>[22m[39m[90m 4 |[39m 
[36mimport[39m { 
[33mCalendar[39m[33m,[39m 
[33mShield[39m[33m,[39m 
[33mCheck[39m[33m,[39m [33mEdit2[39m 
} [36mfrom[39m 
[32m"lucide-react"[39m[33m;[39m
 [90m   |[39m [31m[1m^[22m[39m[31m[
1m^[22m[39m[31m[1m^[22m[39m[31m[1m^
[22m[39m[31m[1m^[22m[39m[31m[1m^[2
2m[39m[31m[1m^[22m[39m[31m[1m^[22m
[39m[31m[1m^[22m[39m[31m[1m^[22m[39
m[31m[1m^[22m[39m[31m[1m^[22m[39m[
31m[1m^[22m[39m[31m[1m^[22m[39m[31m
[1m^[22m[39m[31m[1m^[22m[39m[31m[1
m^[22m[39m[31m[1m^[22m[39m[31m[1m^
[22m[39m[31m[1m^[22m[39m[31m[1m^[22
m[39m[31m[1m^[22m[39m[31m[1m^[22m[
39m[31m[1m^[22m[39m[31m[1m^[22m[39m
[31m[1m^[22m[39m[31m[1m^[22m[39m[3
1m[1m^[22m[39m[31m[1m^[22m[39m[31m
[1m^[22m[39m[31m[1m^[22m[39m[31m[1m
^[22m[39m[31m[1m^[22m[39m[31m[1m^[
22m[39m[31m[1m^[22m[39m[31m[1m^[22m
[39m[31m[1m^[22m[39m[31m[1m^[22m[3
9m[31m[1m^[22m[39m[31m[1m^[22m[39m
[31m[1m^[22m[39m[31m[1m^[22m[39m[31
m[1m^[22m[39m[31m[1m^[22m[39m[31m[
1m^[22m[39m[31m[1m^[22m[39m[31m[1m^
[22m[39m[31m[1m^[22m[39m[31m[1m^[2
2m[39m[31m[1m^[22m[39m[31m[1m^[22m
[39m[31m[1m^[22m[39m[31m[1m^[22m[39
m[31m[1m^[22m[39m[31m[1m^[22m[39m[
31m[1m^[22m[39m[31m[1m^[22m[39m[31m
[1m^[22m[39m[31m[1m^[22m[39m[31m[1
m^[22m[39m[31m[1m^[22m[39m[31m[1m^
[22m[39m
 [90m 5 |[39m [36mimport[39m { 
[33mButton[39m } [36mfrom[39m [32m"@/c
omponents/ui/button"[39m[33m;[39m
 [90m 6 |[39m
 [90m 7 |[39m [36mexport[39m 
[36mfunction[39m 
[33mPolicyPreview[39m({ data[33m,[39m 
onAction }[33m:[39m { data[33m:[39m 
[33mPolicyData[39m[33m,[39m 
onAction[33m?[39m[33m:[39m 
(action[33m:[39m string[33m,[39m 
data[33m:[39m any) [33m=>[39m 
[36mvoid[39m }) {[0m



Import traces:
  Client Component Browser:
    ./frontend/components/ai-agent/previews
/policy-preview.tsx [Client Component 
Browser]
    ./frontend/components/ai-agent/right-pa
nel.tsx [Client Component Browser]
    ./frontend/components/ai-agent/agent-wo
rkspace.tsx [Client Component Browser]
    ./frontend/components/layout/dashboard-
shell.tsx [Client Component Browser]
    ./frontend/app/dashboard/layout.tsx 
[Client Component Browser]
    ./frontend/app/dashboard/layout.tsx 
[Server Component]

  Client Component SSR:
    ./frontend/components/ai-agent/previews
/policy-preview.tsx [Client Component SSR]
    ./frontend/components/ai-agent/right-pa
nel.tsx [Client Component SSR]
    ./frontend/components/ai-agent/agent-wo
rkspace.tsx [Client Component SSR]
    ./frontend/components/layout/dashboard-
shell.tsx [Client Component SSR]
    ./frontend/app/dashboard/layout.tsx 
[Client Component SSR]
    ./frontend/app/dashboard/layout.tsx 
[Server Component]

https://nextjs.org/docs/messages/module-not
-found


./frontend/components/ai-agent/previews/quo
te-preview.tsx:4:1
Module not found: Can't resolve 
'lucide-react'
[0m [90m 2 |[39m [36mimport[39m { 
[33mBadge[39m } [36mfrom[39m [32m"@/co
mponents/ui/badge"[39m[33m;[39m
 [90m 3 |[39m [36mimport[39m { 
[33mButton[39m } [36mfrom[39m [32m"@/c
omponents/ui/button"[39m[33m;[39m
[31m[1m>[22m[39m[90m 4 |[39m 
[36mimport[39m { 
[33mCheck[39m[33m,[39m [33mEdit2[39m 
} [36mfrom[39m 
[32m"lucide-react"[39m[33m;[39m
 [90m   |[39m [31m[1m^[22m[39m[31m[
1m^[22m[39m[31m[1m^[22m[39m[31m[1m^
[22m[39m[31m[1m^[22m[39m[31m[1m^[2
2m[39m[31m[1m^[22m[39m[31m[1m^[22m
[39m[31m[1m^[22m[39m[31m[1m^[22m[39
m[31m[1m^[22m[39m[31m[1m^[22m[39m[
31m[1m^[22m[39m[31m[1m^[22m[39m[31m
[1m^[22m[39m[31m[1m^[22m[39m[31m[1
m^[22m[39m[31m[1m^[22m[39m[31m[1m^
[22m[39m[31m[1m^[22m[39m[31m[1m^[22
m[39m[31m[1m^[22m[39m[31m[1m^[22m[
39m[31m[1m^[22m[39m[31m[1m^[22m[39m
[31m[1m^[22m[39m[31m[1m^[22m[39m[3
1m[1m^[22m[39m[31m[1m^[22m[39m[31m
[1m^[22m[39m[31m[1m^[22m[39m[31m[1m
^[22m[39m[31m[1m^[22m[39m[31m[1m^[
22m[39m[31m[1m^[22m[39m[31m[1m^[22m
[39m[31m[1m^[22m[39m[31m[1m^[22m[3
9m[31m[1m^[22m[39m[31m[1m^[22m[39m
[31m[1m^[22m[39m[31m[1m^[22m[39m[31
m[1m^[22m[39m[31m[1m^[22m[39m
 [90m 5 |[39m [36mimport[39m { 
[33mQuoteData[39m } [36mfrom[39m 
[32m"@/types/ai-agent"[39m[33m;[39m
 [90m 6 |[39m
 [90m 7 |[39m [36mexport[39m 
[36mfunction[39m 
[33mQuotePreview[39m({ data[33m,[39m 
onAction }[33m:[39m { data[33m:[39m 
[33mQuoteData[39m[33m,[39m 
onAction[33m?[39m[33m:[39m 
(action[33m:[39m string[33m,[39m 
data[33m:[39m any) [33m=>[39m 
[36mvoid[39m }) {[0m



Import traces:
  Client Component Browser:
    ./frontend/components/ai-agent/previews
/quote-preview.tsx [Client Component 
Browser]
    ./frontend/components/ai-agent/right-pa
nel.tsx [Client Component Browser]
    ./frontend/components/ai-agent/agent-wo
rkspace.tsx [Client Component Browser]
    ./frontend/components/layout/dashboard-
shell.tsx [Client Component Browser]
    ./frontend/app/dashboard/layout.tsx 
[Client Component Browser]
    ./frontend/app/dashboard/layout.tsx 
[Server Component]

  Client Component SSR:
    ./frontend/components/ai-agent/previews
/quote-preview.tsx [Client Component SSR]
    ./frontend/components/ai-agent/right-pa
nel.tsx [Client Component SSR]
    ./frontend/components/ai-agent/agent-wo
rkspace.tsx [Client Component SSR]
    ./frontend/components/layout/dashboard-
shell.tsx [Client Component SSR]
    ./frontend/app/dashboard/layout.tsx 
[Client Component SSR]
    ./frontend/app/dashboard/layout.tsx 
[Server Component]

https://nextjs.org/docs/messages/module-not
-found


./frontend/components/ai-agent/previews/quo
te-progress-preview.tsx:6:1
Module not found: Can't resolve 
'lucide-react'
[0m [90m 4 |[39m [36mimport[39m { 
[33mProgress[39m } [36mfrom[39m [32m'@
/components/ui/progress'[39m[33m;[39m
 [90m 5 |[39m [36mimport[39m { 
[33mBadge[39m } [36mfrom[39m [32m'@/co
mponents/ui/badge'[39m[33m;[39m
[31m[1m>[22m[39m[90m 6 |[39m 
[36mimport[39m { 
[33mCheckCircle2[39m[33m,[39m 
[33mCircle[39m } [36mfrom[39m 
[32m'lucide-react'[39m[33m;[39m
 [90m   |[39m [31m[1m^[22m[39m[31m[
1m^[22m[39m[31m[1m^[22m[39m[31m[1m^
[22m[39m[31m[1m^[22m[39m[31m[1m^[2
2m[39m[31m[1m^[22m[39m[31m[1m^[22m
[39m[31m[1m^[22m[39m[31m[1m^[22m[39
m[31m[1m^[22m[39m[31m[1m^[22m[39m[
31m[1m^[22m[39m[31m[1m^[22m[39m[31m
[1m^[22m[39m[31m[1m^[22m[39m[31m[1
m^[22m[39m[31m[1m^[22m[39m[31m[1m^
[22m[39m[31m[1m^[22m[39m[31m[1m^[22
m[39m[31m[1m^[22m[39m[31m[1m^[22m[
39m[31m[1m^[22m[39m[31m[1m^[22m[39m
[31m[1m^[22m[39m[31m[1m^[22m[39m[3
1m[1m^[22m[39m[31m[1m^[22m[39m[31m
[1m^[22m[39m[31m[1m^[22m[39m[31m[1m
^[22m[39m[31m[1m^[22m[39m[31m[1m^[
22m[39m[31m[1m^[22m[39m[31m[1m^[22m
[39m[31m[1m^[22m[39m[31m[1m^[22m[3
9m[31m[1m^[22m[39m[31m[1m^[22m[39m
[31m[1m^[22m[39m[31m[1m^[22m[39m[31
m[1m^[22m[39m[31m[1m^[22m[39m[31m[
1m^[22m[39m[31m[1m^[22m[39m[31m[1m^
[22m[39m[31m[1m^[22m[39m[31m[1m^[2
2m[39m[31m[1m^[22m[39m[31m[1m^[22m
[39m[31m[1m^[22m[39m
 [90m 7 |[39m [36mimport[39m { 
useLanguage } [36mfrom[39m [32m'@/contex
ts/language-context'[39m[33m;[39m
 [90m 8 |[39m
 [90m 9 |[39m [36minterface[39m 
[33mQuoteProgressPreviewProps[39m {[0m



Import traces:
  Client Component Browser:
    ./frontend/components/ai-agent/previews
/quote-progress-preview.tsx [Client 
Component Browser]
    ./frontend/components/ai-agent/right-pa
nel.tsx [Client Component Browser]
    ./frontend/components/ai-agent/agent-wo
rkspace.tsx [Client Component Browser]
    ./frontend/components/layout/dashboard-
shell.tsx [Client Component Browser]
    ./frontend/app/dashboard/layout.tsx 
[Client Component Browser]
    ./frontend/app/dashboard/layout.tsx 
[Server Component]

  Client Component SSR:
    ./frontend/components/ai-agent/previews
/quote-progress-preview.tsx [Client 
Component SSR]
    ./frontend/components/ai-agent/right-pa
nel.tsx [Client Component SSR]
    ./frontend/components/ai-agent/agent-wo
rkspace.tsx [Client Component SSR]
    ./frontend/components/layout/dashboard-
shell.tsx [Client Component SSR]
    ./frontend/app/dashboard/layout.tsx 
[Client Component SSR]
    ./frontend/app/dashboard/layout.tsx 
[Server Component]

https://nextjs.org/docs/messages/module-not
-found


./frontend/components/ai-agent/previews/quo
te-selection-preview.tsx:6:1
Module not found: Can't resolve 
'lucide-react'
[0m [90m 4 |[39m [36mimport[39m { 
[33mButton[39m } [36mfrom[39m [32m'@/c
omponents/ui/button'[39m[33m;[39m
 [90m 5 |[39m [36mimport[39m { 
[33mBadge[39m } [36mfrom[39m [32m'@/co
mponents/ui/badge'[39m[33m;[39m
[31m[1m>[22m[39m[90m 6 |[39m 
[36mimport[39m { 
[33mFileText[39m[33m,[39m 
[33mArrowRight[39m } [36mfrom[39m 
[32m'lucide-react'[39m[33m;[39m
 [90m   |[39m [31m[1m^[22m[39m[31m[
1m^[22m[39m[31m[1m^[22m[39m[31m[1m^
[22m[39m[31m[1m^[22m[39m[31m[1m^[2
2m[39m[31m[1m^[22m[39m[31m[1m^[22m
[39m[31m[1m^[22m[39m[31m[1m^[22m[39
m[31m[1m^[22m[39m[31m[1m^[22m[39m[
31m[1m^[22m[39m[31m[1m^[22m[39m[31m
[1m^[22m[39m[31m[1m^[22m[39m[31m[1
m^[22m[39m[31m[1m^[22m[39m[31m[1m^
[22m[39m[31m[1m^[22m[39m[31m[1m^[22
m[39m[31m[1m^[22m[39m[31m[1m^[22m[
39m[31m[1m^[22m[39m[31m[1m^[22m[39m
[31m[1m^[22m[39m[31m[1m^[22m[39m[3
1m[1m^[22m[39m[31m[1m^[22m[39m[31m
[1m^[22m[39m[31m[1m^[22m[39m[31m[1m
^[22m[39m[31m[1m^[22m[39m[31m[1m^[
22m[39m[31m[1m^[22m[39m[31m[1m^[22m
[39m[31m[1m^[22m[39m[31m[1m^[22m[3
9m[31m[1m^[22m[39m[31m[1m^[22m[39m
[31m[1m^[22m[39m[31m[1m^[22m[39m[31
m[1m^[22m[39m[31m[1m^[22m[39m[31m[
1m^[22m[39m[31m[1m^[22m[39m[31m[1m^
[22m[39m[31m[1m^[22m[39m[31m[1m^[2
2m[39m[31m[1m^[22m[39m[31m[1m^[22m
[39m[31m[1m^[22m[39m
 [90m 7 |[39m
 [90m 8 |[39m [36minterface[39m 
[33mQuoteEntry[39m {
 [90m 9 |[39m     id[33m:[39m 
string[33m;[39m[0m



Import traces:
  Client Component Browser:
    ./frontend/components/ai-agent/previews
/quote-selection-preview.tsx [Client 
Component Browser]
    ./frontend/components/ai-agent/right-pa
nel.tsx [Client Component Browser]
    ./frontend/components/ai-agent/agent-wo
rkspace.tsx [Client Component Browser]
    ./frontend/components/layout/dashboard-
shell.tsx [Client Component Browser]
    ./frontend/app/dashboard/layout.tsx 
[Client Component Browser]
    ./frontend/app/dashboard/layout.tsx 
[Server Component]

  Client Component SSR:
    ./frontend/components/ai-agent/previews
/quote-selection-preview.tsx [Client 
Component SSR]
    ./frontend/components/ai-agent/right-pa
nel.tsx [Client Component SSR]
    ./frontend/components/ai-agent/agent-wo
rkspace.tsx [Client Component SSR]
    ./frontend/components/layout/dashboard-
shell.tsx [Client Component SSR]
    ./frontend/app/dashboard/layout.tsx 
[Client Component SSR]
    ./frontend/app/dashboard/layout.tsx 
[Server Component]

https://nextjs.org/docs/messages/module-not
-found


./frontend/components/ai-agent/right-panel.
tsx:5:1
Module not found: Can't resolve 
'lucide-react'
[0m [90m 3 |[39m [36mimport[39m { 
[33mButton[39m } [36mfrom[39m [32m'@/c
omponents/ui/button'[39m[33m;[39m
 [90m 4 |[39m [36mimport[39m { 
[33mScrollArea[39m } [36mfrom[39m [32m
'@/components/ui/scroll-area'[39m[33m;[3
9m
[31m[1m>[22m[39m[90m 5 |[39m 
[36mimport[39m { 
[33mLayoutTemplate[39m } [36mfrom[39m 
[32m'lucide-react'[39m[33m;[39m
 [90m   |[39m [31m[1m^[22m[39m[31m[
1m^[22m[39m[31m[1m^[22m[39m[31m[1m^
[22m[39m[31m[1m^[22m[39m[31m[1m^[2
2m[39m[31m[1m^[22m[39m[31m[1m^[22m
[39m[31m[1m^[22m[39m[31m[1m^[22m[39
m[31m[1m^[22m[39m[31m[1m^[22m[39m[
31m[1m^[22m[39m[31m[1m^[22m[39m[31m
[1m^[22m[39m[31m[1m^[22m[39m[31m[1
m^[22m[39m[31m[1m^[22m[39m[31m[1m^
[22m[39m[31m[1m^[22m[39m[31m[1m^[22
m[39m[31m[1m^[22m[39m[31m[1m^[22m[
39m[31m[1m^[22m[39m[31m[1m^[22m[39m
[31m[1m^[22m[39m[31m[1m^[22m[39m[3
1m[1m^[22m[39m[31m[1m^[22m[39m[31m
[1m^[22m[39m[31m[1m^[22m[39m[31m[1m
^[22m[39m[31m[1m^[22m[39m[31m[1m^[
22m[39m[31m[1m^[22m[39m[31m[1m^[22m
[39m[31m[1m^[22m[39m[31m[1m^[22m[3
9m[31m[1m^[22m[39m[31m[1m^[22m[39m
[31m[1m^[22m[39m[31m[1m^[22m[39m[31
m[1m^[22m[39m[31m[1m^[22m[39m[31m[
1m^[22m[39m[31m[1m^[22m[39m
 [90m 6 |[39m [36mimport[39m { 
[33mBadge[39m } [36mfrom[39m [32m'@/co
mponents/ui/badge'[39m[33m;[39m
 [90m 7 |[39m [36mimport[39m { 
[33mPreviewState[39m } [36mfrom[39m 
[32m'@/types/ai-agent'[39m[33m;[39m
 [90m 8 |[39m [36mimport[39m { 
[33mQuotePreview[39m } [36mfrom[39m [3
2m'./previews/quote-preview'[39m[33m;[39
m[0m



Import traces:
  Client Component Browser:
    ./frontend/components/ai-agent/right-pa
nel.tsx [Client Component Browser]
    ./frontend/components/ai-agent/agent-wo
rkspace.tsx [Client Component Browser]
    ./frontend/components/layout/dashboard-
shell.tsx [Client Component Browser]
    ./frontend/app/dashboard/layout.tsx 
[Client Component Browser]
    ./frontend/app/dashboard/layout.tsx 
[Server Component]

  Client Component SSR:
    ./frontend/components/ai-agent/right-pa
nel.tsx [Client Component SSR]
    ./frontend/components/ai-agent/agent-wo
rkspace.tsx [Client Component SSR]
    ./frontend/components/layout/dashboard-
shell.tsx [Client Component SSR]
    ./frontend/app/dashboard/layout.tsx 
[Client Component SSR]
    ./frontend/app/dashboard/layout.tsx 
[Server Component]

https://nextjs.org/docs/messages/module-not
-found


./frontend/components/analytics/unified-fil
ter.tsx:5:1
Module not found: Can't resolve 
'lucide-react'
[0m [90m 3 |[39m [36mimport[39m { 
useState[33m,[39m useEffect } 
[36mfrom[39m [32m"react"[39m[33m;[39m
 [90m 4 |[39m [36mimport[39m { 
format[33m,[39m subDays[33m,[39m 
startOfMonth[33m,[39m startOfYear } 
[36mfrom[39m 
[32m"date-fns"[39m[33m;[39m
[31m[1m>[22m[39m[90m 5 |[39m 
[36mimport[39m { [33mCalendar[39m 
[36mas[39m 
[33mCalendarIcon[39m[33m,[39m 
[33mFilter[39m[33m,[39m 
[33mDownload[39m } [36mfrom[39m 
[32m"lucide-react"[39m[33m;[39m
 [90m   |[39m [31m[1m^[22m[39m[31m[
1m^[22m[39m[31m[1m^[22m[39m[31m[1m^
[22m[39m[31m[1m^[22m[39m[31m[1m^[2
2m[39m[31m[1m^[22m[39m[31m[1m^[22m
[39m[31m[1m^[22m[39m[31m[1m^[22m[39
m[31m[1m^[22m[39m[31m[1m^[22m[39m[
31m[1m^[22m[39m[31m[1m^[22m[39m[31m
[1m^[22m[39m[31m[1m^[22m[39m[31m[1
m^[22m[39m[31m[1m^[22m[39m[31m[1m^
[22m[39m[31m[1m^[22m[39m[31m[1m^[22
m[39m[31m[1m^[22m[39m[31m[1m^[22m[
39m[31m[1m^[22m[39m[31m[1m^[22m[39m
[31m[1m^[22m[39m[31m[1m^[22m[39m[3
1m[1m^[22m[39m[31m[1m^[22m[39m[31m
[1m^[22m[39m[31m[1m^[22m[39m[31m[1m
^[22m[39m[31m[1m^[22m[39m[31m[1m^[
22m[39m[31m[1m^[22m[39m[31m[1m^[22m
[39m[31m[1m^[22m[39m[31m[1m^[22m[3
9m[31m[1m^[22m[39m[31m[1m^[22m[39m
[31m[1m^[22m[39m[31m[1m^[22m[39m[31
m[1m^[22m[39m[31m[1m^[22m[39m[31m[
1m^[22m[39m[31m[1m^[22m[39m[31m[1m^
[22m[39m[31m[1m^[22m[39m[31m[1m^[2
2m[39m[31m[1m^[22m[39m[31m[1m^[22m
[39m[31m[1m^[22m[39m[31m[1m^[22m[39
m[31m[1m^[22m[39m[31m[1m^[22m[39m[
31m[1m^[22m[39m[31m[1m^[22m[39m[31m
[1m^[22m[39m[31m[1m^[22m[39m[31m[1
m^[22m[39m[31m[1m^[22m[39m[31m[1m^
[22m[39m[31m[1m^[22m[39m[31m[1m^[22
m[39m[31m[1m^[22m[39m[31m[1m^[22m[
39m[31m[1m^[22m[39m[31m[1m^[22m[39m
[31m[1m^[22m[39m[31m[1m^[22m[39m[3
1m[1m^[22m[39m[31m[1m^[22m[39m[31m
[1m^[22m[39m[31m[1m^[22m[39m
 [90m 6 |[39m [36mimport[39m { cn } 
[36mfrom[39m 
[32m"@/lib/utils"[39m[33m;[39m
 [90m 7 |[39m [36mimport[39m { 
[33mButton[39m } [36mfrom[39m [32m"@/c
omponents/ui/button"[39m[33m;[39m
 [90m 8 |[39m [36mimport[39m { 
[33mCalendar[39m } [36mfrom[39m [32m"@
/components/ui/calendar"[39m[33m;[39m[0
m



Import traces:
  Client Component Browser:
    ./frontend/components/analytics/unified
-filter.tsx [Client Component Browser]
    ./frontend/app/dashboard/analytics/page
.tsx [Client Component Browser]
    ./frontend/app/dashboard/analytics/page
.tsx [Server Component]

  Client Component SSR:
    ./frontend/components/analytics/unified
-filter.tsx [Client Component SSR]
    ./frontend/app/dashboard/analytics/page
.tsx [Client Component SSR]
    ./frontend/app/dashboard/analytics/page
.tsx [Server Component]

https://nextjs.org/docs/messages/module-not
-found


./frontend/components/claims/claim-details-
dialog.tsx:19:1
Module not found: Can't resolve 
'lucide-react'
[0m [90m 17 |[39m [36mimport[39m { 
[33mClaimStatusBadge[39m } 
[36mfrom[39m 
[32m"./claim-status-badge"[39m
 [90m 18 |[39m [36mimport[39m { 
[33mBadge[39m } [36mfrom[39m 
[32m"@/components/ui/badge"[39m
[31m[1m>[22m[39m[90m 19 |[39m 
[36mimport[39m { 
[33mShieldAlert[39m[33m,[39m 
[33mAlertTriangle[39m[33m,[39m 
[33mCheckCircle2[39m } [36mfrom[39m 
[32m"lucide-react"[39m
 [90m    |[39m [31m[1m^[22m[39m[31m
[1m^[22m[39m[31m[1m^[22m[39m[31m[1m
^[22m[39m[31m[1m^[22m[39m[31m[1m^[
22m[39m[31m[1m^[22m[39m[31m[1m^[22m
[39m[31m[1m^[22m[39m[31m[1m^[22m[3
9m[31m[1m^[22m[39m[31m[1m^[22m[39m
[31m[1m^[22m[39m[31m[1m^[22m[39m[31
m[1m^[22m[39m[31m[1m^[22m[39m[31m[
1m^[22m[39m[31m[1m^[22m[39m[31m[1m^
[22m[39m[31m[1m^[22m[39m[31m[1m^[2
2m[39m[31m[1m^[22m[39m[31m[1m^[22m
[39m[31m[1m^[22m[39m[31m[1m^[22m[39
m[31m[1m^[22m[39m[31m[1m^[22m[39m[
31m[1m^[22m[39m[31m[1m^[22m[39m[31m
[1m^[22m[39m[31m[1m^[22m[39m[31m[1
m^[22m[39m[31m[1m^[22m[39m[31m[1m^
[22m[39m[31m[1m^[22m[39m[31m[1m^[22
m[39m[31m[1m^[22m[39m[31m[1m^[22m[
39m[31m[1m^[22m[39m[31m[1m^[22m[39m
[31m[1m^[22m[39m[31m[1m^[22m[39m[3
1m[1m^[22m[39m[31m[1m^[22m[39m[31m
[1m^[22m[39m[31m[1m^[22m[39m[31m[1m
^[22m[39m[31m[1m^[22m[39m[31m[1m^[
22m[39m[31m[1m^[22m[39m[31m[1m^[22m
[39m[31m[1m^[22m[39m[31m[1m^[22m[3
9m[31m[1m^[22m[39m[31m[1m^[22m[39m
[31m[1m^[22m[39m[31m[1m^[22m[39m[31
m[1m^[22m[39m[31m[1m^[22m[39m[31m[
1m^[22m[39m[31m[1m^[22m[39m[31m[1m^
[22m[39m[31m[1m^[22m[39m[31m[1m^[2
2m[39m[31m[1m^[22m[39m[31m[1m^[22m
[39m[31m[1m^[22m[39m[31m[1m^[22m[39
m[31m[1m^[22m[39m[31m[1m^[22m[39m[
31m[1m^[22m[39m
 [90m 20 |[39m [36mimport[39m { cn } 
[36mfrom[39m [32m"@/lib/utils"[39m
 [90m 21 |[39m [36mimport[39m { 
useLanguage } [36mfrom[39m 
[32m"@/contexts/language-context"[39m
 [90m 22 |[39m[0m



Import traces:
  Client Component Browser:
    ./frontend/components/claims/claim-deta
ils-dialog.tsx [Client Component Browser]
    
./frontend/app/dashboard/claims/page.tsx 
[Client Component Browser]
    
./frontend/app/dashboard/claims/page.tsx 
[Server Component]

  Client Component SSR:
    ./frontend/components/claims/claim-deta
ils-dialog.tsx [Client Component SSR]
    
./frontend/app/dashboard/claims/page.tsx 
[Client Component SSR]
    
./frontend/app/dashboard/claims/page.tsx 
[Server Component]

https://nextjs.org/docs/messages/module-not
-found


./frontend/components/collaboration/documen
t-upload.tsx:8:1
Module not found: Can't resolve 
'lucide-react'
[0m [90m  6 |[39m [36mimport[39m { 
[33mBadge[39m } [36mfrom[39m [32m'@/co
mponents/ui/badge'[39m[33m;[39m
 [90m  7 |[39m [36mimport[39m { 
[33mLabel[39m } [36mfrom[39m [32m'@/co
mponents/ui/label'[39m[33m;[39m
[31m[1m>[22m[39m[90m  8 |[39m 
[36mimport[39m { 
[33mUpload[39m[33m,[39m 
[33mX[39m[33m,[39m 
[33mFileText[39m[33m,[39m 
[33mLoader2[39m } [36mfrom[39m 
[32m'lucide-react'[39m[33m;[39m
 [90m    |[39m [31m[1m^[22m[39m[31m
[1m^[22m[39m[31m[1m^[22m[39m[31m[1m
^[22m[39m[31m[1m^[22m[39m[31m[1m^[
22m[39m[31m[1m^[22m[39m[31m[1m^[22m
[39m[31m[1m^[22m[39m[31m[1m^[22m[3
9m[31m[1m^[22m[39m[31m[1m^[22m[39m
[31m[1m^[22m[39m[31m[1m^[22m[39m[31
m[1m^[22m[39m[31m[1m^[22m[39m[31m[
1m^[22m[39m[31m[1m^[22m[39m[31m[1m^
[22m[39m[31m[1m^[22m[39m[31m[1m^[2
2m[39m[31m[1m^[22m[39m[31m[1m^[22m
[39m[31m[1m^[22m[39m[31m[1m^[22m[39
m[31m[1m^[22m[39m[31m[1m^[22m[39m[
31m[1m^[22m[39m[31m[1m^[22m[39m[31m
[1m^[22m[39m[31m[1m^[22m[39m[31m[1
m^[22m[39m[31m[1m^[22m[39m[31m[1m^
[22m[39m[31m[1m^[22m[39m[31m[1m^[22
m[39m[31m[1m^[22m[39m[31m[1m^[22m[
39m[31m[1m^[22m[39m[31m[1m^[22m[39m
[31m[1m^[22m[39m[31m[1m^[22m[39m[3
1m[1m^[22m[39m[31m[1m^[22m[39m[31m
[1m^[22m[39m[31m[1m^[22m[39m[31m[1m
^[22m[39m[31m[1m^[22m[39m[31m[1m^[
22m[39m[31m[1m^[22m[39m[31m[1m^[22m
[39m[31m[1m^[22m[39m[31m[1m^[22m[3
9m[31m[1m^[22m[39m[31m[1m^[22m[39m
[31m[1m^[22m[39m[31m[1m^[22m[39m[31
m[1m^[22m[39m[31m[1m^[22m[39m[31m[
1m^[22m[39m
 [90m  9 |[39m [36mimport[39m {
 [90m 10 |[39m     
[33mSelect[39m[33m,[39m
 [90m 11 |[39m     
[33mSelectContent[39m[33m,[39m[0m



Import traces:
  Client Component Browser:
    ./frontend/components/collaboration/doc
ument-upload.tsx [Client Component Browser]
    ./frontend/app/dashboard/collaboration/
page.tsx [Client Component Browser]
    ./frontend/app/dashboard/collaboration/
page.tsx [Server Component]

  Client Component SSR:
    ./frontend/components/collaboration/doc
ument-upload.tsx [Client Component SSR]
    ./frontend/app/dashboard/collaboration/
page.tsx [Client Component SSR]
    ./frontend/app/dashboard/collaboration/
page.tsx [Server Component]

https://nextjs.org/docs/messages/module-not
-found


./frontend/components/collaboration/network
-settlements.tsx:15:1
Module not found: Can't resolve 
'lucide-react'
[0m [90m 13 |[39m     [33mTableRow[39m
 [90m 14 |[39m } [36mfrom[39m [32m'@/c
omponents/ui/table'[39m[33m;[39m
[31m[1m>[22m[39m[90m 15 |[39m 
[36mimport[39m {
 [90m    |[39m [31m[1m^[22m[39m[31m
[1m^[22m[39m[31m[1m^[22m[39m[31m[1m
^[22m[39m[31m[1m^[22m[39m[31m[1m^[
22m[39m[31m[1m^[22m[39m[31m[1m^[22m
[39m
[31m[1m>[22m[39m[90m 16 |[39m     
[33mArrowUpRight[39m[33m,[39m
 [90m    |[39m [31m[1m^[22m[39m[31m
[1m^[22m[39m[31m[1m^[22m[39m[31m[1m
^[22m[39m[31m[1m^[22m[39m[31m[1m^[
22m[39m[31m[1m^[22m[39m[31m[1m^[22m
[39m[31m[1m^[22m[39m[31m[1m^[22m[3
9m[31m[1m^[22m[39m[31m[1m^[22m[39m
[31m[1m^[22m[39m[31m[1m^[22m[39m[31
m[1m^[22m[39m[31m[1m^[22m[39m[31m[
1m^[22m[39m
[31m[1m>[22m[39m[90m 17 |[39m     
[33mArrowDownLeft[39m[33m,[39m
 [90m    |[39m [31m[1m^[22m[39m[31m
[1m^[22m[39m[31m[1m^[22m[39m[31m[1m
^[22m[39m[31m[1m^[22m[39m[31m[1m^[
22m[39m[31m[1m^[22m[39m[31m[1m^[22m
[39m[31m[1m^[22m[39m[31m[1m^[22m[3
9m[31m[1m^[22m[39m[31m[1m^[22m[39m
[31m[1m^[22m[39m[31m[1m^[22m[39m[31
m[1m^[22m[39m[31m[1m^[22m[39m[31m[
1m^[22m[39m
[31m[1m>[22m[39m[90m 18 |[39m     
[33mWallet[39m[33m,[39m
 [90m    |[39m [31m[1m^[22m[39m[31m
[1m^[22m[39m[31m[1m^[22m[39m[31m[1m
^[22m[39m[31m[1m^[22m[39m[31m[1m^[
22m[39m[31m[1m^[22m[39m[31m[1m^[22m
[39m[31m[1m^[22m[39m[31m[1m^[22m[3
9m[31m[1m^[22m[39m[31m[1m^[22m[39m
[31m[1m^[22m[39m[31m[1m^[22m[39m[31
m[1m^[22m[39m[31m[1m^[22m[39m[31m[
1m^[22m[39m
[31m[1m>[22m[39m[90m 19 |[39m     
[33mRefreshCcw[39m[33m,[39m
 [90m    |[39m [31m[1m^[22m[39m[31m
[1m^[22m[39m[31m[1m^[22m[39m[31m[1m
^[22m[39m[31m[1m^[22m[39m[31m[1m^[
22m[39m[31m[1m^[22m[39m[31m[1m^[22m
[39m[31m[1m^[22m[39m[31m[1m^[22m[3
9m[31m[1m^[22m[39m[31m[1m^[22m[39m
[31m[1m^[22m[39m[31m[1m^[22m[39m[31
m[1m^[22m[39m[31m[1m^[22m[39m[31m[
1m^[22m[39m
[31m[1m>[22m[39m[90m 20 |[39m     
[33mShieldCheck[39m[33m,[39m
 [90m    |[39m [31m[1m^[22m[39m[31m
[1m^[22m[39m[31m[1m^[22m[39m[31m[1m
^[22m[39m[31m[1m^[22m[39m[31m[1m^[
22m[39m[31m[1m^[22m[39m[31m[1m^[22m
[39m[31m[1m^[22m[39m[31m[1m^[22m[3
9m[31m[1m^[22m[39m[31m[1m^[22m[39m
[31m[1m^[22m[39m[31m[1m^[22m[39m[31
m[1m^[22m[39m[31m[1m^[22m[39m[31m[
1m^[22m[39m
[31m[1m>[22m[39m[90m 21 |[39m     
[33mCoins[39m[33m,[39m
 [90m    |[39m [31m[1m^[22m[39m[31m
[1m^[22m[39m[31m[1m^[22m[39m[31m[1m
^[22m[39m[31m[1m^[22m[39m[31m[1m^[
22m[39m[31m[1m^[22m[39m[31m[1m^[22m
[39m[31m[1m^[22m[39m[31m[1m^[22m[3
9m[31m[1m^[22m[39m[31m[1m^[22m[39m
[31m[1m^[22m[39m[31m[1m^[22m[39m[31
m[1m^[22m[39m[31m[1m^[22m[39m[31m[
1m^[22m[39m
[31m[1m>[22m[39m[90m 22 |[39m     
[33mBarChart3[39m
 [90m    |[39m [31m[1m^[22m[39m[31m
[1m^[22m[39m[31m[1m^[22m[39m[31m[1m
^[22m[39m[31m[1m^[22m[39m[31m[1m^[
22m[39m[31m[1m^[22m[39m[31m[1m^[22m
[39m[31m[1m^[22m[39m[31m[1m^[22m[3
9m[31m[1m^[22m[39m[31m[1m^[22m[39m
[31m[1m^[22m[39m[31m[1m^[22m[39m[31
m[1m^[22m[39m[31m[1m^[22m[39m[31m[
1m^[22m[39m
[31m[1m>[22m[39m[90m 23 |[39m } 
[36mfrom[39m 
[32m'lucide-react'[39m[33m;[39m
 [90m    |[39m [31m[1m^[22m[39m[31m
[1m^[22m[39m[31m[1m^[22m[39m[31m[1m
^[22m[39m[31m[1m^[22m[39m[31m[1m^[
22m[39m[31m[1m^[22m[39m[31m[1m^[22m
[39m[31m[1m^[22m[39m[31m[1m^[22m[3
9m[31m[1m^[22m[39m[31m[1m^[22m[39m
[31m[1m^[22m[39m[31m[1m^[22m[39m[31
m[1m^[22m[39m[31m[1m^[22m[39m[31m[
1m^[22m[39m[31m[1m^[22m[39m[31m[1m^
[22m[39m[31m[1m^[22m[39m[31m[1m^[2
2m[39m[31m[1m^[22m[39m[31m[1m^[22m
[39m
 [90m 24 |[39m [36mimport[39m { api } 
[36mfrom[39m 
[32m'@/lib/api'[39m[33m;[39m
 [90m 25 |[39m [36mimport[39m { format 
} [36mfrom[39m 
[32m'date-fns'[39m[33m;[39m
 [90m 26 |[39m[0m



Import traces:
  Client Component Browser:
    ./frontend/components/collaboration/net
work-settlements.tsx [Client Component 
Browser]
    ./frontend/app/dashboard/collaboration/
page.tsx [Client Component Browser]
    ./frontend/app/dashboard/collaboration/
page.tsx [Server Component]

  Client Component SSR:
    ./frontend/components/collaboration/net
work-settlements.tsx [Client Component SSR]
    ./frontend/app/dashboard/collaboration/
page.tsx [Client Component SSR]
    ./frontend/app/dashboard/collaboration/
page.tsx [Server Component]

https://nextjs.org/docs/messages/module-not
-found


./frontend/components/collaboration/recipie
nt-selector.tsx:8:1
Module not found: Can't resolve 
'lucide-react'
[0m [90m  6 |[39m [36mimport[39m { 
[33mAvatar[39m[33m,[39m 
[33mAvatarFallback[39m[33m,[39m 
[33mAvatarImage[39m } [36mfrom[39m [32
m"@/components/ui/avatar"[39m[33m;[39m
 [90m  7 |[39m [36mimport[39m { 
[33mScrollArea[39m } [36mfrom[39m [32m
"@/components/ui/scroll-area"[39m[33m;[3
9m
[31m[1m>[22m[39m[90m  8 |[39m 
[36mimport[39m { 
[33mSearch[39m[33m,[39m 
[33mLoader2[39m } [36mfrom[39m 
[32m"lucide-react"[39m[33m;[39m
 [90m    |[39m [31m[1m^[22m[39m[31m
[1m^[22m[39m[31m[1m^[22m[39m[31m[1m
^[22m[39m[31m[1m^[22m[39m[31m[1m^[
22m[39m[31m[1m^[22m[39m[31m[1m^[22m
[39m[31m[1m^[22m[39m[31m[1m^[22m[3
9m[31m[1m^[22m[39m[31m[1m^[22m[39m
[31m[1m^[22m[39m[31m[1m^[22m[39m[31
m[1m^[22m[39m[31m[1m^[22m[39m[31m[
1m^[22m[39m[31m[1m^[22m[39m[31m[1m^
[22m[39m[31m[1m^[22m[39m[31m[1m^[2
2m[39m[31m[1m^[22m[39m[31m[1m^[22m
[39m[31m[1m^[22m[39m[31m[1m^[22m[39
m[31m[1m^[22m[39m[31m[1m^[22m[39m[
31m[1m^[22m[39m[31m[1m^[22m[39m[31m
[1m^[22m[39m[31m[1m^[22m[39m[31m[1
m^[22m[39m[31m[1m^[22m[39m[31m[1m^
[22m[39m[31m[1m^[22m[39m[31m[1m^[22
m[39m[31m[1m^[22m[39m[31m[1m^[22m[
39m[31m[1m^[22m[39m[31m[1m^[22m[39m
[31m[1m^[22m[39m[31m[1m^[22m[39m[3
1m[1m^[22m[39m[31m[1m^[22m[39m[31m
[1m^[22m[39m[31m[1m^[22m[39m[31m[1m
^[22m[39m
 [90m  9 |[39m [36mimport[39m { api } 
[36mfrom[39m 
[32m"@/lib/api"[39m[33m;[39m
 [90m 10 |[39m [36mimport[39m { 
[33mSharingScope[39m } [36mfrom[39m 
[32m'./sharing-settings'[39m[33m;[39m
 [90m 11 |[39m[0m



Import traces:
  Client Component Browser:
    ./frontend/components/collaboration/rec
ipient-selector.tsx [Client Component 
Browser]
    ./frontend/components/collaboration/sha
re-modal.tsx [Client Component Browser]
    ./frontend/app/dashboard/collaboration/
page.tsx [Client Component Browser]
    ./frontend/app/dashboard/collaboration/
page.tsx [Server Component]

  Client Component SSR:
    ./frontend/components/collaboration/rec
ipient-selector.tsx [Client Component SSR]
    ./frontend/components/collaboration/sha
re-modal.tsx [Client Component SSR]
    ./frontend/app/dashboard/collaboration/
page.tsx [Client Component SSR]
    ./frontend/app/dashboard/collaboration/
page.tsx [Server Component]

https://nextjs.org/docs/messages/module-not
-found


./frontend/components/collaboration/referra
l-stats.tsx:5:1
Module not found: Can't resolve 
'lucide-react'
[0m [90m 3 |[39m [36mimport[39m { 
[33mCard[39m[33m,[39m 
[33mCardContent[39m[33m,[39m 
[33mCardHeader[39m[33m,[39m 
[33mCardTitle[39m[33m,[39m 
[33mCardDescription[39m } [36mfrom[39m 
[32m'@/components/ui/card'[39m[33m;[39m
 [90m 4 |[39m [36mimport[39m { 
[33mButton[39m } [36mfrom[39m [32m'@/c
omponents/ui/button'[39m[33m;[39m
[31m[1m>[22m[39m[90m 5 |[39m 
[36mimport[39m { 
[33mCopy[39m[33m,[39m 
[33mPlus[39m[33m,[39m 
[33mLoader2[39m } [36mfrom[39m 
[32m'lucide-react'[39m[33m;[39m
 [90m   |[39m [31m[1m^[22m[39m[31m[
1m^[22m[39m[31m[1m^[22m[39m[31m[1m^
[22m[39m[31m[1m^[22m[39m[31m[1m^[2
2m[39m[31m[1m^[22m[39m[31m[1m^[22m
[39m[31m[1m^[22m[39m[31m[1m^[22m[39
m[31m[1m^[22m[39m[31m[1m^[22m[39m[
31m[1m^[22m[39m[31m[1m^[22m[39m[31m
[1m^[22m[39m[31m[1m^[22m[39m[31m[1
m^[22m[39m[31m[1m^[22m[39m[31m[1m^
[22m[39m[31m[1m^[22m[39m[31m[1m^[22
m[39m[31m[1m^[22m[39m[31m[1m^[22m[
39m[31m[1m^[22m[39m[31m[1m^[22m[39m
[31m[1m^[22m[39m[31m[1m^[22m[39m[3
1m[1m^[22m[39m[31m[1m^[22m[39m[31m
[1m^[22m[39m[31m[1m^[22m[39m[31m[1m
^[22m[39m[31m[1m^[22m[39m[31m[1m^[
22m[39m[31m[1m^[22m[39m[31m[1m^[22m
[39m[31m[1m^[22m[39m[31m[1m^[22m[3
9m[31m[1m^[22m[39m[31m[1m^[22m[39m
[31m[1m^[22m[39m[31m[1m^[22m[39m[31
m[1m^[22m[39m[31m[1m^[22m[39m[31m[
1m^[22m[39m[31m[1m^[22m[39m[31m[1m^
[22m[39m[31m[1m^[22m[39m[31m[1m^[2
2m[39m[31m[1m^[22m[39m[31m[1m^[22m
[39m
 [90m 6 |[39m [36mimport[39m { 
useToast } [36mfrom[39m [32m'@/component
s/ui/use-toast'[39m[33m;[39m
 [90m 7 |[39m [36mimport[39m { 
formatCurrency } [36mfrom[39m 
[32m'@/lib/utils'[39m[33m;[39m
 [90m 8 |[39m [36mimport[39m { 
useLanguage } [36mfrom[39m [32m'@/contex
ts/language-context'[39m[33m;[39m[0m



Import traces:
  Client Component Browser:
    ./frontend/components/collaboration/ref
erral-stats.tsx [Client Component Browser]
    
./frontend/app/portal/referrals/page.tsx 
[Client Component Browser]
    
./frontend/app/portal/referrals/page.tsx 
[Server Component]

  Client Component SSR:
    ./frontend/components/collaboration/ref
erral-stats.tsx [Client Component SSR]
    
./frontend/app/portal/referrals/page.tsx 
[Client Component SSR]
    
./frontend/app/portal/referrals/page.tsx 
[Server Component]

https://nextjs.org/docs/messages/module-not
-found


./frontend/components/import-export/export-
wizard.tsx:9:1
Module not found: Can't resolve 
'lucide-react'
[0m [90m  7 |[39m [36mimport[39m { 
[33mLabel[39m } [36mfrom[39m [32m'@/co
mponents/ui/label'[39m[33m;[39m
 [90m  8 |[39m [36mimport[39m { 
[33mCheckbox[39m } [36mfrom[39m [32m'@
/components/ui/checkbox'[39m[33m;[39m
[31m[1m>[22m[39m[90m  9 |[39m 
[36mimport[39m { 
[33mDownload[39m[33m,[39m 
[33mFileDown[39m[33m,[39m 
[33mFileJson[39m[33m,[39m 
[33mFileText[39m[33m,[39m 
[33mFileCode[39m[33m,[39m 
[33mDatabase[39m } [36mfrom[39m 
[32m'lucide-react'[39m[33m;[39m
 [90m    |[39m [31m[1m^[22m[39m[31m
[1m^[22m[39m[31m[1m^[22m[39m[31m[1m
^[22m[39m[31m[1m^[22m[39m[31m[1m^[
22m[39m[31m[1m^[22m[39m[31m[1m^[22m
[39m[31m[1m^[22m[39m[31m[1m^[22m[3
9m[31m[1m^[22m[39m[31m[1m^[22m[39m
[31m[1m^[22m[39m[31m[1m^[22m[39m[31
m[1m^[22m[39m[31m[1m^[22m[39m[31m[
1m^[22m[39m[31m[1m^[22m[39m[31m[1m^
[22m[39m[31m[1m^[22m[39m[31m[1m^[2
2m[39m[31m[1m^[22m[39m[31m[1m^[22m
[39m[31m[1m^[22m[39m[31m[1m^[22m[39
m[31m[1m^[22m[39m[31m[1m^[22m[39m[
31m[1m^[22m[39m[31m[1m^[22m[39m[31m
[1m^[22m[39m[31m[1m^[22m[39m[31m[1
m^[22m[39m[31m[1m^[22m[39m[31m[1m^
[22m[39m[31m[1m^[22m[39m[31m[1m^[22
m[39m[31m[1m^[22m[39m[31m[1m^[22m[
39m[31m[1m^[22m[39m[31m[1m^[22m[39m
[31m[1m^[22m[39m[31m[1m^[22m[39m[3
1m[1m^[22m[39m[31m[1m^[22m[39m[31m
[1m^[22m[39m[31m[1m^[22m[39m[31m[1m
^[22m[39m[31m[1m^[22m[39m[31m[1m^[
22m[39m[31m[1m^[22m[39m[31m[1m^[22m
[39m[31m[1m^[22m[39m[31m[1m^[22m[3
9m[31m[1m^[22m[39m[31m[1m^[22m[39m
[31m[1m^[22m[39m[31m[1m^[22m[39m[31
m[1m^[22m[39m[31m[1m^[22m[39m[31m[
1m^[22m[39m[31m[1m^[22m[39m[31m[1m^
[22m[39m[31m[1m^[22m[39m[31m[1m^[2
2m[39m[31m[1m^[22m[39m[31m[1m^[22m
[39m[31m[1m^[22m[39m[31m[1m^[22m[39
m[31m[1m^[22m[39m[31m[1m^[22m[39m[
31m[1m^[22m[39m[31m[1m^[22m[39m[31m
[1m^[22m[39m[31m[1m^[22m[39m[31m[1
m^[22m[39m[31m[1m^[22m[39m[31m[1m^
[22m[39m[31m[1m^[22m[39m[31m[1m^[22
m[39m[31m[1m^[22m[39m[31m[1m^[22m[
39m[31m[1m^[22m[39m[31m[1m^[22m[39m
[31m[1m^[22m[39m[31m[1m^[22m[39m[3
1m[1m^[22m[39m[31m[1m^[22m[39m[31m
[1m^[22m[39m[31m[1m^[22m[39m[31m[1m
^[22m[39m
 [90m 10 |[39m [36mimport[39m { toast 
} [36mfrom[39m [32m'@/components/ui/use-
toast'[39m[33m;[39m
 [90m 11 |[39m
 [90m 12 |[39m [36mconst[39m 
[33mSCHEMAS[39m [33m=[39m {[0m



Import traces:
  Client Component Browser:
    ./frontend/components/import-export/exp
ort-wizard.tsx [Client Component Browser]
    ./frontend/app/dashboard/import-export/
page.tsx [Client Component Browser]
    ./frontend/app/dashboard/import-export/
page.tsx [Server Component]

  Client Component SSR:
    ./frontend/components/import-export/exp
ort-wizard.tsx [Client Component SSR]
    ./frontend/app/dashboard/import-export/
page.tsx [Client Component SSR]
    ./frontend/app/dashboard/import-export/
page.tsx [Server Component]

https://nextjs.org/docs/messages/module-not
-found


./frontend/components/import-export/import-
wizard.tsx:10:1
Module not found: Can't resolve 
'lucide-react'
[0m [90m  8 |[39m [36mimport[39m { 
[33mLabel[39m } [36mfrom[39m [32m'@/co
mponents/ui/label'[39m[33m;[39m
 [90m  9 |[39m [36mimport[39m { 
[33mCheckbox[39m } [36mfrom[39m [32m'@
/components/ui/checkbox'[39m[33m;[39m
[31m[1m>[22m[39m[90m 10 |[39m 
[36mimport[39m { 
[33mUpload[39m[33m,[39m 
[33mCheckCircle2[39m[33m,[39m 
[33mChevronRight[39m[33m,[39m 
[33mChevronLeft[39m[33m,[39m 
[33mAlertCircle[39m[33m,[39m 
[33mFileText[39m[33m,[39m 
[33mDatabase[39m } [36mfrom[39m 
[32m'lucide-react'[39m[33m;[39m
 [90m    |[39m [31m[1m^[22m[39m[31m
[1m^[22m[39m[31m[1m^[22m[39m[31m[1m
^[22m[39m[31m[1m^[22m[39m[31m[1m^[
22m[39m[31m[1m^[22m[39m[31m[1m^[22m
[39m[31m[1m^[22m[39m[31m[1m^[22m[3
9m[31m[1m^[22m[39m[31m[1m^[22m[39m
[31m[1m^[22m[39m[31m[1m^[22m[39m[31
m[1m^[22m[39m[31m[1m^[22m[39m[31m[
1m^[22m[39m[31m[1m^[22m[39m[31m[1m^
[22m[39m[31m[1m^[22m[39m[31m[1m^[2
2m[39m[31m[1m^[22m[39m[31m[1m^[22m
[39m[31m[1m^[22m[39m[31m[1m^[22m[39
m[31m[1m^[22m[39m[31m[1m^[22m[39m[
31m[1m^[22m[39m[31m[1m^[22m[39m[31m
[1m^[22m[39m[31m[1m^[22m[39m[31m[1
m^[22m[39m[31m[1m^[22m[39m[31m[1m^
[22m[39m[31m[1m^[22m[39m[31m[1m^[22
m[39m[31m[1m^[22m[39m[31m[1m^[22m[
39m[31m[1m^[22m[39m[31m[1m^[22m[39m
[31m[1m^[22m[39m[31m[1m^[22m[39m[3
1m[1m^[22m[39m[31m[1m^[22m[39m[31m
[1m^[22m[39m[31m[1m^[22m[39m[31m[1m
^[22m[39m[31m[1m^[22m[39m[31m[1m^[
22m[39m[31m[1m^[22m[39m[31m[1m^[22m
[39m[31m[1m^[22m[39m[31m[1m^[22m[3
9m[31m[1m^[22m[39m[31m[1m^[22m[39m
[31m[1m^[22m[39m[31m[1m^[22m[39m[31
m[1m^[22m[39m[31m[1m^[22m[39m[31m[
1m^[22m[39m[31m[1m^[22m[39m[31m[1m^
[22m[39m[31m[1m^[22m[39m[31m[1m^[2
2m[39m[31m[1m^[22m[39m[31m[1m^[22m
[39m[31m[1m^[22m[39m[31m[1m^[22m[39
m[31m[1m^[22m[39m[31m[1m^[22m[39m[
31m[1m^[22m[39m[31m[1m^[22m[39m[31m
[1m^[22m[39m[31m[1m^[22m[39m[31m[1
m^[22m[39m[31m[1m^[22m[39m[31m[1m^
[22m[39m[31m[1m^[22m[39m[31m[1m^[22
m[39m[31m[1m^[22m[39m[31m[1m^[22m[
39m[31m[1m^[22m[39m[31m[1m^[22m[39m
[31m[1m^[22m[39m[31m[1m^[22m[39m[3
1m[1m^[22m[39m[31m[1m^[22m[39m[31m
[1m^[22m[39m[31m[1m^[22m[39m[31m[1m
^[22m[39m[31m[1m^[22m[39m[31m[1m^[
22m[39m[31m[1m^[22m[39m[31m[1m^[22m
[39m[31m[1m^[22m[39m[31m[1m^[22m[3
9m[31m[1m^[22m[39m[31m[1m^[22m[39m
[31m[1m^[22m[39m[31m[1m^[22m[39m[31
m[1m^[22m[39m[31m[1m^[22m[39m[31m[
1m^[22m[39m[31m[1m^[22m[39m[31m[1m^
[22m[39m[31m[1m^[22m[39m[31m[1m^[2
2m[39m[31m[1m^[22m[39m[31m[1m^[22m
[39m[31m[1m^[22m[39m[31m[1m^[22m[39
m[31m[1m^[22m[39m
 [90m 11 |[39m [36mimport[39m { toast 
} [36mfrom[39m [32m'@/components/ui/use-
toast'[39m[33m;[39m
 [90m 12 |[39m [36mimport[39m { 
[33mTable[39m[33m,[39m 
[33mTableBody[39m[33m,[39m 
[33mTableCell[39m[33m,[39m 
[33mTableHead[39m[33m,[39m 
[33mTableHeader[39m[33m,[39m 
[33mTableRow[39m } [36mfrom[39m [32m'@
/components/ui/table'[39m[33m;[39m
 [90m 13 |[39m [36mimport[39m { 
[33mBadge[39m } [36mfrom[39m [32m'@/co
mponents/ui/badge'[39m[33m;[39m[0m



Import traces:
  Client Component Browser:
    ./frontend/components/import-export/imp
ort-wizard.tsx [Client Component Browser]
    ./frontend/app/dashboard/import-export/
page.tsx [Client Component Browser]
    ./frontend/app/dashboard/import-export/
page.tsx [Server Component]

  Client Component SSR:
    ./frontend/components/import-export/imp
ort-wizard.tsx [Client Component SSR]
    ./frontend/app/dashboard/import-export/
page.tsx [Client Component SSR]
    ./frontend/app/dashboard/import-export/
page.tsx [Server Component]

https://nextjs.org/docs/messages/module-not
-found


./frontend/components/language-switcher.tsx
:11:1
Module not found: Can't resolve 
'lucide-react'
[0m [90m  9 |[39m     
[33mDropdownMenuTrigger[39m[33m,[39m
 [90m 10 |[39m } [36mfrom[39m [32m"@/c
omponents/ui/dropdown-menu"[39m[33m;[39m
[31m[1m>[22m[39m[90m 11 |[39m 
[36mimport[39m { [33mGlobe[39m } 
[36mfrom[39m 
[32m"lucide-react"[39m[33m;[39m
 [90m    |[39m [31m[1m^[22m[39m[31m
[1m^[22m[39m[31m[1m^[22m[39m[31m[1m
^[22m[39m[31m[1m^[22m[39m[31m[1m^[
22m[39m[31m[1m^[22m[39m[31m[1m^[22m
[39m[31m[1m^[22m[39m[31m[1m^[22m[3
9m[31m[1m^[22m[39m[31m[1m^[22m[39m
[31m[1m^[22m[39m[31m[1m^[22m[39m[31
m[1m^[22m[39m[31m[1m^[22m[39m[31m[
1m^[22m[39m[31m[1m^[22m[39m[31m[1m^
[22m[39m[31m[1m^[22m[39m[31m[1m^[2
2m[39m[31m[1m^[22m[39m[31m[1m^[22m
[39m[31m[1m^[22m[39m[31m[1m^[22m[39
m[31m[1m^[22m[39m[31m[1m^[22m[39m[
31m[1m^[22m[39m[31m[1m^[22m[39m[31m
[1m^[22m[39m[31m[1m^[22m[39m[31m[1
m^[22m[39m[31m[1m^[22m[39m[31m[1m^
[22m[39m[31m[1m^[22m[39m[31m[1m^[22
m[39m[31m[1m^[22m[39m
 [90m 12 |[39m
 [90m 13 |[39m [36mexport[39m 
[36mfunction[39m 
[33mLanguageSwitcher[39m() {
 [90m 14 |[39m     [36mconst[39m { 
language[33m,[39m setLanguage } 
[33m=[39m useLanguage()[33m;[39m[0m



Import traces:
  Client Component Browser:
    ./frontend/components/language-switcher
.tsx [Client Component Browser]
    ./frontend/app/portal/layout.tsx 
[Client Component Browser]
    ./frontend/app/portal/layout.tsx 
[Server Component]

  Client Component SSR:
    ./frontend/components/language-switcher
.tsx [Client Component SSR]
    ./frontend/app/portal/layout.tsx 
[Client Component SSR]
    ./frontend/app/portal/layout.tsx 
[Server Component]

https://nextjs.org/docs/messages/module-not
-found


./frontend/components/layout/dashboard-shel
l.tsx:16:1
Module not found: Can't resolve 
'lucide-react'
[0m [90m 14 |[39m [36mimport[39m { 
[33mImperativePanelHandle[39m } 
[36mfrom[39m [32m"react-resizable-panels
"[39m[33m;[39m
 [90m 15 |[39m [36mimport[39m { 
[33mAgentWorkspace[39m } [36mfrom[39m 
[32m"@/components/ai-agent/agent-workspace"
[39m[33m;[39m
[31m[1m>[22m[39m[90m 16 |[39m 
[36mimport[39m { [33mX[39m[33m,[39m 
[33mSparkles[39m[33m,[39m 
[33mChevronLeft[39m[33m,[39m 
[33mChevronRight[39m } [36mfrom[39m 
[32m"lucide-react"[39m[33m;[39m
 [90m    |[39m [31m[1m^[22m[39m[31m
[1m^[22m[39m[31m[1m^[22m[39m[31m[1m
^[22m[39m[31m[1m^[22m[39m[31m[1m^[
22m[39m[31m[1m^[22m[39m[31m[1m^[22m
[39m[31m[1m^[22m[39m[31m[1m^[22m[3
9m[31m[1m^[22m[39m[31m[1m^[22m[39m
[31m[1m^[22m[39m[31m[1m^[22m[39m[31
m[1m^[22m[39m[31m[1m^[22m[39m[31m[
1m^[22m[39m[31m[1m^[22m[39m[31m[1m^
[22m[39m[31m[1m^[22m[39m[31m[1m^[2
2m[39m[31m[1m^[22m[39m[31m[1m^[22m
[39m[31m[1m^[22m[39m[31m[1m^[22m[39
m[31m[1m^[22m[39m[31m[1m^[22m[39m[
31m[1m^[22m[39m[31m[1m^[22m[39m[31m
[1m^[22m[39m[31m[1m^[22m[39m[31m[1
m^[22m[39m[31m[1m^[22m[39m[31m[1m^
[22m[39m[31m[1m^[22m[39m[31m[1m^[22
m[39m[31m[1m^[22m[39m[31m[1m^[22m[
39m[31m[1m^[22m[39m[31m[1m^[22m[39m
[31m[1m^[22m[39m[31m[1m^[22m[39m[3
1m[1m^[22m[39m[31m[1m^[22m[39m[31m
[1m^[22m[39m[31m[1m^[22m[39m[31m[1m
^[22m[39m[31m[1m^[22m[39m[31m[1m^[
22m[39m[31m[1m^[22m[39m[31m[1m^[22m
[39m[31m[1m^[22m[39m[31m[1m^[22m[3
9m[31m[1m^[22m[39m[31m[1m^[22m[39m
[31m[1m^[22m[39m[31m[1m^[22m[39m[31
m[1m^[22m[39m[31m[1m^[22m[39m[31m[
1m^[22m[39m[31m[1m^[22m[39m[31m[1m^
[22m[39m[31m[1m^[22m[39m[31m[1m^[2
2m[39m[31m[1m^[22m[39m[31m[1m^[22m
[39m[31m[1m^[22m[39m[31m[1m^[22m[39
m[31m[1m^[22m[39m[31m[1m^[22m[39m
 [90m 17 |[39m [36mimport[39m { 
useChat } [36mfrom[39m [32m"@/context/ch
at-context"[39m[33m;[39m
 [90m 18 |[39m
 [90m 19 |[39m [36mimport[39m { 
useLanguage } [36mfrom[39m [32m'@/contex
ts/language-context'[39m[33m;[39m[0m



Import traces:
  Client Component Browser:
    ./frontend/components/layout/dashboard-
shell.tsx [Client Component Browser]
    ./frontend/app/dashboard/layout.tsx 
[Client Component Browser]
    ./frontend/app/dashboard/layout.tsx 
[Server Component]

  Client Component SSR:
    ./frontend/components/layout/dashboard-
shell.tsx [Client Component SSR]
    ./frontend/app/dashboard/layout.tsx 
[Client Component SSR]
    ./frontend/app/dashboard/layout.tsx 
[Server Component]

https://nextjs.org/docs/messages/module-not
-found


./frontend/components/layout/navigation-sid
ebar.tsx:14:1
Module not found: Can't resolve 
'lucide-react'
[0m [90m 12 |[39m [36mimport[39m { 
getNavGroupsForRole[33m,[39m 
[33mNavGroup[39m[33m,[39m 
[33mNavItem[39m } [36mfrom[39m 
[32m'@/lib/navigation'[39m[33m;[39m
 [90m 13 |[39m [36mimport[39m 
[33mImage[39m [36mfrom[39m 
[32m'next/image'[39m[33m;[39m
[31m[1m>[22m[39m[90m 14 |[39m 
[36mimport[39m { 
[33mLogOut[39m[33m,[39m [33mUser[39m 
[36mas[39m [33mUserIcon[39m[33m,[39m 
[33mChevronLeft[39m[33m,[39m 
[33mChevronRight[39m[33m,[39m 
[33mChevronDown[39m } [36mfrom[39m 
[32m'lucide-react'[39m[33m;[39m
 [90m    |[39m [31m[1m^[22m[39m[31m
[1m^[22m[39m[31m[1m^[22m[39m[31m[1m
^[22m[39m[31m[1m^[22m[39m[31m[1m^[
22m[39m[31m[1m^[22m[39m[31m[1m^[22m
[39m[31m[1m^[22m[39m[31m[1m^[22m[3
9m[31m[1m^[22m[39m[31m[1m^[22m[39m
[31m[1m^[22m[39m[31m[1m^[22m[39m[31
m[1m^[22m[39m[31m[1m^[22m[39m[31m[
1m^[22m[39m[31m[1m^[22m[39m[31m[1m^
[22m[39m[31m[1m^[22m[39m[31m[1m^[2
2m[39m[31m[1m^[22m[39m[31m[1m^[22m
[39m[31m[1m^[22m[39m[31m[1m^[22m[39
m[31m[1m^[22m[39m[31m[1m^[22m[39m[
31m[1m^[22m[39m[31m[1m^[22m[39m[31m
[1m^[22m[39m[31m[1m^[22m[39m[31m[1
m^[22m[39m[31m[1m^[22m[39m[31m[1m^
[22m[39m[31m[1m^[22m[39m[31m[1m^[22
m[39m[31m[1m^[22m[39m[31m[1m^[22m[
39m[31m[1m^[22m[39m[31m[1m^[22m[39m
[31m[1m^[22m[39m[31m[1m^[22m[39m[3
1m[1m^[22m[39m[31m[1m^[22m[39m[31m
[1m^[22m[39m[31m[1m^[22m[39m[31m[1m
^[22m[39m[31m[1m^[22m[39m[31m[1m^[
22m[39m[31m[1m^[22m[39m[31m[1m^[22m
[39m[31m[1m^[22m[39m[31m[1m^[22m[3
9m[31m[1m^[22m[39m[31m[1m^[22m[39m
[31m[1m^[22m[39m[31m[1m^[22m[39m[31
m[1m^[22m[39m[31m[1m^[22m[39m[31m[
1m^[22m[39m[31m[1m^[22m[39m[31m[1m^
[22m[39m[31m[1m^[22m[39m[31m[1m^[2
2m[39m[31m[1m^[22m[39m[31m[1m^[22m
[39m[31m[1m^[22m[39m[31m[1m^[22m[39
m[31m[1m^[22m[39m[31m[1m^[22m[39m[
31m[1m^[22m[39m[31m[1m^[22m[39m[31m
[1m^[22m[39m[31m[1m^[22m[39m[31m[1
m^[22m[39m[31m[1m^[22m[39m[31m[1m^
[22m[39m[31m[1m^[22m[39m[31m[1m^[22
m[39m[31m[1m^[22m[39m[31m[1m^[22m[
39m[31m[1m^[22m[39m[31m[1m^[22m[39m
[31m[1m^[22m[39m[31m[1m^[22m[39m[3
1m[1m^[22m[39m[31m[1m^[22m[39m[31m
[1m^[22m[39m[31m[1m^[22m[39m[31m[1m
^[22m[39m[31m[1m^[22m[39m[31m[1m^[
22m[39m[31m[1m^[22m[39m[31m[1m^[22m
[39m[31m[1m^[22m[39m[31m[1m^[22m[3
9m
 [90m 15 |[39m [36mimport[39m { 
useLanguage } [36mfrom[39m [32m'@/contex
ts/language-context'[39m[33m;[39m
 [90m 16 |[39m [36mimport[39m { 
[33mLanguageSwitcher[39m } 
[36mfrom[39m [32m'@/components/language-
switcher'[39m[33m;[39m
 [90m 17 |[39m[0m



Import traces:
  Client Component Browser:
    ./frontend/components/layout/navigation
-sidebar.tsx [Client Component Browser]
    ./frontend/components/layout/dashboard-
shell.tsx [Client Component Browser]
    ./frontend/app/dashboard/layout.tsx 
[Client Component Browser]
    ./frontend/app/dashboard/layout.tsx 
[Server Component]

  Client Component SSR:
    ./frontend/components/layout/navigation
-sidebar.tsx [Client Component SSR]
    ./frontend/components/layout/dashboard-
shell.tsx [Client Component SSR]
    ./frontend/app/dashboard/layout.tsx 
[Client Component SSR]
    ./frontend/app/dashboard/layout.tsx 
[Server Component]

https://nextjs.org/docs/messages/module-not
-found


./frontend/components/layout/top-header.tsx
:9:1
Module not found: Can't resolve 
'lucide-react'
[0m [90m  7 |[39m [36mimport[39m { 
[33mInput[39m } [36mfrom[39m [32m'@/co
mponents/ui/input'[39m[33m;[39m
 [90m  8 |[39m [36mimport[39m { 
navGroups } [36mfrom[39m 
[32m'@/lib/navigation'[39m[33m;[39m
[31m[1m>[22m[39m[90m  9 |[39m 
[36mimport[39m { 
[33mMenu[39m[33m,[39m 
[33mSearch[39m[33m,[39m 
[33mBell[39m[33m,[39m 
[33mSparkles[39m[33m,[39m 
[33mCreditCard[39m[33m,[39m 
[33mShieldAlert[39m[33m,[39m 
[33mCpu[39m } [36mfrom[39m 
[32m'lucide-react'[39m[33m;[39m
 [90m    |[39m [31m[1m^[22m[39m[31m
[1m^[22m[39m[31m[1m^[22m[39m[31m[1m
^[22m[39m[31m[1m^[22m[39m[31m[1m^[
22m[39m[31m[1m^[22m[39m[31m[1m^[22m
[39m[31m[1m^[22m[39m[31m[1m^[22m[3
9m[31m[1m^[22m[39m[31m[1m^[22m[39m
[31m[1m^[22m[39m[31m[1m^[22m[39m[31
m[1m^[22m[39m[31m[1m^[22m[39m[31m[
1m^[22m[39m[31m[1m^[22m[39m[31m[1m^
[22m[39m[31m[1m^[22m[39m[31m[1m^[2
2m[39m[31m[1m^[22m[39m[31m[1m^[22m
[39m[31m[1m^[22m[39m[31m[1m^[22m[39
m[31m[1m^[22m[39m[31m[1m^[22m[39m[
31m[1m^[22m[39m[31m[1m^[22m[39m[31m
[1m^[22m[39m[31m[1m^[22m[39m[31m[1
m^[22m[39m[31m[1m^[22m[39m[31m[1m^
[22m[39m[31m[1m^[22m[39m[31m[1m^[22
m[39m[31m[1m^[22m[39m[31m[1m^[22m[
39m[31m[1m^[22m[39m[31m[1m^[22m[39m
[31m[1m^[22m[39m[31m[1m^[22m[39m[3
1m[1m^[22m[39m[31m[1m^[22m[39m[31m
[1m^[22m[39m[31m[1m^[22m[39m[31m[1m
^[22m[39m[31m[1m^[22m[39m[31m[1m^[
22m[39m[31m[1m^[22m[39m[31m[1m^[22m
[39m[31m[1m^[22m[39m[31m[1m^[22m[3
9m[31m[1m^[22m[39m[31m[1m^[22m[39m
[31m[1m^[22m[39m[31m[1m^[22m[39m[31
m[1m^[22m[39m[31m[1m^[22m[39m[31m[
1m^[22m[39m[31m[1m^[22m[39m[31m[1m^
[22m[39m[31m[1m^[22m[39m[31m[1m^[2
2m[39m[31m[1m^[22m[39m[31m[1m^[22m
[39m[31m[1m^[22m[39m[31m[1m^[22m[39
m[31m[1m^[22m[39m[31m[1m^[22m[39m[
31m[1m^[22m[39m[31m[1m^[22m[39m[31m
[1m^[22m[39m[31m[1m^[22m[39m[31m[1
m^[22m[39m[31m[1m^[22m[39m[31m[1m^
[22m[39m[31m[1m^[22m[39m[31m[1m^[22
m[39m[31m[1m^[22m[39m[31m[1m^[22m[
39m[31m[1m^[22m[39m[31m[1m^[22m[39m
[31m[1m^[22m[39m[31m[1m^[22m[39m[3
1m[1m^[22m[39m[31m[1m^[22m[39m[31m
[1m^[22m[39m[31m[1m^[22m[39m[31m[1m
^[22m[39m
 [90m 10 |[39m [36mimport[39m {
 [90m 11 |[39m     
[33mPopover[39m[33m,[39m
 [90m 12 |[39m     
[33mPopoverContent[39m[33m,[39m[0m



Import traces:
  Client Component Browser:
    ./frontend/components/layout/top-header
.tsx [Client Component Browser]
    ./frontend/components/layout/dashboard-
shell.tsx [Client Component Browser]
    ./frontend/app/dashboard/layout.tsx 
[Client Component Browser]
    ./frontend/app/dashboard/layout.tsx 
[Server Component]

  Client Component SSR:
    ./frontend/components/layout/top-header
.tsx [Client Component SSR]
    ./frontend/components/layout/dashboard-
shell.tsx [Client Component SSR]
    ./frontend/app/dashboard/layout.tsx 
[Client Component SSR]
    ./frontend/app/dashboard/layout.tsx 
[Server Component]

https://nextjs.org/docs/messages/module-not
-found


./frontend/components/management/policy-typ
e-form.tsx:18:1
Module not found: Can't resolve 
'lucide-react'
[0m [90m 16 |[39m [36mimport[39m { 
[33mInput[39m } [36mfrom[39m [32m"@/co
mponents/ui/input"[39m[33m;[39m
 [90m 17 |[39m [36mimport[39m { 
[33mTextarea[39m } [36mfrom[39m [32m"@
/components/ui/textarea"[39m[33m;[39m
[31m[1m>[22m[39m[90m 18 |[39m 
[36mimport[39m { [33mLoader2[39m } 
[36mfrom[39m 
[32m"lucide-react"[39m[33m;[39m
 [90m    |[39m [31m[1m^[22m[39m[31m
[1m^[22m[39m[31m[1m^[22m[39m[31m[1m
^[22m[39m[31m[1m^[22m[39m[31m[1m^[
22m[39m[31m[1m^[22m[39m[31m[1m^[22m
[39m[31m[1m^[22m[39m[31m[1m^[22m[3
9m[31m[1m^[22m[39m[31m[1m^[22m[39m
[31m[1m^[22m[39m[31m[1m^[22m[39m[31
m[1m^[22m[39m[31m[1m^[22m[39m[31m[
1m^[22m[39m[31m[1m^[22m[39m[31m[1m^
[22m[39m[31m[1m^[22m[39m[31m[1m^[2
2m[39m[31m[1m^[22m[39m[31m[1m^[22m
[39m[31m[1m^[22m[39m[31m[1m^[22m[39
m[31m[1m^[22m[39m[31m[1m^[22m[39m[
31m[1m^[22m[39m[31m[1m^[22m[39m[31m
[1m^[22m[39m[31m[1m^[22m[39m[31m[1
m^[22m[39m[31m[1m^[22m[39m[31m[1m^
[22m[39m[31m[1m^[22m[39m[31m[1m^[22
m[39m[31m[1m^[22m[39m[31m[1m^[22m[
39m[31m[1m^[22m[39m
 [90m 19 |[39m
 [90m 20 |[39m [36minterface[39m 
[33mPolicyTypeFormValues[39m {
 [90m 21 |[39m     name[33m:[39m 
string[33m;[39m[0m



Import traces:
  Client Component Browser:
    ./frontend/components/management/policy
-type-form.tsx [Client Component Browser]
    ./frontend/app/dashboard/policy-types/p
age.tsx [Client Component Browser]
    ./frontend/app/dashboard/policy-types/p
age.tsx [Server Component]

  Client Component SSR:
    ./frontend/components/management/policy
-type-form.tsx [Client Component SSR]
    ./frontend/app/dashboard/policy-types/p
age.tsx [Client Component SSR]
    ./frontend/app/dashboard/policy-types/p
age.tsx [Server Component]

https://nextjs.org/docs/messages/module-not
-found


./frontend/components/payments/payment-form
.tsx:7:1
Module not found: Can't resolve 
'lucide-react'
[0m [90m  5 |[39m [36mimport[39m { 
zodResolver } [36mfrom[39m [32m"@hookfor
m/resolvers/zod"[39m[33m;[39m
 [90m  6 |[39m [36mimport[39m 
[33m*[39m [36mas[39m z [36mfrom[39m 
[32m"zod"[39m[33m;[39m
[31m[1m>[22m[39m[90m  7 |[39m 
[36mimport[39m { 
[33mCreditCard[39m[33m,[39m 
[33mBanknote[39m[33m,[39m 
[33mBuilding2[39m[33m,[39m 
[33mSmartphone[39m[33m,[39m 
[33mLoader2[39m } [36mfrom[39m 
[32m"lucide-react"[39m[33m;[39m
 [90m    |[39m [31m[1m^[22m[39m[31m
[1m^[22m[39m[31m[1m^[22m[39m[31m[1m
^[22m[39m[31m[1m^[22m[39m[31m[1m^[
22m[39m[31m[1m^[22m[39m[31m[1m^[22m
[39m[31m[1m^[22m[39m[31m[1m^[22m[3
9m[31m[1m^[22m[39m[31m[1m^[22m[39m
[31m[1m^[22m[39m[31m[1m^[22m[39m[31
m[1m^[22m[39m[31m[1m^[22m[39m[31m[
1m^[22m[39m[31m[1m^[22m[39m[31m[1m^
[22m[39m[31m[1m^[22m[39m[31m[1m^[2
2m[39m[31m[1m^[22m[39m[31m[1m^[22m
[39m[31m[1m^[22m[39m[31m[1m^[22m[39
m[31m[1m^[22m[39m[31m[1m^[22m[39m[
31m[1m^[22m[39m[31m[1m^[22m[39m[31m
[1m^[22m[39m[31m[1m^[22m[39m[31m[1
m^[22m[39m[31m[1m^[22m[39m[31m[1m^
[22m[39m[31m[1m^[22m[39m[31m[1m^[22
m[39m[31m[1m^[22m[39m[31m[1m^[22m[
39m[31m[1m^[22m[39m[31m[1m^[22m[39m
[31m[1m^[22m[39m[31m[1m^[22m[39m[3
1m[1m^[22m[39m[31m[1m^[22m[39m[31m
[1m^[22m[39m[31m[1m^[22m[39m[31m[1m
^[22m[39m[31m[1m^[22m[39m[31m[1m^[
22m[39m[31m[1m^[22m[39m[31m[1m^[22m
[39m[31m[1m^[22m[39m[31m[1m^[22m[3
9m[31m[1m^[22m[39m[31m[1m^[22m[39m
[31m[1m^[22m[39m[31m[1m^[22m[39m[31
m[1m^[22m[39m[31m[1m^[22m[39m[31m[
1m^[22m[39m[31m[1m^[22m[39m[31m[1m^
[22m[39m[31m[1m^[22m[39m[31m[1m^[2
2m[39m[31m[1m^[22m[39m[31m[1m^[22m
[39m[31m[1m^[22m[39m[31m[1m^[22m[39
m[31m[1m^[22m[39m[31m[1m^[22m[39m[
31m[1m^[22m[39m[31m[1m^[22m[39m[31m
[1m^[22m[39m[31m[1m^[22m[39m[31m[1
m^[22m[39m[31m[1m^[22m[39m[31m[1m^
[22m[39m[31m[1m^[22m[39m[31m[1m^[22
m[39m[31m[1m^[22m[39m[31m[1m^[22m[
39m[31m[1m^[22m[39m[31m[1m^[22m[39m
[31m[1m^[22m[39m
 [90m  8 |[39m
 [90m  9 |[39m [36mimport[39m { 
[33mButton[39m } [36mfrom[39m [32m"@/c
omponents/ui/button"[39m[33m;[39m
 [90m 10 |[39m [36mimport[39m {[0m



Import traces:
  Client Component Browser:
    ./frontend/components/payments/payment-
form.tsx [Client Component Browser]
    ./frontend/app/dashboard/payments/new/p
age.tsx [Client Component Browser]
    ./frontend/app/dashboard/payments/new/p
age.tsx [Server Component]

  Client Component SSR:
    ./frontend/components/payments/payment-
form.tsx [Client Component SSR]
    ./frontend/app/dashboard/payments/new/p
age.tsx [Client Component SSR]
    ./frontend/app/dashboard/payments/new/p
age.tsx [Server Component]

https://nextjs.org/docs/messages/module-not
-found


./frontend/components/policies/cancellation
-workflow.tsx:8:1
Module not found: Can't resolve 
'lucide-react'
[0m [90m  6 |[39m [36mimport[39m { 
[33mAlert[39m[33m,[39m 
[33mAlertDescription[39m[33m,[39m 
[33mAlertTitle[39m } [36mfrom[39m [32m
'@/components/ui/alert'[39m[33m;[39m
 [90m  7 |[39m [36mimport[39m { 
[33mSeparator[39m } [36mfrom[39m [32m'
@/components/ui/separator'[39m[33m;[39m
[31m[1m>[22m[39m[90m  8 |[39m 
[36mimport[39m { 
[33mCheckCircle2[39m[33m,[39m 
[33mAlertTriangle[39m[33m,[39m 
[33mCalculator[39m[33m,[39m 
[33mFileText[39m } [36mfrom[39m 
[32m'lucide-react'[39m[33m;[39m
 [90m    |[39m [31m[1m^[22m[39m[31m
[1m^[22m[39m[31m[1m^[22m[39m[31m[1m
^[22m[39m[31m[1m^[22m[39m[31m[1m^[
22m[39m[31m[1m^[22m[39m[31m[1m^[22m
[39m[31m[1m^[22m[39m[31m[1m^[22m[3
9m[31m[1m^[22m[39m[31m[1m^[22m[39m
[31m[1m^[22m[39m[31m[1m^[22m[39m[31
m[1m^[22m[39m[31m[1m^[22m[39m[31m[
1m^[22m[39m[31m[1m^[22m[39m[31m[1m^
[22m[39m[31m[1m^[22m[39m[31m[1m^[2
2m[39m[31m[1m^[22m[39m[31m[1m^[22m
[39m[31m[1m^[22m[39m[31m[1m^[22m[39
m[31m[1m^[22m[39m[31m[1m^[22m[39m[
31m[1m^[22m[39m[31m[1m^[22m[39m[31m
[1m^[22m[39m[31m[1m^[22m[39m[31m[1
m^[22m[39m[31m[1m^[22m[39m[31m[1m^
[22m[39m[31m[1m^[22m[39m[31m[1m^[22
m[39m[31m[1m^[22m[39m[31m[1m^[22m[
39m[31m[1m^[22m[39m[31m[1m^[22m[39m
[31m[1m^[22m[39m[31m[1m^[22m[39m[3
1m[1m^[22m[39m[31m[1m^[22m[39m[31m
[1m^[22m[39m[31m[1m^[22m[39m[31m[1m
^[22m[39m[31m[1m^[22m[39m[31m[1m^[
22m[39m[31m[1m^[22m[39m[31m[1m^[22m
[39m[31m[1m^[22m[39m[31m[1m^[22m[3
9m[31m[1m^[22m[39m[31m[1m^[22m[39m
[31m[1m^[22m[39m[31m[1m^[22m[39m[31
m[1m^[22m[39m[31m[1m^[22m[39m[31m[
1m^[22m[39m[31m[1m^[22m[39m[31m[1m^
[22m[39m[31m[1m^[22m[39m[31m[1m^[2
2m[39m[31m[1m^[22m[39m[31m[1m^[22m
[39m[31m[1m^[22m[39m[31m[1m^[22m[39
m[31m[1m^[22m[39m[31m[1m^[22m[39m[
31m[1m^[22m[39m[31m[1m^[22m[39m[31m
[1m^[22m[39m[31m[1m^[22m[39m[31m[1
m^[22m[39m[31m[1m^[22m[39m[31m[1m^
[22m[39m[31m[1m^[22m[39m[31m[1m^[22
m[39m[31m[1m^[22m[39m[31m[1m^[22m[
39m
 [90m  9 |[39m [36mimport[39m { 
formatCurrency } [36mfrom[39m 
[32m'@/lib/utils'[39m[33m;[39m
 [90m 10 |[39m [36mimport[39m { 
[33mPolicy[39m } [36mfrom[39m 
[32m'@/types/policy'[39m[33m;[39m
 [90m 11 |[39m[0m



Import traces:
  Client Component Browser:
    ./frontend/components/policies/cancella
tion-workflow.tsx [Client Component 
Browser]
    ./frontend/app/dashboard/policies/[id]/
page.tsx [Client Component Browser]
    ./frontend/app/dashboard/policies/[id]/
page.tsx [Server Component]

  Client Component SSR:
    ./frontend/components/policies/cancella
tion-workflow.tsx [Client Component SSR]
    ./frontend/app/dashboard/policies/[id]/
page.tsx [Client Component SSR]
    ./frontend/app/dashboard/policies/[id]/
page.tsx [Server Component]

https://nextjs.org/docs/messages/module-not
-found


./frontend/components/policies/payment-sche
dule-view.tsx:8:1
Module not found: Can't resolve 
'lucide-react'
[0m [90m  6 |[39m [36mimport[39m { 
[33mClient[39m } [36mfrom[39m 
[32m'@/types/client'[39m[33m;[39m
 [90m  7 |[39m [36mimport[39m { 
formatCurrency } [36mfrom[39m 
[32m"@/lib/utils"[39m[33m;[39m
[31m[1m>[22m[39m[90m  8 |[39m 
[36mimport[39m { 
[33mPrinter[39m[33m,[39m 
[33mDownload[39m[33m,[39m 
[33mLoader2[39m[33m,[39m 
[33mArrowLeft[39m } [36mfrom[39m 
[32m"lucide-react"[39m[33m;[39m
 [90m    |[39m [31m[1m^[22m[39m[31m
[1m^[22m[39m[31m[1m^[22m[39m[31m[1m
^[22m[39m[31m[1m^[22m[39m[31m[1m^[
22m[39m[31m[1m^[22m[39m[31m[1m^[22m
[39m[31m[1m^[22m[39m[31m[1m^[22m[3
9m[31m[1m^[22m[39m[31m[1m^[22m[39m
[31m[1m^[22m[39m[31m[1m^[22m[39m[31
m[1m^[22m[39m[31m[1m^[22m[39m[31m[
1m^[22m[39m[31m[1m^[22m[39m[31m[1m^
[22m[39m[31m[1m^[22m[39m[31m[1m^[2
2m[39m[31m[1m^[22m[39m[31m[1m^[22m
[39m[31m[1m^[22m[39m[31m[1m^[22m[39
m[31m[1m^[22m[39m[31m[1m^[22m[39m[
31m[1m^[22m[39m[31m[1m^[22m[39m[31m
[1m^[22m[39m[31m[1m^[22m[39m[31m[1
m^[22m[39m[31m[1m^[22m[39m[31m[1m^
[22m[39m[31m[1m^[22m[39m[31m[1m^[22
m[39m[31m[1m^[22m[39m[31m[1m^[22m[
39m[31m[1m^[22m[39m[31m[1m^[22m[39m
[31m[1m^[22m[39m[31m[1m^[22m[39m[3
1m[1m^[22m[39m[31m[1m^[22m[39m[31m
[1m^[22m[39m[31m[1m^[22m[39m[31m[1m
^[22m[39m[31m[1m^[22m[39m[31m[1m^[
22m[39m[31m[1m^[22m[39m[31m[1m^[22m
[39m[31m[1m^[22m[39m[31m[1m^[22m[3
9m[31m[1m^[22m[39m[31m[1m^[22m[39m
[31m[1m^[22m[39m[31m[1m^[22m[39m[31
m[1m^[22m[39m[31m[1m^[22m[39m[31m[
1m^[22m[39m[31m[1m^[22m[39m[31m[1m^
[22m[39m[31m[1m^[22m[39m[31m[1m^[2
2m[39m[31m[1m^[22m[39m[31m[1m^[22m
[39m[31m[1m^[22m[39m[31m[1m^[22m[39
m[31m[1m^[22m[39m
 [90m  9 |[39m [36mimport[39m 
html2canvas [36mfrom[39m 
[32m'html2canvas'[39m[33m;[39m
 [90m 10 |[39m [36mimport[39m jsPDF 
[36mfrom[39m [32m'jspdf'[39m[33m;[39m
 [90m 11 |[39m [36mimport[39m { 
[33mQRCodeSVG[39m } [36mfrom[39m 
[32m'qrcode.react'[39m[33m;[39m[0m



Import traces:
  Client Component Browser:
    ./frontend/components/policies/payment-
schedule-view.tsx [Client Component 
Browser]
    ./frontend/app/dashboard/policies/[id]/
page.tsx [Client Component Browser]
    ./frontend/app/dashboard/policies/[id]/
page.tsx [Server Component]

  Client Component SSR:
    ./frontend/components/policies/payment-
schedule-view.tsx [Client Component SSR]
    ./frontend/app/dashboard/policies/[id]/
page.tsx [Client Component SSR]
    ./frontend/app/dashboard/policies/[id]/
page.tsx [Server Component]

https://nextjs.org/docs/messages/module-not
-found


./frontend/components/policies/policy-agree
ment-view.tsx:8:1
Module not found: Can't resolve 
'lucide-react'
[0m [90m  6 |[39m [36mimport[39m { 
[33mClient[39m } [36mfrom[39m 
[32m'@/types/client'[39m[33m;[39m
 [90m  7 |[39m [36mimport[39m { 
formatCurrency } [36mfrom[39m 
[32m"@/lib/utils"[39m[33m;[39m
[31m[1m>[22m[39m[90m  8 |[39m 
[36mimport[39m { 
[33mPrinter[39m[33m,[39m 
[33mDownload[39m[33m,[39m 
[33mLoader2[39m[33m,[39m 
[33mArrowLeft[39m } [36mfrom[39m 
[32m"lucide-react"[39m[33m;[39m
 [90m    |[39m [31m[1m^[22m[39m[31m
[1m^[22m[39m[31m[1m^[22m[39m[31m[1m
^[22m[39m[31m[1m^[22m[39m[31m[1m^[
22m[39m[31m[1m^[22m[39m[31m[1m^[22m
[39m[31m[1m^[22m[39m[31m[1m^[22m[3
9m[31m[1m^[22m[39m[31m[1m^[22m[39m
[31m[1m^[22m[39m[31m[1m^[22m[39m[31
m[1m^[22m[39m[31m[1m^[22m[39m[31m[
1m^[22m[39m[31m[1m^[22m[39m[31m[1m^
[22m[39m[31m[1m^[22m[39m[31m[1m^[2
2m[39m[31m[1m^[22m[39m[31m[1m^[22m
[39m[31m[1m^[22m[39m[31m[1m^[22m[39
m[31m[1m^[22m[39m[31m[1m^[22m[39m[
31m[1m^[22m[39m[31m[1m^[22m[39m[31m
[1m^[22m[39m[31m[1m^[22m[39m[31m[1
m^[22m[39m[31m[1m^[22m[39m[31m[1m^
[22m[39m[31m[1m^[22m[39m[31m[1m^[22
m[39m[31m[1m^[22m[39m[31m[1m^[22m[
39m[31m[1m^[22m[39m[31m[1m^[22m[39m
[31m[1m^[22m[39m[31m[1m^[22m[39m[3
1m[1m^[22m[39m[31m[1m^[22m[39m[31m
[1m^[22m[39m[31m[1m^[22m[39m[31m[1m
^[22m[39m[31m[1m^[22m[39m[31m[1m^[
22m[39m[31m[1m^[22m[39m[31m[1m^[22m
[39m[31m[1m^[22m[39m[31m[1m^[22m[3
9m[31m[1m^[22m[39m[31m[1m^[22m[39m
[31m[1m^[22m[39m[31m[1m^[22m[39m[31
m[1m^[22m[39m[31m[1m^[22m[39m[31m[
1m^[22m[39m[31m[1m^[22m[39m[31m[1m^
[22m[39m[31m[1m^[22m[39m[31m[1m^[2
2m[39m[31m[1m^[22m[39m[31m[1m^[22m
[39m[31m[1m^[22m[39m[31m[1m^[22m[39
m[31m[1m^[22m[39m
 [90m  9 |[39m [36mimport[39m 
html2canvas [36mfrom[39m 
[32m'html2canvas'[39m[33m;[39m
 [90m 10 |[39m [36mimport[39m jsPDF 
[36mfrom[39m [32m'jspdf'[39m[33m;[39m
 [90m 11 |[39m [36mimport[39m { 
[33mQRCodeSVG[39m } [36mfrom[39m 
[32m'qrcode.react'[39m[33m;[39m[0m



Import traces:
  Client Component Browser:
    ./frontend/components/policies/policy-a
greement-view.tsx [Client Component 
Browser]
    ./frontend/app/dashboard/policies/[id]/
page.tsx [Client Component Browser]
    ./frontend/app/dashboard/policies/[id]/
page.tsx [Server Component]

  Client Component SSR:
    ./frontend/components/policies/policy-a
greement-view.tsx [Client Component SSR]
    ./frontend/app/dashboard/policies/[id]/
page.tsx [Client Component SSR]
    ./frontend/app/dashboard/policies/[id]/
page.tsx [Server Component]

https://nextjs.org/docs/messages/module-not
-found


./frontend/components/policies/policy-form-
dialog.tsx:11:1
Module not found: Can't resolve 
'lucide-react'
[0m [90m  9 |[39m [36mimport[39m 
[33m*[39m [36mas[39m z [36mfrom[39m 
[32m'zod'[39m[33m;[39m
 [90m 10 |[39m [36mimport[39m { format 
} [36mfrom[39m 
[32m'date-fns'[39m[33m;[39m
[31m[1m>[22m[39m[90m 11 |[39m 
[36mimport[39m { 
[33mCheck[39m[33m,[39m 
[33mPlus[39m[33m,[39m 
[33mX[39m[33m,[39m [33mSearch[39m } 
[36mfrom[39m 
[32m'lucide-react'[39m[33m;[39m
 [90m    |[39m [31m[1m^[22m[39m[31m
[1m^[22m[39m[31m[1m^[22m[39m[31m[1m
^[22m[39m[31m[1m^[22m[39m[31m[1m^[
22m[39m[31m[1m^[22m[39m[31m[1m^[22m
[39m[31m[1m^[22m[39m[31m[1m^[22m[3
9m[31m[1m^[22m[39m[31m[1m^[22m[39m
[31m[1m^[22m[39m[31m[1m^[22m[39m[31
m[1m^[22m[39m[31m[1m^[22m[39m[31m[
1m^[22m[39m[31m[1m^[22m[39m[31m[1m^
[22m[39m[31m[1m^[22m[39m[31m[1m^[2
2m[39m[31m[1m^[22m[39m[31m[1m^[22m
[39m[31m[1m^[22m[39m[31m[1m^[22m[39
m[31m[1m^[22m[39m[31m[1m^[22m[39m[
31m[1m^[22m[39m[31m[1m^[22m[39m[31m
[1m^[22m[39m[31m[1m^[22m[39m[31m[1
m^[22m[39m[31m[1m^[22m[39m[31m[1m^
[22m[39m[31m[1m^[22m[39m[31m[1m^[22
m[39m[31m[1m^[22m[39m[31m[1m^[22m[
39m[31m[1m^[22m[39m[31m[1m^[22m[39m
[31m[1m^[22m[39m[31m[1m^[22m[39m[3
1m[1m^[22m[39m[31m[1m^[22m[39m[31m
[1m^[22m[39m[31m[1m^[22m[39m[31m[1m
^[22m[39m[31m[1m^[22m[39m[31m[1m^[
22m[39m[31m[1m^[22m[39m[31m[1m^[22m
[39m[31m[1m^[22m[39m[31m[1m^[22m[3
9m[31m[1m^[22m[39m
 [90m 12 |[39m
 [90m 13 |[39m [36mimport[39m { 
policyApi } [36mfrom[39m 
[32m'@/lib/policy-api'[39m[33m;[39m
 [90m 14 |[39m [36mimport[39m { 
clientApi } [36mfrom[39m 
[32m'@/lib/client-api'[39m[33m;[39m[0m



Import traces:
  Client Component Browser:
    ./frontend/components/policies/policy-f
orm-dialog.tsx [Client Component Browser]
    
./frontend/app/dashboard/policies/page.tsx 
[Client Component Browser]
    
./frontend/app/dashboard/policies/page.tsx 
[Server Component]

  Client Component SSR:
    ./frontend/components/policies/policy-f
orm-dialog.tsx [Client Component SSR]
    
./frontend/app/dashboard/policies/page.tsx 
[Client Component SSR]
    
./frontend/app/dashboard/policies/page.tsx 
[Server Component]

https://nextjs.org/docs/messages/module-not
-found


./frontend/components/portal/insurance-deta
ils-tab.tsx:7:1
Module not found: Can't resolve 
'lucide-react'
[0m [90m  5 |[39m [36mimport[39m { 
useLanguage } [36mfrom[39m [32m'@/contex
ts/language-context'[39m[33m;[39m
 [90m  6 |[39m [36mimport[39m { 
[33mButton[39m } [36mfrom[39m [32m'@/c
omponents/ui/button'[39m[33m;[39m
[31m[1m>[22m[39m[90m  7 |[39m 
[36mimport[39m {
 [90m    |[39m [31m[1m^[22m[39m[31m
[1m^[22m[39m[31m[1m^[22m[39m[31m[1m
^[22m[39m[31m[1m^[22m[39m[31m[1m^[
22m[39m[31m[1m^[22m[39m[31m[1m^[22m
[39m
[31m[1m>[22m[39m[90m  8 |[39m     
[33mLayoutGrid[39m[33m,[39m 
[33mList[39m[33m,[39m 
[33mPlus[39m[33m,[39m 
[33mUser[39m[33m,[39m 
[33mCar[39m[33m,[39m 
[33mPhone[39m[33m,[39m
 [90m    |[39m [31m[1m^[22m[39m[31m
[1m^[22m[39m[31m[1m^[22m[39m[31m[1m
^[22m[39m[31m[1m^[22m[39m[31m[1m^[
22m[39m[31m[1m^[22m[39m[31m[1m^[22m
[39m[31m[1m^[22m[39m[31m[1m^[22m[3
9m[31m[1m^[22m[39m[31m[1m^[22m[39m
[31m[1m^[22m[39m[31m[1m^[22m[39m[31
m[1m^[22m[39m[31m[1m^[22m[39m[31m[
1m^[22m[39m[31m[1m^[22m[39m[31m[1m^
[22m[39m[31m[1m^[22m[39m[31m[1m^[2
2m[39m[31m[1m^[22m[39m[31m[1m^[22m
[39m[31m[1m^[22m[39m[31m[1m^[22m[39
m[31m[1m^[22m[39m[31m[1m^[22m[39m[
31m[1m^[22m[39m[31m[1m^[22m[39m[31m
[1m^[22m[39m[31m[1m^[22m[39m[31m[1
m^[22m[39m[31m[1m^[22m[39m[31m[1m^
[22m[39m[31m[1m^[22m[39m[31m[1m^[22
m[39m[31m[1m^[22m[39m[31m[1m^[22m[
39m[31m[1m^[22m[39m[31m[1m^[22m[39m
[31m[1m^[22m[39m[31m[1m^[22m[39m[3
1m[1m^[22m[39m[31m[1m^[22m[39m[31m
[1m^[22m[39m
[31m[1m>[22m[39m[90m  9 |[39m     
[33mCreditCard[39m[33m,[39m 
[33mCalendar[39m[33m,[39m 
[33mBriefcase[39m[33m,[39m
 [90m    |[39m [31m[1m^[22m[39m[31m
[1m^[22m[39m[31m[1m^[22m[39m[31m[1m
^[22m[39m[31m[1m^[22m[39m[31m[1m^[
22m[39m[31m[1m^[22m[39m[31m[1m^[22m
[39m[31m[1m^[22m[39m[31m[1m^[22m[3
9m[31m[1m^[22m[39m[31m[1m^[22m[39m
[31m[1m^[22m[39m[31m[1m^[22m[39m[31
m[1m^[22m[39m[31m[1m^[22m[39m[31m[
1m^[22m[39m[31m[1m^[22m[39m[31m[1m^
[22m[39m[31m[1m^[22m[39m[31m[1m^[2
2m[39m[31m[1m^[22m[39m[31m[1m^[22m
[39m[31m[1m^[22m[39m[31m[1m^[22m[39
m[31m[1m^[22m[39m[31m[1m^[22m[39m[
31m[1m^[22m[39m[31m[1m^[22m[39m[31m
[1m^[22m[39m[31m[1m^[22m[39m[31m[1
m^[22m[39m[31m[1m^[22m[39m[31m[1m^
[22m[39m[31m[1m^[22m[39m[31m[1m^[22
m[39m[31m[1m^[22m[39m[31m[1m^[22m[
39m[31m[1m^[22m[39m[31m[1m^[22m[39m
[31m[1m^[22m[39m[31m[1m^[22m[39m[3
1m[1m^[22m[39m[31m[1m^[22m[39m[31m
[1m^[22m[39m
[31m[1m>[22m[39m[90m 10 |[39m     
[33mXCircle[39m[33m,[39m 
[33mInfo[39m[33m,[39m 
[33mCamera[39m[33m,[39m 
[33mCalculator[39m[33m,[39m
 [90m    |[39m [31m[1m^[22m[39m[31m
[1m^[22m[39m[31m[1m^[22m[39m[31m[1m
^[22m[39m[31m[1m^[22m[39m[31m[1m^[
22m[39m[31m[1m^[22m[39m[31m[1m^[22m
[39m[31m[1m^[22m[39m[31m[1m^[22m[3
9m[31m[1m^[22m[39m[31m[1m^[22m[39m
[31m[1m^[22m[39m[31m[1m^[22m[39m[31
m[1m^[22m[39m[31m[1m^[22m[39m[31m[
1m^[22m[39m[31m[1m^[22m[39m[31m[1m^
[22m[39m[31m[1m^[22m[39m[31m[1m^[2
2m[39m[31m[1m^[22m[39m[31m[1m^[22m
[39m[31m[1m^[22m[39m[31m[1m^[22m[39
m[31m[1m^[22m[39m[31m[1m^[22m[39m[
31m[1m^[22m[39m[31m[1m^[22m[39m[31m
[1m^[22m[39m[31m[1m^[22m[39m[31m[1
m^[22m[39m[31m[1m^[22m[39m[31m[1m^
[22m[39m[31m[1m^[22m[39m[31m[1m^[22
m[39m[31m[1m^[22m[39m[31m[1m^[22m[
39m[31m[1m^[22m[39m[31m[1m^[22m[39m
[31m[1m^[22m[39m[31m[1m^[22m[39m[3
1m[1m^[22m[39m[31m[1m^[22m[39m[31m
[1m^[22m[39m
[31m[1m>[22m[39m[90m 11 |[39m     
[33mShieldCheck[39m[33m,[39m 
[33mEdit3[39m[33m,[39m 
[33mChevronRight[39m[33m,[39m 
[33mFileText[39m[33m,[39m 
[33mDownload[39m[33m,[39m
 [90m    |[39m [31m[1m^[22m[39m[31m
[1m^[22m[39m[31m[1m^[22m[39m[31m[1m
^[22m[39m[31m[1m^[22m[39m[31m[1m^[
22m[39m[31m[1m^[22m[39m[31m[1m^[22m
[39m[31m[1m^[22m[39m[31m[1m^[22m[3
9m[31m[1m^[22m[39m[31m[1m^[22m[39m
[31m[1m^[22m[39m[31m[1m^[22m[39m[31
m[1m^[22m[39m[31m[1m^[22m[39m[31m[
1m^[22m[39m[31m[1m^[22m[39m[31m[1m^
[22m[39m[31m[1m^[22m[39m[31m[1m^[2
2m[39m[31m[1m^[22m[39m[31m[1m^[22m
[39m[31m[1m^[22m[39m[31m[1m^[22m[39
m[31m[1m^[22m[39m[31m[1m^[22m[39m[
31m[1m^[22m[39m[31m[1m^[22m[39m[31m
[1m^[22m[39m[31m[1m^[22m[39m[31m[1
m^[22m[39m[31m[1m^[22m[39m[31m[1m^
[22m[39m[31m[1m^[22m[39m[31m[1m^[22
m[39m[31m[1m^[22m[39m[31m[1m^[22m[
39m[31m[1m^[22m[39m[31m[1m^[22m[39m
[31m[1m^[22m[39m[31m[1m^[22m[39m[3
1m[1m^[22m[39m[31m[1m^[22m[39m[31m
[1m^[22m[39m
[31m[1m>[22m[39m[90m 12 |[39m     
[33mCheck[39m[33m,[39m 
[33mAlertTriangle[39m
 [90m    |[39m [31m[1m^[22m[39m[31m
[1m^[22m[39m[31m[1m^[22m[39m[31m[1m
^[22m[39m[31m[1m^[22m[39m[31m[1m^[
22m[39m[31m[1m^[22m[39m[31m[1m^[22m
[39m[31m[1m^[22m[39m[31m[1m^[22m[3
9m[31m[1m^[22m[39m[31m[1m^[22m[39m
[31m[1m^[22m[39m[31m[1m^[22m[39m[31
m[1m^[22m[39m[31m[1m^[22m[39m[31m[
1m^[22m[39m[31m[1m^[22m[39m[31m[1m^
[22m[39m[31m[1m^[22m[39m[31m[1m^[2
2m[39m[31m[1m^[22m[39m[31m[1m^[22m
[39m[31m[1m^[22m[39m[31m[1m^[22m[39
m[31m[1m^[22m[39m[31m[1m^[22m[39m[
31m[1m^[22m[39m[31m[1m^[22m[39m[31m
[1m^[22m[39m[31m[1m^[22m[39m[31m[1
m^[22m[39m[31m[1m^[22m[39m[31m[1m^
[22m[39m[31m[1m^[22m[39m[31m[1m^[22
m[39m[31m[1m^[22m[39m[31m[1m^[22m[
39m[31m[1m^[22m[39m[31m[1m^[22m[39m
[31m[1m^[22m[39m[31m[1m^[22m[39m[3
1m[1m^[22m[39m[31m[1m^[22m[39m[31m
[1m^[22m[39m
[31m[1m>[22m[39m[90m 13 |[39m } 
[36mfrom[39m 
[32m'lucide-react'[39m[33m;[39m
 [90m    |[39m [31m[1m^[22m[39m[31m
[1m^[22m[39m[31m[1m^[22m[39m[31m[1m
^[22m[39m[31m[1m^[22m[39m[31m[1m^[
22m[39m[31m[1m^[22m[39m[31m[1m^[22m
[39m[31m[1m^[22m[39m[31m[1m^[22m[3
9m[31m[1m^[22m[39m[31m[1m^[22m[39m
[31m[1m^[22m[39m[31m[1m^[22m[39m[31
m[1m^[22m[39m[31m[1m^[22m[39m[31m[
1m^[22m[39m[31m[1m^[22m[39m[31m[1m^
[22m[39m[31m[1m^[22m[39m[31m[1m^[2
2m[39m[31m[1m^[22m[39m[31m[1m^[22m
[39m
 [90m 14 |[39m [36mimport[39m { 
[33mQuoteCreationWizard[39m } 
[36mfrom[39m [32m'./quote-creation-wizar
d'[39m[33m;[39m
 [90m 15 |[39m [36mimport[39m { 
[33mUniversalEntityCard[39m } 
[36mfrom[39m [32m'@/components/shared/un
iversal-entity-card'[39m[33m;[39m
 [90m 16 |[39m [36mimport[39m { 
[33mPolicyCard[39m } [36mfrom[39m [32m
'@/components/shared/policy-card'[39m[33m
;[39m[0m



Import traces:
  Client Component Browser:
    ./frontend/components/portal/insurance-
details-tab.tsx [Client Component Browser]
    ./frontend/app/dashboard/clients/[id]/p
age.tsx [Client Component Browser]
    ./frontend/app/dashboard/clients/[id]/p
age.tsx [Server Component]

  Client Component SSR:
    ./frontend/components/portal/insurance-
details-tab.tsx [Client Component SSR]
    ./frontend/app/dashboard/clients/[id]/p
age.tsx [Client Component SSR]
    ./frontend/app/dashboard/clients/[id]/p
age.tsx [Server Component]

https://nextjs.org/docs/messages/module-not
-found


./frontend/components/portal/portal-claim-d
ialog.tsx:30:1
Module not found: Can't resolve 
'lucide-react'
[0m [90m 28 |[39m [36mimport[39m { 
[33mTextarea[39m } [36mfrom[39m [32m"@
/components/ui/textarea"[39m[33m;[39m
 [90m 29 |[39m [36mimport[39m { 
useToast } [36mfrom[39m [32m"@/component
s/ui/use-toast"[39m[33m;[39m
[31m[1m>[22m[39m[90m 30 |[39m 
[36mimport[39m { [33mLoader2[39m } 
[36mfrom[39m 
[32m"lucide-react"[39m[33m;[39m
 [90m    |[39m [31m[1m^[22m[39m[31m
[1m^[22m[39m[31m[1m^[22m[39m[31m[1m
^[22m[39m[31m[1m^[22m[39m[31m[1m^[
22m[39m[31m[1m^[22m[39m[31m[1m^[22m
[39m[31m[1m^[22m[39m[31m[1m^[22m[3
9m[31m[1m^[22m[39m[31m[1m^[22m[39m
[31m[1m^[22m[39m[31m[1m^[22m[39m[31
m[1m^[22m[39m[31m[1m^[22m[39m[31m[
1m^[22m[39m[31m[1m^[22m[39m[31m[1m^
[22m[39m[31m[1m^[22m[39m[31m[1m^[2
2m[39m[31m[1m^[22m[39m[31m[1m^[22m
[39m[31m[1m^[22m[39m[31m[1m^[22m[39
m[31m[1m^[22m[39m[31m[1m^[22m[39m[
31m[1m^[22m[39m[31m[1m^[22m[39m[31m
[1m^[22m[39m[31m[1m^[22m[39m[31m[1
m^[22m[39m[31m[1m^[22m[39m[31m[1m^
[22m[39m[31m[1m^[22m[39m[31m[1m^[22
m[39m[31m[1m^[22m[39m[31m[1m^[22m[
39m[31m[1m^[22m[39m
 [90m 31 |[39m
 [90m 32 |[39m [36mconst[39m 
claimSchema [33m=[39m 
z[33m.[39mobject({
 [90m 33 |[39m     policy_id[33m:[39m z
[33m.[39mstring()[33m.[39mmin([35m1[3
9m[33m,[39m [32m"Policy is 
required"[39m)[33m,[39m[0m



Import traces:
  Client Component Browser:
    ./frontend/components/portal/portal-cla
im-dialog.tsx [Client Component Browser]
    ./frontend/app/portal/page.tsx [Client 
Component Browser]
    ./frontend/app/portal/page.tsx [Server 
Component]

  Client Component SSR:
    ./frontend/components/portal/portal-cla
im-dialog.tsx [Client Component SSR]
    ./frontend/app/portal/page.tsx [Client 
Component SSR]
    ./frontend/app/portal/page.tsx [Server 
Component]

https://nextjs.org/docs/messages/module-not
-found


./frontend/components/portal/portal-excess-
dialog.tsx:11:1
Module not found: Can't resolve 
'lucide-react'
[0m [90m  9 |[39m } [36mfrom[39m [32m
'@/components/ui/dialog'[39m[33m;[39m
 [90m 10 |[39m [36mimport[39m { 
[33mDashboardStats[39m } [36mfrom[39m 
[32m'@/lib/portal-api'[39m[33m;[39m
[31m[1m>[22m[39m[90m 11 |[39m 
[36mimport[39m { [33mX[39m } 
[36mfrom[39m 
[32m'lucide-react'[39m[33m;[39m
 [90m    |[39m [31m[1m^[22m[39m[31m
[1m^[22m[39m[31m[1m^[22m[39m[31m[1m
^[22m[39m[31m[1m^[22m[39m[31m[1m^[
22m[39m[31m[1m^[22m[39m[31m[1m^[22m
[39m[31m[1m^[22m[39m[31m[1m^[22m[3
9m[31m[1m^[22m[39m[31m[1m^[22m[39m
[31m[1m^[22m[39m[31m[1m^[22m[39m[31
m[1m^[22m[39m[31m[1m^[22m[39m[31m[
1m^[22m[39m[31m[1m^[22m[39m[31m[1m^
[22m[39m[31m[1m^[22m[39m[31m[1m^[2
2m[39m[31m[1m^[22m[39m[31m[1m^[22m
[39m[31m[1m^[22m[39m[31m[1m^[22m[39
m[31m[1m^[22m[39m[31m[1m^[22m[39m[
31m[1m^[22m[39m[31m[1m^[22m[39m[31m
[1m^[22m[39m[31m[1m^[22m[39m[31m[1
m^[22m[39m[31m[1m^[22m[39m
 [90m 12 |[39m [36mimport[39m { 
[33mButton[39m } [36mfrom[39m [32m'@/c
omponents/ui/button'[39m[33m;[39m
 [90m 13 |[39m
 [90m 14 |[39m [36minterface[39m 
[33mPortalExcessDialogProps[39m {[0m



Import traces:
  Client Component Browser:
    ./frontend/components/portal/portal-exc
ess-dialog.tsx [Client Component Browser]
    ./frontend/app/portal/page.tsx [Client 
Component Browser]
    ./frontend/app/portal/page.tsx [Server 
Component]

  Client Component SSR:
    ./frontend/components/portal/portal-exc
ess-dialog.tsx [Client Component SSR]
    ./frontend/app/portal/page.tsx [Client 
Component SSR]
    ./frontend/app/portal/page.tsx [Server 
Component]

https://nextjs.org/docs/messages/module-not
-found


./frontend/components/portal/portal-payment
-dialog.tsx:7:1
Module not found: Can't resolve 
'lucide-react'
[0m [90m  5 |[39m [36mimport[39m { 
zodResolver } [36mfrom[39m [32m"@hookfor
m/resolvers/zod"[39m[33m;[39m
 [90m  6 |[39m [36mimport[39m 
[33m*[39m [36mas[39m z [36mfrom[39m 
[32m"zod"[39m[33m;[39m
[31m[1m>[22m[39m[90m  7 |[39m 
[36mimport[39m { 
[33mSmartphone[39m[33m,[39m 
[33mBuilding2[39m[33m,[39m 
[33mBanknote[39m[33m,[39m 
[33mLoader2[39m[33m,[39m 
[33mCreditCard[39m } [36mfrom[39m 
[32m"lucide-react"[39m[33m;[39m
 [90m    |[39m [31m[1m^[22m[39m[31m
[1m^[22m[39m[31m[1m^[22m[39m[31m[1m
^[22m[39m[31m[1m^[22m[39m[31m[1m^[
22m[39m[31m[1m^[22m[39m[31m[1m^[22m
[39m[31m[1m^[22m[39m[31m[1m^[22m[3
9m[31m[1m^[22m[39m[31m[1m^[22m[39m
[31m[1m^[22m[39m[31m[1m^[22m[39m[31
m[1m^[22m[39m[31m[1m^[22m[39m[31m[
1m^[22m[39m[31m[1m^[22m[39m[31m[1m^
[22m[39m[31m[1m^[22m[39m[31m[1m^[2
2m[39m[31m[1m^[22m[39m[31m[1m^[22m
[39m[31m[1m^[22m[39m[31m[1m^[22m[39
m[31m[1m^[22m[39m[31m[1m^[22m[39m[
31m[1m^[22m[39m[31m[1m^[22m[39m[31m
[1m^[22m[39m[31m[1m^[22m[39m[31m[1
m^[22m[39m[31m[1m^[22m[39m[31m[1m^
[22m[39m[31m[1m^[22m[39m[31m[1m^[22
m[39m[31m[1m^[22m[39m[31m[1m^[22m[
39m[31m[1m^[22m[39m[31m[1m^[22m[39m
[31m[1m^[22m[39m[31m[1m^[22m[39m[3
1m[1m^[22m[39m[31m[1m^[22m[39m[31m
[1m^[22m[39m[31m[1m^[22m[39m[31m[1m
^[22m[39m[31m[1m^[22m[39m[31m[1m^[
22m[39m[31m[1m^[22m[39m[31m[1m^[22m
[39m[31m[1m^[22m[39m[31m[1m^[22m[3
9m[31m[1m^[22m[39m[31m[1m^[22m[39m
[31m[1m^[22m[39m[31m[1m^[22m[39m[31
m[1m^[22m[39m[31m[1m^[22m[39m[31m[
1m^[22m[39m[31m[1m^[22m[39m[31m[1m^
[22m[39m[31m[1m^[22m[39m[31m[1m^[2
2m[39m[31m[1m^[22m[39m[31m[1m^[22m
[39m[31m[1m^[22m[39m[31m[1m^[22m[39
m[31m[1m^[22m[39m[31m[1m^[22m[39m[
31m[1m^[22m[39m[31m[1m^[22m[39m[31m
[1m^[22m[39m[31m[1m^[22m[39m[31m[1
m^[22m[39m[31m[1m^[22m[39m[31m[1m^
[22m[39m[31m[1m^[22m[39m[31m[1m^[22
m[39m[31m[1m^[22m[39m[31m[1m^[22m[
39m[31m[1m^[22m[39m[31m[1m^[22m[39m
[31m[1m^[22m[39m
 [90m  8 |[39m [36mimport[39m { 
portalApi } [36mfrom[39m 
[32m"@/lib/portal-api"[39m[33m;[39m
 [90m  9 |[39m
 [90m 10 |[39m [36mimport[39m { 
[33mButton[39m } [36mfrom[39m [32m"@/c
omponents/ui/button"[39m[33m;[39m[0m



Import traces:
  Client Component Browser:
    ./frontend/components/portal/portal-pay
ment-dialog.tsx [Client Component Browser]
    ./frontend/app/portal/page.tsx [Client 
Component Browser]
    ./frontend/app/portal/page.tsx [Server 
Component]

  Client Component SSR:
    ./frontend/components/portal/portal-pay
ment-dialog.tsx [Client Component SSR]
    ./frontend/app/portal/page.tsx [Client 
Component SSR]
    ./frontend/app/portal/page.tsx [Server 
Component]

https://nextjs.org/docs/messages/module-not
-found


./frontend/components/portal/portal-payment
s-tab.tsx:6:1
Module not found: Can't resolve 
'lucide-react'
[0m [90m  4 |[39m [36mimport[39m { 
portalApi[33m,[39m 
[33mPortalPayment[39m } [36mfrom[39m 
[32m'@/lib/portal-api'[39m[33m;[39m
 [90m  5 |[39m [36mimport[39m { 
formatCurrency } [36mfrom[39m 
[32m'@/lib/utils'[39m[33m;[39m
[31m[1m>[22m[39m[90m  6 |[39m 
[36mimport[39m {
 [90m    |[39m [31m[1m^[22m[39m[31m
[1m^[22m[39m[31m[1m^[22m[39m[31m[1m
^[22m[39m[31m[1m^[22m[39m[31m[1m^[
22m[39m[31m[1m^[22m[39m[31m[1m^[22m
[39m
[31m[1m>[22m[39m[90m  7 |[39m     
[33mCreditCard[39m[33m,[39m
 [90m    |[39m [31m[1m^[22m[39m[31m
[1m^[22m[39m[31m[1m^[22m[39m[31m[1m
^[22m[39m[31m[1m^[22m[39m[31m[1m^[
22m[39m[31m[1m^[22m[39m[31m[1m^[22m
[39m[31m[1m^[22m[39m[31m[1m^[22m[3
9m[31m[1m^[22m[39m[31m[1m^[22m[39m
[31m[1m^[22m[39m[31m[1m^[22m[39m[31
m[1m^[22m[39m
[31m[1m>[22m[39m[90m  8 |[39m     
[33mCalendar[39m[33m,[39m
 [90m    |[39m [31m[1m^[22m[39m[31m
[1m^[22m[39m[31m[1m^[22m[39m[31m[1m
^[22m[39m[31m[1m^[22m[39m[31m[1m^[
22m[39m[31m[1m^[22m[39m[31m[1m^[22m
[39m[31m[1m^[22m[39m[31m[1m^[22m[3
9m[31m[1m^[22m[39m[31m[1m^[22m[39m
[31m[1m^[22m[39m[31m[1m^[22m[39m[31
m[1m^[22m[39m
[31m[1m>[22m[39m[90m  9 |[39m     
[33mCheckCircle[39m[33m,[39m
 [90m    |[39m [31m[1m^[22m[39m[31m
[1m^[22m[39m[31m[1m^[22m[39m[31m[1m
^[22m[39m[31m[1m^[22m[39m[31m[1m^[
22m[39m[31m[1m^[22m[39m[31m[1m^[22m
[39m[31m[1m^[22m[39m[31m[1m^[22m[3
9m[31m[1m^[22m[39m[31m[1m^[22m[39m
[31m[1m^[22m[39m[31m[1m^[22m[39m[31
m[1m^[22m[39m
[31m[1m>[22m[39m[90m 10 |[39m     
[33mXCircle[39m[33m,[39m
 [90m    |[39m [31m[1m^[22m[39m[31m
[1m^[22m[39m[31m[1m^[22m[39m[31m[1m
^[22m[39m[31m[1m^[22m[39m[31m[1m^[
22m[39m[31m[1m^[22m[39m[31m[1m^[22m
[39m[31m[1m^[22m[39m[31m[1m^[22m[3
9m[31m[1m^[22m[39m[31m[1m^[22m[39m
[31m[1m^[22m[39m[31m[1m^[22m[39m[31
m[1m^[22m[39m
[31m[1m>[22m[39m[90m 11 |[39m     
[33mClock[39m[33m,[39m
 [90m    |[39m [31m[1m^[22m[39m[31m
[1m^[22m[39m[31m[1m^[22m[39m[31m[1m
^[22m[39m[31m[1m^[22m[39m[31m[1m^[
22m[39m[31m[1m^[22m[39m[31m[1m^[22m
[39m[31m[1m^[22m[39m[31m[1m^[22m[3
9m[31m[1m^[22m[39m[31m[1m^[22m[39m
[31m[1m^[22m[39m[31m[1m^[22m[39m[31
m[1m^[22m[39m
[31m[1m>[22m[39m[90m 12 |[39m     
[33mChevronRight[39m[33m,[39m
 [90m    |[39m [31m[1m^[22m[39m[31m
[1m^[22m[39m[31m[1m^[22m[39m[31m[1m
^[22m[39m[31m[1m^[22m[39m[31m[1m^[
22m[39m[31m[1m^[22m[39m[31m[1m^[22m
[39m[31m[1m^[22m[39m[31m[1m^[22m[3
9m[31m[1m^[22m[39m[31m[1m^[22m[39m
[31m[1m^[22m[39m[31m[1m^[22m[39m[31
m[1m^[22m[39m
[31m[1m>[22m[39m[90m 13 |[39m     
[33mSmartphone[39m[33m,[39m
 [90m    |[39m [31m[1m^[22m[39m[31m
[1m^[22m[39m[31m[1m^[22m[39m[31m[1m
^[22m[39m[31m[1m^[22m[39m[31m[1m^[
22m[39m[31m[1m^[22m[39m[31m[1m^[22m
[39m[31m[1m^[22m[39m[31m[1m^[22m[3
9m[31m[1m^[22m[39m[31m[1m^[22m[39m
[31m[1m^[22m[39m[31m[1m^[22m[39m[31
m[1m^[22m[39m
[31m[1m>[22m[39m[90m 14 |[39m     
[33mBuilding2[39m[33m,[39m
 [90m    |[39m [31m[1m^[22m[39m[31m
[1m^[22m[39m[31m[1m^[22m[39m[31m[1m
^[22m[39m[31m[1m^[22m[39m[31m[1m^[
22m[39m[31m[1m^[22m[39m[31m[1m^[22m
[39m[31m[1m^[22m[39m[31m[1m^[22m[3
9m[31m[1m^[22m[39m[31m[1m^[22m[39m
[31m[1m^[22m[39m[31m[1m^[22m[39m[31
m[1m^[22m[39m
[31m[1m>[22m[39m[90m 15 |[39m     
[33mBanknote[39m[33m,[39m
 [90m    |[39m [31m[1m^[22m[39m[31m
[1m^[22m[39m[31m[1m^[22m[39m[31m[1m
^[22m[39m[31m[1m^[22m[39m[31m[1m^[
22m[39m[31m[1m^[22m[39m[31m[1m^[22m
[39m[31m[1m^[22m[39m[31m[1m^[22m[3
9m[31m[1m^[22m[39m[31m[1m^[22m[39m
[31m[1m^[22m[39m[31m[1m^[22m[39m[31
m[1m^[22m[39m
[31m[1m>[22m[39m[90m 16 |[39m     
[33mPlusCircle[39m
 [90m    |[39m [31m[1m^[22m[39m[31m
[1m^[22m[39m[31m[1m^[22m[39m[31m[1m
^[22m[39m[31m[1m^[22m[39m[31m[1m^[
22m[39m[31m[1m^[22m[39m[31m[1m^[22m
[39m[31m[1m^[22m[39m[31m[1m^[22m[3
9m[31m[1m^[22m[39m[31m[1m^[22m[39m
[31m[1m^[22m[39m[31m[1m^[22m[39m[31
m[1m^[22m[39m
[31m[1m>[22m[39m[90m 17 |[39m } 
[36mfrom[39m 
[32m'lucide-react'[39m[33m;[39m
 [90m    |[39m [31m[1m^[22m[39m[31m
[1m^[22m[39m[31m[1m^[22m[39m[31m[1m
^[22m[39m[31m[1m^[22m[39m[31m[1m^[
22m[39m[31m[1m^[22m[39m[31m[1m^[22m
[39m[31m[1m^[22m[39m[31m[1m^[22m[3
9m[31m[1m^[22m[39m[31m[1m^[22m[39m
[31m[1m^[22m[39m[31m[1m^[22m[39m[31
m[1m^[22m[39m[31m[1m^[22m[39m[31m[
1m^[22m[39m[31m[1m^[22m[39m[31m[1m^
[22m[39m[31m[1m^[22m[39m[31m[1m^[2
2m[39m[31m[1m^[22m[39m[31m[1m^[22m
[39m
 [90m 18 |[39m [36mimport[39m { 
[33mButton[39m } [36mfrom[39m [32m'@/c
omponents/ui/button'[39m[33m;[39m
 [90m 19 |[39m [36mimport[39m { 
[33mCard[39m[33m,[39m 
[33mCardContent[39m } [36mfrom[39m 
[32m'@/components/ui/card'[39m[33m;[39m
 [90m 20 |[39m [36mimport[39m { 
[33mLoader2[39m } [36mfrom[39m 
[32m'lucide-react'[39m[33m;[39m[0m



Import traces:
  Client Component Browser:
    ./frontend/components/portal/portal-pay
ments-tab.tsx [Client Component Browser]
    ./frontend/app/portal/page.tsx [Client 
Component Browser]
    ./frontend/app/portal/page.tsx [Server 
Component]

  Client Component SSR:
    ./frontend/components/portal/portal-pay
ments-tab.tsx [Client Component SSR]
    ./frontend/app/portal/page.tsx [Client 
Component SSR]
    ./frontend/app/portal/page.tsx [Server 
Component]

https://nextjs.org/docs/messages/module-not
-found


./frontend/components/portal/portal-payment
s-tab.tsx:20:1
Module not found: Can't resolve 
'lucide-react'
[0m [90m 18 |[39m [36mimport[39m { 
[33mButton[39m } [36mfrom[39m [32m'@/c
omponents/ui/button'[39m[33m;[39m
 [90m 19 |[39m [36mimport[39m { 
[33mCard[39m[33m,[39m 
[33mCardContent[39m } [36mfrom[39m 
[32m'@/components/ui/card'[39m[33m;[39m
[31m[1m>[22m[39m[90m 20 |[39m 
[36mimport[39m { [33mLoader2[39m } 
[36mfrom[39m 
[32m'lucide-react'[39m[33m;[39m
 [90m    |[39m [31m[1m^[22m[39m[31m
[1m^[22m[39m[31m[1m^[22m[39m[31m[1m
^[22m[39m[31m[1m^[22m[39m[31m[1m^[
22m[39m[31m[1m^[22m[39m[31m[1m^[22m
[39m[31m[1m^[22m[39m[31m[1m^[22m[3
9m[31m[1m^[22m[39m[31m[1m^[22m[39m
[31m[1m^[22m[39m[31m[1m^[22m[39m[31
m[1m^[22m[39m[31m[1m^[22m[39m[31m[
1m^[22m[39m[31m[1m^[22m[39m[31m[1m^
[22m[39m[31m[1m^[22m[39m[31m[1m^[2
2m[39m[31m[1m^[22m[39m[31m[1m^[22m
[39m[31m[1m^[22m[39m[31m[1m^[22m[39
m[31m[1m^[22m[39m[31m[1m^[22m[39m[
31m[1m^[22m[39m[31m[1m^[22m[39m[31m
[1m^[22m[39m[31m[1m^[22m[39m[31m[1
m^[22m[39m[31m[1m^[22m[39m[31m[1m^
[22m[39m[31m[1m^[22m[39m[31m[1m^[22
m[39m[31m[1m^[22m[39m[31m[1m^[22m[
39m[31m[1m^[22m[39m
 [90m 21 |[39m
 [90m 22 |[39m [36minterface[39m 
[33mPortalPaymentsTabProps[39m {
 [90m 23 |[39m     
onMakePayment[33m:[39m () [33m=>[39m 
[36mvoid[39m[33m;[39m[0m



Import traces:
  Client Component Browser:
    ./frontend/components/portal/portal-pay
ments-tab.tsx [Client Component Browser]
    ./frontend/app/portal/page.tsx [Client 
Component Browser]
    ./frontend/app/portal/page.tsx [Server 
Component]

  Client Component SSR:
    ./frontend/components/portal/portal-pay
ments-tab.tsx [Client Component SSR]
    ./frontend/app/portal/page.tsx [Client 
Component SSR]
    ./frontend/app/portal/page.tsx [Server 
Component]

https://nextjs.org/docs/messages/module-not
-found


./frontend/components/portal/portal-quote-w
izard.tsx:22:1
Module not found: Can't resolve 
'lucide-react'
[0m [90m 20 |[39m [36mimport[39m { 
[33mSelect[39m[33m,[39m 
[33mSelectContent[39m[33m,[39m 
[33mSelectItem[39m[33m,[39m 
[33mSelectTrigger[39m[33m,[39m 
[33mSelectValue[39m } [36mfrom[39m [32
m"@/components/ui/select"[39m[33m;[39m
 [90m 21 |[39m [36mimport[39m { 
useToast } [36mfrom[39m [32m"@/component
s/ui/use-toast"[39m[33m;[39m
[31m[1m>[22m[39m[90m 22 |[39m 
[36mimport[39m {
 [90m    |[39m [31m[1m^[22m[39m[31m
[1m^[22m[39m[31m[1m^[22m[39m[31m[1m
^[22m[39m[31m[1m^[22m[39m[31m[1m^[
22m[39m[31m[1m^[22m[39m[31m[1m^[22m
[39m
[31m[1m>[22m[39m[90m 23 |[39m     
[33mLoader2[39m[33m,[39m 
[33mArrowRight[39m[33m,[39m 
[33mArrowLeft[39m[33m,[39m 
[33mCalculator[39m[33m,[39m 
[33mShieldCheck[39m[33m,[39m
 [90m    |[39m [31m[1m^[22m[39m[31m
[1m^[22m[39m[31m[1m^[22m[39m[31m[1m
^[22m[39m[31m[1m^[22m[39m[31m[1m^[
22m[39m[31m[1m^[22m[39m[31m[1m^[22m
[39m[31m[1m^[22m[39m[31m[1m^[22m[3
9m[31m[1m^[22m[39m[31m[1m^[22m[39m
[31m[1m^[22m[39m[31m[1m^[22m[39m[31
m[1m^[22m[39m[31m[1m^[22m[39m[31m[
1m^[22m[39m[31m[1m^[22m[39m[31m[1m^
[22m[39m[31m[1m^[22m[39m[31m[1m^[2
2m[39m[31m[1m^[22m[39m[31m[1m^[22m
[39m[31m[1m^[22m[39m[31m[1m^[22m[39
m[31m[1m^[22m[39m[31m[1m^[22m[39m[
31m[1m^[22m[39m[31m[1m^[22m[39m[31m
[1m^[22m[39m[31m[1m^[22m[39m[31m[1
m^[22m[39m[31m[1m^[22m[39m[31m[1m^
[22m[39m[31m[1m^[22m[39m[31m[1m^[22
m[39m[31m[1m^[22m[39m[31m[1m^[22m[
39m[31m[1m^[22m[39m[31m[1m^[22m[39m
[31m[1m^[22m[39m[31m[1m^[22m[39m[3
1m[1m^[22m[39m[31m[1m^[22m[39m[31m
[1m^[22m[39m[31m[1m^[22m[39m[31m[1m
^[22m[39m[31m[1m^[22m[39m[31m[1m^[
22m[39m[31m[1m^[22m[39m[31m[1m^[22m
[39m[31m[1m^[22m[39m[31m[1m^[22m[3
9m[31m[1m^[22m[39m[31m[1m^[22m[39m
[31m[1m^[22m[39m[31m[1m^[22m[39m[31
m[1m^[22m[39m[31m[1m^[22m[39m[31m[
1m^[22m[39m
[31m[1m>[22m[39m[90m 24 |[39m     
[33mCar[39m[33m,[39m 
[33mGlassWater[39m[33m,[39m 
[33mGlobe[39m[33m,[39m 
[33mUserCheck[39m[33m,[39m 
[33mMonitor[39m[33m,[39m 
[33mKey[39m[33m,[39m
 [90m    |[39m [31m[1m^[22m[39m[31m
[1m^[22m[39m[31m[1m^[22m[39m[31m[1m
^[22m[39m[31m[1m^[22m[39m[31m[1m^[
22m[39m[31m[1m^[22m[39m[31m[1m^[22m
[39m[31m[1m^[22m[39m[31m[1m^[22m[3
9m[31m[1m^[22m[39m[31m[1m^[22m[39m
[31m[1m^[22m[39m[31m[1m^[22m[39m[31
m[1m^[22m[39m[31m[1m^[22m[39m[31m[
1m^[22m[39m[31m[1m^[22m[39m[31m[1m^
[22m[39m[31m[1m^[22m[39m[31m[1m^[2
2m[39m[31m[1m^[22m[39m[31m[1m^[22m
[39m[31m[1m^[22m[39m[31m[1m^[22m[39
m[31m[1m^[22m[39m[31m[1m^[22m[39m[
31m[1m^[22m[39m[31m[1m^[22m[39m[31m
[1m^[22m[39m[31m[1m^[22m[39m[31m[1
m^[22m[39m[31m[1m^[22m[39m[31m[1m^
[22m[39m[31m[1m^[22m[39m[31m[1m^[22
m[39m[31m[1m^[22m[39m[31m[1m^[22m[
39m[31m[1m^[22m[39m[31m[1m^[22m[39m
[31m[1m^[22m[39m[31m[1m^[22m[39m[3
1m[1m^[22m[39m[31m[1m^[22m[39m[31m
[1m^[22m[39m[31m[1m^[22m[39m[31m[1m
^[22m[39m[31m[1m^[22m[39m[31m[1m^[
22m[39m[31m[1m^[22m[39m[31m[1m^[22m
[39m[31m[1m^[22m[39m[31m[1m^[22m[3
9m[31m[1m^[22m[39m[31m[1m^[22m[39m
[31m[1m^[22m[39m[31m[1m^[22m[39m[31
m[1m^[22m[39m[31m[1m^[22m[39m[31m[
1m^[22m[39m
[31m[1m>[22m[39m[90m 25 |[39m     
[33mHeartPulse[39m[33m,[39m 
[33mBriefcase[39m[33m,[39m 
[33mBaby[39m[33m,[39m 
[33mLock[39m[33m,[39m 
[33mSparkles[39m[33m,[39m 
[33mFuel[39m[33m,[39m
 [90m    |[39m [31m[1m^[22m[39m[31m
[1m^[22m[39m[31m[1m^[22m[39m[31m[1m
^[22m[39m[31m[1m^[22m[39m[31m[1m^[
22m[39m[31m[1m^[22m[39m[31m[1m^[22m
[39m[31m[1m^[22m[39m[31m[1m^[22m[3
9m[31m[1m^[22m[39m[31m[1m^[22m[39m
[31m[1m^[22m[39m[31m[1m^[22m[39m[31
m[1m^[22m[39m[31m[1m^[22m[39m[31m[
1m^[22m[39m[31m[1m^[22m[39m[31m[1m^
[22m[39m[31m[1m^[22m[39m[31m[1m^[2
2m[39m[31m[1m^[22m[39m[31m[1m^[22m
[39m[31m[1m^[22m[39m[31m[1m^[22m[39
m[31m[1m^[22m[39m[31m[1m^[22m[39m[
31m[1m^[22m[39m[31m[1m^[22m[39m[31m
[1m^[22m[39m[31m[1m^[22m[39m[31m[1
m^[22m[39m[31m[1m^[22m[39m[31m[1m^
[22m[39m[31m[1m^[22m[39m[31m[1m^[22
m[39m[31m[1m^[22m[39m[31m[1m^[22m[
39m[31m[1m^[22m[39m[31m[1m^[22m[39m
[31m[1m^[22m[39m[31m[1m^[22m[39m[3
1m[1m^[22m[39m[31m[1m^[22m[39m[31m
[1m^[22m[39m[31m[1m^[22m[39m[31m[1m
^[22m[39m[31m[1m^[22m[39m[31m[1m^[
22m[39m[31m[1m^[22m[39m[31m[1m^[22m
[39m[31m[1m^[22m[39m[31m[1m^[22m[3
9m[31m[1m^[22m[39m[31m[1m^[22m[39m
[31m[1m^[22m[39m[31m[1m^[22m[39m[31
m[1m^[22m[39m[31m[1m^[22m[39m[31m[
1m^[22m[39m
[31m[1m>[22m[39m[90m 26 |[39m     
[33mPlane[39m[33m,[39m 
[33mAlertTriangle[39m[33m,[39m 
[33mHotel[39m[33m,[39m 
[33mScale[39m[33m,[39m 
[33mWrench[39m[33m,[39m 
[33mKeyRound[39m[33m,[39m
 [90m    |[39m [31m[1m^[22m[39m[31m
[1m^[22m[39m[31m[1m^[22m[39m[31m[1m
^[22m[39m[31m[1m^[22m[39m[31m[1m^[
22m[39m[31m[1m^[22m[39m[31m[1m^[22m
[39m[31m[1m^[22m[39m[31m[1m^[22m[3
9m[31m[1m^[22m[39m[31m[1m^[22m[39m
[31m[1m^[22m[39m[31m[1m^[22m[39m[31
m[1m^[22m[39m[31m[1m^[22m[39m[31m[
1m^[22m[39m[31m[1m^[22m[39m[31m[1m^
[22m[39m[31m[1m^[22m[39m[31m[1m^[2
2m[39m[31m[1m^[22m[39m[31m[1m^[22m
[39m[31m[1m^[22m[39m[31m[1m^[22m[39
m[31m[1m^[22m[39m[31m[1m^[22m[39m[
31m[1m^[22m[39m[31m[1m^[22m[39m[31m
[1m^[22m[39m[31m[1m^[22m[39m[31m[1
m^[22m[39m[31m[1m^[22m[39m[31m[1m^
[22m[39m[31m[1m^[22m[39m[31m[1m^[22
m[39m[31m[1m^[22m[39m[31m[1m^[22m[
39m[31m[1m^[22m[39m[31m[1m^[22m[39m
[31m[1m^[22m[39m[31m[1m^[22m[39m[3
1m[1m^[22m[39m[31m[1m^[22m[39m[31m
[1m^[22m[39m[31m[1m^[22m[39m[31m[1m
^[22m[39m[31m[1m^[22m[39m[31m[1m^[
22m[39m[31m[1m^[22m[39m[31m[1m^[22m
[39m[31m[1m^[22m[39m[31m[1m^[22m[3
9m[31m[1m^[22m[39m[31m[1m^[22m[39m
[31m[1m^[22m[39m[31m[1m^[22m[39m[31
m[1m^[22m[39m[31m[1m^[22m[39m[31m[
1m^[22m[39m
[31m[1m>[22m[39m[90m 27 |[39m     
[33mDroplets[39m[33m,[39m 
[33mPlus[39m[33m,[39m 
[33mMinus[39m[33m,[39m 
[33mChevronDown[39m[33m,[39m 
[33mChevronUp[39m[33m,[39m 
[33mCheck[39m
 [90m    |[39m [31m[1m^[22m[39m[31m
[1m^[22m[39m[31m[1m^[22m[39m[31m[1m
^[22m[39m[31m[1m^[22m[39m[31m[1m^[
22m[39m[31m[1m^[22m[39m[31m[1m^[22m
[39m[31m[1m^[22m[39m[31m[1m^[22m[3
9m[31m[1m^[22m[39m[31m[1m^[22m[39m
[31m[1m^[22m[39m[31m[1m^[22m[39m[31
m[1m^[22m[39m[31m[1m^[22m[39m[31m[
1m^[22m[39m[31m[1m^[22m[39m[31m[1m^
[22m[39m[31m[1m^[22m[39m[31m[1m^[2
2m[39m[31m[1m^[22m[39m[31m[1m^[22m
[39m[31m[1m^[22m[39m[31m[1m^[22m[39
m[31m[1m^[22m[39m[31m[1m^[22m[39m[
31m[1m^[22m[39m[31m[1m^[22m[39m[31m
[1m^[22m[39m[31m[1m^[22m[39m[31m[1
m^[22m[39m[31m[1m^[22m[39m[31m[1m^
[22m[39m[31m[1m^[22m[39m[31m[1m^[22
m[39m[31m[1m^[22m[39m[31m[1m^[22m[
39m[31m[1m^[22m[39m[31m[1m^[22m[39m
[31m[1m^[22m[39m[31m[1m^[22m[39m[3
1m[1m^[22m[39m[31m[1m^[22m[39m[31m
[1m^[22m[39m[31m[1m^[22m[39m[31m[1m
^[22m[39m[31m[1m^[22m[39m[31m[1m^[
22m[39m[31m[1m^[22m[39m[31m[1m^[22m
[39m[31m[1m^[22m[39m[31m[1m^[22m[3
9m[31m[1m^[22m[39m[31m[1m^[22m[39m
[31m[1m^[22m[39m[31m[1m^[22m[39m[31
m[1m^[22m[39m[31m[1m^[22m[39m[31m[
1m^[22m[39m
[31m[1m>[22m[39m[90m 28 |[39m } 
[36mfrom[39m 
[32m"lucide-react"[39m[33m;[39m
 [90m    |[39m [31m[1m^[22m[39m[31m
[1m^[22m[39m[31m[1m^[22m[39m[31m[1m
^[22m[39m[31m[1m^[22m[39m[31m[1m^[
22m[39m[31m[1m^[22m[39m[31m[1m^[22m
[39m[31m[1m^[22m[39m[31m[1m^[22m[3
9m[31m[1m^[22m[39m[31m[1m^[22m[39m
[31m[1m^[22m[39m[31m[1m^[22m[39m[31
m[1m^[22m[39m[31m[1m^[22m[39m[31m[
1m^[22m[39m[31m[1m^[22m[39m[31m[1m^
[22m[39m[31m[1m^[22m[39m[31m[1m^[2
2m[39m[31m[1m^[22m[39m[31m[1m^[22m
[39m
 [90m 29 |[39m [36mimport[39m { 
formatCurrency } [36mfrom[39m 
[32m"@/lib/utils"[39m[33m;[39m
 [90m 30 |[39m [36mimport[39m { 
[33mRiskFactorForm[39m } [36mfrom[39m 
[32m"../quotes/risk-factor-form"[39m[33m;
[39m
 [90m 31 |[39m [36mimport[39m {[0m



Import traces:
  Client Component Browser:
    ./frontend/components/portal/portal-quo
te-wizard.tsx [Client Component Browser]
    ./frontend/app/portal/page.tsx [Client 
Component Browser]
    ./frontend/app/portal/page.tsx [Server 
Component]

  Client Component SSR:
    ./frontend/components/portal/portal-quo
te-wizard.tsx [Client Component SSR]
    ./frontend/app/portal/page.tsx [Client 
Component SSR]
    ./frontend/app/portal/page.tsx [Server 
Component]

https://nextjs.org/docs/messages/module-not
-found


./frontend/components/portal/portal-setting
s-tab.tsx:15:1
Module not found: Can't resolve 
'lucide-react'
[0m [90m 13 |[39m [36mimport[39m { 
[33mSwitch[39m } [36mfrom[39m [32m'@/c
omponents/ui/switch'[39m[33m;[39m
 [90m 14 |[39m [36mimport[39m { 
[33mCard[39m[33m,[39m 
[33mCardContent[39m[33m,[39m 
[33mCardDescription[39m[33m,[39m 
[33mCardHeader[39m[33m,[39m 
[33mCardTitle[39m[33m,[39m 
[33mCardFooter[39m } [36mfrom[39m 
[32m'@/components/ui/card'[39m[33m;[39m
[31m[1m>[22m[39m[90m 15 |[39m 
[36mimport[39m { 
[33mLoader2[39m[33m,[39m 
[33mUser[39m[33m,[39m 
[33mPhone[39m[33m,[39m 
[33mMapPin[39m[33m,[39m 
[33mLock[39m[33m,[39m 
[33mShieldAlert[39m[33m,[39m 
[33mTrash2[39m[33m,[39m 
[33mKeyRound[39m } [36mfrom[39m 
[32m'lucide-react'[39m[33m;[39m
 [90m    |[39m [31m[1m^[22m[39m[31m
[1m^[22m[39m[31m[1m^[22m[39m[31m[1m
^[22m[39m[31m[1m^[22m[39m[31m[1m^[
22m[39m[31m[1m^[22m[39m[31m[1m^[22m
[39m[31m[1m^[22m[39m[31m[1m^[22m[3
9m[31m[1m^[22m[39m[31m[1m^[22m[39m
[31m[1m^[22m[39m[31m[1m^[22m[39m[31
m[1m^[22m[39m[31m[1m^[22m[39m[31m[
1m^[22m[39m[31m[1m^[22m[39m[31m[1m^
[22m[39m[31m[1m^[22m[39m[31m[1m^[2
2m[39m[31m[1m^[22m[39m[31m[1m^[22m
[39m[31m[1m^[22m[39m[31m[1m^[22m[39
m[31m[1m^[22m[39m[31m[1m^[22m[39m[
31m[1m^[22m[39m[31m[1m^[22m[39m[31m
[1m^[22m[39m[31m[1m^[22m[39m[31m[1
m^[22m[39m[31m[1m^[22m[39m[31m[1m^
[22m[39m[31m[1m^[22m[39m[31m[1m^[22
m[39m[31m[1m^[22m[39m[31m[1m^[22m[
39m[31m[1m^[22m[39m[31m[1m^[22m[39m
[31m[1m^[22m[39m[31m[1m^[22m[39m[3
1m[1m^[22m[39m[31m[1m^[22m[39m[31m
[1m^[22m[39m[31m[1m^[22m[39m[31m[1m
^[22m[39m[31m[1m^[22m[39m[31m[1m^[
22m[39m[31m[1m^[22m[39m[31m[1m^[22m
[39m[31m[1m^[22m[39m[31m[1m^[22m[3
9m[31m[1m^[22m[39m[31m[1m^[22m[39m
[31m[1m^[22m[39m[31m[1m^[22m[39m[31
m[1m^[22m[39m[31m[1m^[22m[39m[31m[
1m^[22m[39m[31m[1m^[22m[39m[31m[1m^
[22m[39m[31m[1m^[22m[39m[31m[1m^[2
2m[39m[31m[1m^[22m[39m[31m[1m^[22m
[39m[31m[1m^[22m[39m[31m[1m^[22m[39
m[31m[1m^[22m[39m[31m[1m^[22m[39m[
31m[1m^[22m[39m[31m[1m^[22m[39m[31m
[1m^[22m[39m[31m[1m^[22m[39m[31m[1
m^[22m[39m[31m[1m^[22m[39m[31m[1m^
[22m[39m[31m[1m^[22m[39m[31m[1m^[22
m[39m[31m[1m^[22m[39m[31m[1m^[22m[
39m[31m[1m^[22m[39m[31m[1m^[22m[39m
[31m[1m^[22m[39m[31m[1m^[22m[39m[3
1m[1m^[22m[39m[31m[1m^[22m[39m[31m
[1m^[22m[39m[31m[1m^[22m[39m[31m[1m
^[22m[39m[31m[1m^[22m[39m[31m[1m^[
22m[39m[31m[1m^[22m[39m[31m[1m^[22m
[39m[31m[1m^[22m[39m[31m[1m^[22m[3
9m[31m[1m^[22m[39m
 [90m 16 |[39m [36mimport[39m {
 [90m 17 |[39m     
[33mAlertDialog[39m[33m,[39m
 [90m 18 |[39m     
[33mAlertDialogAction[39m[33m,[39m[0m



Import traces:
  Client Component Browser:
    ./frontend/components/portal/portal-set
tings-tab.tsx [Client Component Browser]
    ./frontend/app/portal/page.tsx [Client 
Component Browser]
    ./frontend/app/portal/page.tsx [Server 
Component]

  Client Component SSR:
    ./frontend/components/portal/portal-set
tings-tab.tsx [Client Component SSR]
    ./frontend/app/portal/page.tsx [Client 
Component SSR]
    ./frontend/app/portal/page.tsx [Server 
Component]

https://nextjs.org/docs/messages/module-not
-found


./frontend/components/portal/portal-share-m
odal.tsx:15:1
Module not found: Can't resolve 
'lucide-react'
[0m [90m 13 |[39m [36mimport[39m { 
[33mSharingSettings[39m[33m,[39m 
[33mSharingConfig[39m } [36mfrom[39m [
32m'@/components/collaboration/sharing-sett
ings'[39m[33m;[39m
 [90m 14 |[39m [36mimport[39m { 
[33mRecipientSelector[39m } 
[36mfrom[39m [32m'@/components/collabora
tion/recipient-selector'[39m[33m;[39m
[31m[1m>[22m[39m[90m 15 |[39m 
[36mimport[39m { 
[33mShare2[39m[33m,[39m 
[33mGlobe[39m[33m,[39m [33mLock[39m 
} [36mfrom[39m 
[32m'lucide-react'[39m[33m;[39m
 [90m    |[39m [31m[1m^[22m[39m[31m
[1m^[22m[39m[31m[1m^[22m[39m[31m[1m
^[22m[39m[31m[1m^[22m[39m[31m[1m^[
22m[39m[31m[1m^[22m[39m[31m[1m^[22m
[39m[31m[1m^[22m[39m[31m[1m^[22m[3
9m[31m[1m^[22m[39m[31m[1m^[22m[39m
[31m[1m^[22m[39m[31m[1m^[22m[39m[31
m[1m^[22m[39m[31m[1m^[22m[39m[31m[
1m^[22m[39m[31m[1m^[22m[39m[31m[1m^
[22m[39m[31m[1m^[22m[39m[31m[1m^[2
2m[39m[31m[1m^[22m[39m[31m[1m^[22m
[39m[31m[1m^[22m[39m[31m[1m^[22m[39
m[31m[1m^[22m[39m[31m[1m^[22m[39m[
31m[1m^[22m[39m[31m[1m^[22m[39m[31m
[1m^[22m[39m[31m[1m^[22m[39m[31m[1
m^[22m[39m[31m[1m^[22m[39m[31m[1m^
[22m[39m[31m[1m^[22m[39m[31m[1m^[22
m[39m[31m[1m^[22m[39m[31m[1m^[22m[
39m[31m[1m^[22m[39m[31m[1m^[22m[39m
[31m[1m^[22m[39m[31m[1m^[22m[39m[3
1m[1m^[22m[39m[31m[1m^[22m[39m[31m
[1m^[22m[39m[31m[1m^[22m[39m[31m[1m
^[22m[39m[31m[1m^[22m[39m[31m[1m^[
22m[39m[31m[1m^[22m[39m[31m[1m^[22m
[39m
 [90m 16 |[39m
 [90m 17 |[39m [36minterface[39m 
[33mPortalShareModalProps[39m {
 [90m 18 |[39m     open[33m:[39m 
boolean[33m;[39m[0m



Import traces:
  Client Component Browser:
    ./frontend/components/portal/portal-sha
re-modal.tsx [Client Component Browser]
    ./frontend/app/portal/page.tsx [Client 
Component Browser]
    ./frontend/app/portal/page.tsx [Server 
Component]

  Client Component SSR:
    ./frontend/components/portal/portal-sha
re-modal.tsx [Client Component SSR]
    ./frontend/app/portal/page.tsx [Client 
Component SSR]
    ./frontend/app/portal/page.tsx [Server 
Component]

https://nextjs.org/docs/messages/module-not
-found


./frontend/components/portal/quote-creation
-wizard.tsx:9:1
Module not found: Can't resolve 
'lucide-react'
[0m [90m  7 |[39m [36mimport[39m { 
[33mInput[39m } [36mfrom[39m [32m'@/co
mponents/ui/input'[39m[33m;[39m
 [90m  8 |[39m [36mimport[39m { 
[33mLabel[39m } [36mfrom[39m [32m'@/co
mponents/ui/label'[39m[33m;[39m
[31m[1m>[22m[39m[90m  9 |[39m 
[36mimport[39m {
 [90m    |[39m [31m[1m^[22m[39m[31m
[1m^[22m[39m[31m[1m^[22m[39m[31m[1m
^[22m[39m[31m[1m^[22m[39m[31m[1m^[
22m[39m[31m[1m^[22m[39m[31m[1m^[22m
[39m
[31m[1m>[22m[39m[90m 10 |[39m     
[33mLayoutGrid[39m[33m,[39m 
[33mList[39m[33m,[39m 
[33mPlus[39m[33m,[39m 
[33mUser[39m[33m,[39m 
[33mCar[39m[33m,[39m 
[33mPhone[39m[33m,[39m 
[33mMapPin[39m[33m,[39m
 [90m    |[39m [31m[1m^[22m[39m[31m
[1m^[22m[39m[31m[1m^[22m[39m[31m[1m
^[22m[39m[31m[1m^[22m[39m[31m[1m^[
22m[39m[31m[1m^[22m[39m[31m[1m^[22m
[39m[31m[1m^[22m[39m[31m[1m^[22m[3
9m[31m[1m^[22m[39m[31m[1m^[22m[39m
[31m[1m^[22m[39m[31m[1m^[22m[39m[31
m[1m^[22m[39m[31m[1m^[22m[39m[31m[
1m^[22m[39m[31m[1m^[22m[39m[31m[1m^
[22m[39m[31m[1m^[22m[39m[31m[1m^[2
2m[39m[31m[1m^[22m[39m[31m[1m^[22m
[39m[31m[1m^[22m[39m[31m[1m^[22m[39
m[31m[1m^[22m[39m[31m[1m^[22m[39m[
31m[1m^[22m[39m[31m[1m^[22m[39m[31m
[1m^[22m[39m[31m[1m^[22m[39m[31m[1
m^[22m[39m[31m[1m^[22m[39m[31m[1m^
[22m[39m[31m[1m^[22m[39m[31m[1m^[22
m[39m[31m[1m^[22m[39m[31m[1m^[22m[
39m[31m[1m^[22m[39m[31m[1m^[22m[39m
[31m[1m^[22m[39m[31m[1m^[22m[39m[3
1m[1m^[22m[39m[31m[1m^[22m[39m[31m
[1m^[22m[39m[31m[1m^[22m[39m[31m[1m
^[22m[39m[31m[1m^[22m[39m[31m[1m^[
22m[39m[31m[1m^[22m[39m[31m[1m^[22m
[39m[31m[1m^[22m[39m[31m[1m^[22m[3
9m
[31m[1m>[22m[39m[90m 11 |[39m     
[33mCreditCard[39m[33m,[39m 
[33mCalendar[39m[33m,[39m 
[33mBriefcase[39m[33m,[39m 
[33mUsers[39m[33m,[39m 
[33mBaby[39m[33m,[39m
 [90m    |[39m [31m[1m^[22m[39m[31m
[1m^[22m[39m[31m[1m^[22m[39m[31m[1m
^[22m[39m[31m[1m^[22m[39m[31m[1m^[
22m[39m[31m[1m^[22m[39m[31m[1m^[22m
[39m[31m[1m^[22m[39m[31m[1m^[22m[3
9m[31m[1m^[22m[39m[31m[1m^[22m[39m
[31m[1m^[22m[39m[31m[1m^[22m[39m[31
m[1m^[22m[39m[31m[1m^[22m[39m[31m[
1m^[22m[39m[31m[1m^[22m[39m[31m[1m^
[22m[39m[31m[1m^[22m[39m[31m[1m^[2
2m[39m[31m[1m^[22m[39m[31m[1m^[22m
[39m[31m[1m^[22m[39m[31m[1m^[22m[39
m[31m[1m^[22m[39m[31m[1m^[22m[39m[
31m[1m^[22m[39m[31m[1m^[22m[39m[31m
[1m^[22m[39m[31m[1m^[22m[39m[31m[1
m^[22m[39m[31m[1m^[22m[39m[31m[1m^
[22m[39m[31m[1m^[22m[39m[31m[1m^[22
m[39m[31m[1m^[22m[39m[31m[1m^[22m[
39m[31m[1m^[22m[39m[31m[1m^[22m[39m
[31m[1m^[22m[39m[31m[1m^[22m[39m[3
1m[1m^[22m[39m[31m[1m^[22m[39m[31m
[1m^[22m[39m[31m[1m^[22m[39m[31m[1m
^[22m[39m[31m[1m^[22m[39m[31m[1m^[
22m[39m[31m[1m^[22m[39m[31m[1m^[22m
[39m[31m[1m^[22m[39m[31m[1m^[22m[3
9m
[31m[1m>[22m[39m[90m 12 |[39m     
[33mCheckCircle2[39m[33m,[39m 
[33mXCircle[39m[33m,[39m 
[33mInfo[39m[33m,[39m 
[33mUpload[39m[33m,[39m 
[33mSearch[39m[33m,[39m 
[33mCamera[39m[33m,[39m 
[33mCalculator[39m[33m,[39m
 [90m    |[39m [31m[1m^[22m[39m[31m
[1m^[22m[39m[31m[1m^[22m[39m[31m[1m
^[22m[39m[31m[1m^[22m[39m[31m[1m^[
22m[39m[31m[1m^[22m[39m[31m[1m^[22m
[39m[31m[1m^[22m[39m[31m[1m^[22m[3
9m[31m[1m^[22m[39m[31m[1m^[22m[39m
[31m[1m^[22m[39m[31m[1m^[22m[39m[31
m[1m^[22m[39m[31m[1m^[22m[39m[31m[
1m^[22m[39m[31m[1m^[22m[39m[31m[1m^
[22m[39m[31m[1m^[22m[39m[31m[1m^[2
2m[39m[31m[1m^[22m[39m[31m[1m^[22m
[39m[31m[1m^[22m[39m[31m[1m^[22m[39
m[31m[1m^[22m[39m[31m[1m^[22m[39m[
31m[1m^[22m[39m[31m[1m^[22m[39m[31m
[1m^[22m[39m[31m[1m^[22m[39m[31m[1
m^[22m[39m[31m[1m^[22m[39m[31m[1m^
[22m[39m[31m[1m^[22m[39m[31m[1m^[22
m[39m[31m[1m^[22m[39m[31m[1m^[22m[
39m[31m[1m^[22m[39m[31m[1m^[22m[39m
[31m[1m^[22m[39m[31m[1m^[22m[39m[3
1m[1m^[22m[39m[31m[1m^[22m[39m[31m
[1m^[22m[39m[31m[1m^[22m[39m[31m[1m
^[22m[39m[31m[1m^[22m[39m[31m[1m^[
22m[39m[31m[1m^[22m[39m[31m[1m^[22m
[39m[31m[1m^[22m[39m[31m[1m^[22m[3
9m
[31m[1m>[22m[39m[90m 13 |[39m     
[33mShieldCheck[39m[33m,[39m 
[33mEdit3[39m[33m,[39m 
[33mPlusCircle[39m[33m,[39m 
[33mArrowLeft[39m[33m,[39m 
[33mSave[39m[33m,[39m 
[33mEdit2[39m[33m,[39m 
[33mChevronRight[39m[33m,[39m 
[33mFileText[39m[33m,[39m 
[33mDownload[39m[33m,[39m
 [90m    |[39m [31m[1m^[22m[39m[31m
[1m^[22m[39m[31m[1m^[22m[39m[31m[1m
^[22m[39m[31m[1m^[22m[39m[31m[1m^[
22m[39m[31m[1m^[22m[39m[31m[1m^[22m
[39m[31m[1m^[22m[39m[31m[1m^[22m[3
9m[31m[1m^[22m[39m[31m[1m^[22m[39m
[31m[1m^[22m[39m[31m[1m^[22m[39m[31
m[1m^[22m[39m[31m[1m^[22m[39m[31m[
1m^[22m[39m[31m[1m^[22m[39m[31m[1m^
[22m[39m[31m[1m^[22m[39m[31m[1m^[2
2m[39m[31m[1m^[22m[39m[31m[1m^[22m
[39m[31m[1m^[22m[39m[31m[1m^[22m[39
m[31m[1m^[22m[39m[31m[1m^[22m[39m[
31m[1m^[22m[39m[31m[1m^[22m[39m[31m
[1m^[22m[39m[31m[1m^[22m[39m[31m[1
m^[22m[39m[31m[1m^[22m[39m[31m[1m^
[22m[39m[31m[1m^[22m[39m[31m[1m^[22
m[39m[31m[1m^[22m[39m[31m[1m^[22m[
39m[31m[1m^[22m[39m[31m[1m^[22m[39m
[31m[1m^[22m[39m[31m[1m^[22m[39m[3
1m[1m^[22m[39m[31m[1m^[22m[39m[31m
[1m^[22m[39m[31m[1m^[22m[39m[31m[1m
^[22m[39m[31m[1m^[22m[39m[31m[1m^[
22m[39m[31m[1m^[22m[39m[31m[1m^[22m
[39m[31m[1m^[22m[39m[31m[1m^[22m[3
9m
[31m[1m>[22m[39m[90m 14 |[39m     
[33mClock[39m
 [90m    |[39m [31m[1m^[22m[39m[31m
[1m^[22m[39m[31m[1m^[22m[39m[31m[1m
^[22m[39m[31m[1m^[22m[39m[31m[1m^[
22m[39m[31m[1m^[22m[39m[31m[1m^[22m
[39m[31m[1m^[22m[39m[31m[1m^[22m[3
9m[31m[1m^[22m[39m[31m[1m^[22m[39m
[31m[1m^[22m[39m[31m[1m^[22m[39m[31
m[1m^[22m[39m[31m[1m^[22m[39m[31m[
1m^[22m[39m[31m[1m^[22m[39m[31m[1m^
[22m[39m[31m[1m^[22m[39m[31m[1m^[2
2m[39m[31m[1m^[22m[39m[31m[1m^[22m
[39m[31m[1m^[22m[39m[31m[1m^[22m[39
m[31m[1m^[22m[39m[31m[1m^[22m[39m[
31m[1m^[22m[39m[31m[1m^[22m[39m[31m
[1m^[22m[39m[31m[1m^[22m[39m[31m[1
m^[22m[39m[31m[1m^[22m[39m[31m[1m^
[22m[39m[31m[1m^[22m[39m[31m[1m^[22
m[39m[31m[1m^[22m[39m[31m[1m^[22m[
39m[31m[1m^[22m[39m[31m[1m^[22m[39m
[31m[1m^[22m[39m[31m[1m^[22m[39m[3
1m[1m^[22m[39m[31m[1m^[22m[39m[31m
[1m^[22m[39m[31m[1m^[22m[39m[31m[1m
^[22m[39m[31m[1m^[22m[39m[31m[1m^[
22m[39m[31m[1m^[22m[39m[31m[1m^[22m
[39m[31m[1m^[22m[39m[31m[1m^[22m[3
9m
[31m[1m>[22m[39m[90m 15 |[39m } 
[36mfrom[39m 
[32m'lucide-react'[39m[33m;[39m
 [90m    |[39m [31m[1m^[22m[39m[31m
[1m^[22m[39m[31m[1m^[22m[39m[31m[1m
^[22m[39m[31m[1m^[22m[39m[31m[1m^[
22m[39m[31m[1m^[22m[39m[31m[1m^[22m
[39m[31m[1m^[22m[39m[31m[1m^[22m[3
9m[31m[1m^[22m[39m[31m[1m^[22m[39m
[31m[1m^[22m[39m[31m[1m^[22m[39m[31
m[1m^[22m[39m[31m[1m^[22m[39m[31m[
1m^[22m[39m[31m[1m^[22m[39m[31m[1m^
[22m[39m[31m[1m^[22m[39m[31m[1m^[2
2m[39m[31m[1m^[22m[39m[31m[1m^[22m
[39m
 [90m 16 |[39m [36mimport[39m { 
portalApi } [36mfrom[39m 
[32m'@/lib/portal-api'[39m[33m;[39m
 [90m 17 |[39m [36mimport[39m { 
useEffect } [36mfrom[39m 
[32m'react'[39m[33m;[39m
 [90m 18 |[39m [36mimport[39m { 
[33mQuoteAPI[39m } [36mfrom[39m 
[32m'@/lib/api/quotes'[39m[33m;[39m[0m



Import traces:
  Client Component Browser:
    ./frontend/components/portal/quote-crea
tion-wizard.tsx [Client Component Browser]
    ./frontend/components/portal/insurance-
details-tab.tsx [Client Component Browser]
    ./frontend/app/dashboard/clients/[id]/p
age.tsx [Client Component Browser]
    ./frontend/app/dashboard/clients/[id]/p
age.tsx [Server Component]

  Client Component SSR:
    ./frontend/components/portal/quote-crea
tion-wizard.tsx [Client Component SSR]
    ./frontend/components/portal/insurance-
details-tab.tsx [Client Component SSR]
    ./frontend/app/dashboard/clients/[id]/p
age.tsx [Client Component SSR]
    ./frontend/app/dashboard/clients/[id]/p
age.tsx [Server Component]

https://nextjs.org/docs/messages/module-not
-found


./frontend/components/portal/vehicle-detail
s-table.tsx:15:1
Module not found: Can't resolve 
'lucide-react'
[0m [90m 13 |[39m } [36mfrom[39m [32m
"@/components/ui/table"[39m[33m;[39m
 [90m 14 |[39m [36mimport[39m { 
[33mSelect[39m[33m,[39m 
[33mSelectContent[39m[33m,[39m 
[33mSelectItem[39m[33m,[39m 
[33mSelectTrigger[39m[33m,[39m 
[33mSelectValue[39m } [36mfrom[39m [32
m"@/components/ui/select"[39m[33m;[39m
[31m[1m>[22m[39m[90m 15 |[39m 
[36mimport[39m { 
[33mLoader2[39m[33m,[39m 
[33mPencil[39m[33m,[39m 
[33mCheck[39m[33m,[39m 
[33mX[39m[33m,[39m 
[33mArrowLeft[39m[33m,[39m 
[33mUpload[39m[33m,[39m 
[33mFileText[39m[33m,[39m 
[33mCamera[39m[33m,[39m [33mScan[39m 
} [36mfrom[39m 
[32m"lucide-react"[39m[33m;[39m
 [90m    |[39m [31m[1m^[22m[39m[31m
[1m^[22m[39m[31m[1m^[22m[39m[31m[1m
^[22m[39m[31m[1m^[22m[39m[31m[1m^[
22m[39m[31m[1m^[22m[39m[31m[1m^[22m
[39m[31m[1m^[22m[39m[31m[1m^[22m[3
9m[31m[1m^[22m[39m[31m[1m^[22m[39m
[31m[1m^[22m[39m[31m[1m^[22m[39m[31
m[1m^[22m[39m[31m[1m^[22m[39m[31m[
1m^[22m[39m[31m[1m^[22m[39m[31m[1m^
[22m[39m[31m[1m^[22m[39m[31m[1m^[2
2m[39m[31m[1m^[22m[39m[31m[1m^[22m
[39m[31m[1m^[22m[39m[31m[1m^[22m[39
m[31m[1m^[22m[39m[31m[1m^[22m[39m[
31m[1m^[22m[39m[31m[1m^[22m[39m[31m
[1m^[22m[39m[31m[1m^[22m[39m[31m[1
m^[22m[39m[31m[1m^[22m[39m[31m[1m^
[22m[39m[31m[1m^[22m[39m[31m[1m^[22
m[39m[31m[1m^[22m[39m[31m[1m^[22m[
39m[31m[1m^[22m[39m[31m[1m^[22m[39m
[31m[1m^[22m[39m[31m[1m^[22m[39m[3
1m[1m^[22m[39m[31m[1m^[22m[39m[31m
[1m^[22m[39m[31m[1m^[22m[39m[31m[1m
^[22m[39m[31m[1m^[22m[39m[31m[1m^[
22m[39m[31m[1m^[22m[39m[31m[1m^[22m
[39m[31m[1m^[22m[39m[31m[1m^[22m[3
9m[31m[1m^[22m[39m[31m[1m^[22m[39m
[31m[1m^[22m[39m[31m[1m^[22m[39m[31
m[1m^[22m[39m[31m[1m^[22m[39m[31m[
1m^[22m[39m[31m[1m^[22m[39m[31m[1m^
[22m[39m[31m[1m^[22m[39m[31m[1m^[2
2m[39m[31m[1m^[22m[39m[31m[1m^[22m
[39m[31m[1m^[22m[39m[31m[1m^[22m[39
m[31m[1m^[22m[39m[31m[1m^[22m[39m[
31m[1m^[22m[39m[31m[1m^[22m[39m[31m
[1m^[22m[39m[31m[1m^[22m[39m[31m[1
m^[22m[39m[31m[1m^[22m[39m[31m[1m^
[22m[39m[31m[1m^[22m[39m[31m[1m^[22
m[39m[31m[1m^[22m[39m[31m[1m^[22m[
39m[31m[1m^[22m[39m[31m[1m^[22m[39m
[31m[1m^[22m[39m[31m[1m^[22m[39m[3
1m[1m^[22m[39m[31m[1m^[22m[39m[31m
[1m^[22m[39m[31m[1m^[22m[39m[31m[1m
^[22m[39m[31m[1m^[22m[39m[31m[1m^[
22m[39m[31m[1m^[22m[39m[31m[1m^[22m
[39m[31m[1m^[22m[39m[31m[1m^[22m[3
9m[31m[1m^[22m[39m[31m[1m^[22m[39m
[31m[1m^[22m[39m[31m[1m^[22m[39m
 [90m 16 |[39m [36mimport[39m { 
useToast } [36mfrom[39m [32m"@/component
s/ui/use-toast"[39m[33m;[39m
 [90m 17 |[39m [36mimport[39m { 
[33mVEHICLE_FIELDS[39m[33m,[39m 
[33mFieldDefinition[39m } [36mfrom[39m 
[32m'@/config/field-definitions'[39m[33m
;[39m
 [90m 18 |[39m [36mimport[39m { 
clientApi } [36mfrom[39m 
[32m'@/lib/client-api'[39m[33m;[39m[0m



Import traces:
  Client Component Browser:
    ./frontend/components/portal/vehicle-de
tails-table.tsx [Client Component Browser]
    ./frontend/components/portal/insurance-
details-tab.tsx [Client Component Browser]
    ./frontend/app/dashboard/clients/[id]/p
age.tsx [Client Component Browser]
    ./frontend/app/dashboard/clients/[id]/p
age.tsx [Server Component]

  Client Component SSR:
    ./frontend/components/portal/vehicle-de
tails-table.tsx [Client Component SSR]
    ./frontend/components/portal/insurance-
details-tab.tsx [Client Component SSR]
    ./frontend/app/dashboard/clients/[id]/p
age.tsx [Client Component SSR]
    ./frontend/app/dashboard/clients/[id]/p
age.tsx [Server Component]

https://nextjs.org/docs/messages/module-not
-found


./frontend/components/quote/sales-chat-widg
et.tsx:8:1
Module not found: Can't resolve 
'lucide-react'
[0m [90m  6 |[39m [36mimport[39m { 
[33mScrollArea[39m } [36mfrom[39m [32m
'@/components/ui/scroll-area'[39m[33m;[3
9m
 [90m  7 |[39m [36mimport[39m { 
[33mCard[39m[33m,[39m 
[33mCardContent[39m } [36mfrom[39m 
[32m'@/components/ui/card'[39m[33m;[39m
[31m[1m>[22m[39m[90m  8 |[39m 
[36mimport[39m { 
[33mBot[39m[33m,[39m 
[33mSend[39m[33m,[39m 
[33mUser[39m[33m,[39m 
[33mLoader2[39m[33m,[39m 
[33mSparkles[39m[33m,[39m 
[33mRefreshCcw[39m } [36mfrom[39m 
[32m'lucide-react'[39m[33m;[39m
 [90m    |[39m [31m[1m^[22m[39m[31m
[1m^[22m[39m[31m[1m^[22m[39m[31m[1m
^[22m[39m[31m[1m^[22m[39m[31m[1m^[
22m[39m[31m[1m^[22m[39m[31m[1m^[22m
[39m[31m[1m^[22m[39m[31m[1m^[22m[3
9m[31m[1m^[22m[39m[31m[1m^[22m[39m
[31m[1m^[22m[39m[31m[1m^[22m[39m[31
m[1m^[22m[39m[31m[1m^[22m[39m[31m[
1m^[22m[39m[31m[1m^[22m[39m[31m[1m^
[22m[39m[31m[1m^[22m[39m[31m[1m^[2
2m[39m[31m[1m^[22m[39m[31m[1m^[22m
[39m[31m[1m^[22m[39m[31m[1m^[22m[39
m[31m[1m^[22m[39m[31m[1m^[22m[39m[
31m[1m^[22m[39m[31m[1m^[22m[39m[31m
[1m^[22m[39m[31m[1m^[22m[39m[31m[1
m^[22m[39m[31m[1m^[22m[39m[31m[1m^
[22m[39m[31m[1m^[22m[39m[31m[1m^[22
m[39m[31m[1m^[22m[39m[31m[1m^[22m[
39m[31m[1m^[22m[39m[31m[1m^[22m[39m
[31m[1m^[22m[39m[31m[1m^[22m[39m[3
1m[1m^[22m[39m[31m[1m^[22m[39m[31m
[1m^[22m[39m[31m[1m^[22m[39m[31m[1m
^[22m[39m[31m[1m^[22m[39m[31m[1m^[
22m[39m[31m[1m^[22m[39m[31m[1m^[22m
[39m[31m[1m^[22m[39m[31m[1m^[22m[3
9m[31m[1m^[22m[39m[31m[1m^[22m[39m
[31m[1m^[22m[39m[31m[1m^[22m[39m[31
m[1m^[22m[39m[31m[1m^[22m[39m[31m[
1m^[22m[39m[31m[1m^[22m[39m[31m[1m^
[22m[39m[31m[1m^[22m[39m[31m[1m^[2
2m[39m[31m[1m^[22m[39m[31m[1m^[22m
[39m[31m[1m^[22m[39m[31m[1m^[22m[39
m[31m[1m^[22m[39m[31m[1m^[22m[39m[
31m[1m^[22m[39m[31m[1m^[22m[39m[31m
[1m^[22m[39m[31m[1m^[22m[39m[31m[1
m^[22m[39m[31m[1m^[22m[39m[31m[1m^
[22m[39m[31m[1m^[22m[39m
 [90m  9 |[39m [36mimport[39m { 
[33mAiAPI[39m[33m,[39m 
[33mChatMessage[39m } [36mfrom[39m 
[32m'@/lib/ai-api'[39m[33m;[39m
 [90m 10 |[39m [36mimport[39m { 
useLanguage } [36mfrom[39m [32m'@/contex
ts/language-context'[39m[33m;[39m
 [90m 11 |[39m [36mimport[39m { 
[33mBadge[39m } [36mfrom[39m [32m'@/co
mponents/ui/badge'[39m[33m;[39m[0m



Import traces:
  Client Component Browser:
    ./frontend/components/quote/sales-chat-
widget.tsx [Client Component Browser]
    ./frontend/app/dashboard/quotes/new/pag
e.tsx [Client Component Browser]
    ./frontend/app/dashboard/quotes/new/pag
e.tsx [Server Component]

  Client Component SSR:
    ./frontend/components/quote/sales-chat-
widget.tsx [Client Component SSR]
    ./frontend/app/dashboard/quotes/new/pag
e.tsx [Client Component SSR]
    ./frontend/app/dashboard/quotes/new/pag
e.tsx [Server Component]

https://nextjs.org/docs/messages/module-not
-found


./frontend/components/quotes/quote-card.tsx
:7:1
Module not found: Can't resolve 
'lucide-react'
[0m [90m  5 |[39m [36mimport[39m { 
[33mAvatar[39m[33m,[39m 
[33mAvatarFallback[39m[33m,[39m 
[33mAvatarImage[39m } [36mfrom[39m 
[32m"@/components/ui/avatar"[39m
 [90m  6 |[39m [36mimport[39m { 
[33mUniversalEntityCard[39m[33m,[39m 
[33mEntityItem[39m } [36mfrom[39m [32m
"@/components/shared/universal-entity-card"
[39m
[31m[1m>[22m[39m[90m  7 |[39m 
[36mimport[39m { 
[33mLoader2[39m[33m,[39m 
[33mSend[39m[33m,[39m 
[33mThumbsUp[39m[33m,[39m 
[33mThumbsDown[39m[33m,[39m 
[33mArchive[39m[33m,[39m 
[33mPencil[39m[33m,[39m 
[33mTrash[39m[33m,[39m [33mCheck[39m 
} [36mfrom[39m [32m"lucide-react"[39m
 [90m    |[39m [31m[1m^[22m[39m[31m
[1m^[22m[39m[31m[1m^[22m[39m[31m[1m
^[22m[39m[31m[1m^[22m[39m[31m[1m^[
22m[39m[31m[1m^[22m[39m[31m[1m^[22m
[39m[31m[1m^[22m[39m[31m[1m^[22m[3
9m[31m[1m^[22m[39m[31m[1m^[22m[39m
[31m[1m^[22m[39m[31m[1m^[22m[39m[31
m[1m^[22m[39m[31m[1m^[22m[39m[31m[
1m^[22m[39m[31m[1m^[22m[39m[31m[1m^
[22m[39m[31m[1m^[22m[39m[31m[1m^[2
2m[39m[31m[1m^[22m[39m[31m[1m^[22m
[39m[31m[1m^[22m[39m[31m[1m^[22m[39
m[31m[1m^[22m[39m[31m[1m^[22m[39m[
31m[1m^[22m[39m[31m[1m^[22m[39m[31m
[1m^[22m[39m[31m[1m^[22m[39m[31m[1
m^[22m[39m[31m[1m^[22m[39m[31m[1m^
[22m[39m[31m[1m^[22m[39m[31m[1m^[22
m[39m[31m[1m^[22m[39m[31m[1m^[22m[
39m[31m[1m^[22m[39m[31m[1m^[22m[39m
[31m[1m^[22m[39m[31m[1m^[22m[39m[3
1m[1m^[22m[39m[31m[1m^[22m[39m[31m
[1m^[22m[39m[31m[1m^[22m[39m[31m[1m
^[22m[39m[31m[1m^[22m[39m[31m[1m^[
22m[39m[31m[1m^[22m[39m[31m[1m^[22m
[39m[31m[1m^[22m[39m[31m[1m^[22m[3
9m[31m[1m^[22m[39m[31m[1m^[22m[39m
[31m[1m^[22m[39m[31m[1m^[22m[39m[31
m[1m^[22m[39m[31m[1m^[22m[39m[31m[
1m^[22m[39m[31m[1m^[22m[39m[31m[1m^
[22m[39m[31m[1m^[22m[39m[31m[1m^[2
2m[39m[31m[1m^[22m[39m[31m[1m^[22m
[39m[31m[1m^[22m[39m[31m[1m^[22m[39
m[31m[1m^[22m[39m[31m[1m^[22m[39m[
31m[1m^[22m[39m[31m[1m^[22m[39m[31m
[1m^[22m[39m[31m[1m^[22m[39m[31m[1
m^[22m[39m[31m[1m^[22m[39m[31m[1m^
[22m[39m[31m[1m^[22m[39m[31m[1m^[22
m[39m[31m[1m^[22m[39m[31m[1m^[22m[
39m[31m[1m^[22m[39m[31m[1m^[22m[39m
[31m[1m^[22m[39m[31m[1m^[22m[39m[3
1m[1m^[22m[39m[31m[1m^[22m[39m[31m
[1m^[22m[39m[31m[1m^[22m[39m[31m[1m
^[22m[39m[31m[1m^[22m[39m[31m[1m^[
22m[39m[31m[1m^[22m[39m[31m[1m^[22m
[39m[31m[1m^[22m[39m[31m[1m^[22m[3
9m[31m[1m^[22m[39m
 [90m  8 |[39m [36mimport[39m { 
[33mPremiumPolicyType[39m } 
[36mfrom[39m 
[32m"@/lib/premium-policy-api"[39m
 [90m  9 |[39m
 [90m 10 |[39m [36mimport[39m { cn } 
[36mfrom[39m [32m"@/lib/utils"[39m[0m



Import traces:
  Client Component Browser:
    ./frontend/components/quotes/quote-card
.tsx [Client Component Browser]
    
./frontend/app/dashboard/quotes/page.tsx 
[Client Component Browser]
    
./frontend/app/dashboard/quotes/page.tsx 
[Server Component]

  Client Component SSR:
    ./frontend/components/quotes/quote-card
.tsx [Client Component SSR]
    
./frontend/app/dashboard/quotes/page.tsx 
[Client Component SSR]
    
./frontend/app/dashboard/quotes/page.tsx 
[Server Component]

https://nextjs.org/docs/messages/module-not
-found


./frontend/components/quotes/quote-details.
tsx:12:1
Module not found: Can't resolve 
'lucide-react'
[0m [90m 10 |[39m [36mimport[39m { 
useToast } [36mfrom[39m [32m"@/component
s/ui/use-toast"[39m[33m;[39m
 [90m 11 |[39m [36mimport[39m { 
formatCurrency[33m,[39m formatDate } 
[36mfrom[39m 
[32m"@/lib/utils"[39m[33m;[39m
[31m[1m>[22m[39m[90m 12 |[39m 
[36mimport[39m { 
[33mArrowLeft[39m[33m,[39m 
[33mCheck[39m[33m,[39m 
[33mSend[39m[33m,[39m 
[33mFileText[39m[33m,[39m 
[33mLoader2[39m } [36mfrom[39m 
[32m"lucide-react"[39m[33m;[39m
 [90m    |[39m [31m[1m^[22m[39m[31m
[1m^[22m[39m[31m[1m^[22m[39m[31m[1m
^[22m[39m[31m[1m^[22m[39m[31m[1m^[
22m[39m[31m[1m^[22m[39m[31m[1m^[22m
[39m[31m[1m^[22m[39m[31m[1m^[22m[3
9m[31m[1m^[22m[39m[31m[1m^[22m[39m
[31m[1m^[22m[39m[31m[1m^[22m[39m[31
m[1m^[22m[39m[31m[1m^[22m[39m[31m[
1m^[22m[39m[31m[1m^[22m[39m[31m[1m^
[22m[39m[31m[1m^[22m[39m[31m[1m^[2
2m[39m[31m[1m^[22m[39m[31m[1m^[22m
[39m[31m[1m^[22m[39m[31m[1m^[22m[39
m[31m[1m^[22m[39m[31m[1m^[22m[39m[
31m[1m^[22m[39m[31m[1m^[22m[39m[31m
[1m^[22m[39m[31m[1m^[22m[39m[31m[1
m^[22m[39m[31m[1m^[22m[39m[31m[1m^
[22m[39m[31m[1m^[22m[39m[31m[1m^[22
m[39m[31m[1m^[22m[39m[31m[1m^[22m[
39m[31m[1m^[22m[39m[31m[1m^[22m[39m
[31m[1m^[22m[39m[31m[1m^[22m[39m[3
1m[1m^[22m[39m[31m[1m^[22m[39m[31m
[1m^[22m[39m[31m[1m^[22m[39m[31m[1m
^[22m[39m[31m[1m^[22m[39m[31m[1m^[
22m[39m[31m[1m^[22m[39m[31m[1m^[22m
[39m[31m[1m^[22m[39m[31m[1m^[22m[3
9m[31m[1m^[22m[39m[31m[1m^[22m[39m
[31m[1m^[22m[39m[31m[1m^[22m[39m[31
m[1m^[22m[39m[31m[1m^[22m[39m[31m[
1m^[22m[39m[31m[1m^[22m[39m[31m[1m^
[22m[39m[31m[1m^[22m[39m[31m[1m^[2
2m[39m[31m[1m^[22m[39m[31m[1m^[22m
[39m[31m[1m^[22m[39m[31m[1m^[22m[39
m[31m[1m^[22m[39m[31m[1m^[22m[39m[
31m[1m^[22m[39m[31m[1m^[22m[39m[31m
[1m^[22m[39m
 [90m 13 |[39m [36mimport[39m {
 [90m 14 |[39m     
[33mDialog[39m[33m,[39m
 [90m 15 |[39m     
[33mDialogContent[39m[33m,[39m[0m



Import trace:
  Server Component:
    ./frontend/components/quotes/quote-deta
ils.tsx
    ./frontend/app/dashboard/quotes/[id]/pa
ge.tsx

https://nextjs.org/docs/messages/module-not
-found


./frontend/components/quotes/quote-wizard.t
sx:31:1
Module not found: Can't resolve 
'lucide-react'
[0m [90m 29 |[39m [36mimport[39m { 
[33mCard[39m[33m,[39m 
[33mCardContent[39m[33m,[39m 
[33mCardDescription[39m[33m,[39m 
[33mCardFooter[39m[33m,[39m 
[33mCardHeader[39m[33m,[39m 
[33mCardTitle[39m } [36mfrom[39m 
[32m"@/components/ui/card"[39m[33m;[39m
 [90m 30 |[39m [36mimport[39m { 
useToast } [36mfrom[39m [32m"@/component
s/ui/use-toast"[39m[33m;[39m
[31m[1m>[22m[39m[90m 31 |[39m 
[36mimport[39m {
 [90m    |[39m [31m[1m^[22m[39m[31m
[1m^[22m[39m[31m[1m^[22m[39m[31m[1m
^[22m[39m[31m[1m^[22m[39m[31m[1m^[
22m[39m[31m[1m^[22m[39m[31m[1m^[22m
[39m
[31m[1m>[22m[39m[90m 32 |[39m     
[33mLoader2[39m[33m,[39m
 [90m    |[39m [31m[1m^[22m[39m[31m
[1m^[22m[39m[31m[1m^[22m[39m[31m[1m
^[22m[39m[31m[1m^[22m[39m[31m[1m^[
22m[39m[31m[1m^[22m[39m[31m[1m^[22m
[39m[31m[1m^[22m[39m[31m[1m^[22m[3
9m[31m[1m^[22m[39m[31m[1m^[22m[39m
[31m[1m>[22m[39m[90m 33 |[39m     
[33mArrowRight[39m[33m,[39m
 [90m    |[39m [31m[1m^[22m[39m[31m
[1m^[22m[39m[31m[1m^[22m[39m[31m[1m
^[22m[39m[31m[1m^[22m[39m[31m[1m^[
22m[39m[31m[1m^[22m[39m[31m[1m^[22m
[39m[31m[1m^[22m[39m[31m[1m^[22m[3
9m[31m[1m^[22m[39m[31m[1m^[22m[39m
[31m[1m>[22m[39m[90m 34 |[39m     
[33mArrowLeft[39m[33m,[39m
 [90m    |[39m [31m[1m^[22m[39m[31m
[1m^[22m[39m[31m[1m^[22m[39m[31m[1m
^[22m[39m[31m[1m^[22m[39m[31m[1m^[
22m[39m[31m[1m^[22m[39m[31m[1m^[22m
[39m[31m[1m^[22m[39m[31m[1m^[22m[3
9m[31m[1m^[22m[39m[31m[1m^[22m[39m
[31m[1m>[22m[39m[90m 35 |[39m     
[33mCalculator[39m[33m,[39m
 [90m    |[39m [31m[1m^[22m[39m[31m
[1m^[22m[39m[31m[1m^[22m[39m[31m[1m
^[22m[39m[31m[1m^[22m[39m[31m[1m^[
22m[39m[31m[1m^[22m[39m[31m[1m^[22m
[39m[31m[1m^[22m[39m[31m[1m^[22m[3
9m[31m[1m^[22m[39m[31m[1m^[22m[39m
[31m[1m>[22m[39m[90m 36 |[39m     
[33mSave[39m[33m,[39m
 [90m    |[39m [31m[1m^[22m[39m[31m
[1m^[22m[39m[31m[1m^[22m[39m[31m[1m
^[22m[39m[31m[1m^[22m[39m[31m[1m^[
22m[39m[31m[1m^[22m[39m[31m[1m^[22m
[39m[31m[1m^[22m[39m[31m[1m^[22m[3
9m[31m[1m^[22m[39m[31m[1m^[22m[39m
[31m[1m>[22m[39m[90m 37 |[39m     
[33mSearch[39m[33m,[39m
 [90m    |[39m [31m[1m^[22m[39m[31m
[1m^[22m[39m[31m[1m^[22m[39m[31m[1m
^[22m[39m[31m[1m^[22m[39m[31m[1m^[
22m[39m[31m[1m^[22m[39m[31m[1m^[22m
[39m[31m[1m^[22m[39m[31m[1m^[22m[3
9m[31m[1m^[22m[39m[31m[1m^[22m[39m
[31m[1m>[22m[39m[90m 38 |[39m     
[33mCheck[39m[33m,[39m
 [90m    |[39m [31m[1m^[22m[39m[31m
[1m^[22m[39m[31m[1m^[22m[39m[31m[1m
^[22m[39m[31m[1m^[22m[39m[31m[1m^[
22m[39m[31m[1m^[22m[39m[31m[1m^[22m
[39m[31m[1m^[22m[39m[31m[1m^[22m[3
9m[31m[1m^[22m[39m[31m[1m^[22m[39m
[31m[1m>[22m[39m[90m 39 |[39m     
[33mAlertTriangle[39m[33m,[39m
 [90m    |[39m [31m[1m^[22m[39m[31m
[1m^[22m[39m[31m[1m^[22m[39m[31m[1m
^[22m[39m[31m[1m^[22m[39m[31m[1m^[
22m[39m[31m[1m^[22m[39m[31m[1m^[22m
[39m[31m[1m^[22m[39m[31m[1m^[22m[3
9m[31m[1m^[22m[39m[31m[1m^[22m[39m
[31m[1m>[22m[39m[90m 40 |[39m     
[33mChevronRight[39m[33m,[39m
 [90m    |[39m [31m[1m^[22m[39m[31m
[1m^[22m[39m[31m[1m^[22m[39m[31m[1m
^[22m[39m[31m[1m^[22m[39m[31m[1m^[
22m[39m[31m[1m^[22m[39m[31m[1m^[22m
[39m[31m[1m^[22m[39m[31m[1m^[22m[3
9m[31m[1m^[22m[39m[31m[1m^[22m[39m
[31m[1m>[22m[39m[90m 41 |[39m     
[33mShieldCheck[39m[33m,[39m
 [90m    |[39m [31m[1m^[22m[39m[31m
[1m^[22m[39m[31m[1m^[22m[39m[31m[1m
^[22m[39m[31m[1m^[22m[39m[31m[1m^[
22m[39m[31m[1m^[22m[39m[31m[1m^[22m
[39m[31m[1m^[22m[39m[31m[1m^[22m[3
9m[31m[1m^[22m[39m[31m[1m^[22m[39m
[31m[1m>[22m[39m[90m 42 |[39m     
[33mCar[39m[33m,[39m
 [90m    |[39m [31m[1m^[22m[39m[31m
[1m^[22m[39m[31m[1m^[22m[39m[31m[1m
^[22m[39m[31m[1m^[22m[39m[31m[1m^[
22m[39m[31m[1m^[22m[39m[31m[1m^[22m
[39m[31m[1m^[22m[39m[31m[1m^[22m[3
9m[31m[1m^[22m[39m[31m[1m^[22m[39m
[31m[1m>[22m[39m[90m 43 |[39m     
[33mUser[39m[33m,[39m
 [90m    |[39m [31m[1m^[22m[39m[31m
[1m^[22m[39m[31m[1m^[22m[39m[31m[1m
^[22m[39m[31m[1m^[22m[39m[31m[1m^[
22m[39m[31m[1m^[22m[39m[31m[1m^[22m
[39m[31m[1m^[22m[39m[31m[1m^[22m[3
9m[31m[1m^[22m[39m[31m[1m^[22m[39m
[31m[1m>[22m[39m[90m 44 |[39m     
[33mUsers[39m[33m,[39m
 [90m    |[39m [31m[1m^[22m[39m[31m
[1m^[22m[39m[31m[1m^[22m[39m[31m[1m
^[22m[39m[31m[1m^[22m[39m[31m[1m^[
22m[39m[31m[1m^[22m[39m[31m[1m^[22m
[39m[31m[1m^[22m[39m[31m[1m^[22m[3
9m[31m[1m^[22m[39m[31m[1m^[22m[39m
[31m[1m>[22m[39m[90m 45 |[39m     
[33mInfo[39m[33m,[39m
 [90m    |[39m [31m[1m^[22m[39m[31m
[1m^[22m[39m[31m[1m^[22m[39m[31m[1m
^[22m[39m[31m[1m^[22m[39m[31m[1m^[
22m[39m[31m[1m^[22m[39m[31m[1m^[22m
[39m[31m[1m^[22m[39m[31m[1m^[22m[3
9m[31m[1m^[22m[39m[31m[1m^[22m[39m
[31m[1m>[22m[39m[90m 46 |[39m     
[33mPlusCircle[39m[33m,[39m
 [90m    |[39m [31m[1m^[22m[39m[31m
[1m^[22m[39m[31m[1m^[22m[39m[31m[1m
^[22m[39m[31m[1m^[22m[39m[31m[1m^[
22m[39m[31m[1m^[22m[39m[31m[1m^[22m
[39m[31m[1m^[22m[39m[31m[1m^[22m[3
9m[31m[1m^[22m[39m[31m[1m^[22m[39m
[31m[1m>[22m[39m[90m 47 |[39m     
[33mClock[39m[33m,[39m
 [90m    |[39m [31m[1m^[22m[39m[31m
[1m^[22m[39m[31m[1m^[22m[39m[31m[1m
^[22m[39m[31m[1m^[22m[39m[31m[1m^[
22m[39m[31m[1m^[22m[39m[31m[1m^[22m
[39m[31m[1m^[22m[39m[31m[1m^[22m[3
9m[31m[1m^[22m[39m[31m[1m^[22m[39m
[31m[1m>[22m[39m[90m 48 |[39m     
[33mCreditCard[39m[33m,[39m
 [90m    |[39m [31m[1m^[22m[39m[31m
[1m^[22m[39m[31m[1m^[22m[39m[31m[1m
^[22m[39m[31m[1m^[22m[39m[31m[1m^[
22m[39m[31m[1m^[22m[39m[31m[1m^[22m
[39m[31m[1m^[22m[39m[31m[1m^[22m[3
9m[31m[1m^[22m[39m[31m[1m^[22m[39m
[31m[1m>[22m[39m[90m 49 |[39m     
[33mTrendingUp[39m[33m,[39m
 [90m    |[39m [31m[1m^[22m[39m[31m
[1m^[22m[39m[31m[1m^[22m[39m[31m[1m
^[22m[39m[31m[1m^[22m[39m[31m[1m^[
22m[39m[31m[1m^[22m[39m[31m[1m^[22m
[39m[31m[1m^[22m[39m[31m[1m^[22m[3
9m[31m[1m^[22m[39m[31m[1m^[22m[39m
[31m[1m>[22m[39m[90m 50 |[39m     
[33mWallet[39m[33m,[39m
 [90m    |[39m [31m[1m^[22m[39m[31m
[1m^[22m[39m[31m[1m^[22m[39m[31m[1m
^[22m[39m[31m[1m^[22m[39m[31m[1m^[
22m[39m[31m[1m^[22m[39m[31m[1m^[22m
[39m[31m[1m^[22m[39m[31m[1m^[22m[3
9m[31m[1m^[22m[39m[31m[1m^[22m[39m
[31m[1m>[22m[39m[90m 51 |[39m     
[33mPercent[39m[33m,[39m
 [90m    |[39m [31m[1m^[22m[39m[31m
[1m^[22m[39m[31m[1m^[22m[39m[31m[1m
^[22m[39m[31m[1m^[22m[39m[31m[1m^[
22m[39m[31m[1m^[22m[39m[31m[1m^[22m
[39m[31m[1m^[22m[39m[31m[1m^[22m[3
9m[31m[1m^[22m[39m[31m[1m^[22m[39m
[31m[1m>[22m[39m[90m 52 |[39m     
[33mSettings[39m[33m,[39m
 [90m    |[39m [31m[1m^[22m[39m[31m
[1m^[22m[39m[31m[1m^[22m[39m[31m[1m
^[22m[39m[31m[1m^[22m[39m[31m[1m^[
22m[39m[31m[1m^[22m[39m[31m[1m^[22m
[39m[31m[1m^[22m[39m[31m[1m^[22m[3
9m[31m[1m^[22m[39m[31m[1m^[22m[39m
[31m[1m>[22m[39m[90m 53 |[39m     
[33mFileText[39m[33m,[39m
 [90m    |[39m [31m[1m^[22m[39m[31m
[1m^[22m[39m[31m[1m^[22m[39m[31m[1m
^[22m[39m[31m[1m^[22m[39m[31m[1m^[
22m[39m[31m[1m^[22m[39m[31m[1m^[22m
[39m[31m[1m^[22m[39m[31m[1m^[22m[3
9m[31m[1m^[22m[39m[31m[1m^[22m[39m
[31m[1m>[22m[39m[90m 54 |[39m     
[33mCheckCircle2[39m
 [90m    |[39m [31m[1m^[22m[39m[31m
[1m^[22m[39m[31m[1m^[22m[39m[31m[1m
^[22m[39m[31m[1m^[22m[39m[31m[1m^[
22m[39m[31m[1m^[22m[39m[31m[1m^[22m
[39m[31m[1m^[22m[39m[31m[1m^[22m[3
9m[31m[1m^[22m[39m[31m[1m^[22m[39m
[31m[1m>[22m[39m[90m 55 |[39m } 
[36mfrom[39m 
[32m"lucide-react"[39m[33m;[39m
 [90m    |[39m [31m[1m^[22m[39m[31m
[1m^[22m[39m[31m[1m^[22m[39m[31m[1m
^[22m[39m[31m[1m^[22m[39m[31m[1m^[
22m[39m[31m[1m^[22m[39m[31m[1m^[22m
[39m[31m[1m^[22m[39m[31m[1m^[22m[3
9m[31m[1m^[22m[39m[31m[1m^[22m[39m
[31m[1m^[22m[39m[31m[1m^[22m[39m[31
m[1m^[22m[39m[31m[1m^[22m[39m[31m[
1m^[22m[39m[31m[1m^[22m[39m[31m[1m^
[22m[39m[31m[1m^[22m[39m[31m[1m^[2
2m[39m[31m[1m^[22m[39m[31m[1m^[22m
[39m
 [90m 56 |[39m [36mimport[39m { 
formatCurrency } [36mfrom[39m 
[32m"@/lib/utils"[39m[33m;[39m
 [90m 57 |[39m [36mimport[39m {
 [90m 58 |[39m     
[33mAlertDialog[39m[33m,[39m[0m



Import traces:
  Client Component Browser:
    ./frontend/components/quotes/quote-wiza
rd.tsx [Client Component Browser]
    ./frontend/app/dashboard/quotes/new/pag
e.tsx [Client Component Browser]
    ./frontend/app/dashboard/quotes/new/pag
e.tsx [Server Component]

  Client Component SSR:
    ./frontend/components/quotes/quote-wiza
rd.tsx [Client Component SSR]
    ./frontend/app/dashboard/quotes/new/pag
e.tsx [Client Component SSR]
    ./frontend/app/dashboard/quotes/new/pag
e.tsx [Server Component]

https://nextjs.org/docs/messages/module-not
-found


./frontend/components/settings/ai-subscript
ion-settings.tsx:4:1
Module not found: Can't resolve 
'lucide-react'
[0m [90m 2 |[39m
 [90m 3 |[39m [36mimport[39m { 
useState[33m,[39m useEffect } 
[36mfrom[39m [32m"react"[39m
[31m[1m>[22m[39m[90m 4 |[39m 
[36mimport[39m { 
[33mBot[39m[33m,[39m 
[33mKey[39m[33m,[39m 
[33mCreditCard[39m[33m,[39m 
[33mSave[39m[33m,[39m 
[33mAlertCircle[39m[33m,[39m 
[33mInfo[39m[33m,[39m [33mPlus[39m } 
[36mfrom[39m [32m"lucide-react"[39m
 [90m   |[39m [31m[1m^[22m[39m[31m[
1m^[22m[39m[31m[1m^[22m[39m[31m[1m^
[22m[39m[31m[1m^[22m[39m[31m[1m^[2
2m[39m[31m[1m^[22m[39m[31m[1m^[22m
[39m[31m[1m^[22m[39m[31m[1m^[22m[39
m[31m[1m^[22m[39m[31m[1m^[22m[39m[
31m[1m^[22m[39m[31m[1m^[22m[39m[31m
[1m^[22m[39m[31m[1m^[22m[39m[31m[1
m^[22m[39m[31m[1m^[22m[39m[31m[1m^
[22m[39m[31m[1m^[22m[39m[31m[1m^[22
m[39m[31m[1m^[22m[39m[31m[1m^[22m[
39m[31m[1m^[22m[39m[31m[1m^[22m[39m
[31m[1m^[22m[39m[31m[1m^[22m[39m[3
1m[1m^[22m[39m[31m[1m^[22m[39m[31m
[1m^[22m[39m[31m[1m^[22m[39m[31m[1m
^[22m[39m[31m[1m^[22m[39m[31m[1m^[
22m[39m[31m[1m^[22m[39m[31m[1m^[22m
[39m[31m[1m^[22m[39m[31m[1m^[22m[3
9m[31m[1m^[22m[39m[31m[1m^[22m[39m
[31m[1m^[22m[39m[31m[1m^[22m[39m[31
m[1m^[22m[39m[31m[1m^[22m[39m[31m[
1m^[22m[39m[31m[1m^[22m[39m[31m[1m^
[22m[39m[31m[1m^[22m[39m[31m[1m^[2
2m[39m[31m[1m^[22m[39m[31m[1m^[22m
[39m[31m[1m^[22m[39m[31m[1m^[22m[39
m[31m[1m^[22m[39m[31m[1m^[22m[39m[
31m[1m^[22m[39m[31m[1m^[22m[39m[31m
[1m^[22m[39m[31m[1m^[22m[39m[31m[1
m^[22m[39m[31m[1m^[22m[39m[31m[1m^
[22m[39m[31m[1m^[22m[39m[31m[1m^[22
m[39m[31m[1m^[22m[39m[31m[1m^[22m[
39m[31m[1m^[22m[39m[31m[1m^[22m[39m
[31m[1m^[22m[39m[31m[1m^[22m[39m[3
1m[1m^[22m[39m[31m[1m^[22m[39m[31m
[1m^[22m[39m[31m[1m^[22m[39m[31m[1m
^[22m[39m[31m[1m^[22m[39m[31m[1m^[
22m[39m[31m[1m^[22m[39m[31m[1m^[22m
[39m[31m[1m^[22m[39m[31m[1m^[22m[3
9m[31m[1m^[22m[39m
 [90m 5 |[39m
 [90m 6 |[39m [36mimport[39m { 
[33mButton[39m } [36mfrom[39m 
[32m"@/components/ui/button"[39m
 [90m 7 |[39m [36mimport[39m {[0m



Import traces:
  Client Component Browser:
    ./frontend/components/settings/ai-subsc
ription-settings.tsx [Client Component 
Browser]
    
./frontend/app/dashboard/settings/page.tsx 
[Client Component Browser]
    
./frontend/app/dashboard/settings/page.tsx 
[Server Component]

  Client Component SSR:
    ./frontend/components/settings/ai-subsc
ription-settings.tsx [Client Component SSR]
    
./frontend/app/dashboard/settings/page.tsx 
[Client Component SSR]
    
./frontend/app/dashboard/settings/page.tsx 
[Server Component]

https://nextjs.org/docs/messages/module-not
-found


./frontend/components/settings/topup-dialog
.tsx:17:1
Module not found: Can't resolve 
'lucide-react'
[0m [90m 15 |[39m [36mimport[39m { 
[33mInput[39m } [36mfrom[39m 
[32m"@/components/ui/input"[39m
 [90m 16 |[39m [36mimport[39m { 
[33mRadioGroup[39m[33m,[39m 
[33mRadioGroupItem[39m } [36mfrom[39m 
[32m"@/components/ui/radio-group"[39m
[31m[1m>[22m[39m[90m 17 |[39m 
[36mimport[39m {
 [90m    |[39m [31m[1m^[22m[39m[31m
[1m^[22m[39m[31m[1m^[22m[39m[31m[1m
^[22m[39m[31m[1m^[22m[39m[31m[1m^[
22m[39m[31m[1m^[22m[39m[31m[1m^[22m
[39m
[31m[1m>[22m[39m[90m 18 |[39m     
[33mCreditCard[39m[33m,[39m
 [90m    |[39m [31m[1m^[22m[39m[31m
[1m^[22m[39m[31m[1m^[22m[39m[31m[1m
^[22m[39m[31m[1m^[22m[39m[31m[1m^[
22m[39m[31m[1m^[22m[39m[31m[1m^[22m
[39m[31m[1m^[22m[39m[31m[1m^[22m[3
9m[31m[1m^[22m[39m[31m[1m^[22m[39m
[31m[1m^[22m[39m[31m[1m^[22m[39m[31
m[1m^[22m[39m
[31m[1m>[22m[39m[90m 19 |[39m     
[33mSmartphone[39m[33m,[39m
 [90m    |[39m [31m[1m^[22m[39m[31m
[1m^[22m[39m[31m[1m^[22m[39m[31m[1m
^[22m[39m[31m[1m^[22m[39m[31m[1m^[
22m[39m[31m[1m^[22m[39m[31m[1m^[22m
[39m[31m[1m^[22m[39m[31m[1m^[22m[3
9m[31m[1m^[22m[39m[31m[1m^[22m[39m
[31m[1m^[22m[39m[31m[1m^[22m[39m[31
m[1m^[22m[39m
[31m[1m>[22m[39m[90m 20 |[39m     
[33mPlus[39m[33m,[39m
 [90m    |[39m [31m[1m^[22m[39m[31m
[1m^[22m[39m[31m[1m^[22m[39m[31m[1m
^[22m[39m[31m[1m^[22m[39m[31m[1m^[
22m[39m[31m[1m^[22m[39m[31m[1m^[22m
[39m[31m[1m^[22m[39m[31m[1m^[22m[3
9m[31m[1m^[22m[39m[31m[1m^[22m[39m
[31m[1m^[22m[39m[31m[1m^[22m[39m[31
m[1m^[22m[39m
[31m[1m>[22m[39m[90m 21 |[39m     
[33mChevronRight[39m[33m,[39m
 [90m    |[39m [31m[1m^[22m[39m[31m
[1m^[22m[39m[31m[1m^[22m[39m[31m[1m
^[22m[39m[31m[1m^[22m[39m[31m[1m^[
22m[39m[31m[1m^[22m[39m[31m[1m^[22m
[39m[31m[1m^[22m[39m[31m[1m^[22m[3
9m[31m[1m^[22m[39m[31m[1m^[22m[39m
[31m[1m^[22m[39m[31m[1m^[22m[39m[31
m[1m^[22m[39m
[31m[1m>[22m[39m[90m 22 |[39m     
[33mCheckCircle2[39m[33m,[39m
 [90m    |[39m [31m[1m^[22m[39m[31m
[1m^[22m[39m[31m[1m^[22m[39m[31m[1m
^[22m[39m[31m[1m^[22m[39m[31m[1m^[
22m[39m[31m[1m^[22m[39m[31m[1m^[22m
[39m[31m[1m^[22m[39m[31m[1m^[22m[3
9m[31m[1m^[22m[39m[31m[1m^[22m[39m
[31m[1m^[22m[39m[31m[1m^[22m[39m[31
m[1m^[22m[39m
[31m[1m>[22m[39m[90m 23 |[39m     
[33mLoader2[39m
 [90m    |[39m [31m[1m^[22m[39m[31m
[1m^[22m[39m[31m[1m^[22m[39m[31m[1m
^[22m[39m[31m[1m^[22m[39m[31m[1m^[
22m[39m[31m[1m^[22m[39m[31m[1m^[22m
[39m[31m[1m^[22m[39m[31m[1m^[22m[3
9m[31m[1m^[22m[39m[31m[1m^[22m[39m
[31m[1m^[22m[39m[31m[1m^[22m[39m[31
m[1m^[22m[39m
[31m[1m>[22m[39m[90m 24 |[39m } 
[36mfrom[39m [32m"lucide-react"[39m
 [90m    |[39m [31m[1m^[22m[39m[31m
[1m^[22m[39m[31m[1m^[22m[39m[31m[1m
^[22m[39m[31m[1m^[22m[39m[31m[1m^[
22m[39m[31m[1m^[22m[39m[31m[1m^[22m
[39m[31m[1m^[22m[39m[31m[1m^[22m[3
9m[31m[1m^[22m[39m[31m[1m^[22m[39m
[31m[1m^[22m[39m[31m[1m^[22m[39m[31
m[1m^[22m[39m[31m[1m^[22m[39m[31m[
1m^[22m[39m[31m[1m^[22m[39m[31m[1m^
[22m[39m[31m[1m^[22m[39m[31m[1m^[2
2m[39m[31m[1m^[22m[39m
 [90m 25 |[39m [36mimport[39m { 
subscriptionApi } [36mfrom[39m 
[32m"@/lib/subscription-api"[39m
 [90m 26 |[39m [36mimport[39m { 
useToast } [36mfrom[39m 
[32m"@/components/ui/use-toast"[39m
 [90m 27 |[39m [36mimport[39m { 
[33mBadge[39m } [36mfrom[39m 
[32m"@/components/ui/badge"[39m[0m



Import traces:
  Client Component Browser:
    ./frontend/components/settings/topup-di
alog.tsx [Client Component Browser]
    ./frontend/components/settings/ai-subsc
ription-settings.tsx [Client Component 
Browser]
    
./frontend/app/dashboard/settings/page.tsx 
[Client Component Browser]
    
./frontend/app/dashboard/settings/page.tsx 
[Server Component]

  Client Component SSR:
    ./frontend/components/settings/topup-di
alog.tsx [Client Component SSR]
    ./frontend/components/settings/ai-subsc
ription-settings.tsx [Client Component SSR]
    
./frontend/app/dashboard/settings/page.tsx 
[Client Component SSR]
    
./frontend/app/dashboard/settings/page.tsx 
[Server Component]

https://nextjs.org/docs/messages/module-not
-found


./frontend/components/sharecode/ShareCodeLi
st.tsx:12:1
Module not found: Can't resolve 
'lucide-react'
[0m [90m 10 |[39m     
[33mTableRow[39m[33m,[39m
 [90m 11 |[39m } [36mfrom[39m [32m"@/c
omponents/ui/table"[39m[33m;[39m
[31m[1m>[22m[39m[90m 12 |[39m 
[36mimport[39m { 
[33mTrash2[39m[33m,[39m 
[33mEye[39m[33m,[39m [33mSend[39m } 
[36mfrom[39m 
[32m'lucide-react'[39m[33m;[39m
 [90m    |[39m [31m[1m^[22m[39m[31m
[1m^[22m[39m[31m[1m^[22m[39m[31m[1m
^[22m[39m[31m[1m^[22m[39m[31m[1m^[
22m[39m[31m[1m^[22m[39m[31m[1m^[22m
[39m[31m[1m^[22m[39m[31m[1m^[22m[3
9m[31m[1m^[22m[39m[31m[1m^[22m[39m
[31m[1m^[22m[39m[31m[1m^[22m[39m[31
m[1m^[22m[39m[31m[1m^[22m[39m[31m[
1m^[22m[39m[31m[1m^[22m[39m[31m[1m^
[22m[39m[31m[1m^[22m[39m[31m[1m^[2
2m[39m[31m[1m^[22m[39m[31m[1m^[22m
[39m[31m[1m^[22m[39m[31m[1m^[22m[39
m[31m[1m^[22m[39m[31m[1m^[22m[39m[
31m[1m^[22m[39m[31m[1m^[22m[39m[31m
[1m^[22m[39m[31m[1m^[22m[39m[31m[1
m^[22m[39m[31m[1m^[22m[39m[31m[1m^
[22m[39m[31m[1m^[22m[39m[31m[1m^[22
m[39m[31m[1m^[22m[39m[31m[1m^[22m[
39m[31m[1m^[22m[39m[31m[1m^[22m[39m
[31m[1m^[22m[39m[31m[1m^[22m[39m[3
1m[1m^[22m[39m[31m[1m^[22m[39m[31m
[1m^[22m[39m[31m[1m^[22m[39m[31m[1m
^[22m[39m[31m[1m^[22m[39m[31m[1m^[
22m[39m
 [90m 13 |[39m [36mimport[39m { 
useToast } [36mfrom[39m [32m"@/component
s/ui/use-toast"[39m[33m;[39m
 [90m 14 |[39m [36mimport[39m 
[33mImage[39m [36mfrom[39m 
[32m'next/image'[39m[33m;[39m
 [90m 15 |[39m[0m



Import traces:
  Client Component Browser:
    ./frontend/components/sharecode/ShareCo
deList.tsx [Client Component Browser]
    ./frontend/app/dashboard/settings/share
-code/page.tsx [Client Component Browser]
    ./frontend/app/dashboard/settings/share
-code/page.tsx [Server Component]

  Client Component SSR:
    ./frontend/components/sharecode/ShareCo
deList.tsx [Client Component SSR]
    ./frontend/app/dashboard/settings/share
-code/page.tsx [Client Component SSR]
    ./frontend/app/dashboard/settings/share
-code/page.tsx [Server Component]

https://nextjs.org/docs/messages/module-not
-found


./frontend/components/shared/permission-den
ied-modal.tsx:12:1
Module not found: Can't resolve 
'lucide-react'
[0m [90m 10 |[39m } [36mfrom[39m [32m
'@/components/ui/dialog'[39m[33m;[39m
 [90m 11 |[39m [36mimport[39m { 
[33mButton[39m } [36mfrom[39m [32m'@/c
omponents/ui/button'[39m[33m;[39m
[31m[1m>[22m[39m[90m 12 |[39m 
[36mimport[39m { [33mShieldAlert[39m } 
[36mfrom[39m 
[32m'lucide-react'[39m[33m;[39m
 [90m    |[39m [31m[1m^[22m[39m[31m
[1m^[22m[39m[31m[1m^[22m[39m[31m[1m
^[22m[39m[31m[1m^[22m[39m[31m[1m^[
22m[39m[31m[1m^[22m[39m[31m[1m^[22m
[39m[31m[1m^[22m[39m[31m[1m^[22m[3
9m[31m[1m^[22m[39m[31m[1m^[22m[39m
[31m[1m^[22m[39m[31m[1m^[22m[39m[31
m[1m^[22m[39m[31m[1m^[22m[39m[31m[
1m^[22m[39m[31m[1m^[22m[39m[31m[1m^
[22m[39m[31m[1m^[22m[39m[31m[1m^[2
2m[39m[31m[1m^[22m[39m[31m[1m^[22m
[39m[31m[1m^[22m[39m[31m[1m^[22m[39
m[31m[1m^[22m[39m[31m[1m^[22m[39m[
31m[1m^[22m[39m[31m[1m^[22m[39m[31m
[1m^[22m[39m[31m[1m^[22m[39m[31m[1
m^[22m[39m[31m[1m^[22m[39m[31m[1m^
[22m[39m[31m[1m^[22m[39m[31m[1m^[22
m[39m[31m[1m^[22m[39m[31m[1m^[22m[
39m[31m[1m^[22m[39m[31m[1m^[22m[39m
[31m[1m^[22m[39m[31m[1m^[22m[39m[3
1m[1m^[22m[39m
 [90m 13 |[39m
 [90m 14 |[39m [36minterface[39m 
[33mPermissionDeniedModalProps[39m {
 [90m 15 |[39m     isOpen[33m:[39m 
boolean[33m;[39m[0m



Import traces:
  Client Component Browser:
    ./frontend/components/shared/permission
-denied-modal.tsx [Client Component 
Browser]
    
./frontend/app/dashboard/settings/page.tsx 
[Client Component Browser]
    
./frontend/app/dashboard/settings/page.tsx 
[Server Component]

  Client Component SSR:
    ./frontend/components/shared/permission
-denied-modal.tsx [Client Component SSR]
    
./frontend/app/dashboard/settings/page.tsx 
[Client Component SSR]
    
./frontend/app/dashboard/settings/page.tsx 
[Server Component]

https://nextjs.org/docs/messages/module-not
-found


./frontend/components/shared/permission-mat
rix.tsx:5:1
Module not found: Can't resolve 
'lucide-react'
[0m [90m 3 |[39m [36mimport[39m 
[33m*[39m [36mas[39m [33mReact[39m 
[36mfrom[39m [32m"react"[39m
 [90m 4 |[39m [36mimport[39m { 
useEffect[33m,[39m useState[33m,[39m 
[33mFragment[39m } [36mfrom[39m 
[32m"react"[39m
[31m[1m>[22m[39m[90m 5 |[39m 
[36mimport[39m { 
[33mCheck[39m[33m,[39m 
[33mLoader2[39m[33m,[39m 
[33mShield[39m[33m,[39m 
[33mRefreshCw[39m[33m,[39m 
[33mPlus[39m } [36mfrom[39m 
[32m"lucide-react"[39m
 [90m   |[39m [31m[1m^[22m[39m[31m[
1m^[22m[39m[31m[1m^[22m[39m[31m[1m^
[22m[39m[31m[1m^[22m[39m[31m[1m^[2
2m[39m[31m[1m^[22m[39m[31m[1m^[22m
[39m[31m[1m^[22m[39m[31m[1m^[22m[39
m[31m[1m^[22m[39m[31m[1m^[22m[39m[
31m[1m^[22m[39m[31m[1m^[22m[39m[31m
[1m^[22m[39m[31m[1m^[22m[39m[31m[1
m^[22m[39m[31m[1m^[22m[39m[31m[1m^
[22m[39m[31m[1m^[22m[39m[31m[1m^[22
m[39m[31m[1m^[22m[39m[31m[1m^[22m[
39m[31m[1m^[22m[39m[31m[1m^[22m[39m
[31m[1m^[22m[39m[31m[1m^[22m[39m[3
1m[1m^[22m[39m[31m[1m^[22m[39m[31m
[1m^[22m[39m[31m[1m^[22m[39m[31m[1m
^[22m[39m[31m[1m^[22m[39m[31m[1m^[
22m[39m[31m[1m^[22m[39m[31m[1m^[22m
[39m[31m[1m^[22m[39m[31m[1m^[22m[3
9m[31m[1m^[22m[39m[31m[1m^[22m[39m
[31m[1m^[22m[39m[31m[1m^[22m[39m[31
m[1m^[22m[39m[31m[1m^[22m[39m[31m[
1m^[22m[39m[31m[1m^[22m[39m[31m[1m^
[22m[39m[31m[1m^[22m[39m[31m[1m^[2
2m[39m[31m[1m^[22m[39m[31m[1m^[22m
[39m[31m[1m^[22m[39m[31m[1m^[22m[39
m[31m[1m^[22m[39m[31m[1m^[22m[39m[
31m[1m^[22m[39m[31m[1m^[22m[39m[31m
[1m^[22m[39m[31m[1m^[22m[39m[31m[1
m^[22m[39m[31m[1m^[22m[39m[31m[1m^
[22m[39m[31m[1m^[22m[39m[31m[1m^[22
m[39m[31m[1m^[22m[39m[31m[1m^[22m[
39m[31m[1m^[22m[39m[31m[1m^[22m[39m
[31m[1m^[22m[39m[31m[1m^[22m[39m
 [90m 6 |[39m [36mimport[39m {
 [90m 7 |[39m     
[33mTable[39m[33m,[39m
 [90m 8 |[39m     
[33mTableBody[39m[33m,[39m[0m



Import traces:
  Client Component Browser:
    ./frontend/components/shared/permission
-matrix.tsx [Client Component Browser]
    ./frontend/app/dashboard/admin/permissi
ons/page.tsx [Client Component Browser]
    ./frontend/app/dashboard/admin/permissi
ons/page.tsx [Server Component]

  Client Component SSR:
    ./frontend/components/shared/permission
-matrix.tsx [Client Component SSR]
    ./frontend/app/dashboard/admin/permissi
ons/page.tsx [Client Component SSR]
    ./frontend/app/dashboard/admin/permissi
ons/page.tsx [Server Component]

https://nextjs.org/docs/messages/module-not
-found


./frontend/components/shared/policy-card.ts
x:6:1
Module not found: Can't resolve 
'lucide-react'
[0m [90m 4 |[39m [36mimport[39m { 
[33mAvatar[39m[33m,[39m 
[33mAvatarFallback[39m[33m,[39m 
[33mAvatarImage[39m } [36mfrom[39m [32
m"@/components/ui/avatar"[39m[33m;[39m
 [90m 5 |[39m [36mimport[39m { 
[33mUniversalEntityCard[39m } 
[36mfrom[39m [32m'@/components/shared/un
iversal-entity-card'[39m[33m;[39m
[31m[1m>[22m[39m[90m 6 |[39m 
[36mimport[39m { 
[33mCheck[39m[33m,[39m 
[33mCreditCard[39m[33m,[39m 
[33mShieldCheck[39m[33m,[39m 
[33mFileText[39m[33m,[39m 
[33mCar[39m[33m,[39m 
[33mHome[39m[33m,[39m [33mUser[39m } 
[36mfrom[39m 
[32m'lucide-react'[39m[33m;[39m
 [90m   |[39m [31m[1m^[22m[39m[31m[
1m^[22m[39m[31m[1m^[22m[39m[31m[1m^
[22m[39m[31m[1m^[22m[39m[31m[1m^[2
2m[39m[31m[1m^[22m[39m[31m[1m^[22m
[39m[31m[1m^[22m[39m[31m[1m^[22m[39
m[31m[1m^[22m[39m[31m[1m^[22m[39m[
31m[1m^[22m[39m[31m[1m^[22m[39m[31m
[1m^[22m[39m[31m[1m^[22m[39m[31m[1
m^[22m[39m[31m[1m^[22m[39m[31m[1m^
[22m[39m[31m[1m^[22m[39m[31m[1m^[22
m[39m[31m[1m^[22m[39m[31m[1m^[22m[
39m[31m[1m^[22m[39m[31m[1m^[22m[39m
[31m[1m^[22m[39m[31m[1m^[22m[39m[3
1m[1m^[22m[39m[31m[1m^[22m[39m[31m
[1m^[22m[39m[31m[1m^[22m[39m[31m[1m
^[22m[39m[31m[1m^[22m[39m[31m[1m^[
22m[39m[31m[1m^[22m[39m[31m[1m^[22m
[39m[31m[1m^[22m[39m[31m[1m^[22m[3
9m[31m[1m^[22m[39m[31m[1m^[22m[39m
[31m[1m^[22m[39m[31m[1m^[22m[39m[31
m[1m^[22m[39m[31m[1m^[22m[39m[31m[
1m^[22m[39m[31m[1m^[22m[39m[31m[1m^
[22m[39m[31m[1m^[22m[39m[31m[1m^[2
2m[39m[31m[1m^[22m[39m[31m[1m^[22m
[39m[31m[1m^[22m[39m[31m[1m^[22m[39
m[31m[1m^[22m[39m[31m[1m^[22m[39m[
31m[1m^[22m[39m[31m[1m^[22m[39m[31m
[1m^[22m[39m[31m[1m^[22m[39m[31m[1
m^[22m[39m[31m[1m^[22m[39m[31m[1m^
[22m[39m[31m[1m^[22m[39m[31m[1m^[22
m[39m[31m[1m^[22m[39m[31m[1m^[22m[
39m[31m[1m^[22m[39m[31m[1m^[22m[39m
[31m[1m^[22m[39m[31m[1m^[22m[39m[3
1m[1m^[22m[39m[31m[1m^[22m[39m[31m
[1m^[22m[39m[31m[1m^[22m[39m[31m[1m
^[22m[39m[31m[1m^[22m[39m[31m[1m^[
22m[39m[31m[1m^[22m[39m[31m[1m^[22m
[39m[31m[1m^[22m[39m[31m[1m^[22m[3
9m[31m[1m^[22m[39m[31m[1m^[22m[39m
[31m[1m^[22m[39m[31m[1m^[22m[39m[31
m[1m^[22m[39m[31m[1m^[22m[39m[31m[
1m^[22m[39m[31m[1m^[22m[39m
 [90m 7 |[39m [36mimport[39m { 
useLanguage } [36mfrom[39m [32m'@/contex
ts/language-context'[39m[33m;[39m
 [90m 8 |[39m
 [90m 9 |[39m [36minterface[39m 
[33mPolicyFeature[39m {[0m



Import traces:
  Client Component Browser:
    ./frontend/components/shared/policy-car
d.tsx [Client Component Browser]
    
./frontend/app/dashboard/policies/page.tsx 
[Client Component Browser]
    
./frontend/app/dashboard/policies/page.tsx 
[Server Component]

  Client Component SSR:
    ./frontend/components/shared/policy-car
d.tsx [Client Component SSR]
    
./frontend/app/dashboard/policies/page.tsx 
[Client Component SSR]
    
./frontend/app/dashboard/policies/page.tsx 
[Server Component]

https://nextjs.org/docs/messages/module-not
-found


./frontend/components/shared/unified-entity
-form.tsx:10:1
Module not found: Can't resolve 
'lucide-react'
[0m [90m  8 |[39m [36mimport[39m { 
[33mInput[39m } [36mfrom[39m [32m"@/co
mponents/ui/input"[39m[33m;[39m
 [90m  9 |[39m [36mimport[39m { 
[33mSelect[39m[33m,[39m 
[33mSelectContent[39m[33m,[39m 
[33mSelectItem[39m[33m,[39m 
[33mSelectTrigger[39m[33m,[39m 
[33mSelectValue[39m } [36mfrom[39m [32
m"@/components/ui/select"[39m[33m;[39m
[31m[1m>[22m[39m[90m 10 |[39m 
[36mimport[39m { 
[33mLoader2[39m[33m,[39m 
[33mPencil[39m[33m,[39m 
[33mCheck[39m[33m,[39m 
[33mX[39m[33m,[39m 
[33mArrowLeft[39m[33m,[39m 
[33mUpload[39m[33m,[39m 
[33mFileText[39m[33m,[39m 
[33mScan[39m } [36mfrom[39m 
[32m"lucide-react"[39m[33m;[39m
 [90m    |[39m [31m[1m^[22m[39m[31m
[1m^[22m[39m[31m[1m^[22m[39m[31m[1m
^[22m[39m[31m[1m^[22m[39m[31m[1m^[
22m[39m[31m[1m^[22m[39m[31m[1m^[22m
[39m[31m[1m^[22m[39m[31m[1m^[22m[3
9m[31m[1m^[22m[39m[31m[1m^[22m[39m
[31m[1m^[22m[39m[31m[1m^[22m[39m[31
m[1m^[22m[39m[31m[1m^[22m[39m[31m[
1m^[22m[39m[31m[1m^[22m[39m[31m[1m^
[22m[39m[31m[1m^[22m[39m[31m[1m^[2
2m[39m[31m[1m^[22m[39m[31m[1m^[22m
[39m[31m[1m^[22m[39m[31m[1m^[22m[39
m[31m[1m^[22m[39m[31m[1m^[22m[39m[
31m[1m^[22m[39m[31m[1m^[22m[39m[31m
[1m^[22m[39m[31m[1m^[22m[39m[31m[1
m^[22m[39m[31m[1m^[22m[39m[31m[1m^
[22m[39m[31m[1m^[22m[39m[31m[1m^[22
m[39m[31m[1m^[22m[39m[31m[1m^[22m[
39m[31m[1m^[22m[39m[31m[1m^[22m[39m
[31m[1m^[22m[39m[31m[1m^[22m[39m[3
1m[1m^[22m[39m[31m[1m^[22m[39m[31m
[1m^[22m[39m[31m[1m^[22m[39m[31m[1m
^[22m[39m[31m[1m^[22m[39m[31m[1m^[
22m[39m[31m[1m^[22m[39m[31m[1m^[22m
[39m[31m[1m^[22m[39m[31m[1m^[22m[3
9m[31m[1m^[22m[39m[31m[1m^[22m[39m
[31m[1m^[22m[39m[31m[1m^[22m[39m[31
m[1m^[22m[39m[31m[1m^[22m[39m[31m[
1m^[22m[39m[31m[1m^[22m[39m[31m[1m^
[22m[39m[31m[1m^[22m[39m[31m[1m^[2
2m[39m[31m[1m^[22m[39m[31m[1m^[22m
[39m[31m[1m^[22m[39m[31m[1m^[22m[39
m[31m[1m^[22m[39m[31m[1m^[22m[39m[
31m[1m^[22m[39m[31m[1m^[22m[39m[31m
[1m^[22m[39m[31m[1m^[22m[39m[31m[1
m^[22m[39m[31m[1m^[22m[39m[31m[1m^
[22m[39m[31m[1m^[22m[39m[31m[1m^[22
m[39m[31m[1m^[22m[39m[31m[1m^[22m[
39m[31m[1m^[22m[39m[31m[1m^[22m[39m
[31m[1m^[22m[39m[31m[1m^[22m[39m[3
1m[1m^[22m[39m[31m[1m^[22m[39m[31m
[1m^[22m[39m[31m[1m^[22m[39m[31m[1m
^[22m[39m[31m[1m^[22m[39m[31m[1m^[
22m[39m
 [90m 11 |[39m [36mimport[39m { 
useToast } [36mfrom[39m [32m"@/component
s/ui/use-toast"[39m[33m;[39m
 [90m 12 |[39m [36mimport[39m { 
[33mUNIFIED_ENTITY_FIELDS[39m[33m,[39m 
[33mCLIENT_ADMIN_FIELDS[39m[33m,[39m 
[33mFieldDefinition[39m } [36mfrom[39m 
[32m'@/config/field-definitions'[39m[33m
;[39m
 [90m 13 |[39m [36mimport[39m { 
formatApiError } [36mfrom[39m 
[32m'@/lib/api'[39m[33m;[39m[0m



Import traces:
  Client Component Browser:
    ./frontend/components/shared/unified-en
tity-form.tsx [Client Component Browser]
    
./frontend/app/dashboard/clients/page.tsx 
[Client Component Browser]
    
./frontend/app/dashboard/clients/page.tsx 
[Server Component]

  Client Component SSR:
    ./frontend/components/shared/unified-en
tity-form.tsx [Client Component SSR]
    
./frontend/app/dashboard/clients/page.tsx 
[Client Component SSR]
    
./frontend/app/dashboard/clients/page.tsx 
[Server Component]

https://nextjs.org/docs/messages/module-not
-found


./frontend/components/shared/universal-enti
ty-card.tsx:5:1
Module not found: Can't resolve 
'lucide-react'
[0m [90m 3 |[39m [36mimport[39m { 
[33mCard[39m } [36mfrom[39m 
[32m"@/components/ui/card"[39m
 [90m 4 |[39m [36mimport[39m { 
cn[33m,[39m formatCurrency } 
[36mfrom[39m [32m"@/lib/utils"[39m
[31m[1m>[22m[39m[90m 5 |[39m 
[36mimport[39m { 
[33mCheck[39m[33m,[39m 
[33mShieldCheck[39m } [36mfrom[39m 
[32m"lucide-react"[39m
 [90m   |[39m [31m[1m^[22m[39m[31m[
1m^[22m[39m[31m[1m^[22m[39m[31m[1m^
[22m[39m[31m[1m^[22m[39m[31m[1m^[2
2m[39m[31m[1m^[22m[39m[31m[1m^[22m
[39m[31m[1m^[22m[39m[31m[1m^[22m[39
m[31m[1m^[22m[39m[31m[1m^[22m[39m[
31m[1m^[22m[39m[31m[1m^[22m[39m[31m
[1m^[22m[39m[31m[1m^[22m[39m[31m[1
m^[22m[39m[31m[1m^[22m[39m[31m[1m^
[22m[39m[31m[1m^[22m[39m[31m[1m^[22
m[39m[31m[1m^[22m[39m[31m[1m^[22m[
39m[31m[1m^[22m[39m[31m[1m^[22m[39m
[31m[1m^[22m[39m[31m[1m^[22m[39m[3
1m[1m^[22m[39m[31m[1m^[22m[39m[31m
[1m^[22m[39m[31m[1m^[22m[39m[31m[1m
^[22m[39m[31m[1m^[22m[39m[31m[1m^[
22m[39m[31m[1m^[22m[39m[31m[1m^[22m
[39m[31m[1m^[22m[39m[31m[1m^[22m[3
9m[31m[1m^[22m[39m[31m[1m^[22m[39m
[31m[1m^[22m[39m[31m[1m^[22m[39m[31
m[1m^[22m[39m[31m[1m^[22m[39m[31m[
1m^[22m[39m[31m[1m^[22m[39m[31m[1m^
[22m[39m[31m[1m^[22m[39m[31m[1m^[2
2m[39m
 [90m 6 |[39m [36mimport[39m { 
useLanguage } [36mfrom[39m 
[32m"@/contexts/language-context"[39m
 [90m 7 |[39m
 [90m 8 |[39m [36mexport[39m 
[36minterface[39m [33mEntityItem[39m 
{[0m



Import traces:
  Client Component Browser:
    ./frontend/components/shared/universal-
entity-card.tsx [Client Component Browser]
    ./frontend/components/shared/policy-car
d.tsx [Client Component Browser]
    
./frontend/app/dashboard/policies/page.tsx 
[Client Component Browser]
    
./frontend/app/dashboard/policies/page.tsx 
[Server Component]

  Client Component SSR:
    ./frontend/components/shared/universal-
entity-card.tsx [Client Component SSR]
    ./frontend/components/shared/policy-car
d.tsx [Client Component SSR]
    
./frontend/app/dashboard/policies/page.tsx 
[Client Component SSR]
    
./frontend/app/dashboard/policies/page.tsx 
[Server Component]

https://nextjs.org/docs/messages/module-not
-found


./frontend/components/shared/user-avatar.ts
x:5:1
Module not found: Can't resolve 
'lucide-react'
[0m [90m 3 |[39m [36mimport[39m { 
useState[33m,[39m useEffect[33m,[39m 
useId } [36mfrom[39m 
[32m'react'[39m[33m;[39m
 [90m 4 |[39m [36mimport[39m { cn } 
[36mfrom[39m 
[32m'@/lib/utils'[39m[33m;[39m
[31m[1m>[22m[39m[90m 5 |[39m 
[36mimport[39m { 
[33mLoader2[39m[33m,[39m 
[33mCamera[39m[33m,[39m [33mUser[39m 
} [36mfrom[39m 
[32m'lucide-react'[39m[33m;[39m
 [90m   |[39m [31m[1m^[22m[39m[31m[
1m^[22m[39m[31m[1m^[22m[39m[31m[1m^
[22m[39m[31m[1m^[22m[39m[31m[1m^[2
2m[39m[31m[1m^[22m[39m[31m[1m^[22m
[39m[31m[1m^[22m[39m[31m[1m^[22m[39
m[31m[1m^[22m[39m[31m[1m^[22m[39m[
31m[1m^[22m[39m[31m[1m^[22m[39m[31m
[1m^[22m[39m[31m[1m^[22m[39m[31m[1
m^[22m[39m[31m[1m^[22m[39m[31m[1m^
[22m[39m[31m[1m^[22m[39m[31m[1m^[22
m[39m[31m[1m^[22m[39m[31m[1m^[22m[
39m[31m[1m^[22m[39m[31m[1m^[22m[39m
[31m[1m^[22m[39m[31m[1m^[22m[39m[3
1m[1m^[22m[39m[31m[1m^[22m[39m[31m
[1m^[22m[39m[31m[1m^[22m[39m[31m[1m
^[22m[39m[31m[1m^[22m[39m[31m[1m^[
22m[39m[31m[1m^[22m[39m[31m[1m^[22m
[39m[31m[1m^[22m[39m[31m[1m^[22m[3
9m[31m[1m^[22m[39m[31m[1m^[22m[39m
[31m[1m^[22m[39m[31m[1m^[22m[39m[31
m[1m^[22m[39m[31m[1m^[22m[39m[31m[
1m^[22m[39m[31m[1m^[22m[39m[31m[1m^
[22m[39m[31m[1m^[22m[39m[31m[1m^[2
2m[39m[31m[1m^[22m[39m[31m[1m^[22m
[39m[31m[1m^[22m[39m[31m[1m^[22m[39
m
 [90m 6 |[39m
 [90m 7 |[39m [36minterface[39m 
[33mUserAvatarProps[39m {
 [90m 8 |[39m     
src[33m?[39m[33m:[39m string 
[33m|[39m [36mnull[39m[33m;[39m[0m



Import traces:
  Client Component Browser:
    ./frontend/components/shared/user-avata
r.tsx [Client Component Browser]
    
./frontend/app/dashboard/payroll/page.tsx 
[Client Component Browser]
    
./frontend/app/dashboard/payroll/page.tsx 
[Server Component]

  Client Component SSR:
    ./frontend/components/shared/user-avata
r.tsx [Client Component SSR]
    
./frontend/app/dashboard/payroll/page.tsx 
[Client Component SSR]
    
./frontend/app/dashboard/payroll/page.tsx 
[Server Component]

https://nextjs.org/docs/messages/module-not
-found


./frontend/components/support/support-chat-
widget.tsx:8:1
Module not found: Can't resolve 
'lucide-react'
[0m [90m  6 |[39m [36mimport[39m { 
[33mScrollArea[39m } [36mfrom[39m [32m
'@/components/ui/scroll-area'[39m[33m;[3
9m
 [90m  7 |[39m [36mimport[39m { 
[33mCard[39m[33m,[39m 
[33mCardContent[39m } [36mfrom[39m 
[32m'@/components/ui/card'[39m[33m;[39m
[31m[1m>[22m[39m[90m  8 |[39m 
[36mimport[39m { 
[33mBot[39m[33m,[39m 
[33mSend[39m[33m,[39m 
[33mPaperclip[39m[33m,[39m 
[33mX[39m[33m,[39m 
[33mUser[39m[33m,[39m 
[33mLoader2[39m[33m,[39m 
[33mImage[39m [36mas[39m 
[33mImageIcon[39m[33m,[39m 
[33mSparkles[39m } [36mfrom[39m 
[32m'lucide-react'[39m[33m;[39m
 [90m    |[39m [31m[1m^[22m[39m[31m
[1m^[22m[39m[31m[1m^[22m[39m[31m[1m
^[22m[39m[31m[1m^[22m[39m[31m[1m^[
22m[39m[31m[1m^[22m[39m[31m[1m^[22m
[39m[31m[1m^[22m[39m[31m[1m^[22m[3
9m[31m[1m^[22m[39m[31m[1m^[22m[39m
[31m[1m^[22m[39m[31m[1m^[22m[39m[31
m[1m^[22m[39m[31m[1m^[22m[39m[31m[
1m^[22m[39m[31m[1m^[22m[39m[31m[1m^
[22m[39m[31m[1m^[22m[39m[31m[1m^[2
2m[39m[31m[1m^[22m[39m[31m[1m^[22m
[39m[31m[1m^[22m[39m[31m[1m^[22m[39
m[31m[1m^[22m[39m[31m[1m^[22m[39m[
31m[1m^[22m[39m[31m[1m^[22m[39m[31m
[1m^[22m[39m[31m[1m^[22m[39m[31m[1
m^[22m[39m[31m[1m^[22m[39m[31m[1m^
[22m[39m[31m[1m^[22m[39m[31m[1m^[22
m[39m[31m[1m^[22m[39m[31m[1m^[22m[
39m[31m[1m^[22m[39m[31m[1m^[22m[39m
[31m[1m^[22m[39m[31m[1m^[22m[39m[3
1m[1m^[22m[39m[31m[1m^[22m[39m[31m
[1m^[22m[39m[31m[1m^[22m[39m[31m[1m
^[22m[39m[31m[1m^[22m[39m[31m[1m^[
22m[39m[31m[1m^[22m[39m[31m[1m^[22m
[39m[31m[1m^[22m[39m[31m[1m^[22m[3
9m[31m[1m^[22m[39m[31m[1m^[22m[39m
[31m[1m^[22m[39m[31m[1m^[22m[39m[31
m[1m^[22m[39m[31m[1m^[22m[39m[31m[
1m^[22m[39m[31m[1m^[22m[39m[31m[1m^
[22m[39m[31m[1m^[22m[39m[31m[1m^[2
2m[39m[31m[1m^[22m[39m[31m[1m^[22m
[39m[31m[1m^[22m[39m[31m[1m^[22m[39
m[31m[1m^[22m[39m[31m[1m^[22m[39m[
31m[1m^[22m[39m[31m[1m^[22m[39m[31m
[1m^[22m[39m[31m[1m^[22m[39m[31m[1
m^[22m[39m[31m[1m^[22m[39m[31m[1m^
[22m[39m[31m[1m^[22m[39m[31m[1m^[22
m[39m[31m[1m^[22m[39m[31m[1m^[22m[
39m[31m[1m^[22m[39m[31m[1m^[22m[39m
[31m[1m^[22m[39m[31m[1m^[22m[39m[3
1m[1m^[22m[39m[31m[1m^[22m[39m[31m
[1m^[22m[39m[31m[1m^[22m[39m[31m[1m
^[22m[39m[31m[1m^[22m[39m[31m[1m^[
22m[39m[31m[1m^[22m[39m[31m[1m^[22m
[39m[31m[1m^[22m[39m[31m[1m^[22m[3
9m[31m[1m^[22m[39m[31m[1m^[22m[39m
[31m[1m^[22m[39m[31m[1m^[22m[39m
 [90m  9 |[39m [36mimport[39m { 
[33mAiAPI[39m[33m,[39m 
[33mChatMessage[39m } [36mfrom[39m 
[32m'@/lib/ai-api'[39m[33m;[39m
 [90m 10 |[39m [36mimport[39m { api } 
[36mfrom[39m 
[32m'@/lib/api'[39m[33m;[39m
 [90m 11 |[39m [36mimport[39m { toast 
} [36mfrom[39m [32m'@/components/ui/use-
toast'[39m[33m;[39m[0m



Import traces:
  Client Component Browser:
    ./frontend/components/support/support-c
hat-widget.tsx [Client Component Browser]
    ./frontend/app/portal/support/page.tsx 
[Client Component Browser]
    ./frontend/app/portal/support/page.tsx 
[Server Component]

  Client Component SSR:
    ./frontend/components/support/support-c
hat-widget.tsx [Client Component SSR]
    ./frontend/app/portal/support/page.tsx 
[Client Component SSR]
    ./frontend/app/portal/support/page.tsx 
[Server Component]

https://nextjs.org/docs/messages/module-not
-found


./frontend/components/ui/calendar.tsx:4:1
Module not found: Can't resolve 
'lucide-react'
[0m [90m 2 |[39m
 [90m 3 |[39m [36mimport[39m 
[33m*[39m [36mas[39m [33mReact[39m 
[36mfrom[39m [32m"react"[39m
[31m[1m>[22m[39m[90m 4 |[39m 
[36mimport[39m { 
[33mChevronLeft[39m[33m,[39m 
[33mChevronRight[39m } [36mfrom[39m 
[32m"lucide-react"[39m
 [90m   |[39m [31m[1m^[22m[39m[31m[
1m^[22m[39m[31m[1m^[22m[39m[31m[1m^
[22m[39m[31m[1m^[22m[39m[31m[1m^[2
2m[39m[31m[1m^[22m[39m[31m[1m^[22m
[39m[31m[1m^[22m[39m[31m[1m^[22m[39
m[31m[1m^[22m[39m[31m[1m^[22m[39m[
31m[1m^[22m[39m[31m[1m^[22m[39m[31m
[1m^[22m[39m[31m[1m^[22m[39m[31m[1
m^[22m[39m[31m[1m^[22m[39m[31m[1m^
[22m[39m[31m[1m^[22m[39m[31m[1m^[22
m[39m[31m[1m^[22m[39m[31m[1m^[22m[
39m[31m[1m^[22m[39m[31m[1m^[22m[39m
[31m[1m^[22m[39m[31m[1m^[22m[39m[3
1m[1m^[22m[39m[31m[1m^[22m[39m[31m
[1m^[22m[39m[31m[1m^[22m[39m[31m[1m
^[22m[39m[31m[1m^[22m[39m[31m[1m^[
22m[39m[31m[1m^[22m[39m[31m[1m^[22m
[39m[31m[1m^[22m[39m[31m[1m^[22m[3
9m[31m[1m^[22m[39m[31m[1m^[22m[39m
[31m[1m^[22m[39m[31m[1m^[22m[39m[31
m[1m^[22m[39m[31m[1m^[22m[39m[31m[
1m^[22m[39m[31m[1m^[22m[39m[31m[1m^
[22m[39m[31m[1m^[22m[39m[31m[1m^[2
2m[39m[31m[1m^[22m[39m[31m[1m^[22m
[39m[31m[1m^[22m[39m[31m[1m^[22m[39
m[31m[1m^[22m[39m[31m[1m^[22m[39m[
31m[1m^[22m[39m
 [90m 5 |[39m [36mimport[39m { 
[33mDayPicker[39m } [36mfrom[39m 
[32m"react-day-picker"[39m
 [90m 6 |[39m
 [90m 7 |[39m [36mimport[39m { cn } 
[36mfrom[39m [32m"@/lib/utils"[39m[0m



Import traces:
  Client Component Browser:
    ./frontend/components/ui/calendar.tsx 
[Client Component Browser]
    ./frontend/components/analytics/unified
-filter.tsx [Client Component Browser]
    ./frontend/app/dashboard/analytics/page
.tsx [Client Component Browser]
    ./frontend/app/dashboard/analytics/page
.tsx [Server Component]

  Client Component SSR:
    ./frontend/components/ui/calendar.tsx 
[Client Component SSR]
    ./frontend/components/analytics/unified
-filter.tsx [Client Component SSR]
    ./frontend/app/dashboard/analytics/page
.tsx [Client Component SSR]
    ./frontend/app/dashboard/analytics/page
.tsx [Server Component]

https://nextjs.org/docs/messages/module-not
-found


./frontend/components/ui/checkbox.tsx:5:1
Module not found: Can't resolve 
'lucide-react'
[0m [90m 3 |[39m [36mimport[39m 
[33m*[39m [36mas[39m [33mReact[39m 
[36mfrom[39m [32m"react"[39m
 [90m 4 |[39m [36mimport[39m 
[33m*[39m [36mas[39m 
[33mCheckboxPrimitive[39m [36mfrom[39m 
[32m"@radix-ui/react-checkbox"[39m
[31m[1m>[22m[39m[90m 5 |[39m 
[36mimport[39m { [33mCheck[39m } 
[36mfrom[39m [32m"lucide-react"[39m
 [90m   |[39m [31m[1m^[22m[39m[31m[
1m^[22m[39m[31m[1m^[22m[39m[31m[1m^
[22m[39m[31m[1m^[22m[39m[31m[1m^[2
2m[39m[31m[1m^[22m[39m[31m[1m^[22m
[39m[31m[1m^[22m[39m[31m[1m^[22m[39
m[31m[1m^[22m[39m[31m[1m^[22m[39m[
31m[1m^[22m[39m[31m[1m^[22m[39m[31m
[1m^[22m[39m[31m[1m^[22m[39m[31m[1
m^[22m[39m[31m[1m^[22m[39m[31m[1m^
[22m[39m[31m[1m^[22m[39m[31m[1m^[22
m[39m[31m[1m^[22m[39m[31m[1m^[22m[
39m[31m[1m^[22m[39m[31m[1m^[22m[39m
[31m[1m^[22m[39m[31m[1m^[22m[39m[3
1m[1m^[22m[39m[31m[1m^[22m[39m[31m
[1m^[22m[39m[31m[1m^[22m[39m[31m[1m
^[22m[39m[31m[1m^[22m[39m[31m[1m^[
22m[39m[31m[1m^[22m[39m[31m[1m^[22m
[39m
 [90m 6 |[39m
 [90m 7 |[39m [36mimport[39m { cn } 
[36mfrom[39m [32m"@/lib/utils"[39m
 [90m 8 |[39m[0m



Import traces:
  Client Component Browser:
    ./frontend/components/ui/checkbox.tsx 
[Client Component Browser]
    ./frontend/components/shared/permission
-matrix.tsx [Client Component Browser]
    ./frontend/app/dashboard/admin/permissi
ons/page.tsx [Client Component Browser]
    ./frontend/app/dashboard/admin/permissi
ons/page.tsx [Server Component]

  Client Component SSR:
    ./frontend/components/ui/checkbox.tsx 
[Client Component SSR]
    ./frontend/components/shared/permission
-matrix.tsx [Client Component SSR]
    ./frontend/app/dashboard/admin/permissi
ons/page.tsx [Client Component SSR]
    ./frontend/app/dashboard/admin/permissi
ons/page.tsx [Server Component]

https://nextjs.org/docs/messages/module-not
-found


./frontend/components/ui/data-table-column-
header.tsx:4:1
Module not found: Can't resolve 
'lucide-react'
[0m [90m 2 |[39m
 [90m 3 |[39m [36mimport[39m { 
[33mColumn[39m } [36mfrom[39m 
[32m"@tanstack/react-table"[39m
[31m[1m>[22m[39m[90m 4 |[39m 
[36mimport[39m { 
[33mArrowDown[39m[33m,[39m 
[33mArrowUp[39m[33m,[39m 
[33mChevronsUpDown[39m[33m,[39m 
[33mEyeOff[39m } [36mfrom[39m 
[32m"lucide-react"[39m
 [90m   |[39m [31m[1m^[22m[39m[31m[
1m^[22m[39m[31m[1m^[22m[39m[31m[1m^
[22m[39m[31m[1m^[22m[39m[31m[1m^[2
2m[39m[31m[1m^[22m[39m[31m[1m^[22m
[39m[31m[1m^[22m[39m[31m[1m^[22m[39
m[31m[1m^[22m[39m[31m[1m^[22m[39m[
31m[1m^[22m[39m[31m[1m^[22m[39m[31m
[1m^[22m[39m[31m[1m^[22m[39m[31m[1
m^[22m[39m[31m[1m^[22m[39m[31m[1m^
[22m[39m[31m[1m^[22m[39m[31m[1m^[22
m[39m[31m[1m^[22m[39m[31m[1m^[22m[
39m[31m[1m^[22m[39m[31m[1m^[22m[39m
[31m[1m^[22m[39m[31m[1m^[22m[39m[3
1m[1m^[22m[39m[31m[1m^[22m[39m[31m
[1m^[22m[39m[31m[1m^[22m[39m[31m[1m
^[22m[39m[31m[1m^[22m[39m[31m[1m^[
22m[39m[31m[1m^[22m[39m[31m[1m^[22m
[39m[31m[1m^[22m[39m[31m[1m^[22m[3
9m[31m[1m^[22m[39m[31m[1m^[22m[39m
[31m[1m^[22m[39m[31m[1m^[22m[39m[31
m[1m^[22m[39m[31m[1m^[22m[39m[31m[
1m^[22m[39m[31m[1m^[22m[39m[31m[1m^
[22m[39m[31m[1m^[22m[39m[31m[1m^[2
2m[39m[31m[1m^[22m[39m[31m[1m^[22m
[39m[31m[1m^[22m[39m[31m[1m^[22m[39
m[31m[1m^[22m[39m[31m[1m^[22m[39m[
31m[1m^[22m[39m[31m[1m^[22m[39m[31m
[1m^[22m[39m[31m[1m^[22m[39m[31m[1
m^[22m[39m[31m[1m^[22m[39m[31m[1m^
[22m[39m[31m[1m^[22m[39m[31m[1m^[22
m[39m[31m[1m^[22m[39m[31m[1m^[22m[
39m[31m[1m^[22m[39m[31m[1m^[22m[39m
[31m[1m^[22m[39m[31m[1m^[22m[39m[3
1m[1m^[22m[39m[31m[1m^[22m[39m[31m
[1m^[22m[39m
 [90m 5 |[39m
 [90m 6 |[39m [36mimport[39m { cn } 
[36mfrom[39m [32m"@/lib/utils"[39m
 [90m 7 |[39m [36mimport[39m { 
[33mButton[39m } [36mfrom[39m 
[32m"@/components/ui/button"[39m[0m



Import traces:
  Client Component Browser:
    ./frontend/components/ui/data-table-col
umn-header.tsx [Client Component Browser]
    ./frontend/app/dashboard/clients/column
s.tsx [Client Component Browser]
    
./frontend/app/dashboard/clients/page.tsx 
[Client Component Browser]
    
./frontend/app/dashboard/clients/page.tsx 
[Server Component]

  Client Component SSR:
    ./frontend/components/ui/data-table-col
umn-header.tsx [Client Component SSR]
    ./frontend/app/dashboard/clients/column
s.tsx [Client Component SSR]
    
./frontend/app/dashboard/clients/page.tsx 
[Client Component SSR]
    
./frontend/app/dashboard/clients/page.tsx 
[Server Component]

https://nextjs.org/docs/messages/module-not
-found


./frontend/components/ui/data-table.tsx:33:
1
Module not found: Can't resolve 
'lucide-react'
[0m [90m 31 |[39m     
[33mDropdownMenuTrigger[39m[33m,[39m
 [90m 32 |[39m } [36mfrom[39m 
[32m"@/components/ui/dropdown-menu"[39m
[31m[1m>[22m[39m[90m 33 |[39m 
[36mimport[39m { [33mSettings2[39m } 
[36mfrom[39m [32m"lucide-react"[39m
 [90m    |[39m [31m[1m^[22m[39m[31m
[1m^[22m[39m[31m[1m^[22m[39m[31m[1m
^[22m[39m[31m[1m^[22m[39m[31m[1m^[
22m[39m[31m[1m^[22m[39m[31m[1m^[22m
[39m[31m[1m^[22m[39m[31m[1m^[22m[3
9m[31m[1m^[22m[39m[31m[1m^[22m[39m
[31m[1m^[22m[39m[31m[1m^[22m[39m[31
m[1m^[22m[39m[31m[1m^[22m[39m[31m[
1m^[22m[39m[31m[1m^[22m[39m[31m[1m^
[22m[39m[31m[1m^[22m[39m[31m[1m^[2
2m[39m[31m[1m^[22m[39m[31m[1m^[22m
[39m[31m[1m^[22m[39m[31m[1m^[22m[39
m[31m[1m^[22m[39m[31m[1m^[22m[39m[
31m[1m^[22m[39m[31m[1m^[22m[39m[31m
[1m^[22m[39m[31m[1m^[22m[39m[31m[1
m^[22m[39m[31m[1m^[22m[39m[31m[1m^
[22m[39m[31m[1m^[22m[39m[31m[1m^[22
m[39m[31m[1m^[22m[39m[31m[1m^[22m[
39m[31m[1m^[22m[39m[31m[1m^[22m[39m
 [90m 34 |[39m
 [90m 35 |[39m [36mimport[39m {
 [90m 36 |[39m     
[33mSelect[39m[33m,[39m[0m



Import traces:
  Client Component Browser:
    
./frontend/components/ui/data-table.tsx 
[Client Component Browser]
    
./frontend/app/dashboard/claims/page.tsx 
[Client Component Browser]
    
./frontend/app/dashboard/claims/page.tsx 
[Server Component]

  Client Component SSR:
    
./frontend/components/ui/data-table.tsx 
[Client Component SSR]
    
./frontend/app/dashboard/claims/page.tsx 
[Client Component SSR]
    
./frontend/app/dashboard/claims/page.tsx 
[Server Component]

https://nextjs.org/docs/messages/module-not
-found


./frontend/components/ui/data-view.tsx:33:1
Module not found: Can't resolve 
'lucide-react'
[0m [90m 31 |[39m     
[33mDropdownMenuTrigger[39m[33m,[39m
 [90m 32 |[39m } [36mfrom[39m 
[32m"@/components/ui/dropdown-menu"[39m
[31m[1m>[22m[39m[90m 33 |[39m 
[36mimport[39m { 
[33mSettings2[39m[33m,[39m 
[33mLayoutGrid[39m[33m,[39m 
[33mList[39m } [36mfrom[39m 
[32m"lucide-react"[39m
 [90m    |[39m [31m[1m^[22m[39m[31m
[1m^[22m[39m[31m[1m^[22m[39m[31m[1m
^[22m[39m[31m[1m^[22m[39m[31m[1m^[
22m[39m[31m[1m^[22m[39m[31m[1m^[22m
[39m[31m[1m^[22m[39m[31m[1m^[22m[3
9m[31m[1m^[22m[39m[31m[1m^[22m[39m
[31m[1m^[22m[39m[31m[1m^[22m[39m[31
m[1m^[22m[39m[31m[1m^[22m[39m[31m[
1m^[22m[39m[31m[1m^[22m[39m[31m[1m^
[22m[39m[31m[1m^[22m[39m[31m[1m^[2
2m[39m[31m[1m^[22m[39m[31m[1m^[22m
[39m[31m[1m^[22m[39m[31m[1m^[22m[39
m[31m[1m^[22m[39m[31m[1m^[22m[39m[
31m[1m^[22m[39m[31m[1m^[22m[39m[31m
[1m^[22m[39m[31m[1m^[22m[39m[31m[1
m^[22m[39m[31m[1m^[22m[39m[31m[1m^
[22m[39m[31m[1m^[22m[39m[31m[1m^[22
m[39m[31m[1m^[22m[39m[31m[1m^[22m[
39m[31m[1m^[22m[39m[31m[1m^[22m[39m
[31m[1m^[22m[39m[31m[1m^[22m[39m[3
1m[1m^[22m[39m[31m[1m^[22m[39m[31m
[1m^[22m[39m[31m[1m^[22m[39m[31m[1m
^[22m[39m[31m[1m^[22m[39m[31m[1m^[
22m[39m[31m[1m^[22m[39m[31m[1m^[22m
[39m[31m[1m^[22m[39m[31m[1m^[22m[3
9m[31m[1m^[22m[39m[31m[1m^[22m[39m
[31m[1m^[22m[39m[31m[1m^[22m[39m[31
m[1m^[22m[39m
 [90m 34 |[39m
 [90m 35 |[39m [36mimport[39m {
 [90m 36 |[39m     
[33mSelect[39m[33m,[39m[0m



Import traces:
  Client Component Browser:
    ./frontend/components/ui/data-view.tsx 
[Client Component Browser]
    
./frontend/app/dashboard/clients/page.tsx 
[Client Component Browser]
    
./frontend/app/dashboard/clients/page.tsx 
[Server Component]

  Client Component SSR:
    ./frontend/components/ui/data-view.tsx 
[Client Component SSR]
    
./frontend/app/dashboard/clients/page.tsx 
[Client Component SSR]
    
./frontend/app/dashboard/clients/page.tsx 
[Server Component]

https://nextjs.org/docs/messages/module-not
-found


./frontend/components/ui/dialog.tsx:5:1
Module not found: Can't resolve 
'lucide-react'
[0m [90m 3 |[39m [36mimport[39m 
[33m*[39m [36mas[39m [33mReact[39m 
[36mfrom[39m [32m"react"[39m
 [90m 4 |[39m [36mimport[39m 
[33m*[39m [36mas[39m 
[33mDialogPrimitive[39m [36mfrom[39m 
[32m"@radix-ui/react-dialog"[39m
[31m[1m>[22m[39m[90m 5 |[39m 
[36mimport[39m { [33mXIcon[39m } 
[36mfrom[39m [32m"lucide-react"[39m
 [90m   |[39m [31m[1m^[22m[39m[31m[
1m^[22m[39m[31m[1m^[22m[39m[31m[1m^
[22m[39m[31m[1m^[22m[39m[31m[1m^[2
2m[39m[31m[1m^[22m[39m[31m[1m^[22m
[39m[31m[1m^[22m[39m[31m[1m^[22m[39
m[31m[1m^[22m[39m[31m[1m^[22m[39m[
31m[1m^[22m[39m[31m[1m^[22m[39m[31m
[1m^[22m[39m[31m[1m^[22m[39m[31m[1
m^[22m[39m[31m[1m^[22m[39m[31m[1m^
[22m[39m[31m[1m^[22m[39m[31m[1m^[22
m[39m[31m[1m^[22m[39m[31m[1m^[22m[
39m[31m[1m^[22m[39m[31m[1m^[22m[39m
[31m[1m^[22m[39m[31m[1m^[22m[39m[3
1m[1m^[22m[39m[31m[1m^[22m[39m[31m
[1m^[22m[39m[31m[1m^[22m[39m[31m[1m
^[22m[39m[31m[1m^[22m[39m[31m[1m^[
22m[39m[31m[1m^[22m[39m[31m[1m^[22m
[39m
 [90m 6 |[39m
 [90m 7 |[39m [36mimport[39m { cn } 
[36mfrom[39m [32m"@/lib/utils"[39m
 [90m 8 |[39m[0m



Import traces:
  Client Component Browser:
    ./frontend/components/ui/dialog.tsx 
[Client Component Browser]
    ./frontend/components/policies/policy-f
orm-dialog.tsx [Client Component Browser]
    
./frontend/app/dashboard/policies/page.tsx 
[Client Component Browser]
    
./frontend/app/dashboard/policies/page.tsx 
[Server Component]

  Client Component SSR:
    ./frontend/components/ui/dialog.tsx 
[Client Component SSR]
    ./frontend/components/policies/policy-f
orm-dialog.tsx [Client Component SSR]
    
./frontend/app/dashboard/policies/page.tsx 
[Client Component SSR]
    
./frontend/app/dashboard/policies/page.tsx 
[Server Component]

https://nextjs.org/docs/messages/module-not
-found


./frontend/components/ui/dropdown-menu.tsx:
5:1
Module not found: Can't resolve 
'lucide-react'
[0m [90m 3 |[39m [36mimport[39m 
[33m*[39m [36mas[39m [33mReact[39m 
[36mfrom[39m [32m"react"[39m
 [90m 4 |[39m [36mimport[39m 
[33m*[39m [36mas[39m 
[33mDropdownMenuPrimitive[39m 
[36mfrom[39m 
[32m"@radix-ui/react-dropdown-menu"[39m
[31m[1m>[22m[39m[90m 5 |[39m 
[36mimport[39m { 
[33mCheckIcon[39m[33m,[39m 
[33mChevronRightIcon[39m[33m,[39m 
[33mCircleIcon[39m } [36mfrom[39m 
[32m"lucide-react"[39m
 [90m   |[39m [31m[1m^[22m[39m[31m[
1m^[22m[39m[31m[1m^[22m[39m[31m[1m^
[22m[39m[31m[1m^[22m[39m[31m[1m^[2
2m[39m[31m[1m^[22m[39m[31m[1m^[22m
[39m[31m[1m^[22m[39m[31m[1m^[22m[39
m[31m[1m^[22m[39m[31m[1m^[22m[39m[
31m[1m^[22m[39m[31m[1m^[22m[39m[31m
[1m^[22m[39m[31m[1m^[22m[39m[31m[1
m^[22m[39m[31m[1m^[22m[39m[31m[1m^
[22m[39m[31m[1m^[22m[39m[31m[1m^[22
m[39m[31m[1m^[22m[39m[31m[1m^[22m[
39m[31m[1m^[22m[39m[31m[1m^[22m[39m
[31m[1m^[22m[39m[31m[1m^[22m[39m[3
1m[1m^[22m[39m[31m[1m^[22m[39m[31m
[1m^[22m[39m[31m[1m^[22m[39m[31m[1m
^[22m[39m[31m[1m^[22m[39m[31m[1m^[
22m[39m[31m[1m^[22m[39m[31m[1m^[22m
[39m[31m[1m^[22m[39m[31m[1m^[22m[3
9m[31m[1m^[22m[39m[31m[1m^[22m[39m
[31m[1m^[22m[39m[31m[1m^[22m[39m[31
m[1m^[22m[39m[31m[1m^[22m[39m[31m[
1m^[22m[39m[31m[1m^[22m[39m[31m[1m^
[22m[39m[31m[1m^[22m[39m[31m[1m^[2
2m[39m[31m[1m^[22m[39m[31m[1m^[22m
[39m[31m[1m^[22m[39m[31m[1m^[22m[39
m[31m[1m^[22m[39m[31m[1m^[22m[39m[
31m[1m^[22m[39m[31m[1m^[22m[39m[31m
[1m^[22m[39m[31m[1m^[22m[39m[31m[1
m^[22m[39m[31m[1m^[22m[39m[31m[1m^
[22m[39m[31m[1m^[22m[39m[31m[1m^[22
m[39m[31m[1m^[22m[39m[31m[1m^[22m[
39m[31m[1m^[22m[39m[31m[1m^[22m[39m
[31m[1m^[22m[39m[31m[1m^[22m[39m
 [90m 6 |[39m
 [90m 7 |[39m [36mimport[39m { cn } 
[36mfrom[39m [32m"@/lib/utils"[39m
 [90m 8 |[39m[0m



Import traces:
  Client Component Browser:
    
./frontend/components/ui/dropdown-menu.tsx 
[Client Component Browser]
    ./frontend/components/ui/data-view.tsx 
[Client Component Browser]
    
./frontend/app/dashboard/payroll/page.tsx 
[Client Component Browser]
    
./frontend/app/dashboard/payroll/page.tsx 
[Server Component]

  Client Component SSR:
    
./frontend/components/ui/dropdown-menu.tsx 
[Client Component SSR]
    ./frontend/components/ai-agent/left-pan
el.tsx [Client Component SSR]
    ./frontend/components/ai-agent/agent-wo
rkspace.tsx [Client Component SSR]
    ./frontend/components/layout/dashboard-
shell.tsx [Client Component SSR]
    ./frontend/app/dashboard/layout.tsx 
[Client Component SSR]
    ./frontend/app/dashboard/layout.tsx 
[Server Component]

https://nextjs.org/docs/messages/module-not
-found


./frontend/components/ui/radio-group.tsx:5:
1
Module not found: Can't resolve 
'lucide-react'
[0m [90m 3 |[39m [36mimport[39m 
[33m*[39m [36mas[39m [33mReact[39m 
[36mfrom[39m [32m"react"[39m
 [90m 4 |[39m [36mimport[39m 
[33m*[39m [36mas[39m 
[33mRadioGroupPrimitive[39m 
[36mfrom[39m 
[32m"@radix-ui/react-radio-group"[39m
[31m[1m>[22m[39m[90m 5 |[39m 
[36mimport[39m { [33mCircle[39m } 
[36mfrom[39m [32m"lucide-react"[39m
 [90m   |[39m [31m[1m^[22m[39m[31m[
1m^[22m[39m[31m[1m^[22m[39m[31m[1m^
[22m[39m[31m[1m^[22m[39m[31m[1m^[2
2m[39m[31m[1m^[22m[39m[31m[1m^[22m
[39m[31m[1m^[22m[39m[31m[1m^[22m[39
m[31m[1m^[22m[39m[31m[1m^[22m[39m[
31m[1m^[22m[39m[31m[1m^[22m[39m[31m
[1m^[22m[39m[31m[1m^[22m[39m[31m[1
m^[22m[39m[31m[1m^[22m[39m[31m[1m^
[22m[39m[31m[1m^[22m[39m[31m[1m^[22
m[39m[31m[1m^[22m[39m[31m[1m^[22m[
39m[31m[1m^[22m[39m[31m[1m^[22m[39m
[31m[1m^[22m[39m[31m[1m^[22m[39m[3
1m[1m^[22m[39m[31m[1m^[22m[39m[31m
[1m^[22m[39m[31m[1m^[22m[39m[31m[1m
^[22m[39m[31m[1m^[22m[39m[31m[1m^[
22m[39m[31m[1m^[22m[39m[31m[1m^[22m
[39m[31m[1m^[22m[39m
 [90m 6 |[39m
 [90m 7 |[39m [36mimport[39m { cn } 
[36mfrom[39m [32m"@/lib/utils"[39m
 [90m 8 |[39m[0m



Import traces:
  Client Component Browser:
    
./frontend/components/ui/radio-group.tsx 
[Client Component Browser]
    ./frontend/app/dashboard/settings/langu
age-theme/page.tsx [Client Component 
Browser]
    ./frontend/app/dashboard/settings/langu
age-theme/page.tsx [Server Component]

  Client Component SSR:
    
./frontend/components/ui/radio-group.tsx 
[Client Component SSR]
    ./frontend/app/dashboard/settings/langu
age-theme/page.tsx [Client Component SSR]
    ./frontend/app/dashboard/settings/langu
age-theme/page.tsx [Server Component]

https://nextjs.org/docs/messages/module-not
-found


./frontend/components/ui/resizable.tsx:4:1
Module not found: Can't resolve 
'lucide-react'
[0m [90m 2 |[39m
 [90m 3 |[39m [36mimport[39m 
[33m*[39m [36mas[39m [33mReact[39m 
[36mfrom[39m [32m"react"[39m
[31m[1m>[22m[39m[90m 4 |[39m 
[36mimport[39m { 
[33mGripVerticalIcon[39m } 
[36mfrom[39m [32m"lucide-react"[39m
 [90m   |[39m [31m[1m^[22m[39m[31m[
1m^[22m[39m[31m[1m^[22m[39m[31m[1m^
[22m[39m[31m[1m^[22m[39m[31m[1m^[2
2m[39m[31m[1m^[22m[39m[31m[1m^[22m
[39m[31m[1m^[22m[39m[31m[1m^[22m[39
m[31m[1m^[22m[39m[31m[1m^[22m[39m[
31m[1m^[22m[39m[31m[1m^[22m[39m[31m
[1m^[22m[39m[31m[1m^[22m[39m[31m[1
m^[22m[39m[31m[1m^[22m[39m[31m[1m^
[22m[39m[31m[1m^[22m[39m[31m[1m^[22
m[39m[31m[1m^[22m[39m[31m[1m^[22m[
39m[31m[1m^[22m[39m[31m[1m^[22m[39m
[31m[1m^[22m[39m[31m[1m^[22m[39m[3
1m[1m^[22m[39m[31m[1m^[22m[39m[31m
[1m^[22m[39m[31m[1m^[22m[39m[31m[1m
^[22m[39m[31m[1m^[22m[39m[31m[1m^[
22m[39m[31m[1m^[22m[39m[31m[1m^[22m
[39m[31m[1m^[22m[39m[31m[1m^[22m[3
9m[31m[1m^[22m[39m[31m[1m^[22m[39m
[31m[1m^[22m[39m[31m[1m^[22m[39m[31
m[1m^[22m[39m[31m[1m^[22m[39m[31m[
1m^[22m[39m[31m[1m^[22m[39m[31m[1m^
[22m[39m
 [90m 5 |[39m [36mimport[39m 
[33m*[39m [36mas[39m 
[33mResizablePrimitive[39m 
[36mfrom[39m 
[32m"react-resizable-panels"[39m
 [90m 6 |[39m
 [90m 7 |[39m [36mimport[39m { cn } 
[36mfrom[39m [32m"@/lib/utils"[39m[0m



Import traces:
  Client Component Browser:
    ./frontend/components/ui/resizable.tsx 
[Client Component Browser]
    ./frontend/components/layout/dashboard-
shell.tsx [Client Component Browser]
    ./frontend/app/dashboard/layout.tsx 
[Client Component Browser]
    ./frontend/app/dashboard/layout.tsx 
[Server Component]

  Client Component SSR:
    ./frontend/components/ui/resizable.tsx 
[Client Component SSR]
    ./frontend/components/layout/dashboard-
shell.tsx [Client Component SSR]
    ./frontend/app/dashboard/layout.tsx 
[Client Component SSR]
    ./frontend/app/dashboard/layout.tsx 
[Server Component]

https://nextjs.org/docs/messages/module-not
-found


./frontend/components/ui/select.tsx:5:1
Module not found: Can't resolve 
'lucide-react'
[0m [90m 3 |[39m [36mimport[39m 
[33m*[39m [36mas[39m [33mReact[39m 
[36mfrom[39m [32m"react"[39m
 [90m 4 |[39m [36mimport[39m 
[33m*[39m [36mas[39m 
[33mSelectPrimitive[39m [36mfrom[39m 
[32m"@radix-ui/react-select"[39m
[31m[1m>[22m[39m[90m 5 |[39m 
[36mimport[39m { 
[33mCheckIcon[39m[33m,[39m 
[33mChevronDownIcon[39m[33m,[39m 
[33mChevronUpIcon[39m } [36mfrom[39m 
[32m"lucide-react"[39m
 [90m   |[39m [31m[1m^[22m[39m[31m[
1m^[22m[39m[31m[1m^[22m[39m[31m[1m^
[22m[39m[31m[1m^[22m[39m[31m[1m^[2
2m[39m[31m[1m^[22m[39m[31m[1m^[22m
[39m[31m[1m^[22m[39m[31m[1m^[22m[39
m[31m[1m^[22m[39m[31m[1m^[22m[39m[
31m[1m^[22m[39m[31m[1m^[22m[39m[31m
[1m^[22m[39m[31m[1m^[22m[39m[31m[1
m^[22m[39m[31m[1m^[22m[39m[31m[1m^
[22m[39m[31m[1m^[22m[39m[31m[1m^[22
m[39m[31m[1m^[22m[39m[31m[1m^[22m[
39m[31m[1m^[22m[39m[31m[1m^[22m[39m
[31m[1m^[22m[39m[31m[1m^[22m[39m[3
1m[1m^[22m[39m[31m[1m^[22m[39m[31m
[1m^[22m[39m[31m[1m^[22m[39m[31m[1m
^[22m[39m[31m[1m^[22m[39m[31m[1m^[
22m[39m[31m[1m^[22m[39m[31m[1m^[22m
[39m[31m[1m^[22m[39m[31m[1m^[22m[3
9m[31m[1m^[22m[39m[31m[1m^[22m[39m
[31m[1m^[22m[39m[31m[1m^[22m[39m[31
m[1m^[22m[39m[31m[1m^[22m[39m[31m[
1m^[22m[39m[31m[1m^[22m[39m[31m[1m^
[22m[39m[31m[1m^[22m[39m[31m[1m^[2
2m[39m[31m[1m^[22m[39m[31m[1m^[22m
[39m[31m[1m^[22m[39m[31m[1m^[22m[39
m[31m[1m^[22m[39m[31m[1m^[22m[39m[
31m[1m^[22m[39m[31m[1m^[22m[39m[31m
[1m^[22m[39m[31m[1m^[22m[39m[31m[1
m^[22m[39m[31m[1m^[22m[39m[31m[1m^
[22m[39m[31m[1m^[22m[39m[31m[1m^[22
m[39m[31m[1m^[22m[39m[31m[1m^[22m[
39m[31m[1m^[22m[39m[31m[1m^[22m[39m
[31m[1m^[22m[39m[31m[1m^[22m[39m[3
1m[1m^[22m[39m[31m[1m^[22m[39m
 [90m 6 |[39m
 [90m 7 |[39m [36mimport[39m { cn } 
[36mfrom[39m [32m"@/lib/utils"[39m
 [90m 8 |[39m[0m



Import traces:
  Client Component SSR:
    ./frontend/components/ui/select.tsx 
[Client Component SSR]
    ./frontend/app/dashboard/commissions/pa
ge.tsx [Client Component SSR]
    ./frontend/app/dashboard/commissions/pa
ge.tsx [Server Component]

  Client Component Browser:
    ./frontend/components/ui/select.tsx 
[Client Component Browser]
    ./frontend/components/policies/cancella
tion-workflow.tsx [Client Component 
Browser]
    ./frontend/app/dashboard/policies/[id]/
page.tsx [Client Component Browser]
    ./frontend/app/dashboard/policies/[id]/
page.tsx [Server Component]

https://nextjs.org/docs/messages/module-not
-found


./frontend/components/ui/tinsur-logo.tsx:4:
1
Module not found: Can't resolve 
'lucide-react'
[0m [90m 2 |[39m
 [90m 3 |[39m [36mimport[39m 
[33mReact[39m [36mfrom[39m 
[32m"react"[39m[33m;[39m
[31m[1m>[22m[39m[90m 4 |[39m 
[36mimport[39m { [33mShield[39m } 
[36mfrom[39m 
[32m"lucide-react"[39m[33m;[39m
 [90m   |[39m [31m[1m^[22m[39m[31m[
1m^[22m[39m[31m[1m^[22m[39m[31m[1m^
[22m[39m[31m[1m^[22m[39m[31m[1m^[2
2m[39m[31m[1m^[22m[39m[31m[1m^[22m
[39m[31m[1m^[22m[39m[31m[1m^[22m[39
m[31m[1m^[22m[39m[31m[1m^[22m[39m[
31m[1m^[22m[39m[31m[1m^[22m[39m[31m
[1m^[22m[39m[31m[1m^[22m[39m[31m[1
m^[22m[39m[31m[1m^[22m[39m[31m[1m^
[22m[39m[31m[1m^[22m[39m[31m[1m^[22
m[39m[31m[1m^[22m[39m[31m[1m^[22m[
39m[31m[1m^[22m[39m[31m[1m^[22m[39m
[31m[1m^[22m[39m[31m[1m^[22m[39m[3
1m[1m^[22m[39m[31m[1m^[22m[39m[31m
[1m^[22m[39m[31m[1m^[22m[39m[31m[1m
^[22m[39m[31m[1m^[22m[39m[31m[1m^[
22m[39m[31m[1m^[22m[39m[31m[1m^[22m
[39m[31m[1m^[22m[39m[31m[1m^[22m[3
9m
 [90m 5 |[39m [36mimport[39m { 
useBranding } [36mfrom[39m [32m"@/compon
ents/branding-provider"[39m[33m;[39m
 [90m 6 |[39m
 [90m 7 |[39m [36minterface[39m 
[33mTinsurLogoProps[39m {[0m



Import traces:
  Client Component Browser:
    
./frontend/components/ui/tinsur-logo.tsx 
[Client Component Browser]
    ./frontend/components/policies/policy-a
greement-view.tsx [Client Component 
Browser]
    ./frontend/app/dashboard/policies/[id]/
page.tsx [Client Component Browser]
    ./frontend/app/dashboard/policies/[id]/
page.tsx [Server Component]

  Client Component SSR:
    
./frontend/components/ui/tinsur-logo.tsx 
[Client Component SSR]
    ./frontend/components/policies/policy-a
greement-view.tsx [Client Component SSR]
    ./frontend/app/dashboard/policies/[id]/
page.tsx [Client Component SSR]
    ./frontend/app/dashboard/policies/[id]/
page.tsx [Server Component]

https://nextjs.org/docs/messages/module-not
-found


./frontend/components/ui/toast.tsx:4:1
Module not found: Can't resolve 
'lucide-react'
[0m [90m 2 |[39m [36mimport[39m 
[33m*[39m [36mas[39m 
[33mToastPrimitives[39m [36mfrom[39m 
[32m"@radix-ui/react-toast"[39m
 [90m 3 |[39m [36mimport[39m { 
cva[33m,[39m type [33mVariantProps[39m 
} [36mfrom[39m 
[32m"class-variance-authority"[39m
[31m[1m>[22m[39m[90m 4 |[39m 
[36mimport[39m { [33mX[39m } 
[36mfrom[39m [32m"lucide-react"[39m
 [90m   |[39m [31m[1m^[22m[39m[31m[
1m^[22m[39m[31m[1m^[22m[39m[31m[1m^
[22m[39m[31m[1m^[22m[39m[31m[1m^[2
2m[39m[31m[1m^[22m[39m[31m[1m^[22m
[39m[31m[1m^[22m[39m[31m[1m^[22m[39
m[31m[1m^[22m[39m[31m[1m^[22m[39m[
31m[1m^[22m[39m[31m[1m^[22m[39m[31m
[1m^[22m[39m[31m[1m^[22m[39m[31m[1
m^[22m[39m[31m[1m^[22m[39m[31m[1m^
[22m[39m[31m[1m^[22m[39m[31m[1m^[22
m[39m[31m[1m^[22m[39m[31m[1m^[22m[
39m[31m[1m^[22m[39m[31m[1m^[22m[39m
[31m[1m^[22m[39m[31m[1m^[22m[39m[3
1m[1m^[22m[39m[31m[1m^[22m[39m[31m
[1m^[22m[39m[31m[1m^[22m[39m[31m[1m
^[22m[39m
 [90m 5 |[39m
 [90m 6 |[39m [36mimport[39m { cn } 
[36mfrom[39m [32m"@/lib/utils"[39m
 [90m 7 |[39m[0m



Import traces:
  Client Component Browser:
    ./frontend/components/ui/toast.tsx 
[Client Component Browser]
    ./frontend/components/ui/toaster.tsx 
[Client Component Browser]
    ./frontend/components/ui/toaster.tsx 
[Server Component]
    ./frontend/app/layout.tsx [Server 
Component]

  Client Component SSR:
    ./frontend/components/ui/toast.tsx 
[Client Component SSR]
    ./frontend/components/ui/toaster.tsx 
[Client Component SSR]
    ./frontend/components/ui/toaster.tsx 
[Server Component]
    ./frontend/app/layout.tsx [Server 
Component]

https://nextjs.org/docs/messages/module-not
-found


./frontend/components/user-permissions-moda
l.tsx:3:1
Module not found: Can't resolve 
'lucide-react'
[0m [90m 1 |[39m [32m"use client"[39m
 [90m 2 |[39m
[31m[1m>[22m[39m[90m 3 |[39m 
[36mimport[39m { [33mShield[39m } 
[36mfrom[39m [32m"lucide-react"[39m
 [90m   |[39m [31m[1m^[22m[39m[31m[
1m^[22m[39m[31m[1m^[22m[39m[31m[1m^
[22m[39m[31m[1m^[22m[39m[31m[1m^[2
2m[39m[31m[1m^[22m[39m[31m[1m^[22m
[39m[31m[1m^[22m[39m[31m[1m^[22m[39
m[31m[1m^[22m[39m[31m[1m^[22m[39m[
31m[1m^[22m[39m[31m[1m^[22m[39m[31m
[1m^[22m[39m[31m[1m^[22m[39m[31m[1
m^[22m[39m[31m[1m^[22m[39m[31m[1m^
[22m[39m[31m[1m^[22m[39m[31m[1m^[22
m[39m[31m[1m^[22m[39m[31m[1m^[22m[
39m[31m[1m^[22m[39m[31m[1m^[22m[39m
[31m[1m^[22m[39m[31m[1m^[22m[39m[3
1m[1m^[22m[39m[31m[1m^[22m[39m[31m
[1m^[22m[39m[31m[1m^[22m[39m[31m[1m
^[22m[39m[31m[1m^[22m[39m[31m[1m^[
22m[39m[31m[1m^[22m[39m[31m[1m^[22m
[39m[31m[1m^[22m[39m
 [90m 4 |[39m [36mimport[39m { 
[33mButton[39m } [36mfrom[39m 
[32m"@/components/ui/button"[39m
 [90m 5 |[39m [36mimport[39m {
 [90m 6 |[39m     
[33mDialog[39m[33m,[39m[0m



Import traces:
  Client Component Browser:
    ./frontend/components/user-permissions-
modal.tsx [Client Component Browser]
    
./frontend/app/dashboard/settings/page.tsx 
[Client Component Browser]
    
./frontend/app/dashboard/settings/page.tsx 
[Server Component]

  Client Component SSR:
    ./frontend/components/user-permissions-
modal.tsx [Client Component SSR]
    
./frontend/app/dashboard/settings/page.tsx 
[Client Component SSR]
    
./frontend/app/dashboard/settings/page.tsx 
[Server Component]

https://nextjs.org/docs/messages/module-not
-found


./frontend/lib/navigation.ts:1:1
Module not found: Can't resolve 
'lucide-react'
[0m[31m[1m>[22m[39m[90m  1 |[39m 
[36mimport[39m {
 [90m    |[39m [31m[1m^[22m[39m[31m
[1m^[22m[39m[31m[1m^[22m[39m[31m[1m
^[22m[39m[31m[1m^[22m[39m[31m[1m^[
22m[39m[31m[1m^[22m[39m[31m[1m^[22m
[39m
[31m[1m>[22m[39m[90m  2 |[39m     
[33mLayoutDashboard[39m[33m,[39m
 [90m    |[39m [31m[1m^[22m[39m[31m
[1m^[22m[39m[31m[1m^[22m[39m[31m[1m
^[22m[39m[31m[1m^[22m[39m[31m[1m^[
22m[39m[31m[1m^[22m[39m[31m[1m^[22m
[39m[31m[1m^[22m[39m[31m[1m^[22m[3
9m[31m[1m^[22m[39m[31m[1m^[22m[39m
[31m[1m^[22m[39m[31m[1m^[22m[39m[31
m[1m^[22m[39m[31m[1m^[22m[39m[31m[
1m^[22m[39m[31m[1m^[22m[39m[31m[1m^
[22m[39m[31m[1m^[22m[39m
[31m[1m>[22m[39m[90m  3 |[39m     
[33mUsers[39m[33m,[39m
 [90m    |[39m [31m[1m^[22m[39m[31m
[1m^[22m[39m[31m[1m^[22m[39m[31m[1m
^[22m[39m[31m[1m^[22m[39m[31m[1m^[
22m[39m[31m[1m^[22m[39m[31m[1m^[22m
[39m[31m[1m^[22m[39m[31m[1m^[22m[3
9m[31m[1m^[22m[39m[31m[1m^[22m[39m
[31m[1m^[22m[39m[31m[1m^[22m[39m[31
m[1m^[22m[39m[31m[1m^[22m[39m[31m[
1m^[22m[39m[31m[1m^[22m[39m[31m[1m^
[22m[39m[31m[1m^[22m[39m
[31m[1m>[22m[39m[90m  4 |[39m     
[33mFileText[39m[33m,[39m
 [90m    |[39m [31m[1m^[22m[39m[31m
[1m^[22m[39m[31m[1m^[22m[39m[31m[1m
^[22m[39m[31m[1m^[22m[39m[31m[1m^[
22m[39m[31m[1m^[22m[39m[31m[1m^[22m
[39m[31m[1m^[22m[39m[31m[1m^[22m[3
9m[31m[1m^[22m[39m[31m[1m^[22m[39m
[31m[1m^[22m[39m[31m[1m^[22m[39m[31
m[1m^[22m[39m[31m[1m^[22m[39m[31m[
1m^[22m[39m[31m[1m^[22m[39m[31m[1m^
[22m[39m[31m[1m^[22m[39m
[31m[1m>[22m[39m[90m  5 |[39m     
[33mCalculator[39m[33m,[39m
 [90m    |[39m [31m[1m^[22m[39m[31m
[1m^[22m[39m[31m[1m^[22m[39m[31m[1m
^[22m[39m[31m[1m^[22m[39m[31m[1m^[
22m[39m[31m[1m^[22m[39m[31m[1m^[22m
[39m[31m[1m^[22m[39m[31m[1m^[22m[3
9m[31m[1m^[22m[39m[31m[1m^[22m[39m
[31m[1m^[22m[39m[31m[1m^[22m[39m[31
m[1m^[22m[39m[31m[1m^[22m[39m[31m[
1m^[22m[39m[31m[1m^[22m[39m[31m[1m^
[22m[39m[31m[1m^[22m[39m
[31m[1m>[22m[39m[90m  6 |[39m     
[33mShield[39m[33m,[39m
 [90m    |[39m [31m[1m^[22m[39m[31m
[1m^[22m[39m[31m[1m^[22m[39m[31m[1m
^[22m[39m[31m[1m^[22m[39m[31m[1m^[
22m[39m[31m[1m^[22m[39m[31m[1m^[22m
[39m[31m[1m^[22m[39m[31m[1m^[22m[3
9m[31m[1m^[22m[39m[31m[1m^[22m[39m
[31m[1m^[22m[39m[31m[1m^[22m[39m[31
m[1m^[22m[39m[31m[1m^[22m[39m[31m[
1m^[22m[39m[31m[1m^[22m[39m[31m[1m^
[22m[39m[31m[1m^[22m[39m
[31m[1m>[22m[39m[90m  7 |[39m     
[33mCreditCard[39m[33m,[39m
 [90m    |[39m [31m[1m^[22m[39m[31m
[1m^[22m[39m[31m[1m^[22m[39m[31m[1m
^[22m[39m[31m[1m^[22m[39m[31m[1m^[
22m[39m[31m[1m^[22m[39m[31m[1m^[22m
[39m[31m[1m^[22m[39m[31m[1m^[22m[3
9m[31m[1m^[22m[39m[31m[1m^[22m[39m
[31m[1m^[22m[39m[31m[1m^[22m[39m[31
m[1m^[22m[39m[31m[1m^[22m[39m[31m[
1m^[22m[39m[31m[1m^[22m[39m[31m[1m^
[22m[39m[31m[1m^[22m[39m
[31m[1m>[22m[39m[90m  8 |[39m     
[33mBarChart3[39m[33m,[39m
 [90m    |[39m [31m[1m^[22m[39m[31m
[1m^[22m[39m[31m[1m^[22m[39m[31m[1m
^[22m[39m[31m[1m^[22m[39m[31m[1m^[
22m[39m[31m[1m^[22m[39m[31m[1m^[22m
[39m[31m[1m^[22m[39m[31m[1m^[22m[3
9m[31m[1m^[22m[39m[31m[1m^[22m[39m
[31m[1m^[22m[39m[31m[1m^[22m[39m[31
m[1m^[22m[39m[31m[1m^[22m[39m[31m[
1m^[22m[39m[31m[1m^[22m[39m[31m[1m^
[22m[39m[31m[1m^[22m[39m
[31m[1m>[22m[39m[90m  9 |[39m     
[33mSettings[39m[33m,[39m
 [90m    |[39m [31m[1m^[22m[39m[31m
[1m^[22m[39m[31m[1m^[22m[39m[31m[1m
^[22m[39m[31m[1m^[22m[39m[31m[1m^[
22m[39m[31m[1m^[22m[39m[31m[1m^[22m
[39m[31m[1m^[22m[39m[31m[1m^[22m[3
9m[31m[1m^[22m[39m[31m[1m^[22m[39m
[31m[1m^[22m[39m[31m[1m^[22m[39m[31
m[1m^[22m[39m[31m[1m^[22m[39m[31m[
1m^[22m[39m[31m[1m^[22m[39m[31m[1m^
[22m[39m[31m[1m^[22m[39m
[31m[1m>[22m[39m[90m 10 |[39m     
[33mLucideIcon[39m[33m,[39m
 [90m    |[39m [31m[1m^[22m[39m[31m
[1m^[22m[39m[31m[1m^[22m[39m[31m[1m
^[22m[39m[31m[1m^[22m[39m[31m[1m^[
22m[39m[31m[1m^[22m[39m[31m[1m^[22m
[39m[31m[1m^[22m[39m[31m[1m^[22m[3
9m[31m[1m^[22m[39m[31m[1m^[22m[39m
[31m[1m^[22m[39m[31m[1m^[22m[39m[31
m[1m^[22m[39m[31m[1m^[22m[39m[31m[
1m^[22m[39m[31m[1m^[22m[39m[31m[1m^
[22m[39m[31m[1m^[22m[39m
[31m[1m>[22m[39m[90m 11 |[39m     
[33mAlertCircle[39m[33m,[39m
 [90m    |[39m [31m[1m^[22m[39m[31m
[1m^[22m[39m[31m[1m^[22m[39m[31m[1m
^[22m[39m[31m[1m^[22m[39m[31m[1m^[
22m[39m[31m[1m^[22m[39m[31m[1m^[22m
[39m[31m[1m^[22m[39m[31m[1m^[22m[3
9m[31m[1m^[22m[39m[31m[1m^[22m[39m
[31m[1m^[22m[39m[31m[1m^[22m[39m[31
m[1m^[22m[39m[31m[1m^[22m[39m[31m[
1m^[22m[39m[31m[1m^[22m[39m[31m[1m^
[22m[39m[31m[1m^[22m[39m
[31m[1m>[22m[39m[90m 12 |[39m     
[33mLifeBuoy[39m[33m,[39m
 [90m    |[39m [31m[1m^[22m[39m[31m
[1m^[22m[39m[31m[1m^[22m[39m[31m[1m
^[22m[39m[31m[1m^[22m[39m[31m[1m^[
22m[39m[31m[1m^[22m[39m[31m[1m^[22m
[39m[31m[1m^[22m[39m[31m[1m^[22m[3
9m[31m[1m^[22m[39m[31m[1m^[22m[39m
[31m[1m^[22m[39m[31m[1m^[22m[39m[31
m[1m^[22m[39m[31m[1m^[22m[39m[31m[
1m^[22m[39m[31m[1m^[22m[39m[31m[1m^
[22m[39m[31m[1m^[22m[39m
[31m[1m>[22m[39m[90m 13 |[39m     
[33mShare2[39m[33m,[39m
 [90m    |[39m [31m[1m^[22m[39m[31m
[1m^[22m[39m[31m[1m^[22m[39m[31m[1m
^[22m[39m[31m[1m^[22m[39m[31m[1m^[
22m[39m[31m[1m^[22m[39m[31m[1m^[22m
[39m[31m[1m^[22m[39m[31m[1m^[22m[3
9m[31m[1m^[22m[39m[31m[1m^[22m[39m
[31m[1m^[22m[39m[31m[1m^[22m[39m[31
m[1m^[22m[39m[31m[1m^[22m[39m[31m[
1m^[22m[39m[31m[1m^[22m[39m[31m[1m^
[22m[39m[31m[1m^[22m[39m
[31m[1m>[22m[39m[90m 14 |[39m     
[33mActivity[39m[33m,[39m
 [90m    |[39m [31m[1m^[22m[39m[31m
[1m^[22m[39m[31m[1m^[22m[39m[31m[1m
^[22m[39m[31m[1m^[22m[39m[31m[1m^[
22m[39m[31m[1m^[22m[39m[31m[1m^[22m
[39m[31m[1m^[22m[39m[31m[1m^[22m[3
9m[31m[1m^[22m[39m[31m[1m^[22m[39m
[31m[1m^[22m[39m[31m[1m^[22m[39m[31
m[1m^[22m[39m[31m[1m^[22m[39m[31m[
1m^[22m[39m[31m[1m^[22m[39m[31m[1m^
[22m[39m[31m[1m^[22m[39m
[31m[1m>[22m[39m[90m 15 |[39m     
[33mHeart[39m[33m,[39m
 [90m    |[39m [31m[1m^[22m[39m[31m
[1m^[22m[39m[31m[1m^[22m[39m[31m[1m
^[22m[39m[31m[1m^[22m[39m[31m[1m^[
22m[39m[31m[1m^[22m[39m[31m[1m^[22m
[39m[31m[1m^[22m[39m[31m[1m^[22m[3
9m[31m[1m^[22m[39m[31m[1m^[22m[39m
[31m[1m^[22m[39m[31m[1m^[22m[39m[31
m[1m^[22m[39m[31m[1m^[22m[39m[31m[
1m^[22m[39m[31m[1m^[22m[39m[31m[1m^
[22m[39m[31m[1m^[22m[39m
[31m[1m>[22m[39m[90m 16 |[39m     
[33mBot[39m[33m,[39m
 [90m    |[39m [31m[1m^[22m[39m[31m
[1m^[22m[39m[31m[1m^[22m[39m[31m[1m
^[22m[39m[31m[1m^[22m[39m[31m[1m^[
22m[39m[31m[1m^[22m[39m[31m[1m^[22m
[39m[31m[1m^[22m[39m[31m[1m^[22m[3
9m[31m[1m^[22m[39m[31m[1m^[22m[39m
[31m[1m^[22m[39m[31m[1m^[22m[39m[31
m[1m^[22m[39m[31m[1m^[22m[39m[31m[
1m^[22m[39m[31m[1m^[22m[39m[31m[1m^
[22m[39m[31m[1m^[22m[39m
[31m[1m>[22m[39m[90m 17 |[39m     
[33mUserPlus[39m[33m,[39m
 [90m    |[39m [31m[1m^[22m[39m[31m
[1m^[22m[39m[31m[1m^[22m[39m[31m[1m
^[22m[39m[31m[1m^[22m[39m[31m[1m^[
22m[39m[31m[1m^[22m[39m[31m[1m^[22m
[39m[31m[1m^[22m[39m[31m[1m^[22m[3
9m[31m[1m^[22m[39m[31m[1m^[22m[39m
[31m[1m^[22m[39m[31m[1m^[22m[39m[31
m[1m^[22m[39m[31m[1m^[22m[39m[31m[
1m^[22m[39m[31m[1m^[22m[39m[31m[1m^
[22m[39m[31m[1m^[22m[39m
[31m[1m>[22m[39m[90m 18 |[39m     
[33mUsers2[39m[33m,[39m
 [90m    |[39m [31m[1m^[22m[39m[31m
[1m^[22m[39m[31m[1m^[22m[39m[31m[1m
^[22m[39m[31m[1m^[22m[39m[31m[1m^[
22m[39m[31m[1m^[22m[39m[31m[1m^[22m
[39m[31m[1m^[22m[39m[31m[1m^[22m[3
9m[31m[1m^[22m[39m[31m[1m^[22m[39m
[31m[1m^[22m[39m[31m[1m^[22m[39m[31
m[1m^[22m[39m[31m[1m^[22m[39m[31m[
1m^[22m[39m[31m[1m^[22m[39m[31m[1m^
[22m[39m[31m[1m^[22m[39m
[31m[1m>[22m[39m[90m 19 |[39m     
[33mCircleDollarSign[39m[33m,[39m
 [90m    |[39m [31m[1m^[22m[39m[31m
[1m^[22m[39m[31m[1m^[22m[39m[31m[1m
^[22m[39m[31m[1m^[22m[39m[31m[1m^[
22m[39m[31m[1m^[22m[39m[31m[1m^[22m
[39m[31m[1m^[22m[39m[31m[1m^[22m[3
9m[31m[1m^[22m[39m[31m[1m^[22m[39m
[31m[1m^[22m[39m[31m[1m^[22m[39m[31
m[1m^[22m[39m[31m[1m^[22m[39m[31m[
1m^[22m[39m[31m[1m^[22m[39m[31m[1m^
[22m[39m[31m[1m^[22m[39m
[31m[1m>[22m[39m[90m 20 |[39m     
[33mStore[39m[33m,[39m
 [90m    |[39m [31m[1m^[22m[39m[31m
[1m^[22m[39m[31m[1m^[22m[39m[31m[1m
^[22m[39m[31m[1m^[22m[39m[31m[1m^[
22m[39m[31m[1m^[22m[39m[31m[1m^[22m
[39m[31m[1m^[22m[39m[31m[1m^[22m[3
9m[31m[1m^[22m[39m[31m[1m^[22m[39m
[31m[1m^[22m[39m[31m[1m^[22m[39m[31
m[1m^[22m[39m[31m[1m^[22m[39m[31m[
1m^[22m[39m[31m[1m^[22m[39m[31m[1m^
[22m[39m[31m[1m^[22m[39m
[31m[1m>[22m[39m[90m 21 |[39m     
[33mCoins[39m[33m,[39m
 [90m    |[39m [31m[1m^[22m[39m[31m
[1m^[22m[39m[31m[1m^[22m[39m[31m[1m
^[22m[39m[31m[1m^[22m[39m[31m[1m^[
22m[39m[31m[1m^[22m[39m[31m[1m^[22m
[39m[31m[1m^[22m[39m[31m[1m^[22m[3
9m[31m[1m^[22m[39m[31m[1m^[22m[39m
[31m[1m^[22m[39m[31m[1m^[22m[39m[31
m[1m^[22m[39m[31m[1m^[22m[39m[31m[
1m^[22m[39m[31m[1m^[22m[39m[31m[1m^
[22m[39m[31m[1m^[22m[39m
[31m[1m>[22m[39m[90m 22 |[39m     
[33mBookOpen[39m[33m,[39m
 [90m    |[39m [31m[1m^[22m[39m[31m
[1m^[22m[39m[31m[1m^[22m[39m[31m[1m
^[22m[39m[31m[1m^[22m[39m[31m[1m^[
22m[39m[31m[1m^[22m[39m[31m[1m^[22m
[39m[31m[1m^[22m[39m[31m[1m^[22m[3
9m[31m[1m^[22m[39m[31m[1m^[22m[39m
[31m[1m^[22m[39m[31m[1m^[22m[39m[31
m[1m^[22m[39m[31m[1m^[22m[39m[31m[
1m^[22m[39m[31m[1m^[22m[39m[31m[1m^
[22m[39m[31m[1m^[22m[39m
[31m[1m>[22m[39m[90m 23 |[39m     
[33mGavel[39m[33m,[39m
 [90m    |[39m [31m[1m^[22m[39m[31m
[1m^[22m[39m[31m[1m^[22m[39m[31m[1m
^[22m[39m[31m[1m^[22m[39m[31m[1m^[
22m[39m[31m[1m^[22m[39m[31m[1m^[22m
[39m[31m[1m^[22m[39m[31m[1m^[22m[3
9m[31m[1m^[22m[39m[31m[1m^[22m[39m
[31m[1m^[22m[39m[31m[1m^[22m[39m[31
m[1m^[22m[39m[31m[1m^[22m[39m[31m[
1m^[22m[39m[31m[1m^[22m[39m[31m[1m^
[22m[39m[31m[1m^[22m[39m
[31m[1m>[22m[39m[90m 24 |[39m     
[33mLandmark[39m[33m,[39m
 [90m    |[39m [31m[1m^[22m[39m[31m
[1m^[22m[39m[31m[1m^[22m[39m[31m[1m
^[22m[39m[31m[1m^[22m[39m[31m[1m^[
22m[39m[31m[1m^[22m[39m[31m[1m^[22m
[39m[31m[1m^[22m[39m[31m[1m^[22m[3
9m[31m[1m^[22m[39m[31m[1m^[22m[39m
[31m[1m^[22m[39m[31m[1m^[22m[39m[31
m[1m^[22m[39m[31m[1m^[22m[39m[31m[
1m^[22m[39m[31m[1m^[22m[39m[31m[1m^
[22m[39m[31m[1m^[22m[39m
[31m[1m>[22m[39m[90m 25 |[39m     
[33mDatabase[39m[33m,[39m
 [90m    |[39m [31m[1m^[22m[39m[31m
[1m^[22m[39m[31m[1m^[22m[39m[31m[1m
^[22m[39m[31m[1m^[22m[39m[31m[1m^[
22m[39m[31m[1m^[22m[39m[31m[1m^[22m
[39m[31m[1m^[22m[39m[31m[1m^[22m[3
9m[31m[1m^[22m[39m[31m[1m^[22m[39m
[31m[1m^[22m[39m[31m[1m^[22m[39m[31
m[1m^[22m[39m[31m[1m^[22m[39m[31m[
1m^[22m[39m[31m[1m^[22m[39m[31m[1m^
[22m[39m[31m[1m^[22m[39m
[31m[1m>[22m[39m[90m 26 |[39m } 
[36mfrom[39m 
[32m'lucide-react'[39m[33m;[39m
 [90m    |[39m [31m[1m^[22m[39m[31m
[1m^[22m[39m[31m[1m^[22m[39m[31m[1m
^[22m[39m[31m[1m^[22m[39m[31m[1m^[
22m[39m[31m[1m^[22m[39m[31m[1m^[22m
[39m[31m[1m^[22m[39m[31m[1m^[22m[3
9m[31m[1m^[22m[39m[31m[1m^[22m[39m
[31m[1m^[22m[39m[31m[1m^[22m[39m[31
m[1m^[22m[39m[31m[1m^[22m[39m[31m[
1m^[22m[39m[31m[1m^[22m[39m[31m[1m^
[22m[39m[31m[1m^[22m[39m[31m[1m^[2
2m[39m[31m[1m^[22m[39m[31m[1m^[22m
[39m
 [90m 27 |[39m
 [90m 28 |[39m [36mexport[39m 
[36minterface[39m [33mNavItem[39m {
 [90m 29 |[39m     id[33m:[39m 
string[33m;[39m[0m



Import traces:
  Client Component Browser:
    ./frontend/lib/navigation.ts [Client 
Component Browser]
    ./frontend/components/layout/top-header
.tsx [Client Component Browser]
    ./frontend/components/layout/dashboard-
shell.tsx [Client Component Browser]
    ./frontend/app/dashboard/layout.tsx 
[Client Component Browser]
    ./frontend/app/dashboard/layout.tsx 
[Server Component]

  Client Component SSR:
    ./frontend/lib/navigation.ts [Client 
Component SSR]
    ./frontend/components/layout/top-header
.tsx [Client Component SSR]
    ./frontend/components/layout/dashboard-
shell.tsx [Client Component SSR]
    ./frontend/app/dashboard/layout.tsx 
[Client Component SSR]
    ./frontend/app/dashboard/layout.tsx 
[Server Component]

https://nextjs.org/docs/messages/module-not
-found


./frontend/components/policies/payment-sche
dule-view.tsx:11:1
Module not found: Can't resolve 
'qrcode.react'
[0m [90m  9 |[39m [36mimport[39m 
html2canvas [36mfrom[39m 
[32m'html2canvas'[39m[33m;[39m
 [90m 10 |[39m [36mimport[39m jsPDF 
[36mfrom[39m [32m'jspdf'[39m[33m;[39m
[31m[1m>[22m[39m[90m 11 |[39m 
[36mimport[39m { [33mQRCodeSVG[39m } 
[36mfrom[39m 
[32m'qrcode.react'[39m[33m;[39m
 [90m    |[39m [31m[1m^[22m[39m[31m
[1m^[22m[39m[31m[1m^[22m[39m[31m[1m
^[22m[39m[31m[1m^[22m[39m[31m[1m^[
22m[39m[31m[1m^[22m[39m[31m[1m^[22m
[39m[31m[1m^[22m[39m[31m[1m^[22m[3
9m[31m[1m^[22m[39m[31m[1m^[22m[39m
[31m[1m^[22m[39m[31m[1m^[22m[39m[31
m[1m^[22m[39m[31m[1m^[22m[39m[31m[
1m^[22m[39m[31m[1m^[22m[39m[31m[1m^
[22m[39m[31m[1m^[22m[39m[31m[1m^[2
2m[39m[31m[1m^[22m[39m[31m[1m^[22m
[39m[31m[1m^[22m[39m[31m[1m^[22m[39
m[31m[1m^[22m[39m[31m[1m^[22m[39m[
31m[1m^[22m[39m[31m[1m^[22m[39m[31m
[1m^[22m[39m[31m[1m^[22m[39m[31m[1
m^[22m[39m[31m[1m^[22m[39m[31m[1m^
[22m[39m[31m[1m^[22m[39m[31m[1m^[22
m[39m[31m[1m^[22m[39m[31m[1m^[22m[
39m[31m[1m^[22m[39m[31m[1m^[22m[39m
[31m[1m^[22m[39m
 [90m 12 |[39m [36mimport[39m { 
[33mTinsurLogo[39m } [36mfrom[39m [32m
"@/components/ui/tinsur-logo"[39m[33m;[3
9m
 [90m 13 |[39m
 [90m 14 |[39m [36minterface[39m 
[33mPaymentScheduleViewProps[39m {[0m



Import traces:
  Client Component Browser:
    ./frontend/components/policies/payment-
schedule-view.tsx [Client Component 
Browser]
    ./frontend/app/dashboard/policies/[id]/
page.tsx [Client Component Browser]
    ./frontend/app/dashboard/policies/[id]/
page.tsx [Server Component]

  Client Component SSR:
    ./frontend/components/policies/payment-
schedule-view.tsx [Client Component SSR]
    ./frontend/app/dashboard/policies/[id]/
page.tsx [Client Component SSR]
    ./frontend/app/dashboard/policies/[id]/
page.tsx [Server Component]

https://nextjs.org/docs/messages/module-not
-found


./frontend/components/policies/policy-agree
ment-view.tsx:11:1
Module not found: Can't resolve 
'qrcode.react'
[0m [90m  9 |[39m [36mimport[39m 
html2canvas [36mfrom[39m 
[32m'html2canvas'[39m[33m;[39m
 [90m 10 |[39m [36mimport[39m jsPDF 
[36mfrom[39m [32m'jspdf'[39m[33m;[39m
[31m[1m>[22m[39m[90m 11 |[39m 
[36mimport[39m { [33mQRCodeSVG[39m } 
[36mfrom[39m 
[32m'qrcode.react'[39m[33m;[39m
 [90m    |[39m [31m[1m^[22m[39m[31m
[1m^[22m[39m[31m[1m^[22m[39m[31m[1m
^[22m[39m[31m[1m^[22m[39m[31m[1m^[
22m[39m[31m[1m^[22m[39m[31m[1m^[22m
[39m[31m[1m^[22m[39m[31m[1m^[22m[3
9m[31m[1m^[22m[39m[31m[1m^[22m[39m
[31m[1m^[22m[39m[31m[1m^[22m[39m[31
m[1m^[22m[39m[31m[1m^[22m[39m[31m[
1m^[22m[39m[31m[1m^[22m[39m[31m[1m^
[22m[39m[31m[1m^[22m[39m[31m[1m^[2
2m[39m[31m[1m^[22m[39m[31m[1m^[22m
[39m[31m[1m^[22m[39m[31m[1m^[22m[39
m[31m[1m^[22m[39m[31m[1m^[22m[39m[
31m[1m^[22m[39m[31m[1m^[22m[39m[31m
[1m^[22m[39m[31m[1m^[22m[39m[31m[1
m^[22m[39m[31m[1m^[22m[39m[31m[1m^
[22m[39m[31m[1m^[22m[39m[31m[1m^[22
m[39m[31m[1m^[22m[39m[31m[1m^[22m[
39m[31m[1m^[22m[39m[31m[1m^[22m[39m
[31m[1m^[22m[39m
 [90m 12 |[39m [36mimport[39m { 
[33mTinsurLogo[39m } [36mfrom[39m [32m
"@/components/ui/tinsur-logo"[39m[33m;[3
9m
 [90m 13 |[39m
 [90m 14 |[39m [36minterface[39m 
[33mPolicyAgreementViewProps[39m {[0m



Import traces:
  Client Component Browser:
    ./frontend/components/policies/policy-a
greement-view.tsx [Client Component 
Browser]
    ./frontend/app/dashboard/policies/[id]/
page.tsx [Client Component Browser]
    ./frontend/app/dashboard/policies/[id]/
page.tsx [Server Component]

  Client Component SSR:
    ./frontend/components/policies/policy-a
greement-view.tsx [Client Component SSR]
    ./frontend/app/dashboard/policies/[id]/
page.tsx [Client Component SSR]
    ./frontend/app/dashboard/policies/[id]/
page.tsx [Server Component]

https://nextjs.org/docs/messages/module-not
-found


./frontend/components/ui/calendar.tsx:5:1
Module not found: Can't resolve 
'react-day-picker'
[0m [90m 3 |[39m [36mimport[39m 
[33m*[39m [36mas[39m [33mReact[39m 
[36mfrom[39m [32m"react"[39m
 [90m 4 |[39m [36mimport[39m { 
[33mChevronLeft[39m[33m,[39m 
[33mChevronRight[39m } [36mfrom[39m 
[32m"lucide-react"[39m
[31m[1m>[22m[39m[90m 5 |[39m 
[36mimport[39m { [33mDayPicker[39m } 
[36mfrom[39m [32m"react-day-picker"[39m
 [90m   |[39m [31m[1m^[22m[39m[31m[
1m^[22m[39m[31m[1m^[22m[39m[31m[1m^
[22m[39m[31m[1m^[22m[39m[31m[1m^[2
2m[39m[31m[1m^[22m[39m[31m[1m^[22m
[39m[31m[1m^[22m[39m[31m[1m^[22m[39
m[31m[1m^[22m[39m[31m[1m^[22m[39m[
31m[1m^[22m[39m[31m[1m^[22m[39m[31m
[1m^[22m[39m[31m[1m^[22m[39m[31m[1
m^[22m[39m[31m[1m^[22m[39m[31m[1m^
[22m[39m[31m[1m^[22m[39m[31m[1m^[22
m[39m[31m[1m^[22m[39m[31m[1m^[22m[
39m[31m[1m^[22m[39m[31m[1m^[22m[39m
[31m[1m^[22m[39m[31m[1m^[22m[39m[3
1m[1m^[22m[39m[31m[1m^[22m[39m[31m
[1m^[22m[39m[31m[1m^[22m[39m[31m[1m
^[22m[39m[31m[1m^[22m[39m[31m[1m^[
22m[39m[31m[1m^[22m[39m[31m[1m^[22m
[39m[31m[1m^[22m[39m[31m[1m^[22m[3
9m[31m[1m^[22m[39m[31m[1m^[22m[39m
[31m[1m^[22m[39m[31m[1m^[22m[39m[31
m[1m^[22m[39m[31m[1m^[22m[39m
 [90m 6 |[39m
 [90m 7 |[39m [36mimport[39m { cn } 
[36mfrom[39m [32m"@/lib/utils"[39m
 [90m 8 |[39m [36mimport[39m { 
buttonVariants } [36mfrom[39m 
[32m"@/components/ui/button"[39m[0m



Import traces:
  Client Component Browser:
    ./frontend/components/ui/calendar.tsx 
[Client Component Browser]
    ./frontend/components/analytics/unified
-filter.tsx [Client Component Browser]
    ./frontend/app/dashboard/analytics/page
.tsx [Client Component Browser]
    ./frontend/app/dashboard/analytics/page
.tsx [Server Component]

  Client Component SSR:
    ./frontend/components/ui/calendar.tsx 
[Client Component SSR]
    ./frontend/components/analytics/unified
-filter.tsx [Client Component SSR]
    ./frontend/app/dashboard/analytics/page
.tsx [Client Component SSR]
    ./frontend/app/dashboard/analytics/page
.tsx [Server Component]

https://nextjs.org/docs/messages/module-not
-found


./frontend/components/ai-agent/left-panel.t
sx:40:1
Module not found: Can't resolve 
'react-markdown'
[0m [90m 38 |[39m [36mimport[39m { 
[33mAiAPI[39m[33m,[39m 
[33mChatMessage[39m } [36mfrom[39m 
[32m'@/lib/ai-api'[39m[33m;[39m
 [90m 39 |[39m [36mimport[39m { toast 
} [36mfrom[39m [32m'@/components/ui/use-
toast'[39m[33m;[39m
[31m[1m>[22m[39m[90m 40 |[39m 
[36mimport[39m [33mReactMarkdown[39m 
[36mfrom[39m 
[32m'react-markdown'[39m[33m;[39m
 [90m    |[39m [31m[1m^[22m[39m[31m
[1m^[22m[39m[31m[1m^[22m[39m[31m[1m
^[22m[39m[31m[1m^[22m[39m[31m[1m^[
22m[39m[31m[1m^[22m[39m[31m[1m^[22m
[39m[31m[1m^[22m[39m[31m[1m^[22m[3
9m[31m[1m^[22m[39m[31m[1m^[22m[39m
[31m[1m^[22m[39m[31m[1m^[22m[39m[31
m[1m^[22m[39m[31m[1m^[22m[39m[31m[
1m^[22m[39m[31m[1m^[22m[39m[31m[1m^
[22m[39m[31m[1m^[22m[39m[31m[1m^[2
2m[39m[31m[1m^[22m[39m[31m[1m^[22m
[39m[31m[1m^[22m[39m[31m[1m^[22m[39
m[31m[1m^[22m[39m[31m[1m^[22m[39m[
31m[1m^[22m[39m[31m[1m^[22m[39m[31m
[1m^[22m[39m[31m[1m^[22m[39m[31m[1
m^[22m[39m[31m[1m^[22m[39m[31m[1m^
[22m[39m[31m[1m^[22m[39m[31m[1m^[22
m[39m[31m[1m^[22m[39m[31m[1m^[22m[
39m[31m[1m^[22m[39m[31m[1m^[22m[39m
[31m[1m^[22m[39m[31m[1m^[22m[39m[3
1m[1m^[22m[39m
 [90m 41 |[39m [36mimport[39m { 
[33mPreviewState[39m } [36mfrom[39m 
[32m'@/types/ai-agent'[39m[33m;[39m
 [90m 42 |[39m [36mimport[39m { 
useChat } [36mfrom[39m [32m'@/context/ch
at-context'[39m[33m;[39m
 [90m 43 |[39m [36mimport[39m { 
[33mCreditLimitModal[39m } 
[36mfrom[39m [32m'./credit-limit-modal'
[39m[33m;[39m[0m



Import traces:
  Client Component Browser:
    ./frontend/components/ai-agent/left-pan
el.tsx [Client Component Browser]
    ./frontend/components/ai-agent/agent-wo
rkspace.tsx [Client Component Browser]
    ./frontend/components/layout/dashboard-
shell.tsx [Client Component Browser]
    ./frontend/app/dashboard/layout.tsx 
[Client Component Browser]
    ./frontend/app/dashboard/layout.tsx 
[Server Component]

  Client Component SSR:
    ./frontend/components/ai-agent/left-pan
el.tsx [Client Component SSR]
    ./frontend/components/ai-agent/agent-wo
rkspace.tsx [Client Component SSR]
    ./frontend/components/layout/dashboard-
shell.tsx [Client Component SSR]
    ./frontend/app/dashboard/layout.tsx 
[Client Component SSR]
    ./frontend/app/dashboard/layout.tsx 
[Server Component]

https://nextjs.org/docs/messages/module-not
-found


./frontend/components/quote/sales-chat-widg
et.tsx:12:1
Module not found: Can't resolve 
'react-markdown'
[0m [90m 10 |[39m [36mimport[39m { 
useLanguage } [36mfrom[39m [32m'@/contex
ts/language-context'[39m[33m;[39m
 [90m 11 |[39m [36mimport[39m { 
[33mBadge[39m } [36mfrom[39m [32m'@/co
mponents/ui/badge'[39m[33m;[39m
[31m[1m>[22m[39m[90m 12 |[39m 
[36mimport[39m [33mReactMarkdown[39m 
[36mfrom[39m 
[32m'react-markdown'[39m[33m;[39m
 [90m    |[39m [31m[1m^[22m[39m[31m
[1m^[22m[39m[31m[1m^[22m[39m[31m[1m
^[22m[39m[31m[1m^[22m[39m[31m[1m^[
22m[39m[31m[1m^[22m[39m[31m[1m^[22m
[39m[31m[1m^[22m[39m[31m[1m^[22m[3
9m[31m[1m^[22m[39m[31m[1m^[22m[39m
[31m[1m^[22m[39m[31m[1m^[22m[39m[31
m[1m^[22m[39m[31m[1m^[22m[39m[31m[
1m^[22m[39m[31m[1m^[22m[39m[31m[1m^
[22m[39m[31m[1m^[22m[39m[31m[1m^[2
2m[39m[31m[1m^[22m[39m[31m[1m^[22m
[39m[31m[1m^[22m[39m[31m[1m^[22m[39
m[31m[1m^[22m[39m[31m[1m^[22m[39m[
31m[1m^[22m[39m[31m[1m^[22m[39m[31m
[1m^[22m[39m[31m[1m^[22m[39m[31m[1
m^[22m[39m[31m[1m^[22m[39m[31m[1m^
[22m[39m[31m[1m^[22m[39m[31m[1m^[22
m[39m[31m[1m^[22m[39m[31m[1m^[22m[
39m[31m[1m^[22m[39m[31m[1m^[22m[39m
[31m[1m^[22m[39m[31m[1m^[22m[39m[3
1m[1m^[22m[39m
 [90m 13 |[39m [36mimport[39m { router 
} [36mfrom[39m 
[32m'next/client'[39m[33m;[39m [90m// 
Note: check standard next/navigation 
import[39m
 [90m 14 |[39m
 [90m 15 |[39m [36mimport[39m { 
useRouter } [36mfrom[39m 
[32m'next/navigation'[39m[33m;[39m[0m



Import traces:
  Client Component Browser:
    ./frontend/components/quote/sales-chat-
widget.tsx [Client Component Browser]
    ./frontend/app/dashboard/quotes/new/pag
e.tsx [Client Component Browser]
    ./frontend/app/dashboard/quotes/new/pag
e.tsx [Server Component]

  Client Component SSR:
    ./frontend/components/quote/sales-chat-
widget.tsx [Client Component SSR]
    ./frontend/app/dashboard/quotes/new/pag
e.tsx [Client Component SSR]
    ./frontend/app/dashboard/quotes/new/pag
e.tsx [Server Component]

https://nextjs.org/docs/messages/module-not
-found


./frontend/components/support/support-chat-
widget.tsx:12:1
Module not found: Can't resolve 
'react-markdown'
[0m [90m 10 |[39m [36mimport[39m { 
api } [36mfrom[39m 
[32m'@/lib/api'[39m[33m;[39m
 [90m 11 |[39m [36mimport[39m { toast 
} [36mfrom[39m [32m'@/components/ui/use-
toast'[39m[33m;[39m
[31m[1m>[22m[39m[90m 12 |[39m 
[36mimport[39m [33mReactMarkdown[39m 
[36mfrom[39m 
[32m'react-markdown'[39m[33m;[39m
 [90m    |[39m [31m[1m^[22m[39m[31m
[1m^[22m[39m[31m[1m^[22m[39m[31m[1m
^[22m[39m[31m[1m^[22m[39m[31m[1m^[
22m[39m[31m[1m^[22m[39m[31m[1m^[22m
[39m[31m[1m^[22m[39m[31m[1m^[22m[3
9m[31m[1m^[22m[39m[31m[1m^[22m[39m
[31m[1m^[22m[39m[31m[1m^[22m[39m[31
m[1m^[22m[39m[31m[1m^[22m[39m[31m[
1m^[22m[39m[31m[1m^[22m[39m[31m[1m^
[22m[39m[31m[1m^[22m[39m[31m[1m^[2
2m[39m[31m[1m^[22m[39m[31m[1m^[22m
[39m[31m[1m^[22m[39m[31m[1m^[22m[39
m[31m[1m^[22m[39m[31m[1m^[22m[39m[
31m[1m^[22m[39m[31m[1m^[22m[39m[31m
[1m^[22m[39m[31m[1m^[22m[39m[31m[1
m^[22m[39m[31m[1m^[22m[39m[31m[1m^
[22m[39m[31m[1m^[22m[39m[31m[1m^[22
m[39m[31m[1m^[22m[39m[31m[1m^[22m[
39m[31m[1m^[22m[39m[31m[1m^[22m[39m
[31m[1m^[22m[39m[31m[1m^[22m[39m[3
1m[1m^[22m[39m
 [90m 13 |[39m [36mimport[39m { 
useLanguage } [36mfrom[39m [32m'@/contex
ts/language-context'[39m[33m;[39m
 [90m 14 |[39m [36mimport[39m { 
[33mBadge[39m } [36mfrom[39m [32m'@/co
mponents/ui/badge'[39m[33m;[39m
 [90m 15 |[39m[0m



Import traces:
  Client Component Browser:
    ./frontend/components/support/support-c
hat-widget.tsx [Client Component Browser]
    ./frontend/app/portal/support/page.tsx 
[Client Component Browser]
    ./frontend/app/portal/support/page.tsx 
[Server Component]

  Client Component SSR:
    ./frontend/components/support/support-c
hat-widget.tsx [Client Component SSR]
    ./frontend/app/portal/support/page.tsx 
[Client Component SSR]
    ./frontend/app/portal/support/page.tsx 
[Server Component]

https://nextjs.org/docs/messages/module-not
-found


./frontend/components/ui/resizable.tsx:5:1
Module not found: Can't resolve 
'react-resizable-panels'
[0m [90m 3 |[39m [36mimport[39m 
[33m*[39m [36mas[39m [33mReact[39m 
[36mfrom[39m [32m"react"[39m
 [90m 4 |[39m [36mimport[39m { 
[33mGripVerticalIcon[39m } 
[36mfrom[39m [32m"lucide-react"[39m
[31m[1m>[22m[39m[90m 5 |[39m 
[36mimport[39m [33m*[39m [36mas[39m 
[33mResizablePrimitive[39m 
[36mfrom[39m 
[32m"react-resizable-panels"[39m
 [90m   |[39m [31m[1m^[22m[39m[31m[
1m^[22m[39m[31m[1m^[22m[39m[31m[1m^
[22m[39m[31m[1m^[22m[39m[31m[1m^[2
2m[39m[31m[1m^[22m[39m[31m[1m^[22m
[39m[31m[1m^[22m[39m[31m[1m^[22m[39
m[31m[1m^[22m[39m[31m[1m^[22m[39m[
31m[1m^[22m[39m[31m[1m^[22m[39m[31m
[1m^[22m[39m[31m[1m^[22m[39m[31m[1
m^[22m[39m[31m[1m^[22m[39m[31m[1m^
[22m[39m[31m[1m^[22m[39m[31m[1m^[22
m[39m[31m[1m^[22m[39m[31m[1m^[22m[
39m[31m[1m^[22m[39m[31m[1m^[22m[39m
[31m[1m^[22m[39m[31m[1m^[22m[39m[3
1m[1m^[22m[39m[31m[1m^[22m[39m[31m
[1m^[22m[39m[31m[1m^[22m[39m[31m[1m
^[22m[39m[31m[1m^[22m[39m[31m[1m^[
22m[39m[31m[1m^[22m[39m[31m[1m^[22m
[39m[31m[1m^[22m[39m[31m[1m^[22m[3
9m[31m[1m^[22m[39m[31m[1m^[22m[39m
[31m[1m^[22m[39m[31m[1m^[22m[39m[31
m[1m^[22m[39m[31m[1m^[22m[39m[31m[
1m^[22m[39m[31m[1m^[22m[39m[31m[1m^
[22m[39m[31m[1m^[22m[39m[31m[1m^[2
2m[39m[31m[1m^[22m[39m[31m[1m^[22m
[39m[31m[1m^[22m[39m[31m[1m^[22m[39
m[31m[1m^[22m[39m[31m[1m^[22m[39m[
31m[1m^[22m[39m[31m[1m^[22m[39m[31m
[1m^[22m[39m[31m[1m^[22m[39m[31m[1
m^[22m[39m
 [90m 6 |[39m
 [90m 7 |[39m [36mimport[39m { cn } 
[36mfrom[39m [32m"@/lib/utils"[39m
 [90m 8 |[39m[0m



Import traces:
  Client Component Browser:
    ./frontend/components/ui/resizable.tsx 
[Client Component Browser]
    ./frontend/components/layout/dashboard-
shell.tsx [Client Component Browser]
    ./frontend/app/dashboard/layout.tsx 
[Client Component Browser]
    ./frontend/app/dashboard/layout.tsx 
[Server Component]

  Client Component SSR:
    ./frontend/components/ui/resizable.tsx 
[Client Component SSR]
    ./frontend/components/layout/dashboard-
shell.tsx [Client Component SSR]
    ./frontend/app/dashboard/layout.tsx 
[Client Component SSR]
    ./frontend/app/dashboard/layout.tsx 
[Server Component]

https://nextjs.org/docs/messages/module-not
-found


./frontend/app/dashboard/employees/componen
ts/profile/performance-stats.tsx:6:1
Module not found: Can't resolve 'recharts'
[0m [90m 4 |[39m [36mimport[39m { 
[33mCard[39m[33m,[39m 
[33mCardContent[39m[33m,[39m 
[33mCardHeader[39m[33m,[39m 
[33mCardTitle[39m[33m,[39m 
[33mCardDescription[39m } [36mfrom[39m 
[32m'@/components/ui/card'[39m[33m;[39m
 [90m 5 |[39m [36mimport[39m { 
[33mTabs[39m[33m,[39m 
[33mTabsContent[39m[33m,[39m 
[33mTabsList[39m[33m,[39m 
[33mTabsTrigger[39m } [36mfrom[39m 
[32m'@/components/ui/tabs'[39m[33m;[39m
[31m[1m>[22m[39m[90m 6 |[39m 
[36mimport[39m { 
[33mBarChart[39m[33m,[39m 
[33mBar[39m[33m,[39m 
[33mXAxis[39m[33m,[39m 
[33mYAxis[39m[33m,[39m 
[33mCartesianGrid[39m[33m,[39m 
[33mTooltip[39m[33m,[39m 
[33mResponsiveContainer[39m[33m,[39m 
[33mLineChart[39m[33m,[39m 
[33mLine[39m[33m,[39m 
[33mAreaChart[39m[33m,[39m 
[33mArea[39m } [36mfrom[39m 
[32m'recharts'[39m[33m;[39m
 [90m   |[39m [31m[1m^[22m[39m[31m[
1m^[22m[39m[31m[1m^[22m[39m[31m[1m^
[22m[39m[31m[1m^[22m[39m[31m[1m^[2
2m[39m[31m[1m^[22m[39m[31m[1m^[22m
[39m[31m[1m^[22m[39m[31m[1m^[22m[39
m[31m[1m^[22m[39m[31m[1m^[22m[39m[
31m[1m^[22m[39m[31m[1m^[22m[39m[31m
[1m^[22m[39m[31m[1m^[22m[39m[31m[1
m^[22m[39m[31m[1m^[22m[39m[31m[1m^
[22m[39m[31m[1m^[22m[39m[31m[1m^[22
m[39m[31m[1m^[22m[39m[31m[1m^[22m[
39m[31m[1m^[22m[39m[31m[1m^[22m[39m
[31m[1m^[22m[39m[31m[1m^[22m[39m[3
1m[1m^[22m[39m[31m[1m^[22m[39m[31m
[1m^[22m[39m[31m[1m^[22m[39m[31m[1m
^[22m[39m[31m[1m^[22m[39m[31m[1m^[
22m[39m[31m[1m^[22m[39m[31m[1m^[22m
[39m[31m[1m^[22m[39m[31m[1m^[22m[3
9m[31m[1m^[22m[39m[31m[1m^[22m[39m
[31m[1m^[22m[39m[31m[1m^[22m[39m[31
m[1m^[22m[39m[31m[1m^[22m[39m[31m[
1m^[22m[39m[31m[1m^[22m[39m[31m[1m^
[22m[39m[31m[1m^[22m[39m[31m[1m^[2
2m[39m[31m[1m^[22m[39m[31m[1m^[22m
[39m[31m[1m^[22m[39m[31m[1m^[22m[39
m[31m[1m^[22m[39m[31m[1m^[22m[39m[
31m[1m^[22m[39m[31m[1m^[22m[39m[31m
[1m^[22m[39m[31m[1m^[22m[39m[31m[1
m^[22m[39m[31m[1m^[22m[39m[31m[1m^
[22m[39m[31m[1m^[22m[39m[31m[1m^[22
m[39m[31m[1m^[22m[39m[31m[1m^[22m[
39m[31m[1m^[22m[39m[31m[1m^[22m[39m
[31m[1m^[22m[39m[31m[1m^[22m[39m[3
1m[1m^[22m[39m[31m[1m^[22m[39m[31m
[1m^[22m[39m[31m[1m^[22m[39m[31m[1m
^[22m[39m[31m[1m^[22m[39m[31m[1m^[
22m[39m[31m[1m^[22m[39m[31m[1m^[22m
[39m[31m[1m^[22m[39m[31m[1m^[22m[3
9m[31m[1m^[22m[39m[31m[1m^[22m[39m
[31m[1m^[22m[39m[31m[1m^[22m[39m[31
m[1m^[22m[39m[31m[1m^[22m[39m[31m[
1m^[22m[39m[31m[1m^[22m[39m[31m[1m^
[22m[39m[31m[1m^[22m[39m[31m[1m^[2
2m[39m[31m[1m^[22m[39m[31m[1m^[22m
[39m[31m[1m^[22m[39m[31m[1m^[22m[39
m[31m[1m^[22m[39m[31m[1m^[22m[39m[
31m[1m^[22m[39m[31m[1m^[22m[39m[31m
[1m^[22m[39m[31m[1m^[22m[39m[31m[1
m^[22m[39m[31m[1m^[22m[39m[31m[1m^
[22m[39m[31m[1m^[22m[39m[31m[1m^[22
m[39m[31m[1m^[22m[39m[31m[1m^[22m[
39m[31m[1m^[22m[39m[31m[1m^[22m[39m
[31m[1m^[22m[39m[31m[1m^[22m[39m[3
1m[1m^[22m[39m[31m[1m^[22m[39m[31m
[1m^[22m[39m[31m[1m^[22m[39m[31m[1m
^[22m[39m[31m[1m^[22m[39m[31m[1m^[
22m[39m[31m[1m^[22m[39m[31m[1m^[22m
[39m[31m[1m^[22m[39m[31m[1m^[22m[3
9m[31m[1m^[22m[39m[31m[1m^[22m[39m
[31m[1m^[22m[39m[31m[1m^[22m[39m[31
m[1m^[22m[39m[31m[1m^[22m[39m[31m[
1m^[22m[39m[31m[1m^[22m[39m[31m[1m^
[22m[39m[31m[1m^[22m[39m
 [90m 7 |[39m [36mimport[39m { 
[33mDataView[39m } [36mfrom[39m [32m'@
/components/ui/data-view'[39m[33m;[39m
 [90m 8 |[39m [36mimport[39m { 
[33mFilterPeriod[39m } [36mfrom[39m 
[32m'./advanced-filter'[39m[33m;[39m
 [90m 9 |[39m [36mimport[39m { 
[33mUsers[39m[33m,[39m 
[33mFileText[39m[33m,[39m 
[33mShield[39m[33m,[39m 
[33mAlertTriangle[39m[33m,[39m 
[33mTrendingUp[39m } [36mfrom[39m 
[32m'lucide-react'[39m[33m;[39m[0m



Import traces:
  Client Component Browser:
    ./frontend/app/dashboard/employees/comp
onents/profile/performance-stats.tsx 
[Client Component Browser]
    ./frontend/app/dashboard/employees/[id]
/page.tsx [Client Component Browser]
    ./frontend/app/dashboard/employees/[id]
/page.tsx [Server Component]

  Client Component SSR:
    ./frontend/app/dashboard/employees/comp
onents/profile/performance-stats.tsx 
[Client Component SSR]
    ./frontend/app/dashboard/employees/[id]
/page.tsx [Client Component SSR]
    ./frontend/app/dashboard/employees/[id]
/page.tsx [Server Component]

https://nextjs.org/docs/messages/module-not
-found


./frontend/app/dashboard/financials/regulat
ory/components/csm-pipeline.tsx:4:1
Module not found: Can't resolve 'recharts'
[0m [90m  2 |[39m
 [90m  3 |[39m [36mimport[39m 
[33mReact[39m[33m,[39m { 
useState[33m,[39m useEffect } 
[36mfrom[39m [32m'react'[39m[33m;[39m
[31m[1m>[22m[39m[90m  4 |[39m 
[36mimport[39m {
 [90m    |[39m [31m[1m^[22m[39m[31m
[1m^[22m[39m[31m[1m^[22m[39m[31m[1m
^[22m[39m[31m[1m^[22m[39m[31m[1m^[
22m[39m[31m[1m^[22m[39m[31m[1m^[22m
[39m
[31m[1m>[22m[39m[90m  5 |[39m     
[33mAreaChart[39m[33m,[39m
 [90m    |[39m [31m[1m^[22m[39m[31m
[1m^[22m[39m[31m[1m^[22m[39m[31m[1m
^[22m[39m[31m[1m^[22m[39m[31m[1m^[
22m[39m[31m[1m^[22m[39m[31m[1m^[22m
[39m[31m[1m^[22m[39m[31m[1m^[22m[3
9m[31m[1m^[22m[39m[31m[1m^[22m[39m
[31m[1m^[22m[39m[31m[1m^[22m[39m
[31m[1m>[22m[39m[90m  6 |[39m     
[33mArea[39m[33m,[39m
 [90m    |[39m [31m[1m^[22m[39m[31m
[1m^[22m[39m[31m[1m^[22m[39m[31m[1m
^[22m[39m[31m[1m^[22m[39m[31m[1m^[
22m[39m[31m[1m^[22m[39m[31m[1m^[22m
[39m[31m[1m^[22m[39m[31m[1m^[22m[3
9m[31m[1m^[22m[39m[31m[1m^[22m[39m
[31m[1m^[22m[39m[31m[1m^[22m[39m
[31m[1m>[22m[39m[90m  7 |[39m     
[33mXAxis[39m[33m,[39m
 [90m    |[39m [31m[1m^[22m[39m[31m
[1m^[22m[39m[31m[1m^[22m[39m[31m[1m
^[22m[39m[31m[1m^[22m[39m[31m[1m^[
22m[39m[31m[1m^[22m[39m[31m[1m^[22m
[39m[31m[1m^[22m[39m[31m[1m^[22m[3
9m[31m[1m^[22m[39m[31m[1m^[22m[39m
[31m[1m^[22m[39m[31m[1m^[22m[39m
[31m[1m>[22m[39m[90m  8 |[39m     
[33mYAxis[39m[33m,[39m
 [90m    |[39m [31m[1m^[22m[39m[31m
[1m^[22m[39m[31m[1m^[22m[39m[31m[1m
^[22m[39m[31m[1m^[22m[39m[31m[1m^[
22m[39m[31m[1m^[22m[39m[31m[1m^[22m
[39m[31m[1m^[22m[39m[31m[1m^[22m[3
9m[31m[1m^[22m[39m[31m[1m^[22m[39m
[31m[1m^[22m[39m[31m[1m^[22m[39m
[31m[1m>[22m[39m[90m  9 |[39m     
[33mCartesianGrid[39m[33m,[39m
 [90m    |[39m [31m[1m^[22m[39m[31m
[1m^[22m[39m[31m[1m^[22m[39m[31m[1m
^[22m[39m[31m[1m^[22m[39m[31m[1m^[
22m[39m[31m[1m^[22m[39m[31m[1m^[22m
[39m[31m[1m^[22m[39m[31m[1m^[22m[3
9m[31m[1m^[22m[39m[31m[1m^[22m[39m
[31m[1m^[22m[39m[31m[1m^[22m[39m
[31m[1m>[22m[39m[90m 10 |[39m     
[33mTooltip[39m[33m,[39m
 [90m    |[39m [31m[1m^[22m[39m[31m
[1m^[22m[39m[31m[1m^[22m[39m[31m[1m
^[22m[39m[31m[1m^[22m[39m[31m[1m^[
22m[39m[31m[1m^[22m[39m[31m[1m^[22m
[39m[31m[1m^[22m[39m[31m[1m^[22m[3
9m[31m[1m^[22m[39m[31m[1m^[22m[39m
[31m[1m^[22m[39m[31m[1m^[22m[39m
[31m[1m>[22m[39m[90m 11 |[39m     
[33mResponsiveContainer[39m
 [90m    |[39m [31m[1m^[22m[39m[31m
[1m^[22m[39m[31m[1m^[22m[39m[31m[1m
^[22m[39m[31m[1m^[22m[39m[31m[1m^[
22m[39m[31m[1m^[22m[39m[31m[1m^[22m
[39m[31m[1m^[22m[39m[31m[1m^[22m[3
9m[31m[1m^[22m[39m[31m[1m^[22m[39m
[31m[1m^[22m[39m[31m[1m^[22m[39m
[31m[1m>[22m[39m[90m 12 |[39m } 
[36mfrom[39m 
[32m'recharts'[39m[33m;[39m
 [90m    |[39m [31m[1m^[22m[39m[31m
[1m^[22m[39m[31m[1m^[22m[39m[31m[1m
^[22m[39m[31m[1m^[22m[39m[31m[1m^[
22m[39m[31m[1m^[22m[39m[31m[1m^[22m
[39m[31m[1m^[22m[39m[31m[1m^[22m[3
9m[31m[1m^[22m[39m[31m[1m^[22m[39m
[31m[1m^[22m[39m[31m[1m^[22m[39m[31
m[1m^[22m[39m[31m[1m^[22m[39m[31m[
1m^[22m[39m[31m[1m^[22m[39m[31m[1m^
[22m[39m
 [90m 13 |[39m [36mimport[39m { 
[33mBadge[39m } [36mfrom[39m [32m'@/co
mponents/ui/badge'[39m[33m;[39m
 [90m 14 |[39m [36mimport[39m { 
useLanguage } [36mfrom[39m [32m'@/contex
ts/language-context'[39m[33m;[39m
 [90m 15 |[39m[0m



Import traces:
  Client Component Browser:
    ./frontend/app/dashboard/financials/reg
ulatory/components/csm-pipeline.tsx 
[Client Component Browser]
    ./frontend/app/dashboard/financials/reg
ulatory/page.tsx [Client Component Browser]
    ./frontend/app/dashboard/financials/reg
ulatory/page.tsx [Server Component]

  Client Component SSR:
    ./frontend/app/dashboard/financials/reg
ulatory/components/csm-pipeline.tsx 
[Client Component SSR]
    ./frontend/app/dashboard/financials/reg
ulatory/page.tsx [Client Component SSR]
    ./frontend/app/dashboard/financials/reg
ulatory/page.tsx [Server Component]

https://nextjs.org/docs/messages/module-not
-found


./frontend/app/dashboard/financials/regulat
ory/components/solvency-pulse.tsx:4:1
Module not found: Can't resolve 'recharts'
[0m [90m  2 |[39m
 [90m  3 |[39m [36mimport[39m 
[33mReact[39m[33m,[39m { 
useState[33m,[39m useEffect } 
[36mfrom[39m [32m'react'[39m[33m;[39m
[31m[1m>[22m[39m[90m  4 |[39m 
[36mimport[39m {
 [90m    |[39m [31m[1m^[22m[39m[31m
[1m^[22m[39m[31m[1m^[22m[39m[31m[1m
^[22m[39m[31m[1m^[22m[39m[31m[1m^[
22m[39m[31m[1m^[22m[39m[31m[1m^[22m
[39m
[31m[1m>[22m[39m[90m  5 |[39m     
[33mPieChart[39m[33m,[39m
 [90m    |[39m [31m[1m^[22m[39m[31m
[1m^[22m[39m[31m[1m^[22m[39m[31m[1m
^[22m[39m[31m[1m^[22m[39m[31m[1m^[
22m[39m[31m[1m^[22m[39m[31m[1m^[22m
[39m[31m[1m^[22m[39m[31m[1m^[22m[3
9m[31m[1m^[22m[39m[31m[1m^[22m[39m
[31m[1m^[22m[39m
[31m[1m>[22m[39m[90m  6 |[39m     
[33mPie[39m[33m,[39m
 [90m    |[39m [31m[1m^[22m[39m[31m
[1m^[22m[39m[31m[1m^[22m[39m[31m[1m
^[22m[39m[31m[1m^[22m[39m[31m[1m^[
22m[39m[31m[1m^[22m[39m[31m[1m^[22m
[39m[31m[1m^[22m[39m[31m[1m^[22m[3
9m[31m[1m^[22m[39m[31m[1m^[22m[39m
[31m[1m^[22m[39m
[31m[1m>[22m[39m[90m  7 |[39m     
[33mCell[39m[33m,[39m
 [90m    |[39m [31m[1m^[22m[39m[31m
[1m^[22m[39m[31m[1m^[22m[39m[31m[1m
^[22m[39m[31m[1m^[22m[39m[31m[1m^[
22m[39m[31m[1m^[22m[39m[31m[1m^[22m
[39m[31m[1m^[22m[39m[31m[1m^[22m[3
9m[31m[1m^[22m[39m[31m[1m^[22m[39m
[31m[1m^[22m[39m
[31m[1m>[22m[39m[90m  8 |[39m     
[33mResponsiveContainer[39m[33m,[39m
 [90m    |[39m [31m[1m^[22m[39m[31m
[1m^[22m[39m[31m[1m^[22m[39m[31m[1m
^[22m[39m[31m[1m^[22m[39m[31m[1m^[
22m[39m[31m[1m^[22m[39m[31m[1m^[22m
[39m[31m[1m^[22m[39m[31m[1m^[22m[3
9m[31m[1m^[22m[39m[31m[1m^[22m[39m
[31m[1m^[22m[39m
[31m[1m>[22m[39m[90m  9 |[39m     
[33mLabel[39m
 [90m    |[39m [31m[1m^[22m[39m[31m
[1m^[22m[39m[31m[1m^[22m[39m[31m[1m
^[22m[39m[31m[1m^[22m[39m[31m[1m^[
22m[39m[31m[1m^[22m[39m[31m[1m^[22m
[39m[31m[1m^[22m[39m[31m[1m^[22m[3
9m[31m[1m^[22m[39m[31m[1m^[22m[39m
[31m[1m^[22m[39m
[31m[1m>[22m[39m[90m 10 |[39m } 
[36mfrom[39m 
[32m'recharts'[39m[33m;[39m
 [90m    |[39m [31m[1m^[22m[39m[31m
[1m^[22m[39m[31m[1m^[22m[39m[31m[1m
^[22m[39m[31m[1m^[22m[39m[31m[1m^[
22m[39m[31m[1m^[22m[39m[31m[1m^[22m
[39m[31m[1m^[22m[39m[31m[1m^[22m[3
9m[31m[1m^[22m[39m[31m[1m^[22m[39m
[31m[1m^[22m[39m[31m[1m^[22m[39m[31
m[1m^[22m[39m[31m[1m^[22m[39m[31m[
1m^[22m[39m[31m[1m^[22m[39m[31m[1m^
[22m[39m
 [90m 11 |[39m [36mimport[39m { 
[33mAlertCircle[39m[33m,[39m 
[33mCheckCircle2[39m } [36mfrom[39m 
[32m'lucide-react'[39m[33m;[39m
 [90m 12 |[39m
 [90m 13 |[39m [36mexport[39m 
[36mdefault[39m [36mfunction[39m 
[33mSolvencyPulse[39m() {[0m



Import traces:
  Client Component Browser:
    ./frontend/app/dashboard/financials/reg
ulatory/components/solvency-pulse.tsx 
[Client Component Browser]
    ./frontend/app/dashboard/financials/reg
ulatory/page.tsx [Client Component Browser]
    ./frontend/app/dashboard/financials/reg
ulatory/page.tsx [Server Component]

  Client Component SSR:
    ./frontend/app/dashboard/financials/reg
ulatory/components/solvency-pulse.tsx 
[Client Component SSR]
    ./frontend/app/dashboard/financials/reg
ulatory/page.tsx [Client Component SSR]
    ./frontend/app/dashboard/financials/reg
ulatory/page.tsx [Server Component]

https://nextjs.org/docs/messages/module-not
-found


./frontend/components/settings/ai-subscript
ion-settings.tsx:20:1
Module not found: Can't resolve 'recharts'
[0m [90m 18 |[39m [36mimport[39m { 
useToast } [36mfrom[39m 
[32m"@/components/ui/use-toast"[39m
 [90m 19 |[39m [36mimport[39m { 
subscriptionApi[33m,[39m 
[33mSubscriptionStatus[39m[33m,[39m 
[33mAiPlan[39m[33m,[39m 
[33mUsageStat[39m } [36mfrom[39m 
[32m"@/lib/subscription-api"[39m
[31m[1m>[22m[39m[90m 20 |[39m 
[36mimport[39m {
 [90m    |[39m [31m[1m^[22m[39m[31m
[1m^[22m[39m[31m[1m^[22m[39m[31m[1m
^[22m[39m[31m[1m^[22m[39m[31m[1m^[
22m[39m[31m[1m^[22m[39m[31m[1m^[22m
[39m
[31m[1m>[22m[39m[90m 21 |[39m     
[33mBarChart[39m[33m,[39m
 [90m    |[39m [31m[1m^[22m[39m[31m
[1m^[22m[39m[31m[1m^[22m[39m[31m[1m
^[22m[39m[31m[1m^[22m[39m[31m[1m^[
22m[39m[31m[1m^[22m[39m[31m[1m^[22m
[39m[31m[1m^[22m[39m[31m[1m^[22m[3
9m[31m[1m^[22m[39m[31m[1m^[22m[39m
[31m[1m^[22m[39m
[31m[1m>[22m[39m[90m 22 |[39m     
[33mBar[39m[33m,[39m
 [90m    |[39m [31m[1m^[22m[39m[31m
[1m^[22m[39m[31m[1m^[22m[39m[31m[1m
^[22m[39m[31m[1m^[22m[39m[31m[1m^[
22m[39m[31m[1m^[22m[39m[31m[1m^[22m
[39m[31m[1m^[22m[39m[31m[1m^[22m[3
9m[31m[1m^[22m[39m[31m[1m^[22m[39m
[31m[1m^[22m[39m
[31m[1m>[22m[39m[90m 23 |[39m     
[33mXAxis[39m[33m,[39m
 [90m    |[39m [31m[1m^[22m[39m[31m
[1m^[22m[39m[31m[1m^[22m[39m[31m[1m
^[22m[39m[31m[1m^[22m[39m[31m[1m^[
22m[39m[31m[1m^[22m[39m[31m[1m^[22m
[39m[31m[1m^[22m[39m[31m[1m^[22m[3
9m[31m[1m^[22m[39m[31m[1m^[22m[39m
[31m[1m^[22m[39m
[31m[1m>[22m[39m[90m 24 |[39m     
[33mYAxis[39m[33m,[39m
 [90m    |[39m [31m[1m^[22m[39m[31m
[1m^[22m[39m[31m[1m^[22m[39m[31m[1m
^[22m[39m[31m[1m^[22m[39m[31m[1m^[
22m[39m[31m[1m^[22m[39m[31m[1m^[22m
[39m[31m[1m^[22m[39m[31m[1m^[22m[3
9m[31m[1m^[22m[39m[31m[1m^[22m[39m
[31m[1m^[22m[39m
[31m[1m>[22m[39m[90m 25 |[39m     
[33mCartesianGrid[39m[33m,[39m
 [90m    |[39m [31m[1m^[22m[39m[31m
[1m^[22m[39m[31m[1m^[22m[39m[31m[1m
^[22m[39m[31m[1m^[22m[39m[31m[1m^[
22m[39m[31m[1m^[22m[39m[31m[1m^[22m
[39m[31m[1m^[22m[39m[31m[1m^[22m[3
9m[31m[1m^[22m[39m[31m[1m^[22m[39m
[31m[1m^[22m[39m
[31m[1m>[22m[39m[90m 26 |[39m     
[33mTooltip[39m[33m,[39m
 [90m    |[39m [31m[1m^[22m[39m[31m
[1m^[22m[39m[31m[1m^[22m[39m[31m[1m
^[22m[39m[31m[1m^[22m[39m[31m[1m^[
22m[39m[31m[1m^[22m[39m[31m[1m^[22m
[39m[31m[1m^[22m[39m[31m[1m^[22m[3
9m[31m[1m^[22m[39m[31m[1m^[22m[39m
[31m[1m^[22m[39m
[31m[1m>[22m[39m[90m 27 |[39m     
[33mResponsiveContainer[39m[33m,[39m
 [90m    |[39m [31m[1m^[22m[39m[31m
[1m^[22m[39m[31m[1m^[22m[39m[31m[1m
^[22m[39m[31m[1m^[22m[39m[31m[1m^[
22m[39m[31m[1m^[22m[39m[31m[1m^[22m
[39m[31m[1m^[22m[39m[31m[1m^[22m[3
9m[31m[1m^[22m[39m[31m[1m^[22m[39m
[31m[1m^[22m[39m
[31m[1m>[22m[39m[90m 28 |[39m     
[33mCell[39m
 [90m    |[39m [31m[1m^[22m[39m[31m
[1m^[22m[39m[31m[1m^[22m[39m[31m[1m
^[22m[39m[31m[1m^[22m[39m[31m[1m^[
22m[39m[31m[1m^[22m[39m[31m[1m^[22m
[39m[31m[1m^[22m[39m[31m[1m^[22m[3
9m[31m[1m^[22m[39m[31m[1m^[22m[39m
[31m[1m^[22m[39m
[31m[1m>[22m[39m[90m 29 |[39m } 
[36mfrom[39m 
[32m'recharts'[39m[33m;[39m
 [90m    |[39m [31m[1m^[22m[39m[31m
[1m^[22m[39m[31m[1m^[22m[39m[31m[1m
^[22m[39m[31m[1m^[22m[39m[31m[1m^[
22m[39m[31m[1m^[22m[39m[31m[1m^[22m
[39m[31m[1m^[22m[39m[31m[1m^[22m[3
9m[31m[1m^[22m[39m[31m[1m^[22m[39m
[31m[1m^[22m[39m[31m[1m^[22m[39m[31
m[1m^[22m[39m[31m[1m^[22m[39m[31m[
1m^[22m[39m[31m[1m^[22m[39m[31m[1m^
[22m[39m
 [90m 30 |[39m [36mimport[39m { 
format[33m,[39m parseISO } 
[36mfrom[39m 
[32m'date-fns'[39m[33m;[39m
 [90m 31 |[39m [36mimport[39m { 
[33mTopupDialog[39m } [36mfrom[39m 
[32m"./topup-dialog"[39m
 [90m 32 |[39m [36mimport[39m { 
useAuth } [36mfrom[39m 
[32m"@/lib/auth"[39m[0m



Import traces:
  Client Component Browser:
    ./frontend/components/settings/ai-subsc
ription-settings.tsx [Client Component 
Browser]
    
./frontend/app/dashboard/settings/page.tsx 
[Client Component Browser]
    
./frontend/app/dashboard/settings/page.tsx 
[Server Component]

  Client Component SSR:
    ./frontend/components/settings/ai-subsc
ription-settings.tsx [Client Component SSR]
    
./frontend/app/dashboard/settings/page.tsx 
[Client Component SSR]
    
./frontend/app/dashboard/settings/page.tsx 
[Server Component]

https://nextjs.org/docs/messages/module-not
-found


./frontend/app/dashboard/telematics/page.ts
x:13:1
Module not found: Can't resolve 'sonner'
[0m [90m 11 |[39m     
[33mTrendingUp[39m[33m,[39m
 [90m 12 |[39m } [36mfrom[39m 
[32m'lucide-react'[39m[33m;[39m
[31m[1m>[22m[39m[90m 13 |[39m 
[36mimport[39m { toast } [36mfrom[39m 
[32m'sonner'[39m[33m;[39m
 [90m    |[39m [31m[1m^[22m[39m[31m
[1m^[22m[39m[31m[1m^[22m[39m[31m[1m
^[22m[39m[31m[1m^[22m[39m[31m[1m^[
22m[39m[31m[1m^[22m[39m[31m[1m^[22m
[39m[31m[1m^[22m[39m[31m[1m^[22m[3
9m[31m[1m^[22m[39m[31m[1m^[22m[39m
[31m[1m^[22m[39m[31m[1m^[22m[39m[31
m[1m^[22m[39m[31m[1m^[22m[39m[31m[
1m^[22m[39m[31m[1m^[22m[39m[31m[1m^
[22m[39m[31m[1m^[22m[39m[31m[1m^[2
2m[39m[31m[1m^[22m[39m[31m[1m^[22m
[39m[31m[1m^[22m[39m[31m[1m^[22m[39
m[31m[1m^[22m[39m[31m[1m^[22m[39m[
31m[1m^[22m[39m[31m[1m^[22m[39m[31m
[1m^[22m[39m[31m[1m^[22m[39m
 [90m 14 |[39m
 [90m 15 |[39m [36mimport[39m { 
policyApi } [36mfrom[39m 
[32m'@/lib/policy-api'[39m[33m;[39m
 [90m 16 |[39m [36mimport[39m { 
analyticsService[33m,[39m 
[33mTelematicsData[39m } [36mfrom[39m 
[32m'@/services/analyticsService'[39m[33m
;[39m[0m



Import traces:
  Client Component Browser:
    ./frontend/app/dashboard/telematics/pag
e.tsx [Client Component Browser]
    ./frontend/app/dashboard/telematics/pag
e.tsx [Server Component]

  Client Component SSR:
    ./frontend/app/dashboard/telematics/pag
e.tsx [Client Component SSR]
    ./frontend/app/dashboard/telematics/pag
e.tsx [Server Component]

https://nextjs.org/docs/messages/module-not
-found


./frontend/lib/utils.ts:2:1
Module not found: Can't resolve 
'tailwind-merge'
[0m [90m 1 |[39m [36mimport[39m { 
clsx[33m,[39m type [33mClassValue[39m 
} [36mfrom[39m [32m"clsx"[39m
[31m[1m>[22m[39m[90m 2 |[39m 
[36mimport[39m { twMerge } 
[36mfrom[39m [32m"tailwind-merge"[39m
 [90m   |[39m [31m[1m^[22m[39m[31m[
1m^[22m[39m[31m[1m^[22m[39m[31m[1m^
[22m[39m[31m[1m^[22m[39m[31m[1m^[2
2m[39m[31m[1m^[22m[39m[31m[1m^[22m
[39m[31m[1m^[22m[39m[31m[1m^[22m[39
m[31m[1m^[22m[39m[31m[1m^[22m[39m[
31m[1m^[22m[39m[31m[1m^[22m[39m[31m
[1m^[22m[39m[31m[1m^[22m[39m[31m[1
m^[22m[39m[31m[1m^[22m[39m[31m[1m^
[22m[39m[31m[1m^[22m[39m[31m[1m^[22
m[39m[31m[1m^[22m[39m[31m[1m^[22m[
39m[31m[1m^[22m[39m[31m[1m^[22m[39m
[31m[1m^[22m[39m[31m[1m^[22m[39m[3
1m[1m^[22m[39m[31m[1m^[22m[39m[31m
[1m^[22m[39m[31m[1m^[22m[39m[31m[1m
^[22m[39m[31m[1m^[22m[39m[31m[1m^[
22m[39m[31m[1m^[22m[39m[31m[1m^[22m
[39m[31m[1m^[22m[39m[31m[1m^[22m[3
9m[31m[1m^[22m[39m[31m[1m^[22m[39m
 [90m 3 |[39m
 [90m 4 |[39m [36mexport[39m 
[36mfunction[39m 
cn([33m...[39minputs[33m:[39m 
[33mClassValue[39m[]) {
 [90m 5 |[39m   [36mreturn[39m 
twMerge(clsx(inputs))[0m



Import traces:
  Server Component:
    ./frontend/lib/utils.ts
    ./frontend/components/ui/button.tsx
    ./frontend/app/not-found.tsx

  Client Component Browser:
    ./frontend/lib/utils.ts [Client 
Component Browser]
    ./frontend/components/ui/data-table-col
umn-header.tsx [Client Component Browser]
    ./frontend/app/dashboard/clients/column
s.tsx [Client Component Browser]
    
./frontend/app/dashboard/clients/page.tsx 
[Client Component Browser]
    
./frontend/app/dashboard/clients/page.tsx 
[Server Component]

  Client Component SSR:
    ./frontend/lib/utils.ts [Client 
Component SSR]
    
./frontend/components/ui/dropdown-menu.tsx 
[Client Component SSR]
    
./frontend/components/ui/data-table.tsx 
[Client Component SSR]
    ./frontend/app/dashboard/policy-templat
es/page.tsx [Client Component SSR]
    ./frontend/app/dashboard/policy-templat
es/page.tsx [Server Component]

https://nextjs.org/docs/messages/module-not
-found


    at async transform (turbopack:///[turbo
pack-node]/transforms/postcss.ts:70:34) [C:
\Users\user\Desktop\Tinsur.AI\frontend\.nex
t\build\chunks\[root-of-the-server]__188e9c
b8._.js:147:36])
    at async run (turbopack:///[turbopack-n
ode]/ipc/evaluate.ts:92:23) [C:\Users\user\
Desktop\Tinsur.AI\frontend\.next\build\chun
ks\[root-of-the-server]__3b54a99d._.js:443:
31])
    at <unknown> (./frontend/app/(auth)/reg
ister/client/page.tsx:10:1)
    at <unknown> (https://nextjs.org/docs/m
essages/module-not-found)
    at <unknown> (./frontend/app/(auth)/reg
ister/page.tsx:5:1)
    at <unknown> (https://nextjs.org/docs/m
essages/module-not-found)
    at <unknown> (./frontend/app/dashboard/
admin/page.tsx:8:1)
    at <unknown> (https://nextjs.org/docs/m
essages/module-not-found)
    at <unknown> (./frontend/app/dashboard/
admin/page.tsx:12:1)
    at <unknown> (https://nextjs.org/docs/m
essages/module-not-found)
    at <unknown> (./frontend/app/dashboard/
admin/premium-policies/columns.tsx:8:1)
    at <unknown> (https://nextjs.org/docs/m
essages/module-not-found)
    at <unknown> (./frontend/app/dashboard/
admin/premium-policies/components/criteria-
form.tsx:25:1)
    at <unknown> (https://nextjs.org/docs/m
essages/module-not-found)
    at <unknown> (./frontend/app/dashboard/
admin/premium-policies/components/premium-p
olicy-form.tsx:20:1)
    at <unknown> (https://nextjs.org/docs/m
essages/module-not-found)
    at <unknown> (./frontend/app/dashboard/
admin/premium-policies/page.tsx:4:1)
    at <unknown> (https://nextjs.org/docs/m
essages/module-not-found)
    at <unknown> (./frontend/app/dashboard/
admin/services/page.tsx:4:1)
    at <unknown> (https://nextjs.org/docs/m
essages/module-not-found)
    at <unknown> (./frontend/app/dashboard/
admin/translations/page.tsx:13:1)
    at <unknown> (https://nextjs.org/docs/m
essages/module-not-found)
    at <unknown> (./frontend/app/dashboard/
analytics/page.tsx:10:1)
    at <unknown> (https://nextjs.org/docs/m
essages/module-not-found)
    at <unknown> (./frontend/app/dashboard/
claims/columns.tsx:7:1)
    at <unknown> (https://nextjs.org/docs/m
essages/module-not-found)
    at <unknown> (./frontend/app/dashboard/
claims/page.tsx:10:1)
    at <unknown> (https://nextjs.org/docs/m
essages/module-not-found)
    at <unknown> (./frontend/app/dashboard/
claims/page.tsx:13:1)
    at <unknown> (https://nextjs.org/docs/m
essages/module-not-found)
    at <unknown> (./frontend/app/dashboard/
clients/[id]/page.tsx:8:1)
    at <unknown> (https://nextjs.org/docs/m
essages/module-not-found)
    at <unknown> (./frontend/app/dashboard/
clients/components/client-table-actions.tsx
:3:1)
    at <unknown> (https://nextjs.org/docs/m
essages/module-not-found)
    at <unknown> (./frontend/app/dashboard/
clients/page.tsx:16:1)
    at <unknown> (https://nextjs.org/docs/m
essages/module-not-found)
    at <unknown> (./frontend/app/dashboard/
collaboration/page.tsx:12:1)
    at <unknown> (https://nextjs.org/docs/m
essages/module-not-found)
    at <unknown> (./frontend/app/dashboard/
commissions/page.tsx:4:1)
    at <unknown> (https://nextjs.org/docs/m
essages/module-not-found)
    at <unknown> (./frontend/app/dashboard/
communications/page.tsx:5:1)
    at <unknown> (https://nextjs.org/docs/m
essages/module-not-found)
    at <unknown> (./frontend/app/dashboard/
decisions/components/recovery-pipeline.tsx:
33:1)
    at <unknown> (https://nextjs.org/docs/m
essages/module-not-found)
    at <unknown> (./frontend/app/dashboard/
decisions/components/underwriting-approvals
.tsx:32:1)
    at <unknown> (https://nextjs.org/docs/m
essages/module-not-found)
    at <unknown> (./frontend/app/dashboard/
decisions/page.tsx:10:1)
    at <unknown> (https://nextjs.org/docs/m
essages/module-not-found)
    at <unknown> (./frontend/app/dashboard/
employees/[id]/page.tsx:7:1)
    at <unknown> (https://nextjs.org/docs/m
essages/module-not-found)
    at <unknown> (./frontend/app/dashboard/
employees/components/employee-form.tsx:11:1
)
    at <unknown> (https://nextjs.org/docs/m
essages/module-not-found)
    at <unknown> (./frontend/app/dashboard/
employees/components/employee-table-actions
.tsx:3:1)
    at <unknown> (https://nextjs.org/docs/m
essages/module-not-found)
    at <unknown> (./frontend/app/dashboard/
employees/components/profile/advanced-filte
r.tsx:6:1)
    at <unknown> (https://nextjs.org/docs/m
essages/module-not-found)
    at <unknown> (./frontend/app/dashboard/
employees/components/profile/communication-
card.tsx:4:1)
    at <unknown> (https://nextjs.org/docs/m
essages/module-not-found)
    at <unknown> (./frontend/app/dashboard/
employees/components/profile/employee-info-
card.tsx:4:1)
    at <unknown> (https://nextjs.org/docs/m
essages/module-not-found)
    at <unknown> (./frontend/app/dashboard/
employees/components/profile/payroll-card.t
sx:4:1)
    at <unknown> (https://nextjs.org/docs/m
essages/module-not-found)
    at <unknown> (./frontend/app/dashboard/
employees/components/profile/performance-st
ats.tsx:9:1)
    at <unknown> (https://nextjs.org/docs/m
essages/module-not-found)
    at <unknown> (./frontend/app/dashboard/
employees/page.tsx:5:1)
    at <unknown> (https://nextjs.org/docs/m
essages/module-not-found)
    at <unknown> (./frontend/app/dashboard/
financials/page.tsx:9:1)
    at <unknown> (https://nextjs.org/docs/m
essages/module-not-found)
    at <unknown> (./frontend/app/dashboard/
financials/regulatory/components/solvency-p
ulse.tsx:11:1)
    at <unknown> (https://nextjs.org/docs/m
essages/module-not-found)
    at <unknown> (./frontend/app/dashboard/
financials/regulatory/page.tsx:11:1)
    at <unknown> (https://nextjs.org/docs/m
essages/module-not-found)
    at <unknown> (./frontend/app/dashboard/
import-export/page.tsx:6:1)
    at <unknown> (https://nextjs.org/docs/m
essages/module-not-found)
    at <unknown> (./frontend/app/dashboard/
loyalty/page.tsx:7:1)
    at <unknown> (https://nextjs.org/docs/m
essages/module-not-found)
    at <unknown> 
(./frontend/app/dashboard/page.tsx:9:1)
    at <unknown> (https://nextjs.org/docs/m
essages/module-not-found)
    at <unknown> (./frontend/app/dashboard/
payments/[id]/page.tsx:11:1)
    at <unknown> (https://nextjs.org/docs/m
essages/module-not-found)
    at <unknown> (./frontend/app/dashboard/
payments/columns.tsx:8:1)
    at <unknown> (https://nextjs.org/docs/m
essages/module-not-found)
    at <unknown> (./frontend/app/dashboard/
payments/new/page.tsx:5:1)
    at <unknown> (https://nextjs.org/docs/m
essages/module-not-found)
    at <unknown> (./frontend/app/dashboard/
payments/page.tsx:6:1)
    at <unknown> (https://nextjs.org/docs/m
essages/module-not-found)
    at <unknown> (./frontend/app/dashboard/
payroll/columns.tsx:6:1)
    at <unknown> (https://nextjs.org/docs/m
essages/module-not-found)
    at <unknown> (./frontend/app/dashboard/
payroll/components/payroll-form.tsx:9:1)
    at <unknown> (https://nextjs.org/docs/m
essages/module-not-found)
    at <unknown> (./frontend/app/dashboard/
payroll/components/payslip-dialog.tsx:11:1)
    at <unknown> (https://nextjs.org/docs/m
essages/module-not-found)
    at <unknown> (./frontend/app/dashboard/
payroll/components/process-payroll-dialog.t
sx:16:1)
    at <unknown> (https://nextjs.org/docs/m
essages/module-not-found)
    at <unknown> (./frontend/app/dashboard/
payroll/page.tsx:18:1)
    at <unknown> (https://nextjs.org/docs/m
essages/module-not-found)
    at <unknown> (./frontend/app/dashboard/
policies/[id]/page.tsx:6:1)
    at <unknown> (https://nextjs.org/docs/m
essages/module-not-found)
    at <unknown> (./frontend/app/dashboard/
policies/columns.tsx:8:1)
    at <unknown> (https://nextjs.org/docs/m
essages/module-not-found)
    at <unknown> (./frontend/app/dashboard/
policies/page.tsx:8:1)
    at <unknown> (https://nextjs.org/docs/m
essages/module-not-found)
    at <unknown> (./frontend/app/dashboard/
policy-templates/columns.tsx:6:1)
    at <unknown> (https://nextjs.org/docs/m
essages/module-not-found)
    at <unknown> (./frontend/app/dashboard/
policy-templates/page.tsx:5:1)
    at <unknown> (https://nextjs.org/docs/m
essages/module-not-found)
    at <unknown> (./frontend/app/dashboard/
policy-types/page.tsx:4:1)
    at <unknown> (https://nextjs.org/docs/m
essages/module-not-found)
    at <unknown> 
(./frontend/app/dashboard/pos/page.tsx:4:1)
    at <unknown> (https://nextjs.org/docs/m
essages/module-not-found)
    at <unknown> (./frontend/app/dashboard/
quotes/columns.tsx:6:1)
    at <unknown> (https://nextjs.org/docs/m
essages/module-not-found)
    at <unknown> (./frontend/app/dashboard/
quotes/new/page.tsx:8:1)
    at <unknown> (https://nextjs.org/docs/m
essages/module-not-found)
    at <unknown> (./frontend/app/dashboard/
quotes/page.tsx:6:1)
    at <unknown> (https://nextjs.org/docs/m
essages/module-not-found)
    at <unknown> (./frontend/app/dashboard/
settings/company/page.tsx:5:1)
    at <unknown> (https://nextjs.org/docs/m
essages/module-not-found)
    at <unknown> (./frontend/app/dashboard/
settings/keys/page.tsx:4:1)
    at <unknown> (https://nextjs.org/docs/m
essages/module-not-found)
    at <unknown> (./frontend/app/dashboard/
settings/language-theme/page.tsx:5:1)
    at <unknown> (https://nextjs.org/docs/m
essages/module-not-found)
    at <unknown> (./frontend/app/dashboard/
settings/page.tsx:4:1)
    at <unknown> (https://nextjs.org/docs/m
essages/module-not-found)
    at <unknown> (./frontend/app/dashboard/
settings/permissions/page.tsx:6:1)
    at <unknown> (https://nextjs.org/docs/m
essages/module-not-found)
    at <unknown> (./frontend/app/dashboard/
settings/regional/page.tsx:5:1)
    at <unknown> (https://nextjs.org/docs/m
essages/module-not-found)
    at <unknown> (./frontend/app/dashboard/
settings/share-code/page.tsx:5:1)
    at <unknown> (https://nextjs.org/docs/m
essages/module-not-found)
    at <unknown> (./frontend/app/dashboard/
support/cancellation-guide/page.tsx:5:1)
    at <unknown> (https://nextjs.org/docs/m
essages/module-not-found)
    at <unknown> (./frontend/app/dashboard/
telematics/page.tsx:5:1)
    at <unknown> (https://nextjs.org/docs/m
essages/module-not-found)
    at <unknown> (./frontend/app/dashboard/
translations/page.tsx:26:1)
    at <unknown> (https://nextjs.org/docs/m
essages/module-not-found)
    at <unknown> 
(./frontend/app/portal/claims/page.tsx:4:1)
    at <unknown> (https://nextjs.org/docs/m
essages/module-not-found)
    at <unknown> 
(./frontend/app/portal/layout.tsx:10:1)
    at <unknown> (https://nextjs.org/docs/m
essages/module-not-found)
    at <unknown> 
(./frontend/app/portal/page.tsx:8:1)
    at <unknown> (https://nextjs.org/docs/m
essages/module-not-found)
    at <unknown> 
(./frontend/app/portal/page.tsx:26:1)
    at <unknown> (https://nextjs.org/docs/m
essages/module-not-found)
    at <unknown> (./frontend/app/portal/quo
tes/create/page.tsx:8:1)
    at <unknown> (https://nextjs.org/docs/m
essages/module-not-found)
    at <unknown> (./frontend/app/portal/ref
errals/page.tsx:10:1)
    at <unknown> (https://nextjs.org/docs/m
essages/module-not-found)
    at <unknown> (./frontend/app/portal/reg
ister/page.tsx:13:1)
    at <unknown> (https://nextjs.org/docs/m
essages/module-not-found)
    at <unknown> (./frontend/app/portal/sup
port/cancellation-guide/page.tsx:5:1)
    at <unknown> (https://nextjs.org/docs/m
essages/module-not-found)
    at <unknown> (./frontend/app/portal/sup
port/page.tsx:7:1)
    at <unknown> (https://nextjs.org/docs/m
essages/module-not-found)
    at <unknown> (./frontend/app/verify/[to
ken]/page.tsx:9:1)
    at <unknown> (https://nextjs.org/docs/m
essages/module-not-found)
    at <unknown> (./frontend/components/adm
in/permission-matrix.tsx:15:1)
    at <unknown> (https://nextjs.org/docs/m
essages/module-not-found)
    at <unknown> (./frontend/components/adm
in/quote-element-manager.tsx:4:1)
    at <unknown> (https://nextjs.org/docs/m
essages/module-not-found)
    at <unknown> (./frontend/components/adm
in/super-admin-ai-settings.tsx:2:1)
    at <unknown> (https://nextjs.org/docs/m
essages/module-not-found)
    at <unknown> (./frontend/components/adm
in/user-dialog.tsx:34:1)
    at <unknown> (https://nextjs.org/docs/m
essages/module-not-found)
    at <unknown> (./frontend/components/adm
in/user-management.tsx:28:1)
    at <unknown> (https://nextjs.org/docs/m
essages/module-not-found)
    at <unknown> (./frontend/components/ai-
agent/credit-limit-modal.tsx:12:1)
    at <unknown> (https://nextjs.org/docs/m
essages/module-not-found)
    at <unknown> (./frontend/components/ai-
agent/left-panel.tsx:8:1)
    at <unknown> (https://nextjs.org/docs/m
essages/module-not-found)
    at <unknown> (./frontend/components/ai-
agent/left-panel.tsx:46:1)
    at <unknown> (https://nextjs.org/docs/m
essages/module-not-found)
    at <unknown> (./frontend/components/ai-
agent/previews/claim-preview.tsx:4:1)
    at <unknown> (https://nextjs.org/docs/m
essages/module-not-found)
    at <unknown> (./frontend/components/ai-
agent/previews/policy-preview.tsx:4:1)
    at <unknown> (https://nextjs.org/docs/m
essages/module-not-found)
    at <unknown> (./frontend/components/ai-
agent/previews/quote-preview.tsx:4:1)
    at <unknown> (https://nextjs.org/docs/m
essages/module-not-found)
    at <unknown> (./frontend/components/ai-
agent/previews/quote-progress-preview.tsx:6
:1)
    at <unknown> (https://nextjs.org/docs/m
essages/module-not-found)
    at <unknown> (./frontend/components/ai-
agent/previews/quote-selection-preview.tsx:
6:1)
    at <unknown> (https://nextjs.org/docs/m
essages/module-not-found)
    at <unknown> (./frontend/components/ai-
agent/right-panel.tsx:5:1)
    at <unknown> (https://nextjs.org/docs/m
essages/module-not-found)
    at <unknown> (./frontend/components/ana
lytics/unified-filter.tsx:5:1)
    at <unknown> (https://nextjs.org/docs/m
essages/module-not-found)
    at <unknown> (./frontend/components/cla
ims/claim-details-dialog.tsx:19:1)
    at <unknown> (https://nextjs.org/docs/m
essages/module-not-found)
    at <unknown> (./frontend/components/col
laboration/document-upload.tsx:8:1)
    at <unknown> (https://nextjs.org/docs/m
essages/module-not-found)
    at <unknown> (./frontend/components/col
laboration/network-settlements.tsx:15:1)
    at <unknown> (https://nextjs.org/docs/m
essages/module-not-found)
    at <unknown> (./frontend/components/col
laboration/recipient-selector.tsx:8:1)
    at <unknown> (https://nextjs.org/docs/m
essages/module-not-found)
    at <unknown> (./frontend/components/col
laboration/referral-stats.tsx:5:1)
    at <unknown> (https://nextjs.org/docs/m
essages/module-not-found)
    at <unknown> (./frontend/components/imp
ort-export/export-wizard.tsx:9:1)
    at <unknown> (https://nextjs.org/docs/m
essages/module-not-found)
    at <unknown> (./frontend/components/imp
ort-export/import-wizard.tsx:10:1)
    at <unknown> (https://nextjs.org/docs/m
essages/module-not-found)
    at <unknown> (./frontend/components/lan
guage-switcher.tsx:11:1)
    at <unknown> (https://nextjs.org/docs/m
essages/module-not-found)
    at <unknown> (./frontend/components/lay
out/dashboard-shell.tsx:16:1)
    at <unknown> (https://nextjs.org/docs/m
essages/module-not-found)
    at <unknown> (./frontend/components/lay
out/navigation-sidebar.tsx:14:1)
    at <unknown> (https://nextjs.org/docs/m
essages/module-not-found)
    at <unknown> (./frontend/components/lay
out/top-header.tsx:9:1)
    at <unknown> (https://nextjs.org/docs/m
essages/module-not-found)
    at <unknown> (./frontend/components/man
agement/policy-type-form.tsx:18:1)
    at <unknown> (https://nextjs.org/docs/m
essages/module-not-found)
    at <unknown> (./frontend/components/pay
ments/payment-form.tsx:7:1)
    at <unknown> (https://nextjs.org/docs/m
essages/module-not-found)
    at <unknown> (./frontend/components/pol
icies/cancellation-workflow.tsx:8:1)
    at <unknown> (https://nextjs.org/docs/m
essages/module-not-found)
    at <unknown> (./frontend/components/pol
icies/payment-schedule-view.tsx:8:1)
    at <unknown> (https://nextjs.org/docs/m
essages/module-not-found)
    at <unknown> (./frontend/components/pol
icies/policy-agreement-view.tsx:8:1)
    at <unknown> (https://nextjs.org/docs/m
essages/module-not-found)
    at <unknown> (./frontend/components/pol
icies/policy-form-dialog.tsx:11:1)
    at <unknown> (https://nextjs.org/docs/m
essages/module-not-found)
    at <unknown> (./frontend/components/por
tal/insurance-details-tab.tsx:7:1)
    at <unknown> (https://nextjs.org/docs/m
essages/module-not-found)
    at <unknown> (./frontend/components/por
tal/portal-claim-dialog.tsx:30:1)
    at <unknown> (https://nextjs.org/docs/m
essages/module-not-found)
    at <unknown> (./frontend/components/por
tal/portal-excess-dialog.tsx:11:1)
    at <unknown> (https://nextjs.org/docs/m
essages/module-not-found)
    at <unknown> (./frontend/components/por
tal/portal-payment-dialog.tsx:7:1)
    at <unknown> (https://nextjs.org/docs/m
essages/module-not-found)
    at <unknown> (./frontend/components/por
tal/portal-payments-tab.tsx:6:1)
    at <unknown> (https://nextjs.org/docs/m
essages/module-not-found)
    at <unknown> (./frontend/components/por
tal/portal-payments-tab.tsx:20:1)
    at <unknown> (https://nextjs.org/docs/m
essages/module-not-found)
    at <unknown> (./frontend/components/por
tal/portal-quote-wizard.tsx:22:1)
    at <unknown> (https://nextjs.org/docs/m
essages/module-not-found)
    at <unknown> (./frontend/components/por
tal/portal-settings-tab.tsx:15:1)
    at <unknown> (https://nextjs.org/docs/m
essages/module-not-found)
    at <unknown> (./frontend/components/por
tal/portal-share-modal.tsx:15:1)
    at <unknown> (https://nextjs.org/docs/m
essages/module-not-found)
    at <unknown> (./frontend/components/por
tal/quote-creation-wizard.tsx:9:1)
    at <unknown> (https://nextjs.org/docs/m
essages/module-not-found)
    at <unknown> (./frontend/components/por
tal/vehicle-details-table.tsx:15:1)
    at <unknown> (https://nextjs.org/docs/m
essages/module-not-found)
    at <unknown> (./frontend/components/quo
te/sales-chat-widget.tsx:8:1)
    at <unknown> (https://nextjs.org/docs/m
essages/module-not-found)
    at <unknown> (./frontend/components/quo
tes/quote-card.tsx:7:1)
    at <unknown> (https://nextjs.org/docs/m
essages/module-not-found)
    at <unknown> (./frontend/components/quo
tes/quote-details.tsx:12:1)
    at <unknown> (https://nextjs.org/docs/m
essages/module-not-found)
    at <unknown> (./frontend/components/quo
tes/quote-wizard.tsx:31:1)
    at <unknown> (https://nextjs.org/docs/m
essages/module-not-found)
    at <unknown> (./frontend/components/set
tings/ai-subscription-settings.tsx:4:1)
    at <unknown> (https://nextjs.org/docs/m
essages/module-not-found)
    at <unknown> (./frontend/components/set
tings/topup-dialog.tsx:17:1)
    at <unknown> (https://nextjs.org/docs/m
essages/module-not-found)
    at <unknown> (./frontend/components/sha
recode/ShareCodeList.tsx:12:1)
    at <unknown> (https://nextjs.org/docs/m
essages/module-not-found)
    at <unknown> (./frontend/components/sha
red/permission-denied-modal.tsx:12:1)
    at <unknown> (https://nextjs.org/docs/m
essages/module-not-found)
    at <unknown> (./frontend/components/sha
red/permission-matrix.tsx:5:1)
    at <unknown> (https://nextjs.org/docs/m
essages/module-not-found)
    at <unknown> (./frontend/components/sha
red/policy-card.tsx:6:1)
    at <unknown> (https://nextjs.org/docs/m
essages/module-not-found)
    at <unknown> (./frontend/components/sha
red/unified-entity-form.tsx:10:1)
    at <unknown> (https://nextjs.org/docs/m
essages/module-not-found)
    at <unknown> (./frontend/components/sha
red/universal-entity-card.tsx:5:1)
    at <unknown> (https://nextjs.org/docs/m
essages/module-not-found)
    at <unknown> (./frontend/components/sha
red/user-avatar.tsx:5:1)
    at <unknown> (https://nextjs.org/docs/m
essages/module-not-found)
    at <unknown> (./frontend/components/sup
port/support-chat-widget.tsx:8:1)
    at <unknown> (https://nextjs.org/docs/m
essages/module-not-found)
    at <unknown> 
(./frontend/components/ui/calendar.tsx:4:1)
    at <unknown> (https://nextjs.org/docs/m
essages/module-not-found)
    at <unknown> 
(./frontend/components/ui/checkbox.tsx:5:1)
    at <unknown> (https://nextjs.org/docs/m
essages/module-not-found)
    at <unknown> (./frontend/components/ui/
data-table-column-header.tsx:4:1)
    at <unknown> (https://nextjs.org/docs/m
essages/module-not-found)
    at <unknown> (./frontend/components/ui/
data-table.tsx:33:1)
    at <unknown> (https://nextjs.org/docs/m
essages/module-not-found)
    at <unknown> (./frontend/components/ui/
data-view.tsx:33:1)
    at <unknown> (https://nextjs.org/docs/m
essages/module-not-found)
    at <unknown> 
(./frontend/components/ui/dialog.tsx:5:1)
    at <unknown> (https://nextjs.org/docs/m
essages/module-not-found)
    at <unknown> (./frontend/components/ui/
dropdown-menu.tsx:5:1)
    at <unknown> (https://nextjs.org/docs/m
essages/module-not-found)
    at <unknown> (./frontend/components/ui/
radio-group.tsx:5:1)
    at <unknown> (https://nextjs.org/docs/m
essages/module-not-found)
    at <unknown> (./frontend/components/ui/
resizable.tsx:4:1)
    at <unknown> (https://nextjs.org/docs/m
essages/module-not-found)
    at <unknown> 
(./frontend/components/ui/select.tsx:5:1)
    at <unknown> (https://nextjs.org/docs/m
essages/module-not-found)
    at <unknown> (./frontend/components/ui/
tinsur-logo.tsx:4:1)
    at <unknown> (https://nextjs.org/docs/m
essages/module-not-found)
    at <unknown> 
(./frontend/components/ui/toast.tsx:4:1)
    at <unknown> (https://nextjs.org/docs/m
essages/module-not-found)
    at <unknown> (./frontend/components/use
r-permissions-modal.tsx:3:1)
    at <unknown> (https://nextjs.org/docs/m
essages/module-not-found)
    at <unknown> 
(./frontend/lib/navigation.ts:1:1)
    at <unknown> (https://nextjs.org/docs/m
essages/module-not-found)
    at <unknown> (./frontend/components/pol
icies/payment-schedule-view.tsx:11:1)
    at <unknown> (https://nextjs.org/docs/m
essages/module-not-found)
    at <unknown> (./frontend/components/pol
icies/policy-agreement-view.tsx:11:1)
    at <unknown> (https://nextjs.org/docs/m
essages/module-not-found)
    at <unknown> 
(./frontend/components/ui/calendar.tsx:5:1)
    at <unknown> (https://nextjs.org/docs/m
essages/module-not-found)
    at <unknown> (./frontend/components/ai-
agent/left-panel.tsx:40:1)
    at <unknown> (https://nextjs.org/docs/m
essages/module-not-found)
    at <unknown> (./frontend/components/quo
te/sales-chat-widget.tsx:12:1)
    at <unknown> (https://nextjs.org/docs/m
essages/module-not-found)
    at <unknown> (./frontend/components/sup
port/support-chat-widget.tsx:12:1)
    at <unknown> (https://nextjs.org/docs/m
essages/module-not-found)
    at <unknown> (./frontend/components/ui/
resizable.tsx:5:1)
    at <unknown> (https://nextjs.org/docs/m
essages/module-not-found)
    at <unknown> (./frontend/app/dashboard/
employees/components/profile/performance-st
ats.tsx:6:1)
    at <unknown> (https://nextjs.org/docs/m
essages/module-not-found)
    at <unknown> (./frontend/app/dashboard/
financials/regulatory/components/csm-pipeli
ne.tsx:4:1)
    at <unknown> (https://nextjs.org/docs/m
essages/module-not-found)
    at <unknown> (./frontend/app/dashboard/
financials/regulatory/components/solvency-p
ulse.tsx:4:1)
    at <unknown> (https://nextjs.org/docs/m
essages/module-not-found)
    at <unknown> (./frontend/components/set
tings/ai-subscription-settings.tsx:20:1)
    at <unknown> (https://nextjs.org/docs/m
essages/module-not-found)
    at <unknown> (./frontend/app/dashboard/
telematics/page.tsx:13:1)
    at <unknown> (https://nextjs.org/docs/m
essages/module-not-found)
    at <unknown> 
(./frontend/lib/utils.ts:2:1)
    at <unknown> (https://nextjs.org/docs/m
essages/module-not-found)
npm error Lifecycle script `build` failed 
with error:
npm error code 1
npm error path 
C:\Users\user\Desktop\Tinsur.AI\frontend
npm error workspace 
tinsur-ai-frontend@0.1.0
npm error location 
C:\Users\user\Desktop\Tinsur.AI\frontend
npm error command failed
npm error command 
C:\WINDOWS\system32\cmd.exe /d /s /c next 
build
