Ensuring Reinsurance tables exist...
Verifying Reinsurance Management Flow...
python : Traceback (most recent call last):
Au caractère Ligne:1 : 1
+ python 
backend/app/scripts/verify_reinsurance.py > 
test_output.txt 2> ...
+ ~~~~~~~~~~~~~~~~~~~~~~~~~~~~~~~~~~~~~~~~~~~~~~~~
~~~~~~~~~~~~~~~~~~~~~
    + CategoryInfo          : NotSpecified: (Trac 
   eback (most recent call last)::String) [], Re  
  moteException
    + FullyQualifiedErrorId : NativeCommandError
 
  File "C:\Python312\Lib\site-packages\sqlalchemy\
engine\base.py", line 1963, in 
_exec_single_context
    self.dialect.do_execute(
  File "C:\Python312\Lib\site-packages\sqlalchemy\
engine\default.py", line 943, in do_execute
    cursor.execute(statement, parameters)
psycopg2.errors.ForeignKeyViolation: update or 
delete on table "reinsurance_treaties" violates 
foreign key constraint 
"reinsurance_cessions_treaty_id_fkey" on table 
"reinsurance_cessions"
DETAIL:  Key 
(id)=(21865b97-cc0e-4a5f-ad03-5eb761da3ec2) is 
still referenced from table 
"reinsurance_cessions".


The above exception was the direct cause of the 
following exception:

Traceback (most recent call last):
  File "C:\Users\user\Desktop\Tinsur.AI\backend\ap
p\scripts\verify_reinsurance.py", line 114, in 
<module>
    asyncio.run(verify_reinsurance_flow())
  File "C:\Python312\Lib\asyncio\runners.py", 
line 194, in run
    return runner.run(main)
           ^^^^^^^^^^^^^^^^
  File "C:\Python312\Lib\asyncio\runners.py", 
line 118, in run
    return self._loop.run_until_complete(task)
           ^^^^^^^^^^^^^^^^^^^^^^^^^^^^^^^^^^^
  File "C:\Python312\Lib\asyncio\base_events.py", 
line 687, in run_until_complete
    return future.result()
           ^^^^^^^^^^^^^^^
  File "C:\Users\user\Desktop\Tinsur.AI\backend\ap
p\scripts\verify_reinsurance.py", line 31, in 
verify_reinsurance_flow
    db.query(re_models.ReinsuranceTreaty).filter(r
e_models.ReinsuranceTreaty.treaty_number == 
"TEST-RE-001").delete()
  File "C:\Python312\Lib\site-packages\sqlalchemy\
orm\query.py", line 3208, in delete
    result: CursorResult[Any] = 
self.session.execute(
                                
^^^^^^^^^^^^^^^^^^^^^
  File "C:\Python312\Lib\site-packages\sqlalchemy\
orm\session.py", line 2365, in execute
    return self._execute_internal(
           ^^^^^^^^^^^^^^^^^^^^^^^
  File "C:\Python312\Lib\site-packages\sqlalchemy\
orm\session.py", line 2251, in _execute_internal
    result: Result[Any] = 
compile_state_cls.orm_execute_statement(
                          
^^^^^^^^^^^^^^^^^^^^^^^^^^^^^^^^^^^^^^^^
  File "C:\Python312\Lib\site-packages\sqlalchemy\
orm\bulk_persistence.py", line 2021, in 
orm_execute_statement
    return super().orm_execute_statement(
           ^^^^^^^^^^^^^^^^^^^^^^^^^^^^^^
  File "C:\Python312\Lib\site-packages\sqlalchemy\
orm\context.py", line 306, in 
orm_execute_statement
    result = conn.execute(
             ^^^^^^^^^^^^^
  File "C:\Python312\Lib\site-packages\sqlalchemy\
engine\base.py", line 1415, in execute
    return meth(
           ^^^^^
  File "C:\Python312\Lib\site-packages\sqlalchemy\
sql\elements.py", line 523, in 
_execute_on_connection
    return connection._execute_clauseelement(
           ^^^^^^^^^^^^^^^^^^^^^^^^^^^^^^^^^^
  File "C:\Python312\Lib\site-packages\sqlalchemy\
engine\base.py", line 1637, in 
_execute_clauseelement
    ret = self._execute_context(
          ^^^^^^^^^^^^^^^^^^^^^^
  File "C:\Python312\Lib\site-packages\sqlalchemy\
engine\base.py", line 1842, in _execute_context
    return self._exec_single_context(
           ^^^^^^^^^^^^^^^^^^^^^^^^^^
  File "C:\Python312\Lib\site-packages\sqlalchemy\
engine\base.py", line 1982, in 
_exec_single_context
    self._handle_dbapi_exception(
  File "C:\Python312\Lib\site-packages\sqlalchemy\
engine\base.py", line 2351, in 
_handle_dbapi_exception
    raise 
sqlalchemy_exception.with_traceback(exc_info[2]) 
from e
  File "C:\Python312\Lib\site-packages\sqlalchemy\
engine\base.py", line 1963, in 
_exec_single_context
    self.dialect.do_execute(
  File "C:\Python312\Lib\site-packages\sqlalchemy\
engine\default.py", line 943, in do_execute
    cursor.execute(statement, parameters)
sqlalchemy.exc.IntegrityError: 
(psycopg2.errors.ForeignKeyViolation) update or 
delete on table "reinsurance_treaties" violates 
foreign key constraint 
"reinsurance_cessions_treaty_id_fkey" on table 
"reinsurance_cessions"
DETAIL:  Key 
(id)=(21865b97-cc0e-4a5f-ad03-5eb761da3ec2) is 
still referenced from table 
"reinsurance_cessions".

[SQL: DELETE FROM reinsurance_treaties WHERE 
reinsurance_treaties.treaty_number = 
%(treaty_number_1)s]
[parameters: {'treaty_number_1': 'TEST-RE-001'}]
(Background on this error at: 
https://sqlalche.me/e/20/gkpj)
